[12920.316s][info][gc,stats    ]    Subphase: Concurrent References Enqueue                 0.000 / 0.000         0.009 / 0.013         0.009 / 0.091         0.009 / 0.091       ms
[12920.316s][info][gc,stats    ]    Subphase: Concurrent References Process                 0.000 / 0.000         1.491 / 3.992         0.881 / 3.992         0.881 / 3.992       ms
[12920.316s][info][gc,stats    ]    Subphase: Concurrent Roots ClassLoaderDataGraph         0.000 / 0.000         0.922 / 3.418         0.833 / 3.889         0.833 / 3.889       ms
[12920.316s][info][gc,stats    ]    Subphase: Concurrent Roots CodeCache                    0.000 / 0.000         0.000 / 0.000         0.000 / 0.000         0.000 / 0.000       ms
[12920.316s][info][gc,stats    ]    Subphase: Concurrent Roots JavaThreads                  0.000 / 0.000         5.500 / 22.741        4.665 / 969.487       4.665 / 969.487     ms
[12920.316s][info][gc,stats    ]    Subphase: Concurrent Roots OopStorageSet                0.000 / 0.000         0.113 / 0.691         0.083 / 2.218         0.083 / 2.218       ms
[12920.316s][info][gc,stats    ]    Subphase: Concurrent Weak Roots OopStorageSet           0.000 / 0.000         2.585 / 12.479        1.501 / 13.633        1.501 / 13.633      ms
[12920.316s][info][gc,stats    ]    Subphase: Pause Mark Try Complete                       0.000 / 0.000         0.001 / 0.007         0.001 / 0.031         0.001 / 0.031       ms
[12920.316s][info][gc,stats    ]      System: Java Threads                                      0 / 0              2187 / 2584           1929 / 4684           1929 / 4684        threads
[12920.316s][info][gc,stats    ] =========================================================================================================================================================
[12930.315s][info][gc,stats    ] === Garbage Collection Statistics =======================================================================================================================
[12930.315s][info][gc,stats    ]                                                              Last 10s              Last 10m              Last 10h                Total
[12930.316s][info][gc,stats    ]                                                              Avg / Max             Avg / Max             Avg / Max             Avg / Max
[12930.316s][info][gc,stats    ]   Collector: Garbage Collection Cycle                      0.000 / 0.000      3474.453 / 19032.234   665.978 / 19032.234   665.978 / 19032.234   ms
[12930.316s][info][gc,stats    ]  Contention: Mark Segment Reset Contention                     0 / 0                 1 / 46                2 / 104               2 / 104         ops/s
[12930.316s][info][gc,stats    ]  Contention: Mark SeqNum Reset Contention                      0 / 0                 0 / 4                 0 / 7                 0 / 7           ops/s
[12930.316s][info][gc,stats    ]    Critical: Allocation Stall                                  0 / 0                 7 / 827               0 / 827               0 / 827         ops/s
[12930.316s][info][gc,stats    ]    Critical: Allocation Stall                              0.000 / 0.000       146.230 / 487.490     146.230 / 487.490     146.230 / 487.490     ms
[12930.316s][info][gc,stats    ]    Critical: GC Locker Stall                                   0 / 0                 0 / 2                 0 / 2                 0 / 2           ops/s
[12930.316s][info][gc,stats    ]    Critical: GC Locker Stall                               0.000 / 0.000         0.261 / 3.957         0.167 / 4.787         0.167 / 4.787       ms
[12930.316s][info][gc,stats    ]    Critical: Relocation Stall                                  0 / 0                 0 / 103               0 / 103               0 / 103         ops/s
[12930.316s][info][gc,stats    ]    Critical: Relocation Stall                              0.000 / 0.000        14.882 / 62.172       14.882 / 62.172       14.882 / 62.172      ms
[12930.316s][info][gc,stats    ]      Memory: Allocation Rate                                   0 / 0               348 / 2790            539 / 2790            539 / 2790        MB/s
[12930.316s][info][gc,stats    ]      Memory: Out Of Memory                                     0 / 0                 0 / 0                 0 / 0                 0 / 0           ops/s
[12930.316s][info][gc,stats    ]      Memory: Page Cache Flush                                  0 / 0                 3 / 258               0 / 258               0 / 258         MB/s
[12930.316s][info][gc,stats    ]      Memory: Page Cache Hit L1                                 0 / 0               163 / 1336            262 / 1336            262 / 1336        ops/s
[12930.316s][info][gc,stats    ]      Memory: Page Cache Hit L2                                 0 / 0                 0 / 0                 0 / 0                 0 / 0           ops/s
[12930.316s][info][gc,stats    ]      Memory: Page Cache Hit L3                                 0 / 0                 5 / 450               0 / 1028              0 / 1028        ops/s
[12930.316s][info][gc,stats    ]      Memory: Page Cache Miss                                   0 / 0                 0 / 12                0 / 12                0 / 12          ops/s
[12930.316s][info][gc,stats    ]      Memory: Uncommit                                          0 / 0                 0 / 0                 0 / 0                 0 / 0           MB/s
[12930.316s][info][gc,stats    ]      Memory: Undo Object Allocation Failed                     0 / 0                 0 / 5                 0 / 5                 0 / 5           ops/s
[12930.316s][info][gc,stats    ]      Memory: Undo Object Allocation Succeeded                  0 / 0                11 / 2041             18 / 6595             18 / 6595        ops/s
[12930.316s][info][gc,stats    ]      Memory: Undo Page Allocation                              0 / 0                 6 / 676               0 / 676               0 / 676         ops/s
[12930.316s][info][gc,stats    ]       Phase: Concurrent Mark                               0.000 / 0.000      1040.896 / 3424.228    571.218 / 3424.228    571.218 / 3424.228    ms
[12930.316s][info][gc,stats    ]       Phase: Concurrent Mark Continue                      0.000 / 0.000         0.000 / 0.000         0.000 / 0.000         0.000 / 0.000       ms
[12930.316s][info][gc,stats    ]       Phase: Concurrent Mark Free                          0.000 / 0.000         0.001 / 0.001         1.118 / 305.339       1.118 / 305.339     ms
[12930.316s][info][gc,stats    ]       Phase: Concurrent Process Non-Strong References      0.000 / 0.000      2694.655 / 18388.762    69.335 / 18388.762    69.335 / 18388.762   ms
[12930.316s][info][gc,stats    ]       Phase: Concurrent Relocate                           0.000 / 0.000        20.844 / 64.108       11.475 / 64.108       11.475 / 64.108      ms
[12930.316s][info][gc,stats    ]       Phase: Concurrent Reset Relocation Set               0.000 / 0.000         0.309 / 0.968         0.212 / 0.968         0.212 / 0.968       ms
[12930.316s][info][gc,stats    ]       Phase: Concurrent Select Relocation Set              0.000 / 0.000         5.120 / 17.542        6.722 / 623.697       6.722 / 623.697     ms
[12930.316s][info][gc,stats    ]       Phase: Pause Mark End                                0.000 / 0.000         0.118 / 0.434         0.094 / 0.434         0.094 / 0.434       ms
[12930.316s][info][gc,stats    ]       Phase: Pause Mark Start                              0.000 / 0.000         0.022 / 0.056         0.023 / 0.223         0.023 / 0.223       ms
[12930.316s][info][gc,stats    ]       Phase: Pause Relocate Start                          0.000 / 0.000         0.021 / 0.047         0.045 / 0.309         0.045 / 0.309       ms
[12930.316s][info][gc,stats    ]    Subphase: Concurrent Classes Purge                      0.000 / 0.000         0.813 / 2.396         0.518 / 3.157         0.518 / 3.157       ms
[12930.316s][info][gc,stats    ]    Subphase: Concurrent Classes Unlink                     0.000 / 0.000      2686.768 / 18382.834    64.039 / 18382.834    64.039 / 18382.834   ms
[12930.316s][info][gc,stats    ]    Subphase: Concurrent Mark                               0.000 / 0.000       717.125 / 3398.532    450.151 / 3398.532    450.151 / 3398.532    ms
[12930.316s][info][gc,stats    ]    Subphase: Concurrent Mark Try Flush                     0.000 / 0.000         3.577 / 323.158       1.565 / 934.939       1.565 / 934.939     ms
[12930.316s][info][gc,stats    ]    Subphase: Concurrent Mark Try Terminate                 0.000 / 0.000         1.067 / 1.968         1.072 / 934.940       1.072 / 934.940     ms
[12930.316s][info][gc,stats    ]    Subphase: Concurrent References Enqueue                 0.000 / 0.000         0.009 / 0.013         0.009 / 0.091         0.009 / 0.091       ms
[12930.316s][info][gc,stats    ]    Subphase: Concurrent References Process                 0.000 / 0.000         1.523 / 3.992         0.881 / 3.992         0.881 / 3.992       ms
[12930.316s][info][gc,stats    ]    Subphase: Concurrent Roots ClassLoaderDataGraph         0.000 / 0.000         0.928 / 3.418         0.833 / 3.889         0.833 / 3.889       ms
[12930.316s][info][gc,stats    ]    Subphase: Concurrent Roots CodeCache                    0.000 / 0.000         0.000 / 0.000         0.000 / 0.000         0.000 / 0.000       ms
[12930.316s][info][gc,stats    ]    Subphase: Concurrent Roots JavaThreads                  0.000 / 0.000         5.595 / 22.741        4.665 / 969.487       4.665 / 969.487     ms
[12930.316s][info][gc,stats    ]    Subphase: Concurrent Roots OopStorageSet                0.000 / 0.000         0.115 / 0.691         0.083 / 2.218         0.083 / 2.218       ms
[12930.316s][info][gc,stats    ]    Subphase: Concurrent Weak Roots OopStorageSet           0.000 / 0.000         2.631 / 12.479        1.501 / 13.633        1.501 / 13.633      ms
[12930.316s][info][gc,stats    ]    Subphase: Pause Mark Try Complete                       0.000 / 0.000         0.001 / 0.007         0.001 / 0.031         0.001 / 0.031       ms
[12930.316s][info][gc,stats    ]      System: Java Threads                                      0 / 0              2191 / 2584           1929 / 4684           1929 / 4684        threads
[12930.316s][info][gc,stats    ] =========================================================================================================================================================
[12940.316s][info][gc,stats    ] === Garbage Collection Statistics =======================================================================================================================
[12940.316s][info][gc,stats    ]                                                              Last 10s              Last 10m              Last 10h                Total
[12940.316s][info][gc,stats    ]                                                              Avg / Max             Avg / Max             Avg / Max             Avg / Max
[12940.316s][info][gc,stats    ]   Collector: Garbage Collection Cycle                      0.000 / 0.000      3613.194 / 19032.234   665.978 / 19032.234   665.978 / 19032.234   ms
[12940.316s][info][gc,stats    ]  Contention: Mark Segment Reset Contention                     0 / 0                 1 / 46                2 / 104               2 / 104         ops/s
[12940.316s][info][gc,stats    ]  Contention: Mark SeqNum Reset Contention                      0 / 0                 0 / 4                 0 / 7                 0 / 7           ops/s
[12940.316s][info][gc,stats    ]    Critical: Allocation Stall                                  0 / 0                 7 / 827               0 / 827               0 / 827         ops/s
[12940.316s][info][gc,stats    ]    Critical: Allocation Stall                              0.000 / 0.000       146.230 / 487.490     146.230 / 487.490     146.230 / 487.490     ms
[12940.316s][info][gc,stats    ]    Critical: GC Locker Stall                                   0 / 0                 0 / 2                 0 / 2                 0 / 2           ops/s
[12940.316s][info][gc,stats    ]    Critical: GC Locker Stall                               0.000 / 0.000         0.273 / 3.957         0.167 / 4.787         0.167 / 4.787       ms
[12940.316s][info][gc,stats    ]    Critical: Relocation Stall                                  0 / 0                 0 / 103               0 / 103               0 / 103         ops/s
[12940.316s][info][gc,stats    ]    Critical: Relocation Stall                              0.000 / 0.000        14.882 / 62.172       14.882 / 62.172       14.882 / 62.172      ms
[12940.316s][info][gc,stats    ]      Memory: Allocation Rate                                   0 / 0               338 / 2790            539 / 2790            539 / 2790        MB/s
[12940.316s][info][gc,stats    ]      Memory: Out Of Memory                                     0 / 0                 0 / 0                 0 / 0                 0 / 0           ops/s
[12940.316s][info][gc,stats    ]      Memory: Page Cache Flush                                  0 / 0                 3 / 258               0 / 258               0 / 258         MB/s
[12940.316s][info][gc,stats    ]      Memory: Page Cache Hit L1                                 0 / 0               158 / 1336            262 / 1336            262 / 1336        ops/s
[12940.316s][info][gc,stats    ]      Memory: Page Cache Hit L2                                 0 / 0                 0 / 0                 0 / 0                 0 / 0           ops/s
[12940.316s][info][gc,stats    ]      Memory: Page Cache Hit L3                                 0 / 0                 5 / 450               0 / 1028              0 / 1028        ops/s
[12940.316s][info][gc,stats    ]      Memory: Page Cache Miss                                   0 / 0                 0 / 12                0 / 12                0 / 12          ops/s
[12940.316s][info][gc,stats    ]      Memory: Uncommit                                          0 / 0                 0 / 0                 0 / 0                 0 / 0           MB/s
[12940.316s][info][gc,stats    ]      Memory: Undo Object Allocation Failed                     0 / 0                 0 / 5                 0 / 5                 0 / 5           ops/s
[12940.316s][info][gc,stats    ]      Memory: Undo Object Allocation Succeeded                  0 / 0                10 / 2041             18 / 6595             18 / 6595        ops/s
[12940.316s][info][gc,stats    ]      Memory: Undo Page Allocation                              0 / 0                 6 / 676               0 / 676               0 / 676         ops/s
[12940.316s][info][gc,stats    ]       Phase: Concurrent Mark                               0.000 / 0.000      1065.270 / 3424.228    571.218 / 3424.228    571.218 / 3424.228    ms
[12940.316s][info][gc,stats    ]       Phase: Concurrent Mark Continue                      0.000 / 0.000         0.000 / 0.000         0.000 / 0.000         0.000 / 0.000       ms
[12940.316s][info][gc,stats    ]       Phase: Concurrent Mark Free                          0.000 / 0.000         0.001 / 0.001         1.118 / 305.339       1.118 / 305.339     ms
[12940.316s][info][gc,stats    ]       Phase: Concurrent Process Non-Strong References      0.000 / 0.000      2819.371 / 18388.762    69.335 / 18388.762    69.335 / 18388.762   ms
[12940.316s][info][gc,stats    ]       Phase: Concurrent Relocate                           0.000 / 0.000        21.161 / 64.108       11.475 / 64.108       11.475 / 64.108      ms
[12940.316s][info][gc,stats    ]       Phase: Concurrent Reset Relocation Set               0.000 / 0.000         0.310 / 0.968         0.212 / 0.968         0.212 / 0.968       ms
[12940.316s][info][gc,stats    ]       Phase: Concurrent Select Relocation Set              0.000 / 0.000         5.209 / 17.542        6.722 / 623.697       6.722 / 623.697     ms
[12940.316s][info][gc,stats    ]       Phase: Pause Mark End                                0.000 / 0.000         0.118 / 0.434         0.094 / 0.434         0.094 / 0.434       ms
[12940.316s][info][gc,stats    ]       Phase: Pause Mark Start                              0.000 / 0.000         0.022 / 0.056         0.023 / 0.223         0.023 / 0.223       ms
[12940.316s][info][gc,stats    ]       Phase: Pause Relocate Start                          0.000 / 0.000         0.021 / 0.047         0.045 / 0.309         0.045 / 0.309       ms
[12940.316s][info][gc,stats    ]    Subphase: Concurrent Classes Purge                      0.000 / 0.000         0.826 / 2.396         0.518 / 3.157         0.518 / 3.157       ms
[12940.316s][info][gc,stats    ]    Subphase: Concurrent Classes Unlink                     0.000 / 0.000      2811.352 / 18382.834    64.039 / 18382.834    64.039 / 18382.834   ms
[12940.316s][info][gc,stats    ]    Subphase: Concurrent Mark                               0.000 / 0.000       731.046 / 3398.532    450.151 / 3398.532    450.151 / 3398.532    ms
[12940.316s][info][gc,stats    ]    Subphase: Concurrent Mark Try Flush                     0.000 / 0.000         3.708 / 323.158       1.565 / 934.939       1.565 / 934.939     ms
[12940.316s][info][gc,stats    ]    Subphase: Concurrent Mark Try Terminate                 0.000 / 0.000         1.067 / 1.968         1.072 / 934.940       1.072 / 934.940     ms
[12940.316s][info][gc,stats    ]    Subphase: Concurrent References Enqueue                 0.000 / 0.000         0.009 / 0.013         0.009 / 0.091         0.009 / 0.091       ms
[12940.316s][info][gc,stats    ]    Subphase: Concurrent References Process                 0.000 / 0.000         1.551 / 3.992         0.881 / 3.992         0.881 / 3.992       ms
[12940.316s][info][gc,stats    ]    Subphase: Concurrent Roots ClassLoaderDataGraph         0.000 / 0.000         0.926 / 3.418         0.833 / 3.889         0.833 / 3.889       ms
[12940.316s][info][gc,stats    ]    Subphase: Concurrent Roots CodeCache                    0.000 / 0.000         0.000 / 0.000         0.000 / 0.000         0.000 / 0.000       ms
[12940.316s][info][gc,stats    ]    Subphase: Concurrent Roots JavaThreads                  0.000 / 0.000         5.707 / 22.741        4.665 / 969.487       4.665 / 969.487     ms
[12940.316s][info][gc,stats    ]    Subphase: Concurrent Roots OopStorageSet                0.000 / 0.000         0.117 / 0.691         0.083 / 2.218         0.083 / 2.218       ms
[12940.316s][info][gc,stats    ]    Subphase: Concurrent Weak Roots OopStorageSet           0.000 / 0.000         2.683 / 12.479        1.501 / 13.633        1.501 / 13.633      ms
[12940.316s][info][gc,stats    ]    Subphase: Pause Mark Try Complete                       0.000 / 0.000         0.001 / 0.007         0.001 / 0.031         0.001 / 0.031       ms
[12940.316s][info][gc,stats    ]      System: Java Threads                                      0 / 0              2194 / 2584           1929 / 4684           1929 / 4684        threads
[12940.316s][info][gc,stats    ] =========================================================================================================================================================
[12950.316s][info][gc,stats    ] === Garbage Collection Statistics =======================================================================================================================
[12950.316s][info][gc,stats    ]                                                              Last 10s              Last 10m              Last 10h                Total
[12950.316s][info][gc,stats    ]                                                              Avg / Max             Avg / Max             Avg / Max             Avg / Max
[12950.316s][info][gc,stats    ]   Collector: Garbage Collection Cycle                      0.000 / 0.000      3731.498 / 19032.234   665.978 / 19032.234   665.978 / 19032.234   ms
[12950.316s][info][gc,stats    ]  Contention: Mark Segment Reset Contention                     0 / 0                 1 / 46                2 / 104               2 / 104         ops/s
[12950.316s][info][gc,stats    ]  Contention: Mark SeqNum Reset Contention                      0 / 0                 0 / 4                 0 / 7                 0 / 7           ops/s
[12950.316s][info][gc,stats    ]    Critical: Allocation Stall                                  0 / 0                 7 / 827               0 / 827               0 / 827         ops/s
[12950.316s][info][gc,stats    ]    Critical: Allocation Stall                              0.000 / 0.000       146.230 / 487.490     146.230 / 487.490     146.230 / 487.490     ms
[12950.316s][info][gc,stats    ]    Critical: GC Locker Stall                                   0 / 0                 0 / 2                 0 / 2                 0 / 2           ops/s
[12950.316s][info][gc,stats    ]    Critical: GC Locker Stall                               0.000 / 0.000         0.259 / 3.957         0.167 / 4.787         0.167 / 4.787       ms
[12950.316s][info][gc,stats    ]    Critical: Relocation Stall                                  0 / 0                 0 / 103               0 / 103               0 / 103         ops/s
[12950.316s][info][gc,stats    ]    Critical: Relocation Stall                              0.000 / 0.000        14.882 / 62.172       14.882 / 62.172       14.882 / 62.172      ms
[12950.316s][info][gc,stats    ]      Memory: Allocation Rate                                   0 / 0               327 / 2790            538 / 2790            538 / 2790        MB/s
[12950.316s][info][gc,stats    ]      Memory: Out Of Memory                                     0 / 0                 0 / 0                 0 / 0                 0 / 0           ops/s
[12950.316s][info][gc,stats    ]      Memory: Page Cache Flush                                  0 / 0                 3 / 258               0 / 258               0 / 258         MB/s
[12950.316s][info][gc,stats    ]      Memory: Page Cache Hit L1                                 0 / 0               152 / 1336            262 / 1336            262 / 1336        ops/s
[12950.316s][info][gc,stats    ]      Memory: Page Cache Hit L2                                 0 / 0                 0 / 0                 0 / 0                 0 / 0           ops/s
[12950.316s][info][gc,stats    ]      Memory: Page Cache Hit L3                                 0 / 0                 5 / 450               0 / 1028              0 / 1028        ops/s
[12950.316s][info][gc,stats    ]      Memory: Page Cache Miss                                   0 / 0                 0 / 12                0 / 12                0 / 12          ops/s
[12950.316s][info][gc,stats    ]      Memory: Uncommit                                          0 / 0                 0 / 0                 0 / 0                 0 / 0           MB/s
[12950.316s][info][gc,stats    ]      Memory: Undo Object Allocation Failed                     0 / 0                 0 / 5                 0 / 5                 0 / 5           ops/s
[12950.316s][info][gc,stats    ]      Memory: Undo Object Allocation Succeeded                  0 / 0                10 / 2041             18 / 6595             18 / 6595        ops/s
[12950.316s][info][gc,stats    ]      Memory: Undo Page Allocation                              0 / 0                 6 / 676               0 / 676               0 / 676         ops/s
[12950.316s][info][gc,stats    ]       Phase: Concurrent Mark                               0.000 / 0.000      1059.123 / 3424.228    571.218 / 3424.228    571.218 / 3424.228    ms
[12950.316s][info][gc,stats    ]       Phase: Concurrent Mark Continue                      0.000 / 0.000         0.000 / 0.000         0.000 / 0.000         0.000 / 0.000       ms
[12950.316s][info][gc,stats    ]       Phase: Concurrent Mark Free                          0.000 / 0.000         0.001 / 0.001         1.118 / 305.339       1.118 / 305.339     ms
[12950.316s][info][gc,stats    ]       Phase: Concurrent Process Non-Strong References      0.000 / 0.000      2955.590 / 18388.762    69.335 / 18388.762    69.335 / 18388.762   ms
[12950.316s][info][gc,stats    ]       Phase: Concurrent Relocate                           0.000 / 0.000        21.435 / 64.108       11.475 / 64.108       11.475 / 64.108      ms
[12950.316s][info][gc,stats    ]       Phase: Concurrent Reset Relocation Set               0.000 / 0.000         0.313 / 0.968         0.212 / 0.968         0.212 / 0.968       ms
[12950.316s][info][gc,stats    ]       Phase: Concurrent Select Relocation Set              0.000 / 0.000         5.299 / 17.542        6.722 / 623.697       6.722 / 623.697     ms
[12950.316s][info][gc,stats    ]       Phase: Pause Mark End                                0.000 / 0.000         0.120 / 0.434         0.094 / 0.434         0.094 / 0.434       ms
[12950.316s][info][gc,stats    ]       Phase: Pause Mark Start                              0.000 / 0.000         0.022 / 0.056         0.023 / 0.223         0.023 / 0.223       ms
[12950.316s][info][gc,stats    ]       Phase: Pause Relocate Start                          0.000 / 0.000         0.021 / 0.047         0.045 / 0.309         0.045 / 0.309       ms
[12950.316s][info][gc,stats    ]    Subphase: Concurrent Classes Purge                      0.000 / 0.000         0.828 / 2.396         0.518 / 3.157         0.518 / 3.157       ms
[12950.316s][info][gc,stats    ]    Subphase: Concurrent Classes Unlink                     0.000 / 0.000      2947.587 / 18382.834    64.039 / 18382.834    64.039 / 18382.834   ms
[12950.316s][info][gc,stats    ]    Subphase: Concurrent Mark                               0.000 / 0.000       720.287 / 3398.532    450.151 / 3398.532    450.151 / 3398.532    ms
[12950.316s][info][gc,stats    ]    Subphase: Concurrent Mark Try Flush                     0.000 / 0.000         3.811 / 323.158       1.565 / 934.939       1.565 / 934.939     ms
[12950.316s][info][gc,stats    ]    Subphase: Concurrent Mark Try Terminate                 0.000 / 0.000         1.067 / 1.968         1.072 / 934.940       1.072 / 934.940     ms
[12950.316s][info][gc,stats    ]    Subphase: Concurrent References Enqueue                 0.000 / 0.000         0.009 / 0.013         0.009 / 0.091         0.009 / 0.091       ms
[12950.316s][info][gc,stats    ]    Subphase: Concurrent References Process                 0.000 / 0.000         1.542 / 3.992         0.881 / 3.992         0.881 / 3.992       ms
[12950.316s][info][gc,stats    ]    Subphase: Concurrent Roots ClassLoaderDataGraph         0.000 / 0.000         0.923 / 3.418         0.833 / 3.889         0.833 / 3.889       ms
[12950.316s][info][gc,stats    ]    Subphase: Concurrent Roots CodeCache                    0.000 / 0.000         0.000 / 0.000         0.000 / 0.000         0.000 / 0.000       ms
[12950.316s][info][gc,stats    ]    Subphase: Concurrent Roots JavaThreads                  0.000 / 0.000         5.635 / 22.741        4.665 / 969.487       4.665 / 969.487     ms
[12950.316s][info][gc,stats    ]    Subphase: Concurrent Roots OopStorageSet                0.000 / 0.000         0.115 / 0.691         0.083 / 2.218         0.083 / 2.218       ms
[12950.316s][info][gc,stats    ]    Subphase: Concurrent Weak Roots OopStorageSet           0.000 / 0.000         2.644 / 12.479        1.501 / 13.633        1.501 / 13.633      ms
[12950.316s][info][gc,stats    ]    Subphase: Pause Mark Try Complete                       0.000 / 0.000         0.001 / 0.007         0.001 / 0.031         0.001 / 0.031       ms
[12950.316s][info][gc,stats    ]      System: Java Threads                                      0 / 0              2198 / 2584           1929 / 4684           1929 / 4684        threads
[12950.316s][info][gc,stats    ] =========================================================================================================================================================
[12960.316s][info][gc,stats    ] === Garbage Collection Statistics =======================================================================================================================
[12960.316s][info][gc,stats    ]                                                              Last 10s              Last 10m              Last 10h                Total
[12960.316s][info][gc,stats    ]                                                              Avg / Max             Avg / Max             Avg / Max             Avg / Max
[12960.316s][info][gc,stats    ]   Collector: Garbage Collection Cycle                      0.000 / 0.000      3897.700 / 19032.234   665.978 / 19032.234   665.978 / 19032.234   ms
[12960.316s][info][gc,stats    ]  Contention: Mark Segment Reset Contention                     0 / 0                 1 / 46                2 / 104               2 / 104         ops/s
[12960.316s][info][gc,stats    ]  Contention: Mark SeqNum Reset Contention                      0 / 0                 0 / 4                 0 / 7                 0 / 7           ops/s
[12960.316s][info][gc,stats    ]    Critical: Allocation Stall                                  0 / 0                 7 / 827               0 / 827               0 / 827         ops/s
[12960.316s][info][gc,stats    ]    Critical: Allocation Stall                              0.000 / 0.000       146.230 / 487.490     146.230 / 487.490     146.230 / 487.490     ms
[12960.316s][info][gc,stats    ]    Critical: GC Locker Stall                                   0 / 0                 0 / 2                 0 / 2                 0 / 2           ops/s
[12960.316s][info][gc,stats    ]    Critical: GC Locker Stall                               0.000 / 0.000         0.274 / 3.957         0.167 / 4.787         0.167 / 4.787       ms
[12960.316s][info][gc,stats    ]    Critical: Relocation Stall                                  0 / 0                 0 / 103               0 / 103               0 / 103         ops/s
[12960.316s][info][gc,stats    ]    Critical: Relocation Stall                              0.000 / 0.000        14.882 / 62.172       14.882 / 62.172       14.882 / 62.172      ms
[12960.316s][info][gc,stats    ]      Memory: Allocation Rate                                   0 / 0               316 / 2790            538 / 2790            538 / 2790        MB/s
[12960.316s][info][gc,stats    ]      Memory: Out Of Memory                                     0 / 0                 0 / 0                 0 / 0                 0 / 0           ops/s
[12960.316s][info][gc,stats    ]      Memory: Page Cache Flush                                  0 / 0                 3 / 258               0 / 258               0 / 258         MB/s
[12960.316s][info][gc,stats    ]      Memory: Page Cache Hit L1                                 0 / 0               147 / 1336            262 / 1336            262 / 1336        ops/s
[12960.316s][info][gc,stats    ]      Memory: Page Cache Hit L2                                 0 / 0                 0 / 0                 0 / 0                 0 / 0           ops/s
[12960.316s][info][gc,stats    ]      Memory: Page Cache Hit L3                                 0 / 0                 5 / 450               0 / 1028              0 / 1028        ops/s
[12960.316s][info][gc,stats    ]      Memory: Page Cache Miss                                   0 / 0                 0 / 12                0 / 12                0 / 12          ops/s
[12960.316s][info][gc,stats    ]      Memory: Uncommit                                          0 / 0                 0 / 0                 0 / 0                 0 / 0           MB/s
[12960.316s][info][gc,stats    ]      Memory: Undo Object Allocation Failed                     0 / 0                 0 / 5                 0 / 5                 0 / 5           ops/s
[12960.316s][info][gc,stats    ]      Memory: Undo Object Allocation Succeeded                  0 / 0                10 / 2041             18 / 6595             18 / 6595        ops/s
[12960.316s][info][gc,stats    ]      Memory: Undo Page Allocation                              0 / 0                 6 / 676               0 / 676               0 / 676         ops/s
[12960.316s][info][gc,stats    ]       Phase: Concurrent Mark                               0.000 / 0.000      1086.124 / 3424.228    571.218 / 3424.228    571.218 / 3424.228    ms
[12960.316s][info][gc,stats    ]       Phase: Concurrent Mark Continue                      0.000 / 0.000         0.000 / 0.000         0.000 / 0.000         0.000 / 0.000       ms
[12960.316s][info][gc,stats    ]       Phase: Concurrent Mark Free                          0.000 / 0.000         0.001 / 0.001         1.118 / 305.339       1.118 / 305.339     ms
[12960.316s][info][gc,stats    ]       Phase: Concurrent Process Non-Strong References      0.000 / 0.000      3106.425 / 18388.762    69.335 / 18388.762    69.335 / 18388.762   ms
[12960.316s][info][gc,stats    ]       Phase: Concurrent Relocate                           0.000 / 0.000        21.924 / 64.108       11.475 / 64.108       11.475 / 64.108      ms
[12960.316s][info][gc,stats    ]       Phase: Concurrent Reset Relocation Set               0.000 / 0.000         0.320 / 0.968         0.212 / 0.968         0.212 / 0.968       ms
[12960.316s][info][gc,stats    ]       Phase: Concurrent Select Relocation Set              0.000 / 0.000         5.388 / 17.542        6.722 / 623.697       6.722 / 623.697     ms
[12960.316s][info][gc,stats    ]       Phase: Pause Mark End                                0.000 / 0.000         0.118 / 0.434         0.094 / 0.434         0.094 / 0.434       ms
[12960.316s][info][gc,stats    ]       Phase: Pause Mark Start                              0.000 / 0.000         0.022 / 0.056         0.023 / 0.223         0.023 / 0.223       ms
[12960.316s][info][gc,stats    ]       Phase: Pause Relocate Start                          0.000 / 0.000         0.021 / 0.047         0.045 / 0.309         0.045 / 0.309       ms
[12960.316s][info][gc,stats    ]    Subphase: Concurrent Classes Purge                      0.000 / 0.000         0.838 / 2.396         0.518 / 3.157         0.518 / 3.157       ms
[12960.316s][info][gc,stats    ]    Subphase: Concurrent Classes Unlink                     0.000 / 0.000      3098.295 / 18382.834    64.039 / 18382.834    64.039 / 18382.834   ms
[12960.316s][info][gc,stats    ]    Subphase: Concurrent Mark                               0.000 / 0.000       734.767 / 3398.532    450.151 / 3398.532    450.151 / 3398.532    ms
[12960.316s][info][gc,stats    ]    Subphase: Concurrent Mark Try Flush                     0.000 / 0.000         4.027 / 323.158       1.565 / 934.939       1.565 / 934.939     ms
[12960.316s][info][gc,stats    ]    Subphase: Concurrent Mark Try Terminate                 0.000 / 0.000         1.067 / 1.968         1.072 / 934.940       1.072 / 934.940     ms
[12960.316s][info][gc,stats    ]    Subphase: Concurrent References Enqueue                 0.000 / 0.000         0.009 / 0.013         0.009 / 0.091         0.009 / 0.091       ms
[12960.316s][info][gc,stats    ]    Subphase: Concurrent References Process                 0.000 / 0.000         1.575 / 3.992         0.881 / 3.992         0.881 / 3.992       ms
[12960.316s][info][gc,stats    ]    Subphase: Concurrent Roots ClassLoaderDataGraph         0.000 / 0.000         0.928 / 3.418         0.833 / 3.889         0.833 / 3.889       ms
[12960.316s][info][gc,stats    ]    Subphase: Concurrent Roots CodeCache                    0.000 / 0.000         0.000 / 0.000         0.000 / 0.000         0.000 / 0.000       ms
[12960.316s][info][gc,stats    ]    Subphase: Concurrent Roots JavaThreads                  0.000 / 0.000         5.739 / 22.741        4.665 / 969.487       4.665 / 969.487     ms
[12960.316s][info][gc,stats    ]    Subphase: Concurrent Roots OopStorageSet                0.000 / 0.000         0.119 / 0.691         0.083 / 2.218         0.083 / 2.218       ms
[12960.316s][info][gc,stats    ]    Subphase: Concurrent Weak Roots OopStorageSet           0.000 / 0.000         2.694 / 12.479        1.501 / 13.633        1.501 / 13.633      ms
[12960.316s][info][gc,stats    ]    Subphase: Pause Mark Try Complete                       0.000 / 0.000         0.001 / 0.007         0.001 / 0.031         0.001 / 0.031       ms
[12960.316s][info][gc,stats    ]      System: Java Threads                                      0 / 0              2204 / 2584           1929 / 4684           1929 / 4684        threads
[12960.316s][info][gc,stats    ] =========================================================================================================================================================
[12970.315s][info][gc,stats    ] === Garbage Collection Statistics =======================================================================================================================
[12970.316s][info][gc,stats    ]                                                              Last 10s              Last 10m              Last 10h                Total
[12970.316s][info][gc,stats    ]                                                              Avg / Max             Avg / Max             Avg / Max             Avg / Max
[12970.316s][info][gc,stats    ]   Collector: Garbage Collection Cycle                      0.000 / 0.000      4083.202 / 19032.234   665.978 / 19032.234   665.978 / 19032.234   ms
[12970.316s][info][gc,stats    ]  Contention: Mark Segment Reset Contention                     0 / 0                 1 / 46                2 / 104               2 / 104         ops/s
[12970.316s][info][gc,stats    ]  Contention: Mark SeqNum Reset Contention                      0 / 0                 0 / 4                 0 / 7                 0 / 7           ops/s
[12970.316s][info][gc,stats    ]    Critical: Allocation Stall                                  0 / 0                 7 / 827               0 / 827               0 / 827         ops/s
[12970.316s][info][gc,stats    ]    Critical: Allocation Stall                              0.000 / 0.000       146.230 / 487.490     146.230 / 487.490     146.230 / 487.490     ms
[12970.316s][info][gc,stats    ]    Critical: GC Locker Stall                                   0 / 0                 0 / 2                 0 / 2                 0 / 2           ops/s
[12970.316s][info][gc,stats    ]    Critical: GC Locker Stall                               0.000 / 0.000         0.290 / 3.957         0.167 / 4.787         0.167 / 4.787       ms
[12970.316s][info][gc,stats    ]    Critical: Relocation Stall                                  0 / 0                 0 / 103               0 / 103               0 / 103         ops/s
[12970.316s][info][gc,stats    ]    Critical: Relocation Stall                              0.000 / 0.000        14.882 / 62.172       14.882 / 62.172       14.882 / 62.172      ms
[12970.316s][info][gc,stats    ]      Memory: Allocation Rate                                   0 / 0               304 / 2790            538 / 2790            538 / 2790        MB/s
[12970.316s][info][gc,stats    ]      Memory: Out Of Memory                                     0 / 0                 0 / 0                 0 / 0                 0 / 0           ops/s
[12970.316s][info][gc,stats    ]      Memory: Page Cache Flush                                  0 / 0                 3 / 258               0 / 258               0 / 258         MB/s
[12970.316s][info][gc,stats    ]      Memory: Page Cache Hit L1                                 0 / 0               140 / 1336            262 / 1336            262 / 1336        ops/s
[12970.316s][info][gc,stats    ]      Memory: Page Cache Hit L2                                 0 / 0                 0 / 0                 0 / 0                 0 / 0           ops/s
[12970.316s][info][gc,stats    ]      Memory: Page Cache Hit L3                                 0 / 0                 5 / 450               0 / 1028              0 / 1028        ops/s
[12970.316s][info][gc,stats    ]      Memory: Page Cache Miss                                   0 / 0                 0 / 12                0 / 12                0 / 12          ops/s
[12970.316s][info][gc,stats    ]      Memory: Uncommit                                          0 / 0                 0 / 0                 0 / 0                 0 / 0           MB/s
[12970.316s][info][gc,stats    ]      Memory: Undo Object Allocation Failed                     0 / 0                 0 / 5                 0 / 5                 0 / 5           ops/s
[12970.316s][info][gc,stats    ]      Memory: Undo Object Allocation Succeeded                  0 / 0                10 / 2041             18 / 6595             18 / 6595        ops/s
[12970.316s][info][gc,stats    ]      Memory: Undo Page Allocation                              0 / 0                 6 / 676               0 / 676               0 / 676         ops/s
[12970.316s][info][gc,stats    ]       Phase: Concurrent Mark                               0.000 / 0.000      1117.008 / 3424.228    571.218 / 3424.228    571.218 / 3424.228    ms
[12970.316s][info][gc,stats    ]       Phase: Concurrent Mark Continue                      0.000 / 0.000         0.000 / 0.000         0.000 / 0.000         0.000 / 0.000       ms
[12970.316s][info][gc,stats    ]       Phase: Concurrent Mark Free                          0.000 / 0.000         0.001 / 0.001         1.118 / 305.339       1.118 / 305.339     ms
[12970.316s][info][gc,stats    ]       Phase: Concurrent Process Non-Strong References      0.000 / 0.000      3273.621 / 18388.762    69.335 / 18388.762    69.335 / 18388.762   ms
[12970.316s][info][gc,stats    ]       Phase: Concurrent Relocate                           0.000 / 0.000        22.195 / 64.108       11.475 / 64.108       11.475 / 64.108      ms
[12970.316s][info][gc,stats    ]       Phase: Concurrent Reset Relocation Set               0.000 / 0.000         0.320 / 0.968         0.212 / 0.968         0.212 / 0.968       ms
[12970.316s][info][gc,stats    ]       Phase: Concurrent Select Relocation Set              0.000 / 0.000         5.480 / 17.542        6.722 / 623.697       6.722 / 623.697     ms
[12970.316s][info][gc,stats    ]       Phase: Pause Mark End                                0.000 / 0.000         0.120 / 0.434         0.094 / 0.434         0.094 / 0.434       ms
[12970.316s][info][gc,stats    ]       Phase: Pause Mark Start                              0.000 / 0.000         0.022 / 0.056         0.023 / 0.223         0.023 / 0.223       ms
[12970.316s][info][gc,stats    ]       Phase: Pause Relocate Start                          0.000 / 0.000         0.021 / 0.047         0.045 / 0.309         0.045 / 0.309       ms
[12970.316s][info][gc,stats    ]    Subphase: Concurrent Classes Purge                      0.000 / 0.000         0.855 / 2.396         0.518 / 3.157         0.518 / 3.157       ms
[12970.316s][info][gc,stats    ]    Subphase: Concurrent Classes Unlink                     0.000 / 0.000      3265.313 / 18382.834    64.039 / 18382.834    64.039 / 18382.834   ms
[12970.316s][info][gc,stats    ]    Subphase: Concurrent Mark                               0.000 / 0.000       752.993 / 3398.532    450.151 / 3398.532    450.151 / 3398.532    ms
[12970.316s][info][gc,stats    ]    Subphase: Concurrent Mark Try Flush                     0.000 / 0.000         4.169 / 323.158       1.565 / 934.939       1.565 / 934.939     ms
[12970.316s][info][gc,stats    ]    Subphase: Concurrent Mark Try Terminate                 0.000 / 0.000         1.067 / 1.968         1.072 / 934.940       1.072 / 934.940     ms
[12970.316s][info][gc,stats    ]    Subphase: Concurrent References Enqueue                 0.000 / 0.000         0.009 / 0.013         0.009 / 0.091         0.009 / 0.091       ms
[12970.316s][info][gc,stats    ]    Subphase: Concurrent References Process                 0.000 / 0.000         1.624 / 3.992         0.881 / 3.992         0.881 / 3.992       ms
[12970.316s][info][gc,stats    ]    Subphase: Concurrent Roots ClassLoaderDataGraph         0.000 / 0.000         0.921 / 3.418         0.833 / 3.889         0.833 / 3.889       ms
[12970.316s][info][gc,stats    ]    Subphase: Concurrent Roots CodeCache                    0.000 / 0.000         0.000 / 0.000         0.000 / 0.000         0.000 / 0.000       ms
[12970.316s][info][gc,stats    ]    Subphase: Concurrent Roots JavaThreads                  0.000 / 0.000         5.868 / 22.741        4.665 / 969.487       4.665 / 969.487     ms
[12970.316s][info][gc,stats    ]    Subphase: Concurrent Roots OopStorageSet                0.000 / 0.000         0.122 / 0.691         0.083 / 2.218         0.083 / 2.218       ms
[12970.316s][info][gc,stats    ]    Subphase: Concurrent Weak Roots OopStorageSet           0.000 / 0.000         2.756 / 12.479        1.501 / 13.633        1.501 / 13.633      ms
[12970.316s][info][gc,stats    ]    Subphase: Pause Mark Try Complete                       0.000 / 0.000         0.001 / 0.007         0.001 / 0.031         0.001 / 0.031       ms
[12970.316s][info][gc,stats    ]      System: Java Threads                                      0 / 0              2208 / 2584           1929 / 4684           1929 / 4684        threads
[12970.316s][info][gc,stats    ] =========================================================================================================================================================
[12980.316s][info][gc,stats    ] === Garbage Collection Statistics =======================================================================================================================
[12980.316s][info][gc,stats    ]                                                              Last 10s              Last 10m              Last 10h                Total
[12980.316s][info][gc,stats    ]                                                              Avg / Max             Avg / Max             Avg / Max             Avg / Max
[12980.316s][info][gc,stats    ]   Collector: Garbage Collection Cycle                      0.000 / 0.000      4182.700 / 19032.234   665.978 / 19032.234   665.978 / 19032.234   ms
[12980.316s][info][gc,stats    ]  Contention: Mark Segment Reset Contention                     0 / 0                 1 / 46                2 / 104               2 / 104         ops/s
[12980.316s][info][gc,stats    ]  Contention: Mark SeqNum Reset Contention                      0 / 0                 0 / 3                 0 / 7                 0 / 7           ops/s
[12980.316s][info][gc,stats    ]    Critical: Allocation Stall                                  0 / 0                 7 / 827               0 / 827               0 / 827         ops/s
[12980.316s][info][gc,stats    ]    Critical: Allocation Stall                              0.000 / 0.000       146.230 / 487.490     146.230 / 487.490     146.230 / 487.490     ms
[12980.316s][info][gc,stats    ]    Critical: GC Locker Stall                                   0 / 0                 0 / 2                 0 / 2                 0 / 2           ops/s
[12980.316s][info][gc,stats    ]    Critical: GC Locker Stall                               0.000 / 0.000         0.290 / 3.957         0.167 / 4.787         0.167 / 4.787       ms
[12980.316s][info][gc,stats    ]    Critical: Relocation Stall                                  0 / 0                 0 / 103               0 / 103               0 / 103         ops/s
[12980.316s][info][gc,stats    ]    Critical: Relocation Stall                              0.000 / 0.000        14.882 / 62.172       14.882 / 62.172       14.882 / 62.172      ms
[12980.316s][info][gc,stats    ]      Memory: Allocation Rate                                   0 / 0               293 / 2790            537 / 2790            537 / 2790        MB/s
[12980.316s][info][gc,stats    ]      Memory: Out Of Memory                                     0 / 0                 0 / 0                 0 / 0                 0 / 0           ops/s
[12980.316s][info][gc,stats    ]      Memory: Page Cache Flush                                  0 / 0                 3 / 258               0 / 258               0 / 258         MB/s
[12980.316s][info][gc,stats    ]      Memory: Page Cache Hit L1                                 0 / 0               136 / 1336            261 / 1336            261 / 1336        ops/s
[12980.316s][info][gc,stats    ]      Memory: Page Cache Hit L2                                 0 / 0                 0 / 0                 0 / 0                 0 / 0           ops/s
[12980.316s][info][gc,stats    ]      Memory: Page Cache Hit L3                                 0 / 0                 5 / 450               0 / 1028              0 / 1028        ops/s
[12980.316s][info][gc,stats    ]      Memory: Page Cache Miss                                   0 / 0                 0 / 12                0 / 12                0 / 12          ops/s
[12980.316s][info][gc,stats    ]      Memory: Uncommit                                          0 / 0                 0 / 0                 0 / 0                 0 / 0           MB/s
[12980.316s][info][gc,stats    ]      Memory: Undo Object Allocation Failed                     0 / 0                 0 / 5                 0 / 5                 0 / 5           ops/s
[12980.316s][info][gc,stats    ]      Memory: Undo Object Allocation Succeeded                  0 / 0                10 / 2041             18 / 6595             18 / 6595        ops/s
[12980.316s][info][gc,stats    ]      Memory: Undo Page Allocation                              0 / 0                 6 / 676               0 / 676               0 / 676         ops/s
[12980.316s][info][gc,stats    ]       Phase: Concurrent Mark                               0.000 / 0.000      1132.468 / 3424.228    571.218 / 3424.228    571.218 / 3424.228    ms
[12980.316s][info][gc,stats    ]       Phase: Concurrent Mark Continue                      0.000 / 0.000         0.000 / 0.000         0.000 / 0.000         0.000 / 0.000       ms
[12980.316s][info][gc,stats    ]       Phase: Concurrent Mark Free                          0.000 / 0.000         0.001 / 0.001         1.118 / 305.339       1.118 / 305.339     ms
[12980.316s][info][gc,stats    ]       Phase: Concurrent Process Non-Strong References      0.000 / 0.000      3364.196 / 18388.762    69.335 / 18388.762    69.335 / 18388.762   ms
[12980.316s][info][gc,stats    ]       Phase: Concurrent Relocate                           0.000 / 0.000        22.417 / 64.108       11.475 / 64.108       11.475 / 64.108      ms
[12980.316s][info][gc,stats    ]       Phase: Concurrent Reset Relocation Set               0.000 / 0.000         0.321 / 0.968         0.212 / 0.968         0.212 / 0.968       ms
[12980.316s][info][gc,stats    ]       Phase: Concurrent Select Relocation Set              0.000 / 0.000         5.540 / 17.542        6.722 / 623.697       6.722 / 623.697     ms
[12980.316s][info][gc,stats    ]       Phase: Pause Mark End                                0.000 / 0.000         0.120 / 0.434         0.094 / 0.434         0.094 / 0.434       ms
[12980.316s][info][gc,stats    ]       Phase: Pause Mark Start                              0.000 / 0.000         0.022 / 0.056         0.023 / 0.223         0.023 / 0.223       ms
[12980.316s][info][gc,stats    ]       Phase: Pause Relocate Start                          0.000 / 0.000         0.021 / 0.047         0.045 / 0.309         0.045 / 0.309       ms
[12980.316s][info][gc,stats    ]    Subphase: Concurrent Classes Purge                      0.000 / 0.000         0.866 / 2.396         0.518 / 3.157         0.518 / 3.157       ms
[12980.316s][info][gc,stats    ]    Subphase: Concurrent Classes Unlink                     0.000 / 0.000      3355.790 / 18382.834    64.039 / 18382.834    64.039 / 18382.834   ms
[12980.316s][info][gc,stats    ]    Subphase: Concurrent Mark                               0.000 / 0.000       761.355 / 3398.532    450.151 / 3398.532    450.151 / 3398.532    ms
[12980.316s][info][gc,stats    ]    Subphase: Concurrent Mark Try Flush                     0.000 / 0.000         4.377 / 323.158       1.565 / 934.939       1.565 / 934.939     ms
[12980.316s][info][gc,stats    ]    Subphase: Concurrent Mark Try Terminate                 0.000 / 0.000         1.066 / 1.968         1.072 / 934.940       1.072 / 934.940     ms
[12980.316s][info][gc,stats    ]    Subphase: Concurrent References Enqueue                 0.000 / 0.000         0.009 / 0.013         0.009 / 0.091         0.009 / 0.091       ms
[12980.316s][info][gc,stats    ]    Subphase: Concurrent References Process                 0.000 / 0.000         1.648 / 3.992         0.881 / 3.992         0.881 / 3.992       ms
[12980.316s][info][gc,stats    ]    Subphase: Concurrent Roots ClassLoaderDataGraph         0.000 / 0.000         0.925 / 3.418         0.833 / 3.889         0.833 / 3.889       ms
[12980.316s][info][gc,stats    ]    Subphase: Concurrent Roots CodeCache                    0.000 / 0.000         0.000 / 0.000         0.000 / 0.000         0.000 / 0.000       ms
[12980.316s][info][gc,stats    ]    Subphase: Concurrent Roots JavaThreads                  0.000 / 0.000         5.843 / 22.741        4.665 / 969.487       4.665 / 969.487     ms
[12980.316s][info][gc,stats    ]    Subphase: Concurrent Roots OopStorageSet                0.000 / 0.000         0.122 / 0.691         0.083 / 2.218         0.083 / 2.218       ms
[12980.316s][info][gc,stats    ]    Subphase: Concurrent Weak Roots OopStorageSet           0.000 / 0.000         2.793 / 12.479        1.501 / 13.633        1.501 / 13.633      ms
[12980.316s][info][gc,stats    ]    Subphase: Pause Mark Try Complete                       0.000 / 0.000         0.001 / 0.007         0.001 / 0.031         0.001 / 0.031       ms
[12980.316s][info][gc,stats    ]      System: Java Threads                                      0 / 0              2213 / 2584           1929 / 4684           1929 / 4684        threads
[12980.316s][info][gc,stats    ] =========================================================================================================================================================
[12990.315s][info][gc,stats    ] === Garbage Collection Statistics =======================================================================================================================
[12990.315s][info][gc,stats    ]                                                              Last 10s              Last 10m              Last 10h                Total
[12990.315s][info][gc,stats    ]                                                              Avg / Max             Avg / Max             Avg / Max             Avg / Max
[12990.315s][info][gc,stats    ]   Collector: Garbage Collection Cycle                      0.000 / 0.000      4391.804 / 19032.234   665.978 / 19032.234   665.978 / 19032.234   ms
[12990.315s][info][gc,stats    ]  Contention: Mark Segment Reset Contention                     0 / 0                 0 / 46                2 / 104               2 / 104         ops/s
[12990.315s][info][gc,stats    ]  Contention: Mark SeqNum Reset Contention                      0 / 0                 0 / 3                 0 / 7                 0 / 7           ops/s
[12990.315s][info][gc,stats    ]    Critical: Allocation Stall                                  0 / 0                 7 / 827               0 / 827               0 / 827         ops/s
[12990.315s][info][gc,stats    ]    Critical: Allocation Stall                              0.000 / 0.000       146.230 / 487.490     146.230 / 487.490     146.230 / 487.490     ms
[12990.316s][info][gc,stats    ]    Critical: GC Locker Stall                                   0 / 0                 0 / 2                 0 / 2                 0 / 2           ops/s
[12990.316s][info][gc,stats    ]    Critical: GC Locker Stall                               0.000 / 0.000         0.328 / 3.957         0.167 / 4.787         0.167 / 4.787       ms
[12990.316s][info][gc,stats    ]    Critical: Relocation Stall                                  0 / 0                 0 / 103               0 / 103               0 / 103         ops/s
[12990.316s][info][gc,stats    ]    Critical: Relocation Stall                              0.000 / 0.000        14.882 / 62.172       14.882 / 62.172       14.882 / 62.172      ms
[12990.316s][info][gc,stats    ]      Memory: Allocation Rate                                   0 / 0               281 / 2790            537 / 2790            537 / 2790        MB/s
[12990.316s][info][gc,stats    ]      Memory: Out Of Memory                                     0 / 0                 0 / 0                 0 / 0                 0 / 0           ops/s
[12990.316s][info][gc,stats    ]      Memory: Page Cache Flush                                  0 / 0                 3 / 258               0 / 258               0 / 258         MB/s
[12990.316s][info][gc,stats    ]      Memory: Page Cache Hit L1                                 0 / 0               130 / 1336            261 / 1336            261 / 1336        ops/s
[12990.316s][info][gc,stats    ]      Memory: Page Cache Hit L2                                 0 / 0                 0 / 0                 0 / 0                 0 / 0           ops/s
[12990.316s][info][gc,stats    ]      Memory: Page Cache Hit L3                                 0 / 0                 5 / 450               0 / 1028              0 / 1028        ops/s
[12990.316s][info][gc,stats    ]      Memory: Page Cache Miss                                   0 / 0                 0 / 12                0 / 12                0 / 12          ops/s
[12990.316s][info][gc,stats    ]      Memory: Uncommit                                          0 / 0                 0 / 0                 0 / 0                 0 / 0           MB/s
[12990.316s][info][gc,stats    ]      Memory: Undo Object Allocation Failed                     0 / 0                 0 / 5                 0 / 5                 0 / 5           ops/s
[12990.316s][info][gc,stats    ]      Memory: Undo Object Allocation Succeeded                  0 / 0                 9 / 2041             18 / 6595             18 / 6595        ops/s
[12990.316s][info][gc,stats    ]      Memory: Undo Page Allocation                              0 / 0                 6 / 676               0 / 676               0 / 676         ops/s
[12990.316s][info][gc,stats    ]       Phase: Concurrent Mark                               0.000 / 0.000      1064.422 / 3424.228    571.218 / 3424.228    571.218 / 3424.228    ms
[12990.316s][info][gc,stats    ]       Phase: Concurrent Mark Continue                      0.000 / 0.000         0.000 / 0.000         0.000 / 0.000         0.000 / 0.000       ms
[12990.316s][info][gc,stats    ]       Phase: Concurrent Mark Free                          0.000 / 0.000         0.001 / 0.001         1.118 / 305.339       1.118 / 305.339     ms
[12990.316s][info][gc,stats    ]       Phase: Concurrent Process Non-Strong References      0.000 / 0.000      3666.480 / 18388.762    69.335 / 18388.762    69.335 / 18388.762   ms
[12990.316s][info][gc,stats    ]       Phase: Concurrent Relocate                           0.000 / 0.000        22.788 / 64.108       11.475 / 64.108       11.475 / 64.108      ms
[12990.316s][info][gc,stats    ]       Phase: Concurrent Reset Relocation Set               0.000 / 0.000         0.330 / 0.968         0.212 / 0.968         0.212 / 0.968       ms
[12990.316s][info][gc,stats    ]       Phase: Concurrent Select Relocation Set              0.000 / 0.000         5.728 / 17.542        6.722 / 623.697       6.722 / 623.697     ms
[12990.316s][info][gc,stats    ]       Phase: Pause Mark End                                0.000 / 0.000         0.123 / 0.434         0.094 / 0.434         0.094 / 0.434       ms
[12990.316s][info][gc,stats    ]       Phase: Pause Mark Start                              0.000 / 0.000         0.023 / 0.056         0.023 / 0.223         0.023 / 0.223       ms
[12990.316s][info][gc,stats    ]       Phase: Pause Relocate Start                          0.000 / 0.000         0.021 / 0.047         0.045 / 0.309         0.045 / 0.309       ms
[12990.316s][info][gc,stats    ]    Subphase: Concurrent Classes Purge                      0.000 / 0.000         0.847 / 2.396         0.518 / 3.157         0.518 / 3.157       ms
[12990.316s][info][gc,stats    ]    Subphase: Concurrent Classes Unlink                     0.000 / 0.000      3658.398 / 18382.834    64.039 / 18382.834    64.039 / 18382.834   ms
[12990.316s][info][gc,stats    ]    Subphase: Concurrent Mark                               0.000 / 0.000       733.143 / 3398.532    450.151 / 3398.532    450.151 / 3398.532    ms
[12990.316s][info][gc,stats    ]    Subphase: Concurrent Mark Try Flush                     0.000 / 0.000         4.584 / 323.158       1.565 / 934.939       1.565 / 934.939     ms
[12990.316s][info][gc,stats    ]    Subphase: Concurrent Mark Try Terminate                 0.000 / 0.000         1.067 / 1.968         1.072 / 934.940       1.072 / 934.940     ms
[12990.316s][info][gc,stats    ]    Subphase: Concurrent References Enqueue                 0.000 / 0.000         0.009 / 0.013         0.009 / 0.091         0.009 / 0.091       ms
[12990.316s][info][gc,stats    ]    Subphase: Concurrent References Process                 0.000 / 0.000         1.580 / 3.992         0.881 / 3.992         0.881 / 3.992       ms
[12990.316s][info][gc,stats    ]    Subphase: Concurrent Roots ClassLoaderDataGraph         0.000 / 0.000         0.917 / 3.418         0.833 / 3.889         0.833 / 3.889       ms
[12990.316s][info][gc,stats    ]    Subphase: Concurrent Roots CodeCache                    0.000 / 0.000         0.000 / 0.000         0.000 / 0.000         0.000 / 0.000       ms
[12990.316s][info][gc,stats    ]    Subphase: Concurrent Roots JavaThreads                  0.000 / 0.000         5.802 / 22.741        4.665 / 969.487       4.665 / 969.487     ms
[12990.316s][info][gc,stats    ]    Subphase: Concurrent Roots OopStorageSet                0.000 / 0.000         0.120 / 0.683         0.083 / 2.218         0.083 / 2.218       ms
[12990.316s][info][gc,stats    ]    Subphase: Concurrent Weak Roots OopStorageSet           0.000 / 0.000         2.688 / 12.479        1.501 / 13.633        1.501 / 13.633      ms
[12990.316s][info][gc,stats    ]    Subphase: Pause Mark Try Complete                       0.000 / 0.000         0.001 / 0.007         0.001 / 0.031         0.001 / 0.031       ms
[12990.316s][info][gc,stats    ]      System: Java Threads                                      0 / 0              2221 / 2584           1929 / 4684           1929 / 4684        threads
[12990.316s][info][gc,stats    ] =========================================================================================================================================================
[13000.316s][info][gc,stats    ] === Garbage Collection Statistics =======================================================================================================================
[13000.316s][info][gc,stats    ]                                                              Last 10s              Last 10m              Last 10h                Total
[13000.316s][info][gc,stats    ]                                                              Avg / Max             Avg / Max             Avg / Max             Avg / Max
[13000.316s][info][gc,stats    ]   Collector: Garbage Collection Cycle                      0.000 / 0.000      4630.869 / 19032.234   665.978 / 19032.234   665.978 / 19032.234   ms
[13000.316s][info][gc,stats    ]  Contention: Mark Segment Reset Contention                     0 / 0                 0 / 46                2 / 104               2 / 104         ops/s
[13000.316s][info][gc,stats    ]  Contention: Mark SeqNum Reset Contention                      0 / 0                 0 / 3                 0 / 7                 0 / 7           ops/s
[13000.316s][info][gc,stats    ]    Critical: Allocation Stall                                  0 / 0                 7 / 827               0 / 827               0 / 827         ops/s
[13000.316s][info][gc,stats    ]    Critical: Allocation Stall                              0.000 / 0.000       146.230 / 487.490     146.230 / 487.490     146.230 / 487.490     ms
[13000.316s][info][gc,stats    ]    Critical: GC Locker Stall                                   0 / 0                 0 / 2                 0 / 2                 0 / 2           ops/s
[13000.316s][info][gc,stats    ]    Critical: GC Locker Stall                               0.000 / 0.000         0.352 / 3.957         0.167 / 4.787         0.167 / 4.787       ms
[13000.316s][info][gc,stats    ]    Critical: Relocation Stall                                  0 / 0                 0 / 103               0 / 103               0 / 103         ops/s
[13000.316s][info][gc,stats    ]    Critical: Relocation Stall                              0.000 / 0.000        14.882 / 62.172       14.882 / 62.172       14.882 / 62.172      ms
[13000.316s][info][gc,stats    ]      Memory: Allocation Rate                                   0 / 0               270 / 2790            536 / 2790            536 / 2790        MB/s
[13000.316s][info][gc,stats    ]      Memory: Out Of Memory                                     0 / 0                 0 / 0                 0 / 0                 0 / 0           ops/s
[13000.316s][info][gc,stats    ]      Memory: Page Cache Flush                                  0 / 0                 3 / 258               0 / 258               0 / 258         MB/s
[13000.316s][info][gc,stats    ]      Memory: Page Cache Hit L1                                 0 / 0               125 / 1336            261 / 1336            261 / 1336        ops/s
[13000.316s][info][gc,stats    ]      Memory: Page Cache Hit L2                                 0 / 0                 0 / 0                 0 / 0                 0 / 0           ops/s
[13000.316s][info][gc,stats    ]      Memory: Page Cache Hit L3                                 0 / 0                 5 / 450               0 / 1028              0 / 1028        ops/s
[13000.316s][info][gc,stats    ]      Memory: Page Cache Miss                                   0 / 0                 0 / 12                0 / 12                0 / 12          ops/s
[13000.316s][info][gc,stats    ]      Memory: Uncommit                                          0 / 0                 0 / 0                 0 / 0                 0 / 0           MB/s
[13000.316s][info][gc,stats    ]      Memory: Undo Object Allocation Failed                     0 / 0                 0 / 5                 0 / 5                 0 / 5           ops/s
[13000.316s][info][gc,stats    ]      Memory: Undo Object Allocation Succeeded                  0 / 0                 9 / 2041             18 / 6595             18 / 6595        ops/s
[13000.316s][info][gc,stats    ]      Memory: Undo Page Allocation                              0 / 0                 6 / 676               0 / 676               0 / 676         ops/s
[13000.316s][info][gc,stats    ]       Phase: Concurrent Mark                               0.000 / 0.000      1083.587 / 3424.228    571.218 / 3424.228    571.218 / 3424.228    ms
[13000.316s][info][gc,stats    ]       Phase: Concurrent Mark Continue                      0.000 / 0.000         0.000 / 0.000         0.000 / 0.000         0.000 / 0.000       ms
[13000.316s][info][gc,stats    ]       Phase: Concurrent Mark Free                          0.000 / 0.000         0.001 / 0.001         1.118 / 305.339       1.118 / 305.339     ms
[13000.316s][info][gc,stats    ]       Phase: Concurrent Process Non-Strong References      0.000 / 0.000      3902.107 / 18388.762    69.335 / 18388.762    69.335 / 18388.762   ms
[13000.316s][info][gc,stats    ]       Phase: Concurrent Relocate                           0.000 / 0.000        23.702 / 64.108       11.475 / 64.108       11.475 / 64.108      ms
[13000.316s][info][gc,stats    ]       Phase: Concurrent Reset Relocation Set               0.000 / 0.000         0.339 / 0.968         0.212 / 0.968         0.212 / 0.968       ms
[13000.316s][info][gc,stats    ]       Phase: Concurrent Select Relocation Set              0.000 / 0.000         5.900 / 17.542        6.722 / 623.697       6.722 / 623.697     ms
[13000.316s][info][gc,stats    ]       Phase: Pause Mark End                                0.000 / 0.000         0.114 / 0.258         0.094 / 0.434         0.094 / 0.434       ms
[13000.316s][info][gc,stats    ]       Phase: Pause Mark Start                              0.000 / 0.000         0.023 / 0.056         0.023 / 0.223         0.023 / 0.223       ms
[13000.316s][info][gc,stats    ]       Phase: Pause Relocate Start                          0.000 / 0.000         0.021 / 0.031         0.045 / 0.309         0.045 / 0.309       ms
[13000.316s][info][gc,stats    ]    Subphase: Concurrent Classes Purge                      0.000 / 0.000         0.868 / 2.396         0.518 / 3.157         0.518 / 3.157       ms
[13000.316s][info][gc,stats    ]    Subphase: Concurrent Classes Unlink                     0.000 / 0.000      3893.862 / 18382.834    64.039 / 18382.834    64.039 / 18382.834   ms
[13000.316s][info][gc,stats    ]    Subphase: Concurrent Mark                               0.000 / 0.000       730.596 / 3398.532    450.151 / 3398.532    450.151 / 3398.532    ms
[13000.316s][info][gc,stats    ]    Subphase: Concurrent Mark Try Flush                     0.000 / 0.000         1.265 / 3.811         1.565 / 934.939       1.565 / 934.939     ms
[13000.316s][info][gc,stats    ]    Subphase: Concurrent Mark Try Terminate                 0.000 / 0.000         1.053 / 1.968         1.072 / 934.940       1.072 / 934.940     ms
[13000.316s][info][gc,stats    ]    Subphase: Concurrent References Enqueue                 0.000 / 0.000         0.009 / 0.013         0.009 / 0.091         0.009 / 0.091       ms
[13000.316s][info][gc,stats    ]    Subphase: Concurrent References Process                 0.000 / 0.000         1.619 / 3.992         0.881 / 3.992         0.881 / 3.992       ms
[13000.316s][info][gc,stats    ]    Subphase: Concurrent Roots ClassLoaderDataGraph         0.000 / 0.000         0.911 / 3.418         0.833 / 3.889         0.833 / 3.889       ms
[13000.316s][info][gc,stats    ]    Subphase: Concurrent Roots CodeCache                    0.000 / 0.000         0.000 / 0.000         0.000 / 0.000         0.000 / 0.000       ms
[13000.316s][info][gc,stats    ]    Subphase: Concurrent Roots JavaThreads                  0.000 / 0.000         5.855 / 22.741        4.665 / 969.487       4.665 / 969.487     ms
[13000.316s][info][gc,stats    ]    Subphase: Concurrent Roots OopStorageSet                0.000 / 0.000         0.120 / 0.683         0.083 / 2.218         0.083 / 2.218       ms
[13000.316s][info][gc,stats    ]    Subphase: Concurrent Weak Roots OopStorageSet           0.000 / 0.000         2.753 / 12.479        1.501 / 13.633        1.501 / 13.633      ms
[13000.316s][info][gc,stats    ]    Subphase: Pause Mark Try Complete                       0.000 / 0.000         0.001 / 0.007         0.001 / 0.031         0.001 / 0.031       ms
[13000.316s][info][gc,stats    ]      System: Java Threads                                      0 / 0              2229 / 2584           1929 / 4684           1929 / 4684        threads
[13000.316s][info][gc,stats    ] =========================================================================================================================================================
[13010.316s][info][gc,stats    ] === Garbage Collection Statistics =======================================================================================================================
[13010.316s][info][gc,stats    ]                                                              Last 10s              Last 10m              Last 10h                Total
[13010.316s][info][gc,stats    ]                                                              Avg / Max             Avg / Max             Avg / Max             Avg / Max
[13010.316s][info][gc,stats    ]   Collector: Garbage Collection Cycle                      0.000 / 0.000      5025.466 / 19032.234   665.978 / 19032.234   665.978 / 19032.234   ms
[13010.316s][info][gc,stats    ]  Contention: Mark Segment Reset Contention                     0 / 0                 0 / 46                2 / 104               2 / 104         ops/s
[13010.316s][info][gc,stats    ]  Contention: Mark SeqNum Reset Contention                      0 / 0                 0 / 3                 0 / 7                 0 / 7           ops/s
[13010.316s][info][gc,stats    ]    Critical: Allocation Stall                                  0 / 0                 7 / 827               0 / 827               0 / 827         ops/s
[13010.316s][info][gc,stats    ]    Critical: Allocation Stall                              0.000 / 0.000       146.230 / 487.490     146.230 / 487.490     146.230 / 487.490     ms
[13010.316s][info][gc,stats    ]    Critical: GC Locker Stall                                   0 / 0                 0 / 2                 0 / 2                 0 / 2           ops/s
[13010.316s][info][gc,stats    ]    Critical: GC Locker Stall                               0.000 / 0.000         0.080 / 0.956         0.167 / 4.787         0.167 / 4.787       ms
[13010.316s][info][gc,stats    ]    Critical: Relocation Stall                                  0 / 0                 0 / 103               0 / 103               0 / 103         ops/s
[13010.316s][info][gc,stats    ]    Critical: Relocation Stall                              0.000 / 0.000        14.882 / 62.172       14.882 / 62.172       14.882 / 62.172      ms
[13010.316s][info][gc,stats    ]      Memory: Allocation Rate                                   0 / 0               256 / 2790            536 / 2790            536 / 2790        MB/s
[13010.316s][info][gc,stats    ]      Memory: Out Of Memory                                     0 / 0                 0 / 0                 0 / 0                 0 / 0           ops/s
[13010.316s][info][gc,stats    ]      Memory: Page Cache Flush                                  0 / 0                 3 / 258               0 / 258               0 / 258         MB/s
[13010.316s][info][gc,stats    ]      Memory: Page Cache Hit L1                                 0 / 0               118 / 1336            261 / 1336            261 / 1336        ops/s
[13010.316s][info][gc,stats    ]      Memory: Page Cache Hit L2                                 0 / 0                 0 / 0                 0 / 0                 0 / 0           ops/s
[13010.316s][info][gc,stats    ]      Memory: Page Cache Hit L3                                 0 / 0                 5 / 450               0 / 1028              0 / 1028        ops/s
[13010.316s][info][gc,stats    ]      Memory: Page Cache Miss                                   0 / 0                 0 / 12                0 / 12                0 / 12          ops/s
[13010.316s][info][gc,stats    ]      Memory: Uncommit                                          0 / 0                 0 / 0                 0 / 0                 0 / 0           MB/s
[13010.316s][info][gc,stats    ]      Memory: Undo Object Allocation Failed                     0 / 0                 0 / 5                 0 / 5                 0 / 5           ops/s
[13010.316s][info][gc,stats    ]      Memory: Undo Object Allocation Succeeded                  0 / 0                 9 / 2041             18 / 6595             18 / 6595        ops/s
[13010.316s][info][gc,stats    ]      Memory: Undo Page Allocation                              0 / 0                 6 / 676               0 / 676               0 / 676         ops/s
[13010.316s][info][gc,stats    ]       Phase: Concurrent Mark                               0.000 / 0.000      1089.430 / 3424.228    571.218 / 3424.228    571.218 / 3424.228    ms
[13010.316s][info][gc,stats    ]       Phase: Concurrent Mark Continue                      0.000 / 0.000         0.000 / 0.000         0.000 / 0.000         0.000 / 0.000       ms
[13010.316s][info][gc,stats    ]       Phase: Concurrent Mark Free                          0.000 / 0.000         0.001 / 0.001         1.118 / 305.339       1.118 / 305.339     ms
[13010.316s][info][gc,stats    ]       Phase: Concurrent Process Non-Strong References      0.000 / 0.000      4317.667 / 18388.762    69.335 / 18388.762    69.335 / 18388.762   ms
[13010.316s][info][gc,stats    ]       Phase: Concurrent Relocate                           0.000 / 0.000        25.006 / 64.108       11.475 / 64.108       11.475 / 64.108      ms
[13010.316s][info][gc,stats    ]       Phase: Concurrent Reset Relocation Set               0.000 / 0.000         0.354 / 0.968         0.212 / 0.968         0.212 / 0.968       ms
[13010.316s][info][gc,stats    ]       Phase: Concurrent Select Relocation Set              0.000 / 0.000         6.239 / 17.542        6.722 / 623.697       6.722 / 623.697     ms
[13010.316s][info][gc,stats    ]       Phase: Pause Mark End                                0.000 / 0.000         0.118 / 0.258         0.094 / 0.434         0.094 / 0.434       ms
[13010.316s][info][gc,stats    ]       Phase: Pause Mark Start                              0.000 / 0.000         0.023 / 0.056         0.023 / 0.223         0.023 / 0.223       ms
[13010.316s][info][gc,stats    ]       Phase: Pause Relocate Start                          0.000 / 0.000         0.021 / 0.031         0.045 / 0.309         0.045 / 0.309       ms
[13010.316s][info][gc,stats    ]    Subphase: Concurrent Classes Purge                      0.000 / 0.000         0.882 / 2.396         0.518 / 3.157         0.518 / 3.157       ms
[13010.316s][info][gc,stats    ]    Subphase: Concurrent Classes Unlink                     0.000 / 0.000      4309.378 / 18382.834    64.039 / 18382.834    64.039 / 18382.834   ms
[13010.316s][info][gc,stats    ]    Subphase: Concurrent Mark                               0.000 / 0.000       712.676 / 3398.532    450.151 / 3398.532    450.151 / 3398.532    ms
[13010.316s][info][gc,stats    ]    Subphase: Concurrent Mark Try Flush                     0.000 / 0.000         1.261 / 3.811         1.565 / 934.939       1.565 / 934.939     ms
[13010.316s][info][gc,stats    ]    Subphase: Concurrent Mark Try Terminate                 0.000 / 0.000         1.055 / 1.968         1.072 / 934.940       1.072 / 934.940     ms
[13010.316s][info][gc,stats    ]    Subphase: Concurrent References Enqueue                 0.000 / 0.000         0.009 / 0.013         0.009 / 0.091         0.009 / 0.091       ms
[13010.316s][info][gc,stats    ]    Subphase: Concurrent References Process                 0.000 / 0.000         1.624 / 3.992         0.881 / 3.992         0.881 / 3.992       ms
[13010.316s][info][gc,stats    ]    Subphase: Concurrent Roots ClassLoaderDataGraph         0.000 / 0.000         0.921 / 3.418         0.833 / 3.889         0.833 / 3.889       ms
[13010.316s][info][gc,stats    ]    Subphase: Concurrent Roots CodeCache                    0.000 / 0.000         0.000 / 0.000         0.000 / 0.000         0.000 / 0.000       ms
[13010.316s][info][gc,stats    ]    Subphase: Concurrent Roots JavaThreads                  0.000 / 0.000         5.682 / 22.741        4.665 / 969.487       4.665 / 969.487     ms
[13010.316s][info][gc,stats    ]    Subphase: Concurrent Roots OopStorageSet                0.000 / 0.000         0.118 / 0.683         0.083 / 2.218         0.083 / 2.218       ms
[13010.316s][info][gc,stats    ]    Subphase: Concurrent Weak Roots OopStorageSet           0.000 / 0.000         2.692 / 12.479        1.501 / 13.633        1.501 / 13.633      ms
[13010.316s][info][gc,stats    ]    Subphase: Pause Mark Try Complete                       0.000 / 0.000         0.001 / 0.007         0.001 / 0.031         0.001 / 0.031       ms
[13010.316s][info][gc,stats    ]      System: Java Threads                                      0 / 0              2244 / 2584           1929 / 4684           1929 / 4684        threads
[13010.316s][info][gc,stats    ] =========================================================================================================================================================
[13020.315s][info][gc,stats    ] === Garbage Collection Statistics =======================================================================================================================
[13020.315s][info][gc,stats    ]                                                              Last 10s              Last 10m              Last 10h                Total
[13020.315s][info][gc,stats    ]                                                              Avg / Max             Avg / Max             Avg / Max             Avg / Max
[13020.315s][info][gc,stats    ]   Collector: Garbage Collection Cycle                      0.000 / 0.000      5514.719 / 19032.234   665.978 / 19032.234   665.978 / 19032.234   ms
[13020.315s][info][gc,stats    ]  Contention: Mark Segment Reset Contention                     0 / 0                 0 / 46                2 / 104               2 / 104         ops/s
[13020.315s][info][gc,stats    ]  Contention: Mark SeqNum Reset Contention                      0 / 0                 0 / 3                 0 / 7                 0 / 7           ops/s
[13020.315s][info][gc,stats    ]    Critical: Allocation Stall                                  0 / 0                 7 / 827               0 / 827               0 / 827         ops/s
[13020.315s][info][gc,stats    ]    Critical: Allocation Stall                              0.000 / 0.000       146.230 / 487.490     146.230 / 487.490     146.230 / 487.490     ms
[13020.315s][info][gc,stats    ]    Critical: GC Locker Stall                                   0 / 0                 0 / 2                 0 / 2                 0 / 2           ops/s
[13020.315s][info][gc,stats    ]    Critical: GC Locker Stall                               0.000 / 0.000         0.096 / 0.956         0.167 / 4.787         0.167 / 4.787       ms
[13020.315s][info][gc,stats    ]    Critical: Relocation Stall                                  0 / 0                 0 / 103               0 / 103               0 / 103         ops/s
[13020.315s][info][gc,stats    ]    Critical: Relocation Stall                              0.000 / 0.000        14.882 / 62.172       14.882 / 62.172       14.882 / 62.172      ms
[13020.315s][info][gc,stats    ]      Memory: Allocation Rate                                   0 / 0               244 / 2790            535 / 2790            535 / 2790        MB/s
[13020.315s][info][gc,stats    ]      Memory: Out Of Memory                                     0 / 0                 0 / 0                 0 / 0                 0 / 0           ops/s
[13020.315s][info][gc,stats    ]      Memory: Page Cache Flush                                  0 / 0                 3 / 258               0 / 258               0 / 258         MB/s
[13020.315s][info][gc,stats    ]      Memory: Page Cache Hit L1                                 0 / 0               112 / 1336            261 / 1336            261 / 1336        ops/s
[13020.315s][info][gc,stats    ]      Memory: Page Cache Hit L2                                 0 / 0                 0 / 0                 0 / 0                 0 / 0           ops/s
[13020.315s][info][gc,stats    ]      Memory: Page Cache Hit L3                                 0 / 0                 5 / 450               0 / 1028              0 / 1028        ops/s
[13020.315s][info][gc,stats    ]      Memory: Page Cache Miss                                   0 / 0                 0 / 12                0 / 12                0 / 12          ops/s
[13020.315s][info][gc,stats    ]      Memory: Uncommit                                          0 / 0                 0 / 0                 0 / 0                 0 / 0           MB/s
[13020.315s][info][gc,stats    ]      Memory: Undo Object Allocation Failed                     0 / 0                 0 / 5                 0 / 5                 0 / 5           ops/s
[13020.315s][info][gc,stats    ]      Memory: Undo Object Allocation Succeeded                  0 / 0                 9 / 2041             18 / 6595             18 / 6595        ops/s
[13020.315s][info][gc,stats    ]      Memory: Undo Page Allocation                              0 / 0                 6 / 676               0 / 676               0 / 676         ops/s
[13020.315s][info][gc,stats    ]       Phase: Concurrent Mark                               0.000 / 0.000      1093.046 / 3424.228    571.218 / 3424.228    571.218 / 3424.228    ms
[13020.315s][info][gc,stats    ]       Phase: Concurrent Mark Continue                      0.000 / 0.000         0.000 / 0.000         0.000 / 0.000         0.000 / 0.000       ms
[13020.315s][info][gc,stats    ]       Phase: Concurrent Mark Free                          0.000 / 0.000         0.001 / 0.001         1.118 / 305.339       1.118 / 305.339     ms
[13020.315s][info][gc,stats    ]       Phase: Concurrent Process Non-Strong References      0.000 / 0.000      4832.811 / 18388.762    69.335 / 18388.762    69.335 / 18388.762   ms
[13020.315s][info][gc,stats    ]       Phase: Concurrent Relocate                           0.000 / 0.000        26.414 / 64.108       11.475 / 64.108       11.475 / 64.108      ms
[13020.315s][info][gc,stats    ]       Phase: Concurrent Reset Relocation Set               0.000 / 0.000         0.376 / 0.968         0.212 / 0.968         0.212 / 0.968       ms
[13020.315s][info][gc,stats    ]       Phase: Concurrent Select Relocation Set              0.000 / 0.000         6.592 / 17.542        6.722 / 623.697       6.722 / 623.697     ms
[13020.316s][info][gc,stats    ]       Phase: Pause Mark End                                0.000 / 0.000         0.122 / 0.258         0.094 / 0.434         0.094 / 0.434       ms
[13020.316s][info][gc,stats    ]       Phase: Pause Mark Start                              0.000 / 0.000         0.023 / 0.056         0.023 / 0.223         0.023 / 0.223       ms
[13020.316s][info][gc,stats    ]       Phase: Pause Relocate Start                          0.000 / 0.000         0.021 / 0.031         0.045 / 0.309         0.045 / 0.309       ms
[13020.316s][info][gc,stats    ]    Subphase: Concurrent Classes Purge                      0.000 / 0.000         0.888 / 2.396         0.518 / 3.157         0.518 / 3.157       ms
[13020.316s][info][gc,stats    ]    Subphase: Concurrent Classes Unlink                     0.000 / 0.000      4824.470 / 18382.834    64.039 / 18382.834    64.039 / 18382.834   ms
[13020.316s][info][gc,stats    ]    Subphase: Concurrent Mark                               0.000 / 0.000       704.086 / 3398.532    450.151 / 3398.532    450.151 / 3398.532    ms
[13020.316s][info][gc,stats    ]    Subphase: Concurrent Mark Try Flush                     0.000 / 0.000         1.278 / 3.811         1.565 / 934.939       1.565 / 934.939     ms
[13020.316s][info][gc,stats    ]    Subphase: Concurrent Mark Try Terminate                 0.000 / 0.000         1.056 / 1.968         1.072 / 934.940       1.072 / 934.940     ms
[13020.316s][info][gc,stats    ]    Subphase: Concurrent References Enqueue                 0.000 / 0.000         0.009 / 0.013         0.009 / 0.091         0.009 / 0.091       ms
[13020.316s][info][gc,stats    ]    Subphase: Concurrent References Process                 0.000 / 0.000         1.635 / 3.992         0.881 / 3.992         0.881 / 3.992       ms
[13020.316s][info][gc,stats    ]    Subphase: Concurrent Roots ClassLoaderDataGraph         0.000 / 0.000         0.938 / 3.418         0.833 / 3.889         0.833 / 3.889       ms
[13020.316s][info][gc,stats    ]    Subphase: Concurrent Roots CodeCache                    0.000 / 0.000         0.000 / 0.000         0.000 / 0.000         0.000 / 0.000       ms
[13020.316s][info][gc,stats    ]    Subphase: Concurrent Roots JavaThreads                  0.000 / 0.000         5.728 / 22.741        4.665 / 969.487       4.665 / 969.487     ms
[13020.316s][info][gc,stats    ]    Subphase: Concurrent Roots OopStorageSet                0.000 / 0.000         0.121 / 0.683         0.083 / 2.218         0.083 / 2.218       ms
[13020.316s][info][gc,stats    ]    Subphase: Concurrent Weak Roots OopStorageSet           0.000 / 0.000         2.674 / 12.479        1.501 / 13.633        1.501 / 13.633      ms
[13020.316s][info][gc,stats    ]    Subphase: Pause Mark Try Complete                       0.000 / 0.000         0.001 / 0.007         0.001 / 0.031         0.001 / 0.031       ms
[13020.316s][info][gc,stats    ]      System: Java Threads                                      0 / 0              2259 / 2584           1929 / 4684           1929 / 4684        threads
[13020.316s][info][gc,stats    ] =========================================================================================================================================================
[13030.316s][info][gc,stats    ] === Garbage Collection Statistics =======================================================================================================================
[13030.316s][info][gc,stats    ]                                                              Last 10s              Last 10m              Last 10h                Total
[13030.316s][info][gc,stats    ]                                                              Avg / Max             Avg / Max             Avg / Max             Avg / Max
[13030.316s][info][gc,stats    ]   Collector: Garbage Collection Cycle                      0.000 / 0.000      5885.413 / 19032.234   665.978 / 19032.234   665.978 / 19032.234   ms
[13030.316s][info][gc,stats    ]  Contention: Mark Segment Reset Contention                     0 / 0                 0 / 46                2 / 104               2 / 104         ops/s
[13030.316s][info][gc,stats    ]  Contention: Mark SeqNum Reset Contention                      0 / 0                 0 / 3                 0 / 7                 0 / 7           ops/s
[13030.316s][info][gc,stats    ]    Critical: Allocation Stall                                  0 / 0                 7 / 827               0 / 827               0 / 827         ops/s
[13030.316s][info][gc,stats    ]    Critical: Allocation Stall                              0.000 / 0.000       146.230 / 487.490     146.230 / 487.490     146.230 / 487.490     ms
[13030.316s][info][gc,stats    ]    Critical: GC Locker Stall                                   0 / 0                 0 / 2                 0 / 2                 0 / 2           ops/s
[13030.316s][info][gc,stats    ]    Critical: GC Locker Stall                               0.000 / 0.000         0.107 / 0.956         0.167 / 4.787         0.167 / 4.787       ms
[13030.316s][info][gc,stats    ]    Critical: Relocation Stall                                  0 / 0                 0 / 103               0 / 103               0 / 103         ops/s
[13030.316s][info][gc,stats    ]    Critical: Relocation Stall                              0.000 / 0.000        14.882 / 62.172       14.882 / 62.172       14.882 / 62.172      ms
[13030.316s][info][gc,stats    ]      Memory: Allocation Rate                                   0 / 0               230 / 2790            535 / 2790            535 / 2790        MB/s
[13030.316s][info][gc,stats    ]      Memory: Out Of Memory                                     0 / 0                 0 / 0                 0 / 0                 0 / 0           ops/s
[13030.316s][info][gc,stats    ]      Memory: Page Cache Flush                                  0 / 0                 3 / 258               0 / 258               0 / 258         MB/s
[13030.316s][info][gc,stats    ]      Memory: Page Cache Hit L1                                 0 / 0               106 / 1336            260 / 1336            260 / 1336        ops/s
[13030.316s][info][gc,stats    ]      Memory: Page Cache Hit L2                                 0 / 0                 0 / 0                 0 / 0                 0 / 0           ops/s
[13030.316s][info][gc,stats    ]      Memory: Page Cache Hit L3                                 0 / 0                 5 / 450               0 / 1028              0 / 1028        ops/s
[13030.316s][info][gc,stats    ]      Memory: Page Cache Miss                                   0 / 0                 0 / 12                0 / 12                0 / 12          ops/s
[13030.316s][info][gc,stats    ]      Memory: Uncommit                                          0 / 0                 0 / 0                 0 / 0                 0 / 0           MB/s
[13030.316s][info][gc,stats    ]      Memory: Undo Object Allocation Failed                     0 / 0                 0 / 5                 0 / 5                 0 / 5           ops/s
[13030.316s][info][gc,stats    ]      Memory: Undo Object Allocation Succeeded                  0 / 0                 9 / 2041             18 / 6595             18 / 6595        ops/s
[13030.316s][info][gc,stats    ]      Memory: Undo Page Allocation                              0 / 0                 6 / 676               0 / 676               0 / 676         ops/s
[13030.316s][info][gc,stats    ]       Phase: Concurrent Mark                               0.000 / 0.000      1068.505 / 3424.228    571.218 / 3424.228    571.218 / 3424.228    ms
[13030.316s][info][gc,stats    ]       Phase: Concurrent Mark Continue                      0.000 / 0.000         0.000 / 0.000         0.000 / 0.000         0.000 / 0.000       ms
[13030.316s][info][gc,stats    ]       Phase: Concurrent Mark Free                          0.000 / 0.000         0.001 / 0.001         1.118 / 305.339       1.118 / 305.339     ms
[13030.316s][info][gc,stats    ]       Phase: Concurrent Process Non-Strong References      0.000 / 0.000      5250.459 / 18388.762    69.335 / 18388.762    69.335 / 18388.762   ms
[13030.316s][info][gc,stats    ]       Phase: Concurrent Relocate                           0.000 / 0.000        27.119 / 64.108       11.475 / 64.108       11.475 / 64.108      ms
[13030.316s][info][gc,stats    ]       Phase: Concurrent Reset Relocation Set               0.000 / 0.000         0.383 / 0.968         0.212 / 0.968         0.212 / 0.968       ms
[13030.316s][info][gc,stats    ]       Phase: Concurrent Select Relocation Set              0.000 / 0.000         6.845 / 17.542        6.722 / 623.697       6.722 / 623.697     ms
[13030.316s][info][gc,stats    ]       Phase: Pause Mark End                                0.000 / 0.000         0.126 / 0.258         0.094 / 0.434         0.094 / 0.434       ms
[13030.316s][info][gc,stats    ]       Phase: Pause Mark Start                              0.000 / 0.000         0.023 / 0.056         0.023 / 0.223         0.023 / 0.223       ms
[13030.316s][info][gc,stats    ]       Phase: Pause Relocate Start                          0.000 / 0.000         0.021 / 0.031         0.045 / 0.309         0.045 / 0.309       ms
[13030.316s][info][gc,stats    ]    Subphase: Concurrent Classes Purge                      0.000 / 0.000         0.891 / 2.396         0.518 / 3.157         0.518 / 3.157       ms
[13030.316s][info][gc,stats    ]    Subphase: Concurrent Classes Unlink                     0.000 / 0.000      5242.195 / 18382.834    64.039 / 18382.834    64.039 / 18382.834   ms
[13030.316s][info][gc,stats    ]    Subphase: Concurrent Mark                               0.000 / 0.000       681.536 / 3398.532    450.151 / 3398.532    450.151 / 3398.532    ms
[13030.316s][info][gc,stats    ]    Subphase: Concurrent Mark Try Flush                     0.000 / 0.000         1.278 / 3.811         1.565 / 934.939       1.565 / 934.939     ms
[13030.316s][info][gc,stats    ]    Subphase: Concurrent Mark Try Terminate                 0.000 / 0.000         1.057 / 1.968         1.072 / 934.940       1.072 / 934.940     ms
[13030.316s][info][gc,stats    ]    Subphase: Concurrent References Enqueue                 0.000 / 0.000         0.009 / 0.013         0.009 / 0.091         0.009 / 0.091       ms
[13030.316s][info][gc,stats    ]    Subphase: Concurrent References Process                 0.000 / 0.000         1.620 / 3.992         0.881 / 3.992         0.881 / 3.992       ms
[13030.316s][info][gc,stats    ]    Subphase: Concurrent Roots ClassLoaderDataGraph         0.000 / 0.000         0.955 / 3.418         0.833 / 3.889         0.833 / 3.889       ms
[13030.316s][info][gc,stats    ]    Subphase: Concurrent Roots CodeCache                    0.000 / 0.000         0.000 / 0.000         0.000 / 0.000         0.000 / 0.000       ms
[13030.316s][info][gc,stats    ]    Subphase: Concurrent Roots JavaThreads                  0.000 / 0.000         5.672 / 22.741        4.665 / 969.487       4.665 / 969.487     ms
[13030.316s][info][gc,stats    ]    Subphase: Concurrent Roots OopStorageSet                0.000 / 0.000         0.120 / 0.683         0.083 / 2.218         0.083 / 2.218       ms
[13030.316s][info][gc,stats    ]    Subphase: Concurrent Weak Roots OopStorageSet           0.000 / 0.000         2.601 / 12.479        1.501 / 13.633        1.501 / 13.633      ms
[13030.316s][info][gc,stats    ]    Subphase: Pause Mark Try Complete                       0.000 / 0.000         0.001 / 0.007         0.001 / 0.031         0.001 / 0.031       ms
[13030.316s][info][gc,stats    ]      System: Java Threads                                      0 / 0              2276 / 2584           1929 / 4684           1929 / 4684        threads
[13030.316s][info][gc,stats    ] =========================================================================================================================================================
[13040.315s][info][gc,stats    ] === Garbage Collection Statistics =======================================================================================================================
[13040.315s][info][gc,stats    ]                                                              Last 10s              Last 10m              Last 10h                Total
[13040.315s][info][gc,stats    ]                                                              Avg / Max             Avg / Max             Avg / Max             Avg / Max
[13040.315s][info][gc,stats    ]   Collector: Garbage Collection Cycle                      0.000 / 0.000      6418.794 / 19032.234   665.978 / 19032.234   665.978 / 19032.234   ms
[13040.315s][info][gc,stats    ]  Contention: Mark Segment Reset Contention                     0 / 0                 0 / 46                2 / 104               2 / 104         ops/s
[13040.315s][info][gc,stats    ]  Contention: Mark SeqNum Reset Contention                      0 / 0                 0 / 3                 0 / 7                 0 / 7           ops/s
[13040.315s][info][gc,stats    ]    Critical: Allocation Stall                                  0 / 0                 7 / 827               0 / 827               0 / 827         ops/s
[13040.315s][info][gc,stats    ]    Critical: Allocation Stall                              0.000 / 0.000       146.230 / 487.490     146.230 / 487.490     146.230 / 487.490     ms
[13040.315s][info][gc,stats    ]    Critical: GC Locker Stall                                   0 / 0                 0 / 2                 0 / 2                 0 / 2           ops/s
[13040.315s][info][gc,stats    ]    Critical: GC Locker Stall                               0.000 / 0.000         0.107 / 0.956         0.167 / 4.787         0.167 / 4.787       ms
[13040.315s][info][gc,stats    ]    Critical: Relocation Stall                                  0 / 0                 0 / 103               0 / 103               0 / 103         ops/s
[13040.315s][info][gc,stats    ]    Critical: Relocation Stall                              0.000 / 0.000        14.882 / 62.172       14.882 / 62.172       14.882 / 62.172      ms
[13040.315s][info][gc,stats    ]      Memory: Allocation Rate                                   0 / 0               220 / 2790            535 / 2790            535 / 2790        MB/s
[13040.315s][info][gc,stats    ]      Memory: Out Of Memory                                     0 / 0                 0 / 0                 0 / 0                 0 / 0           ops/s
[13040.315s][info][gc,stats    ]      Memory: Page Cache Flush                                  0 / 0                 3 / 258               0 / 258               0 / 258         MB/s
[13040.315s][info][gc,stats    ]      Memory: Page Cache Hit L1                                 0 / 0               100 / 1336            260 / 1336            260 / 1336        ops/s
[13040.315s][info][gc,stats    ]      Memory: Page Cache Hit L2                                 0 / 0                 0 / 0                 0 / 0                 0 / 0           ops/s
[13040.315s][info][gc,stats    ]      Memory: Page Cache Hit L3                                 0 / 0                 5 / 450               0 / 1028              0 / 1028        ops/s
[13040.315s][info][gc,stats    ]      Memory: Page Cache Miss                                   0 / 0                 0 / 12                0 / 12                0 / 12          ops/s
[13040.315s][info][gc,stats    ]      Memory: Uncommit                                          0 / 0                 0 / 0                 0 / 0                 0 / 0           MB/s
[13040.316s][info][gc,stats    ]      Memory: Undo Object Allocation Failed                     0 / 0                 0 / 5                 0 / 5                 0 / 5           ops/s
[13040.316s][info][gc,stats    ]      Memory: Undo Object Allocation Succeeded                  0 / 0                 8 / 2041             18 / 6595             18 / 6595        ops/s
[13040.316s][info][gc,stats    ]      Memory: Undo Page Allocation                              0 / 0                 6 / 676               0 / 676               0 / 676         ops/s
[13040.316s][info][gc,stats    ]       Phase: Concurrent Mark                               0.000 / 0.000      1121.257 / 3424.228    571.218 / 3424.228    571.218 / 3424.228    ms
[13040.316s][info][gc,stats    ]       Phase: Concurrent Mark Continue                      0.000 / 0.000         0.000 / 0.000         0.000 / 0.000         0.000 / 0.000       ms
[13040.316s][info][gc,stats    ]       Phase: Concurrent Mark Free                          0.000 / 0.000         0.001 / 0.001         1.118 / 305.339       1.118 / 305.339     ms
[13040.316s][info][gc,stats    ]       Phase: Concurrent Process Non-Strong References      0.000 / 0.000      5749.222 / 18388.762    69.335 / 18388.762    69.335 / 18388.762   ms
[13040.316s][info][gc,stats    ]       Phase: Concurrent Relocate                           0.000 / 0.000        28.732 / 64.108       11.475 / 64.108       11.475 / 64.108      ms
[13040.316s][info][gc,stats    ]       Phase: Concurrent Reset Relocation Set               0.000 / 0.000         0.400 / 0.968         0.212 / 0.968         0.212 / 0.968       ms
[13040.316s][info][gc,stats    ]       Phase: Concurrent Select Relocation Set              0.000 / 0.000         7.209 / 17.542        6.722 / 623.697       6.722 / 623.697     ms
[13040.316s][info][gc,stats    ]       Phase: Pause Mark End                                0.000 / 0.000         0.129 / 0.258         0.094 / 0.434         0.094 / 0.434       ms
[13040.316s][info][gc,stats    ]       Phase: Pause Mark Start                              0.000 / 0.000         0.023 / 0.056         0.023 / 0.223         0.023 / 0.223       ms
[13040.316s][info][gc,stats    ]       Phase: Pause Relocate Start                          0.000 / 0.000         0.021 / 0.031         0.045 / 0.309         0.045 / 0.309       ms
[13040.316s][info][gc,stats    ]    Subphase: Concurrent Classes Purge                      0.000 / 0.000         0.927 / 2.396         0.518 / 3.157         0.518 / 3.157       ms
[13040.316s][info][gc,stats    ]    Subphase: Concurrent Classes Unlink                     0.000 / 0.000      5740.652 / 18382.834    64.039 / 18382.834    64.039 / 18382.834   ms
[13040.316s][info][gc,stats    ]    Subphase: Concurrent Mark                               0.000 / 0.000       704.573 / 3398.532    450.151 / 3398.532    450.151 / 3398.532    ms
[13040.316s][info][gc,stats    ]    Subphase: Concurrent Mark Try Flush                     0.000 / 0.000         1.277 / 3.811         1.565 / 934.939       1.565 / 934.939     ms
[13040.316s][info][gc,stats    ]    Subphase: Concurrent Mark Try Terminate                 0.000 / 0.000         1.057 / 1.968         1.072 / 934.940       1.072 / 934.940     ms
[13040.316s][info][gc,stats    ]    Subphase: Concurrent References Enqueue                 0.000 / 0.000         0.009 / 0.013         0.009 / 0.091         0.009 / 0.091       ms
[13040.316s][info][gc,stats    ]    Subphase: Concurrent References Process                 0.000 / 0.000         1.689 / 3.992         0.881 / 3.992         0.881 / 3.992       ms
[13040.316s][info][gc,stats    ]    Subphase: Concurrent Roots ClassLoaderDataGraph         0.000 / 0.000         0.960 / 3.418         0.833 / 3.889         0.833 / 3.889       ms
[13040.316s][info][gc,stats    ]    Subphase: Concurrent Roots CodeCache                    0.000 / 0.000         0.000 / 0.000         0.000 / 0.000         0.000 / 0.000       ms
[13040.316s][info][gc,stats    ]    Subphase: Concurrent Roots JavaThreads                  0.000 / 0.000         5.778 / 22.741        4.665 / 969.487       4.665 / 969.487     ms
[13040.316s][info][gc,stats    ]    Subphase: Concurrent Roots OopStorageSet                0.000 / 0.000         0.123 / 0.683         0.083 / 2.218         0.083 / 2.218       ms
[13040.316s][info][gc,stats    ]    Subphase: Concurrent Weak Roots OopStorageSet           0.000 / 0.000         2.702 / 12.479        1.501 / 13.633        1.501 / 13.633      ms
[13040.316s][info][gc,stats    ]    Subphase: Pause Mark Try Complete                       0.000 / 0.000         0.001 / 0.007         0.001 / 0.031         0.001 / 0.031       ms
[13040.316s][info][gc,stats    ]      System: Java Threads                                      0 / 0              2289 / 2584           1929 / 4684           1929 / 4684        threads
[13040.316s][info][gc,stats    ] =========================================================================================================================================================
[13050.315s][info][gc,stats    ] === Garbage Collection Statistics =======================================================================================================================
[13050.315s][info][gc,stats    ]                                                              Last 10s              Last 10m              Last 10h                Total
[13050.315s][info][gc,stats    ]                                                              Avg / Max             Avg / Max             Avg / Max             Avg / Max
[13050.315s][info][gc,stats    ]   Collector: Garbage Collection Cycle                      0.000 / 0.000      7368.483 / 19032.234   665.978 / 19032.234   665.978 / 19032.234   ms
[13050.315s][info][gc,stats    ]  Contention: Mark Segment Reset Contention                     0 / 0                 0 / 46                2 / 104               2 / 104         ops/s
[13050.315s][info][gc,stats    ]  Contention: Mark SeqNum Reset Contention                      0 / 0                 0 / 3                 0 / 7                 0 / 7           ops/s
[13050.315s][info][gc,stats    ]    Critical: Allocation Stall                                  0 / 0                 7 / 827               0 / 827               0 / 827         ops/s
[13050.315s][info][gc,stats    ]    Critical: Allocation Stall                              0.000 / 0.000       146.230 / 487.490     146.230 / 487.490     146.230 / 487.490     ms
[13050.315s][info][gc,stats    ]    Critical: GC Locker Stall                                   0 / 0                 0 / 2                 0 / 2                 0 / 2           ops/s
[13050.315s][info][gc,stats    ]    Critical: GC Locker Stall                               0.000 / 0.000         0.001 / 0.001         0.167 / 4.787         0.167 / 4.787       ms
[13050.315s][info][gc,stats    ]    Critical: Relocation Stall                                  0 / 0                 0 / 103               0 / 103               0 / 103         ops/s
[13050.315s][info][gc,stats    ]    Critical: Relocation Stall                              0.000 / 0.000        14.882 / 62.172       14.882 / 62.172       14.882 / 62.172      ms
[13050.315s][info][gc,stats    ]      Memory: Allocation Rate                                   0 / 0               206 / 2790            534 / 2790            534 / 2790        MB/s
[13050.315s][info][gc,stats    ]      Memory: Out Of Memory                                     0 / 0                 0 / 0                 0 / 0                 0 / 0           ops/s
[13050.315s][info][gc,stats    ]      Memory: Page Cache Flush                                  0 / 0                 3 / 258               0 / 258               0 / 258         MB/s
[13050.315s][info][gc,stats    ]      Memory: Page Cache Hit L1                                 0 / 0                94 / 1336            260 / 1336            260 / 1336        ops/s
[13050.315s][info][gc,stats    ]      Memory: Page Cache Hit L2                                 0 / 0                 0 / 0                 0 / 0                 0 / 0           ops/s
[13050.315s][info][gc,stats    ]      Memory: Page Cache Hit L3                                 0 / 0                 5 / 450               0 / 1028              0 / 1028        ops/s
[13050.315s][info][gc,stats    ]      Memory: Page Cache Miss                                   0 / 0                 0 / 12                0 / 12                0 / 12          ops/s
[13050.315s][info][gc,stats    ]      Memory: Uncommit                                          0 / 0                 0 / 0                 0 / 0                 0 / 0           MB/s
[13050.315s][info][gc,stats    ]      Memory: Undo Object Allocation Failed                     0 / 0                 0 / 5                 0 / 5                 0 / 5           ops/s
[13050.315s][info][gc,stats    ]      Memory: Undo Object Allocation Succeeded                  0 / 0                 8 / 2041             18 / 6595             18 / 6595        ops/s
[13050.315s][info][gc,stats    ]      Memory: Undo Page Allocation                              0 / 0                 6 / 676               0 / 676               0 / 676         ops/s
[13050.315s][info][gc,stats    ]       Phase: Concurrent Mark                               0.000 / 0.000      1143.818 / 3424.228    571.218 / 3424.228    571.218 / 3424.228    ms
[13050.315s][info][gc,stats    ]       Phase: Concurrent Mark Continue                      0.000 / 0.000         0.000 / 0.000         0.000 / 0.000         0.000 / 0.000       ms
[13050.315s][info][gc,stats    ]       Phase: Concurrent Mark Free                          0.000 / 0.000         0.001 / 0.001         1.118 / 305.339       1.118 / 305.339     ms
[13050.315s][info][gc,stats    ]       Phase: Concurrent Process Non-Strong References      0.000 / 0.000      6703.566 / 18388.762    69.335 / 18388.762    69.335 / 18388.762   ms
[13050.315s][info][gc,stats    ]       Phase: Concurrent Relocate                           0.000 / 0.000        31.445 / 64.108       11.475 / 64.108       11.475 / 64.108      ms
[13050.315s][info][gc,stats    ]       Phase: Concurrent Reset Relocation Set               0.000 / 0.000         0.429 / 0.968         0.212 / 0.968         0.212 / 0.968       ms
[13050.315s][info][gc,stats    ]       Phase: Concurrent Select Relocation Set              0.000 / 0.000         7.919 / 17.542        6.722 / 623.697       6.722 / 623.697     ms
[13050.315s][info][gc,stats    ]       Phase: Pause Mark End                                0.000 / 0.000         0.132 / 0.258         0.094 / 0.434         0.094 / 0.434       ms
[13050.315s][info][gc,stats    ]       Phase: Pause Mark Start                              0.000 / 0.000         0.023 / 0.056         0.023 / 0.223         0.023 / 0.223       ms
[13050.315s][info][gc,stats    ]       Phase: Pause Relocate Start                          0.000 / 0.000         0.021 / 0.031         0.045 / 0.309         0.045 / 0.309       ms
[13050.315s][info][gc,stats    ]    Subphase: Concurrent Classes Purge                      0.000 / 0.000         0.957 / 2.396         0.518 / 3.157         0.518 / 3.157       ms
[13050.315s][info][gc,stats    ]    Subphase: Concurrent Classes Unlink                     0.000 / 0.000      6694.837 / 18382.834    64.039 / 18382.834    64.039 / 18382.834   ms
[13050.315s][info][gc,stats    ]    Subphase: Concurrent Mark                               0.000 / 0.000       691.620 / 3398.532    450.151 / 3398.532    450.151 / 3398.532    ms
[13050.315s][info][gc,stats    ]    Subphase: Concurrent Mark Try Flush                     0.000 / 0.000         1.253 / 3.811         1.565 / 934.939       1.565 / 934.939     ms
[13050.315s][info][gc,stats    ]    Subphase: Concurrent Mark Try Terminate                 0.000 / 0.000         1.058 / 1.968         1.072 / 934.940       1.072 / 934.940     ms
[13050.315s][info][gc,stats    ]    Subphase: Concurrent References Enqueue                 0.000 / 0.000         0.009 / 0.013         0.009 / 0.091         0.009 / 0.091       ms
[13050.315s][info][gc,stats    ]    Subphase: Concurrent References Process                 0.000 / 0.000         1.755 / 3.992         0.881 / 3.992         0.881 / 3.992       ms
[13050.315s][info][gc,stats    ]    Subphase: Concurrent Roots ClassLoaderDataGraph         0.000 / 0.000         0.952 / 3.418         0.833 / 3.889         0.833 / 3.889       ms
[13050.315s][info][gc,stats    ]    Subphase: Concurrent Roots CodeCache                    0.000 / 0.000         0.000 / 0.000         0.000 / 0.000         0.000 / 0.000       ms
[13050.315s][info][gc,stats    ]    Subphase: Concurrent Roots JavaThreads                  0.000 / 0.000         5.731 / 22.741        4.665 / 969.487       4.665 / 969.487     ms
[13050.315s][info][gc,stats    ]    Subphase: Concurrent Roots OopStorageSet                0.000 / 0.000         0.126 / 0.683         0.083 / 2.218         0.083 / 2.218       ms
[13050.315s][info][gc,stats    ]    Subphase: Concurrent Weak Roots OopStorageSet           0.000 / 0.000         2.629 / 12.479        1.501 / 13.633        1.501 / 13.633      ms
[13050.315s][info][gc,stats    ]    Subphase: Pause Mark Try Complete                       0.000 / 0.000         0.001 / 0.007         0.001 / 0.031         0.001 / 0.031       ms
[13050.315s][info][gc,stats    ]      System: Java Threads                                      0 / 0              2319 / 2584           1929 / 4684           1929 / 4684        threads
[13050.315s][info][gc,stats    ] =========================================================================================================================================================
[13060.316s][info][gc,stats    ] === Garbage Collection Statistics =======================================================================================================================
[13060.316s][info][gc,stats    ]                                                              Last 10s              Last 10m              Last 10h                Total
[13060.316s][info][gc,stats    ]                                                              Avg / Max             Avg / Max             Avg / Max             Avg / Max
[13060.316s][info][gc,stats    ]   Collector: Garbage Collection Cycle                      0.000 / 0.000      8274.386 / 19032.234   665.978 / 19032.234   665.978 / 19032.234   ms
[13060.316s][info][gc,stats    ]  Contention: Mark Segment Reset Contention                     0 / 0                 0 / 46                2 / 104               2 / 104         ops/s
[13060.316s][info][gc,stats    ]  Contention: Mark SeqNum Reset Contention                      0 / 0                 0 / 3                 0 / 7                 0 / 7           ops/s
[13060.316s][info][gc,stats    ]    Critical: Allocation Stall                                  0 / 0                 7 / 827               0 / 827               0 / 827         ops/s
[13060.316s][info][gc,stats    ]    Critical: Allocation Stall                              0.000 / 0.000       146.230 / 487.490     146.230 / 487.490     146.230 / 487.490     ms
[13060.316s][info][gc,stats    ]    Critical: GC Locker Stall                                   0 / 0                 0 / 2                 0 / 2                 0 / 2           ops/s
[13060.316s][info][gc,stats    ]    Critical: GC Locker Stall                               0.000 / 0.000         0.001 / 0.001         0.167 / 4.787         0.167 / 4.787       ms
[13060.316s][info][gc,stats    ]    Critical: Relocation Stall                                  0 / 0                 0 / 103               0 / 103               0 / 103         ops/s
[13060.316s][info][gc,stats    ]    Critical: Relocation Stall                              0.000 / 0.000        14.882 / 62.172       14.882 / 62.172       14.882 / 62.172      ms
[13060.316s][info][gc,stats    ]      Memory: Allocation Rate                                   0 / 0               194 / 2790            534 / 2790            534 / 2790        MB/s
[13060.316s][info][gc,stats    ]      Memory: Out Of Memory                                     0 / 0                 0 / 0                 0 / 0                 0 / 0           ops/s
[13060.316s][info][gc,stats    ]      Memory: Page Cache Flush                                  0 / 0                 3 / 258               0 / 258               0 / 258         MB/s
[13060.316s][info][gc,stats    ]      Memory: Page Cache Hit L1                                 0 / 0                88 / 1336            260 / 1336            260 / 1336        ops/s
[13060.316s][info][gc,stats    ]      Memory: Page Cache Hit L2                                 0 / 0                 0 / 0                 0 / 0                 0 / 0           ops/s
[13060.316s][info][gc,stats    ]      Memory: Page Cache Hit L3                                 0 / 0                 5 / 450               0 / 1028              0 / 1028        ops/s
[13060.316s][info][gc,stats    ]      Memory: Page Cache Miss                                   0 / 0                 0 / 12                0 / 12                0 / 12          ops/s
[13060.316s][info][gc,stats    ]      Memory: Uncommit                                          0 / 0                 0 / 0                 0 / 0                 0 / 0           MB/s
[13060.316s][info][gc,stats    ]      Memory: Undo Object Allocation Failed                     0 / 0                 0 / 5                 0 / 5                 0 / 5           ops/s
[13060.316s][info][gc,stats    ]      Memory: Undo Object Allocation Succeeded                  0 / 0                 8 / 2041             18 / 6595             18 / 6595        ops/s
[13060.316s][info][gc,stats    ]      Memory: Undo Page Allocation                              0 / 0                 6 / 676               0 / 676               0 / 676         ops/s
[13060.316s][info][gc,stats    ]       Phase: Concurrent Mark                               0.000 / 0.000      1219.831 / 3424.228    571.218 / 3424.228    571.218 / 3424.228    ms
[13060.316s][info][gc,stats    ]       Phase: Concurrent Mark Continue                      0.000 / 0.000         0.000 / 0.000         0.000 / 0.000         0.000 / 0.000       ms
[13060.316s][info][gc,stats    ]       Phase: Concurrent Mark Free                          0.000 / 0.000         0.001 / 0.001         1.118 / 305.339       1.118 / 305.339     ms
[13060.316s][info][gc,stats    ]       Phase: Concurrent Process Non-Strong References      0.000 / 0.000      7539.755 / 18388.762    69.335 / 18388.762    69.335 / 18388.762   ms
[13060.316s][info][gc,stats    ]       Phase: Concurrent Relocate                           0.000 / 0.000        34.217 / 64.108       11.475 / 64.108       11.475 / 64.108      ms
[13060.316s][info][gc,stats    ]       Phase: Concurrent Reset Relocation Set               0.000 / 0.000         0.456 / 0.968         0.212 / 0.968         0.212 / 0.968       ms
[13060.316s][info][gc,stats    ]       Phase: Concurrent Select Relocation Set              0.000 / 0.000         8.548 / 17.542        6.722 / 623.697       6.722 / 623.697     ms
[13060.316s][info][gc,stats    ]       Phase: Pause Mark End                                0.000 / 0.000         0.132 / 0.258         0.094 / 0.434         0.094 / 0.434       ms
[13060.316s][info][gc,stats    ]       Phase: Pause Mark Start                              0.000 / 0.000         0.024 / 0.056         0.023 / 0.223         0.023 / 0.223       ms
[13060.316s][info][gc,stats    ]       Phase: Pause Relocate Start                          0.000 / 0.000         0.021 / 0.031         0.045 / 0.309         0.045 / 0.309       ms
[13060.316s][info][gc,stats    ]    Subphase: Concurrent Classes Purge                      0.000 / 0.000         1.010 / 2.396         0.518 / 3.157         0.518 / 3.157       ms
[13060.316s][info][gc,stats    ]    Subphase: Concurrent Classes Unlink                     0.000 / 0.000      7530.574 / 18382.834    64.039 / 18382.834    64.039 / 18382.834   ms
[13060.316s][info][gc,stats    ]    Subphase: Concurrent Mark                               0.000 / 0.000       720.571 / 3398.532    450.151 / 3398.532    450.151 / 3398.532    ms
[13060.316s][info][gc,stats    ]    Subphase: Concurrent Mark Try Flush                     0.000 / 0.000         1.266 / 3.811         1.565 / 934.939       1.565 / 934.939     ms
[13060.316s][info][gc,stats    ]    Subphase: Concurrent Mark Try Terminate                 0.000 / 0.000         1.057 / 1.968         1.072 / 934.940       1.072 / 934.940     ms
[13060.316s][info][gc,stats    ]    Subphase: Concurrent References Enqueue                 0.000 / 0.000         0.009 / 0.012         0.009 / 0.091         0.009 / 0.091       ms
[13060.316s][info][gc,stats    ]    Subphase: Concurrent References Process                 0.000 / 0.000         1.853 / 3.992         0.881 / 3.992         0.881 / 3.992       ms
[13060.316s][info][gc,stats    ]    Subphase: Concurrent Roots ClassLoaderDataGraph         0.000 / 0.000         0.952 / 3.418         0.833 / 3.889         0.833 / 3.889       ms
[13060.316s][info][gc,stats    ]    Subphase: Concurrent Roots CodeCache                    0.000 / 0.000         0.000 / 0.000         0.000 / 0.000         0.000 / 0.000       ms
[13060.316s][info][gc,stats    ]    Subphase: Concurrent Roots JavaThreads                  0.000 / 0.000         5.937 / 22.741        4.665 / 969.487       4.665 / 969.487     ms
[13060.316s][info][gc,stats    ]    Subphase: Concurrent Roots OopStorageSet                0.000 / 0.000         0.131 / 0.683         0.083 / 2.218         0.083 / 2.218       ms
[13060.316s][info][gc,stats    ]    Subphase: Concurrent Weak Roots OopStorageSet           0.000 / 0.000         2.759 / 12.479        1.501 / 13.633        1.501 / 13.633      ms
[13060.316s][info][gc,stats    ]    Subphase: Pause Mark Try Complete                       0.000 / 0.000         0.001 / 0.007         0.001 / 0.031         0.001 / 0.031       ms
[13060.316s][info][gc,stats    ]      System: Java Threads                                      0 / 0              2345 / 2584           1929 / 4684           1929 / 4684        threads
[13060.316s][info][gc,stats    ] =========================================================================================================================================================
[13070.315s][info][gc,stats    ] === Garbage Collection Statistics =======================================================================================================================
[13070.315s][info][gc,stats    ]                                                              Last 10s              Last 10m              Last 10h                Total
[13070.315s][info][gc,stats    ]                                                              Avg / Max             Avg / Max             Avg / Max             Avg / Max
[13070.315s][info][gc,stats    ]   Collector: Garbage Collection Cycle                      0.000 / 0.000      9306.078 / 19032.234   665.978 / 19032.234   665.978 / 19032.234   ms
[13070.315s][info][gc,stats    ]  Contention: Mark Segment Reset Contention                     0 / 0                 0 / 46                2 / 104               2 / 104         ops/s
[13070.315s][info][gc,stats    ]  Contention: Mark SeqNum Reset Contention                      0 / 0                 0 / 3                 0 / 7                 0 / 7           ops/s
[13070.315s][info][gc,stats    ]    Critical: Allocation Stall                                  0 / 0                 7 / 827               0 / 827               0 / 827         ops/s
[13070.315s][info][gc,stats    ]    Critical: Allocation Stall                              0.000 / 0.000       146.230 / 487.490     146.230 / 487.490     146.230 / 487.490     ms
[13070.315s][info][gc,stats    ]    Critical: GC Locker Stall                                   0 / 0                 0 / 2                 0 / 2                 0 / 2           ops/s
[13070.315s][info][gc,stats    ]    Critical: GC Locker Stall                               0.000 / 0.000         0.001 / 0.001         0.167 / 4.787         0.167 / 4.787       ms
[13070.315s][info][gc,stats    ]    Critical: Relocation Stall                                  0 / 0                 0 / 103               0 / 103               0 / 103         ops/s
[13070.315s][info][gc,stats    ]    Critical: Relocation Stall                              0.000 / 0.000        14.882 / 62.172       14.882 / 62.172       14.882 / 62.172      ms
[13070.315s][info][gc,stats    ]      Memory: Allocation Rate                                   0 / 0               179 / 2790            533 / 2790            533 / 2790        MB/s
[13070.315s][info][gc,stats    ]      Memory: Out Of Memory                                     0 / 0                 0 / 0                 0 / 0                 0 / 0           ops/s
[13070.315s][info][gc,stats    ]      Memory: Page Cache Flush                                  0 / 0                 3 / 258               0 / 258               0 / 258         MB/s
[13070.315s][info][gc,stats    ]      Memory: Page Cache Hit L1                                 0 / 0                81 / 1336            260 / 1336            260 / 1336        ops/s
[13070.315s][info][gc,stats    ]      Memory: Page Cache Hit L2                                 0 / 0                 0 / 0                 0 / 0                 0 / 0           ops/s
[13070.315s][info][gc,stats    ]      Memory: Page Cache Hit L3                                 0 / 0                 5 / 450               0 / 1028              0 / 1028        ops/s
[13070.315s][info][gc,stats    ]      Memory: Page Cache Miss                                   0 / 0                 0 / 12                0 / 12                0 / 12          ops/s
[13070.315s][info][gc,stats    ]      Memory: Uncommit                                          0 / 0                 0 / 0                 0 / 0                 0 / 0           MB/s
[13070.315s][info][gc,stats    ]      Memory: Undo Object Allocation Failed                     0 / 0                 0 / 5                 0 / 5                 0 / 5           ops/s
[13070.315s][info][gc,stats    ]      Memory: Undo Object Allocation Succeeded                  0 / 0                 8 / 2041             18 / 6595             18 / 6595        ops/s
[13070.315s][info][gc,stats    ]      Memory: Undo Page Allocation                              0 / 0                 6 / 676               0 / 676               0 / 676         ops/s
[13070.315s][info][gc,stats    ]       Phase: Concurrent Mark                               0.000 / 0.000      1179.994 / 3424.228    571.218 / 3424.228    571.218 / 3424.228    ms
[13070.315s][info][gc,stats    ]       Phase: Concurrent Mark Continue                      0.000 / 0.000         0.000 / 0.000         0.000 / 0.000         0.000 / 0.000       ms
[13070.316s][info][gc,stats    ]       Phase: Concurrent Mark Free                          0.000 / 0.000         0.001 / 0.001         1.118 / 305.339       1.118 / 305.339     ms
[13070.316s][info][gc,stats    ]       Phase: Concurrent Process Non-Strong References      0.000 / 0.000      8612.142 / 18388.762    69.335 / 18388.762    69.335 / 18388.762   ms
[13070.316s][info][gc,stats    ]       Phase: Concurrent Relocate                           0.000 / 0.000        35.949 / 64.108       11.475 / 64.108       11.475 / 64.108      ms
[13070.316s][info][gc,stats    ]       Phase: Concurrent Reset Relocation Set               0.000 / 0.000         0.477 / 0.968         0.212 / 0.968         0.212 / 0.968       ms
[13070.316s][info][gc,stats    ]       Phase: Concurrent Select Relocation Set              0.000 / 0.000         9.173 / 17.542        6.722 / 623.697       6.722 / 623.697     ms
[13070.316s][info][gc,stats    ]       Phase: Pause Mark End                                0.000 / 0.000         0.141 / 0.258         0.094 / 0.434         0.094 / 0.434       ms
[13070.316s][info][gc,stats    ]       Phase: Pause Mark Start                              0.000 / 0.000         0.024 / 0.056         0.023 / 0.223         0.023 / 0.223       ms
[13070.316s][info][gc,stats    ]       Phase: Pause Relocate Start                          0.000 / 0.000         0.021 / 0.031         0.045 / 0.309         0.045 / 0.309       ms
[13070.316s][info][gc,stats    ]    Subphase: Concurrent Classes Purge                      0.000 / 0.000         1.028 / 2.396         0.518 / 3.157         0.518 / 3.157       ms
[13070.316s][info][gc,stats    ]    Subphase: Concurrent Classes Unlink                     0.000 / 0.000      8603.051 / 18382.834    64.039 / 18382.834    64.039 / 18382.834   ms
[13070.316s][info][gc,stats    ]    Subphase: Concurrent Mark                               0.000 / 0.000       678.531 / 3398.532    450.151 / 3398.532    450.151 / 3398.532    ms
[13070.316s][info][gc,stats    ]    Subphase: Concurrent Mark Try Flush                     0.000 / 0.000         1.248 / 3.811         1.565 / 934.939       1.565 / 934.939     ms
[13070.316s][info][gc,stats    ]    Subphase: Concurrent Mark Try Terminate                 0.000 / 0.000         1.059 / 1.968         1.072 / 934.940       1.072 / 934.940     ms
[13070.316s][info][gc,stats    ]    Subphase: Concurrent References Enqueue                 0.000 / 0.000         0.009 / 0.012         0.009 / 0.091         0.009 / 0.091       ms
[13070.316s][info][gc,stats    ]    Subphase: Concurrent References Process                 0.000 / 0.000         1.888 / 3.992         0.881 / 3.992         0.881 / 3.992       ms
[13070.316s][info][gc,stats    ]    Subphase: Concurrent Roots ClassLoaderDataGraph         0.000 / 0.000         0.934 / 3.418         0.833 / 3.889         0.833 / 3.889       ms
[13070.316s][info][gc,stats    ]    Subphase: Concurrent Roots CodeCache                    0.000 / 0.000         0.000 / 0.000         0.000 / 0.000         0.000 / 0.000       ms
[13070.316s][info][gc,stats    ]    Subphase: Concurrent Roots JavaThreads                  0.000 / 0.000         5.532 / 22.741        4.665 / 969.487       4.665 / 969.487     ms
[13070.316s][info][gc,stats    ]    Subphase: Concurrent Roots OopStorageSet                0.000 / 0.000         0.124 / 0.683         0.083 / 2.218         0.083 / 2.218       ms
[13070.316s][info][gc,stats    ]    Subphase: Concurrent Weak Roots OopStorageSet           0.000 / 0.000         2.595 / 12.479        1.501 / 13.633        1.501 / 13.633      ms
[13070.316s][info][gc,stats    ]    Subphase: Pause Mark Try Complete                       0.000 / 0.000         0.001 / 0.007         0.001 / 0.031         0.001 / 0.031       ms
[13070.316s][info][gc,stats    ]      System: Java Threads                                      0 / 0              2386 / 2584           1929 / 4684           1929 / 4684        threads
[13070.316s][info][gc,stats    ] =========================================================================================================================================================
[13080.316s][info][gc,stats    ] === Garbage Collection Statistics =======================================================================================================================
[13080.316s][info][gc,stats    ]                                                              Last 10s              Last 10m              Last 10h                Total
[13080.316s][info][gc,stats    ]                                                              Avg / Max             Avg / Max             Avg / Max             Avg / Max
[13080.316s][info][gc,stats    ]   Collector: Garbage Collection Cycle                      0.000 / 0.000     10451.676 / 19032.234   665.978 / 19032.234   665.978 / 19032.234   ms
[13080.316s][info][gc,stats    ]  Contention: Mark Segment Reset Contention                     0 / 0                 0 / 46                2 / 104               2 / 104         ops/s
[13080.316s][info][gc,stats    ]  Contention: Mark SeqNum Reset Contention                      0 / 0                 0 / 3                 0 / 7                 0 / 7           ops/s
[13080.316s][info][gc,stats    ]    Critical: Allocation Stall                                  0 / 0                 7 / 827               0 / 827               0 / 827         ops/s
[13080.316s][info][gc,stats    ]    Critical: Allocation Stall                              0.000 / 0.000       146.230 / 487.490     146.230 / 487.490     146.230 / 487.490     ms
[13080.316s][info][gc,stats    ]    Critical: GC Locker Stall                                   0 / 0                 0 / 2                 0 / 2                 0 / 2           ops/s
[13080.316s][info][gc,stats    ]    Critical: GC Locker Stall                               0.000 / 0.000         0.001 / 0.001         0.167 / 4.787         0.167 / 4.787       ms
[13080.316s][info][gc,stats    ]    Critical: Relocation Stall                                  0 / 0                 0 / 103               0 / 103               0 / 103         ops/s
[13080.316s][info][gc,stats    ]    Critical: Relocation Stall                              0.000 / 0.000        14.882 / 62.172       14.882 / 62.172       14.882 / 62.172      ms
[13080.316s][info][gc,stats    ]      Memory: Allocation Rate                                   0 / 0               167 / 2790            533 / 2790            533 / 2790        MB/s
[13080.316s][info][gc,stats    ]      Memory: Out Of Memory                                     0 / 0                 0 / 0                 0 / 0                 0 / 0           ops/s
[13080.316s][info][gc,stats    ]      Memory: Page Cache Flush                                  0 / 0                 3 / 258               0 / 258               0 / 258         MB/s
[13080.316s][info][gc,stats    ]      Memory: Page Cache Hit L1                                 0 / 0                75 / 1336            259 / 1336            259 / 1336        ops/s
[13080.316s][info][gc,stats    ]      Memory: Page Cache Hit L2                                 0 / 0                 0 / 0                 0 / 0                 0 / 0           ops/s
[13080.316s][info][gc,stats    ]      Memory: Page Cache Hit L3                                 0 / 0                 5 / 450               0 / 1028              0 / 1028        ops/s
[13080.316s][info][gc,stats    ]      Memory: Page Cache Miss                                   0 / 0                 0 / 12                0 / 12                0 / 12          ops/s
[13080.316s][info][gc,stats    ]      Memory: Uncommit                                          0 / 0                 0 / 0                 0 / 0                 0 / 0           MB/s
[13080.316s][info][gc,stats    ]      Memory: Undo Object Allocation Failed                     0 / 0                 0 / 5                 0 / 5                 0 / 5           ops/s
[13080.316s][info][gc,stats    ]      Memory: Undo Object Allocation Succeeded                  0 / 0                 8 / 2041             18 / 6595             18 / 6595        ops/s
[13080.316s][info][gc,stats    ]      Memory: Undo Page Allocation                              0 / 0                 6 / 676               0 / 676               0 / 676         ops/s
[13080.316s][info][gc,stats    ]       Phase: Concurrent Mark                               0.000 / 0.000       893.836 / 3358.855    571.218 / 3424.228    571.218 / 3424.228    ms
[13080.316s][info][gc,stats    ]       Phase: Concurrent Mark Continue                      0.000 / 0.000         0.000 / 0.000         0.000 / 0.000         0.000 / 0.000       ms
[13080.316s][info][gc,stats    ]       Phase: Concurrent Mark Free                          0.000 / 0.000         0.001 / 0.001         1.118 / 305.339       1.118 / 305.339     ms
[13080.316s][info][gc,stats    ]       Phase: Concurrent Process Non-Strong References      0.000 / 0.000     10037.538 / 18388.762    69.335 / 18388.762    69.335 / 18388.762   ms
[13080.316s][info][gc,stats    ]       Phase: Concurrent Relocate                           0.000 / 0.000        36.031 / 64.108       11.475 / 64.108       11.475 / 64.108      ms
[13080.316s][info][gc,stats    ]       Phase: Concurrent Reset Relocation Set               0.000 / 0.000         0.529 / 0.968         0.212 / 0.968         0.212 / 0.968       ms
[13080.316s][info][gc,stats    ]       Phase: Concurrent Select Relocation Set              0.000 / 0.000        10.011 / 17.542        6.722 / 623.697       6.722 / 623.697     ms
[13080.316s][info][gc,stats    ]       Phase: Pause Mark End                                0.000 / 0.000         0.148 / 0.258         0.094 / 0.434         0.094 / 0.434       ms
[13080.316s][info][gc,stats    ]       Phase: Pause Mark Start                              0.000 / 0.000         0.025 / 0.056         0.023 / 0.223         0.023 / 0.223       ms
[13080.316s][info][gc,stats    ]       Phase: Pause Relocate Start                          0.000 / 0.000         0.021 / 0.031         0.045 / 0.309         0.045 / 0.309       ms
[13080.317s][info][gc,stats    ]    Subphase: Concurrent Classes Purge                      0.000 / 0.000         0.935 / 2.396         0.518 / 3.157         0.518 / 3.157       ms
[13080.317s][info][gc,stats    ]    Subphase: Concurrent Classes Unlink                     0.000 / 0.000     10029.679 / 18382.834    64.039 / 18382.834    64.039 / 18382.834   ms
[13080.317s][info][gc,stats    ]    Subphase: Concurrent Mark                               0.000 / 0.000       615.552 / 3333.520    450.151 / 3398.532    450.151 / 3398.532    ms
[13080.317s][info][gc,stats    ]    Subphase: Concurrent Mark Try Flush                     0.000 / 0.000         1.253 / 3.811         1.565 / 934.939       1.565 / 934.939     ms
[13080.317s][info][gc,stats    ]    Subphase: Concurrent Mark Try Terminate                 0.000 / 0.000         1.061 / 1.968         1.072 / 934.940       1.072 / 934.940     ms
[13080.317s][info][gc,stats    ]    Subphase: Concurrent References Enqueue                 0.000 / 0.000         0.009 / 0.011         0.009 / 0.091         0.009 / 0.091       ms
[13080.317s][info][gc,stats    ]    Subphase: Concurrent References Process                 0.000 / 0.000         1.691 / 3.117         0.881 / 3.992         0.881 / 3.992       ms
[13080.317s][info][gc,stats    ]    Subphase: Concurrent Roots ClassLoaderDataGraph         0.000 / 0.000         0.926 / 3.418         0.833 / 3.889         0.833 / 3.889       ms
[13080.317s][info][gc,stats    ]    Subphase: Concurrent Roots CodeCache                    0.000 / 0.000         0.000 / 0.000         0.000 / 0.000         0.000 / 0.000       ms
[13080.317s][info][gc,stats    ]    Subphase: Concurrent Roots JavaThreads                  0.000 / 0.000         5.118 / 14.360        4.665 / 969.487       4.665 / 969.487     ms
[13080.317s][info][gc,stats    ]    Subphase: Concurrent Roots OopStorageSet                0.000 / 0.000         0.116 / 0.683         0.083 / 2.218         0.083 / 2.218       ms
[13080.317s][info][gc,stats    ]    Subphase: Concurrent Weak Roots OopStorageSet           0.000 / 0.000         2.379 / 12.479        1.501 / 13.633        1.501 / 13.633      ms
[13080.317s][info][gc,stats    ]    Subphase: Pause Mark Try Complete                       0.000 / 0.000         0.001 / 0.007         0.001 / 0.031         0.001 / 0.031       ms
[13080.317s][info][gc,stats    ]      System: Java Threads                                      0 / 0              2433 / 2584           1929 / 4684           1929 / 4684        threads
[13080.317s][info][gc,stats    ] =========================================================================================================================================================
[13090.316s][info][gc,stats    ] === Garbage Collection Statistics =======================================================================================================================
[13090.316s][info][gc,stats    ]                                                              Last 10s              Last 10m              Last 10h                Total
[13090.316s][info][gc,stats    ]                                                              Avg / Max             Avg / Max             Avg / Max             Avg / Max
[13090.316s][info][gc,stats    ]   Collector: Garbage Collection Cycle                      0.000 / 0.000     11148.087 / 19032.234   665.978 / 19032.234   665.978 / 19032.234   ms
[13090.316s][info][gc,stats    ]  Contention: Mark Segment Reset Contention                     0 / 0                 0 / 46                2 / 104               2 / 104         ops/s
[13090.316s][info][gc,stats    ]  Contention: Mark SeqNum Reset Contention                      0 / 0                 0 / 3                 0 / 7                 0 / 7           ops/s
[13090.316s][info][gc,stats    ]    Critical: Allocation Stall                                  0 / 0                 7 / 827               0 / 827               0 / 827         ops/s
[13090.316s][info][gc,stats    ]    Critical: Allocation Stall                              0.000 / 0.000       146.230 / 487.490     146.230 / 487.490     146.230 / 487.490     ms
[13090.316s][info][gc,stats    ]    Critical: GC Locker Stall                                   0 / 0                 0 / 2                 0 / 2                 0 / 2           ops/s
[13090.316s][info][gc,stats    ]    Critical: GC Locker Stall                               0.000 / 0.000         0.001 / 0.001         0.167 / 4.787         0.167 / 4.787       ms
[13090.316s][info][gc,stats    ]    Critical: Relocation Stall                                  0 / 0                 0 / 103               0 / 103               0 / 103         ops/s
[13090.316s][info][gc,stats    ]    Critical: Relocation Stall                              0.000 / 0.000        14.882 / 62.172       14.882 / 62.172       14.882 / 62.172      ms
[13090.316s][info][gc,stats    ]      Memory: Allocation Rate                                   0 / 0               154 / 2790            533 / 2790            533 / 2790        MB/s
[13090.316s][info][gc,stats    ]      Memory: Out Of Memory                                     0 / 0                 0 / 0                 0 / 0                 0 / 0           ops/s
[13090.316s][info][gc,stats    ]      Memory: Page Cache Flush                                  0 / 0                 3 / 258               0 / 258               0 / 258         MB/s
[13090.316s][info][gc,stats    ]      Memory: Page Cache Hit L1                                 0 / 0                69 / 1336            259 / 1336            259 / 1336        ops/s
[13090.316s][info][gc,stats    ]      Memory: Page Cache Hit L2                                 0 / 0                 0 / 0                 0 / 0                 0 / 0           ops/s
[13090.316s][info][gc,stats    ]      Memory: Page Cache Hit L3                                 0 / 0                 5 / 450               0 / 1028              0 / 1028        ops/s
[13090.316s][info][gc,stats    ]      Memory: Page Cache Miss                                   0 / 0                 0 / 12                0 / 12                0 / 12          ops/s
[13090.316s][info][gc,stats    ]      Memory: Uncommit                                          0 / 0                 0 / 0                 0 / 0                 0 / 0           MB/s
[13090.316s][info][gc,stats    ]      Memory: Undo Object Allocation Failed                     0 / 0                 0 / 5                 0 / 5                 0 / 5           ops/s
[13090.316s][info][gc,stats    ]      Memory: Undo Object Allocation Succeeded                  0 / 0                 8 / 2041             18 / 6595             18 / 6595        ops/s
[13090.316s][info][gc,stats    ]      Memory: Undo Page Allocation                              0 / 0                 6 / 676               0 / 676               0 / 676         ops/s
[13090.316s][info][gc,stats    ]       Phase: Concurrent Mark                               0.000 / 0.000       561.424 / 605.672     571.218 / 3424.228    571.218 / 3424.228    ms
[13090.316s][info][gc,stats    ]       Phase: Concurrent Mark Continue                      0.000 / 0.000         0.000 / 0.000         0.000 / 0.000         0.000 / 0.000       ms
[13090.316s][info][gc,stats    ]       Phase: Concurrent Mark Free                          0.000 / 0.000         0.001 / 0.001         1.118 / 305.339       1.118 / 305.339     ms
[13090.316s][info][gc,stats    ]       Phase: Concurrent Process Non-Strong References      0.000 / 0.000     10943.831 / 18388.762    69.335 / 18388.762    69.335 / 18388.762   ms
[13090.316s][info][gc,stats    ]       Phase: Concurrent Relocate                           0.000 / 0.000        34.927 / 64.108       11.475 / 64.108       11.475 / 64.108      ms
[13090.316s][info][gc,stats    ]       Phase: Concurrent Reset Relocation Set               0.000 / 0.000         0.557 / 0.968         0.212 / 0.968         0.212 / 0.968       ms
[13090.316s][info][gc,stats    ]       Phase: Concurrent Select Relocation Set              0.000 / 0.000        10.535 / 17.542        6.722 / 623.697       6.722 / 623.697     ms
[13090.316s][info][gc,stats    ]       Phase: Pause Mark End                                0.000 / 0.000         0.164 / 0.258         0.094 / 0.434         0.094 / 0.434       ms
[13090.316s][info][gc,stats    ]       Phase: Pause Mark Start                              0.000 / 0.000         0.025 / 0.056         0.023 / 0.223         0.023 / 0.223       ms
[13090.316s][info][gc,stats    ]       Phase: Pause Relocate Start                          0.000 / 0.000         0.021 / 0.031         0.045 / 0.309         0.045 / 0.309       ms
[13090.316s][info][gc,stats    ]    Subphase: Concurrent Classes Purge                      0.000 / 0.000         0.862 / 2.396         0.518 / 3.157         0.518 / 3.157       ms
[13090.316s][info][gc,stats    ]    Subphase: Concurrent Classes Unlink                     0.000 / 0.000     10936.965 / 18382.834    64.039 / 18382.834    64.039 / 18382.834   ms
[13090.316s][info][gc,stats    ]    Subphase: Concurrent Mark                               0.000 / 0.000       553.557 / 598.063     450.151 / 3398.532    450.151 / 3398.532    ms
[13090.316s][info][gc,stats    ]    Subphase: Concurrent Mark Try Flush                     0.000 / 0.000         1.246 / 3.811         1.565 / 934.939       1.565 / 934.939     ms
[13090.316s][info][gc,stats    ]    Subphase: Concurrent Mark Try Terminate                 0.000 / 0.000         1.064 / 1.968         1.072 / 934.940       1.072 / 934.940     ms
[13090.316s][info][gc,stats    ]    Subphase: Concurrent References Enqueue                 0.000 / 0.000         0.009 / 0.011         0.009 / 0.091         0.009 / 0.091       ms
[13090.316s][info][gc,stats    ]    Subphase: Concurrent References Process                 0.000 / 0.000         1.432 / 3.117         0.881 / 3.992         0.881 / 3.992       ms
[13090.316s][info][gc,stats    ]    Subphase: Concurrent Roots ClassLoaderDataGraph         0.000 / 0.000         0.926 / 3.418         0.833 / 3.889         0.833 / 3.889       ms
[13090.316s][info][gc,stats    ]    Subphase: Concurrent Roots CodeCache                    0.000 / 0.000         0.000 / 0.000         0.000 / 0.000         0.000 / 0.000       ms
[13090.316s][info][gc,stats    ]    Subphase: Concurrent Roots JavaThreads                  0.000 / 0.000         4.902 / 7.190         4.665 / 969.487       4.665 / 969.487     ms
[13090.316s][info][gc,stats    ]    Subphase: Concurrent Roots OopStorageSet                0.000 / 0.000         0.113 / 0.683         0.083 / 2.218         0.083 / 2.218       ms
[13090.316s][info][gc,stats    ]    Subphase: Concurrent Weak Roots OopStorageSet           0.000 / 0.000         2.129 / 3.279         1.501 / 13.633        1.501 / 13.633      ms
[13090.316s][info][gc,stats    ]    Subphase: Pause Mark Try Complete                       0.000 / 0.000         0.001 / 0.007         0.001 / 0.031         0.001 / 0.031       ms
[13090.316s][info][gc,stats    ]      System: Java Threads                                      0 / 0              2475 / 2584           1929 / 4684           1929 / 4684        threads
[13090.316s][info][gc,stats    ] =========================================================================================================================================================
[13100.316s][info][gc,stats    ] === Garbage Collection Statistics =======================================================================================================================
[13100.316s][info][gc,stats    ]                                                              Last 10s              Last 10m              Last 10h                Total
[13100.316s][info][gc,stats    ]                                                              Avg / Max             Avg / Max             Avg / Max             Avg / Max
[13100.316s][info][gc,stats    ]   Collector: Garbage Collection Cycle                      0.000 / 0.000     10630.411 / 19032.234   665.978 / 19032.234   665.978 / 19032.234   ms
[13100.316s][info][gc,stats    ]  Contention: Mark Segment Reset Contention                     0 / 0                 0 / 46                2 / 104               2 / 104         ops/s
[13100.316s][info][gc,stats    ]  Contention: Mark SeqNum Reset Contention                      0 / 0                 0 / 3                 0 / 7                 0 / 7           ops/s
[13100.316s][info][gc,stats    ]    Critical: Allocation Stall                                  0 / 0                 6 / 457               0 / 827               0 / 827         ops/s
[13100.316s][info][gc,stats    ]    Critical: Allocation Stall                              0.000 / 0.000       119.226 / 421.031     146.230 / 487.490     146.230 / 487.490     ms
[13100.316s][info][gc,stats    ]    Critical: GC Locker Stall                                   0 / 0                 0 / 1                 0 / 2                 0 / 2           ops/s
[13100.316s][info][gc,stats    ]    Critical: GC Locker Stall                               0.000 / 0.000         0.001 / 0.001         0.167 / 4.787         0.167 / 4.787       ms
[13100.316s][info][gc,stats    ]    Critical: Relocation Stall                                  0 / 0                 0 / 103               0 / 103               0 / 103         ops/s
[13100.316s][info][gc,stats    ]    Critical: Relocation Stall                              0.000 / 0.000         8.696 / 12.652       14.882 / 62.172       14.882 / 62.172      ms
[13100.316s][info][gc,stats    ]      Memory: Allocation Rate                                   0 / 0               137 / 1874            532 / 2790            532 / 2790        MB/s
[13100.316s][info][gc,stats    ]      Memory: Out Of Memory                                     0 / 0                 0 / 0                 0 / 0                 0 / 0           ops/s
[13100.316s][info][gc,stats    ]      Memory: Page Cache Flush                                  0 / 0                 2 / 76                0 / 258               0 / 258         MB/s
[13100.316s][info][gc,stats    ]      Memory: Page Cache Hit L1                                 0 / 0                65 / 1064            259 / 1336            259 / 1336        ops/s
[13100.316s][info][gc,stats    ]      Memory: Page Cache Hit L2                                 0 / 0                 0 / 0                 0 / 0                 0 / 0           ops/s
[13100.316s][info][gc,stats    ]      Memory: Page Cache Hit L3                                 0 / 0                 1 / 129               0 / 1028              0 / 1028        ops/s
[13100.316s][info][gc,stats    ]      Memory: Page Cache Miss                                   0 / 0                 0 / 5                 0 / 12                0 / 12          ops/s
[13100.316s][info][gc,stats    ]      Memory: Uncommit                                          0 / 0                 0 / 0                 0 / 0                 0 / 0           MB/s
[13100.316s][info][gc,stats    ]      Memory: Undo Object Allocation Failed                     0 / 0                 0 / 5                 0 / 5                 0 / 5           ops/s
[13100.316s][info][gc,stats    ]      Memory: Undo Object Allocation Succeeded                  0 / 0                 7 / 2041             18 / 6595             18 / 6595        ops/s
[13100.316s][info][gc,stats    ]      Memory: Undo Page Allocation                              0 / 0                 5 / 392               0 / 676               0 / 676         ops/s
[13100.316s][info][gc,stats    ]       Phase: Concurrent Mark                               0.000 / 0.000       557.143 / 605.672     571.218 / 3424.228    571.218 / 3424.228    ms
[13100.316s][info][gc,stats    ]       Phase: Concurrent Mark Continue                      0.000 / 0.000         0.000 / 0.000         0.000 / 0.000         0.000 / 0.000       ms
[13100.316s][info][gc,stats    ]       Phase: Concurrent Mark Free                          0.000 / 0.000         0.001 / 0.001         1.118 / 305.339       1.118 / 305.339     ms
[13100.316s][info][gc,stats    ]       Phase: Concurrent Process Non-Strong References      0.000 / 0.000     10641.780 / 18388.762    69.335 / 18388.762    69.335 / 18388.762   ms
[13100.316s][info][gc,stats    ]       Phase: Concurrent Relocate                           0.000 / 0.000        31.685 / 58.382       11.475 / 64.108       11.475 / 64.108      ms
[13100.316s][info][gc,stats    ]       Phase: Concurrent Reset Relocation Set               0.000 / 0.000         0.588 / 0.968         0.212 / 0.968         0.212 / 0.968       ms
[13100.316s][info][gc,stats    ]       Phase: Concurrent Select Relocation Set              0.000 / 0.000        11.002 / 17.542        6.722 / 623.697       6.722 / 623.697     ms
[13100.316s][info][gc,stats    ]       Phase: Pause Mark End                                0.000 / 0.000         0.164 / 0.258         0.094 / 0.434         0.094 / 0.434       ms
[13100.316s][info][gc,stats    ]       Phase: Pause Mark Start                              0.000 / 0.000         0.026 / 0.056         0.023 / 0.223         0.023 / 0.223       ms
[13100.316s][info][gc,stats    ]       Phase: Pause Relocate Start                          0.000 / 0.000         0.021 / 0.031         0.045 / 0.309         0.045 / 0.309       ms
[13100.316s][info][gc,stats    ]    Subphase: Concurrent Classes Purge                      0.000 / 0.000         0.709 / 1.149         0.518 / 3.157         0.518 / 3.157       ms
[13100.316s][info][gc,stats    ]    Subphase: Concurrent Classes Unlink                     0.000 / 0.000     10635.606 / 18382.834    64.039 / 18382.834    64.039 / 18382.834   ms
[13100.316s][info][gc,stats    ]    Subphase: Concurrent Mark                               0.000 / 0.000       549.612 / 598.063     450.151 / 3398.532    450.151 / 3398.532    ms
[13100.316s][info][gc,stats    ]    Subphase: Concurrent Mark Try Flush                     0.000 / 0.000         1.240 / 3.811         1.565 / 934.939       1.565 / 934.939     ms
[13100.316s][info][gc,stats    ]    Subphase: Concurrent Mark Try Terminate                 0.000 / 0.000         1.064 / 1.968         1.072 / 934.940       1.072 / 934.940     ms
[13100.316s][info][gc,stats    ]    Subphase: Concurrent References Enqueue                 0.000 / 0.000         0.009 / 0.011         0.009 / 0.091         0.009 / 0.091       ms
[13100.316s][info][gc,stats    ]    Subphase: Concurrent References Process                 0.000 / 0.000         1.245 / 1.654         0.881 / 3.992         0.881 / 3.992       ms
[13100.316s][info][gc,stats    ]    Subphase: Concurrent Roots ClassLoaderDataGraph         0.000 / 0.000         0.918 / 3.418         0.833 / 3.889         0.833 / 3.889       ms
[13100.316s][info][gc,stats    ]    Subphase: Concurrent Roots CodeCache                    0.000 / 0.000         0.000 / 0.000         0.000 / 0.000         0.000 / 0.000       ms
[13100.316s][info][gc,stats    ]    Subphase: Concurrent Roots JavaThreads                  0.000 / 0.000         4.748 / 6.014         4.665 / 969.487       4.665 / 969.487     ms
[13100.316s][info][gc,stats    ]    Subphase: Concurrent Roots OopStorageSet                0.000 / 0.000         0.103 / 0.683         0.083 / 2.218         0.083 / 2.218       ms
[13100.316s][info][gc,stats    ]    Subphase: Concurrent Weak Roots OopStorageSet           0.000 / 0.000         2.101 / 3.279         1.501 / 13.633        1.501 / 13.633      ms
[13100.316s][info][gc,stats    ]    Subphase: Pause Mark Try Complete                       0.000 / 0.000         0.001 / 0.007         0.001 / 0.031         0.001 / 0.031       ms
[13100.316s][info][gc,stats    ]      System: Java Threads                                      0 / 0              2467 / 2584           1929 / 4684           1929 / 4684        threads
[13100.316s][info][gc,stats    ] =========================================================================================================================================================
[13110.316s][info][gc,stats    ] === Garbage Collection Statistics =======================================================================================================================
[13110.316s][info][gc,stats    ]                                                              Last 10s              Last 10m              Last 10h                Total
[13110.316s][info][gc,stats    ]                                                              Avg / Max             Avg / Max             Avg / Max             Avg / Max
[13110.316s][info][gc,stats    ]   Collector: Garbage Collection Cycle                      0.000 / 0.000     11567.012 / 19032.234   665.978 / 19032.234   665.978 / 19032.234   ms
[13110.316s][info][gc,stats    ]  Contention: Mark Segment Reset Contention                     0 / 0                 0 / 46                2 / 104               2 / 104         ops/s
[13110.316s][info][gc,stats    ]  Contention: Mark SeqNum Reset Contention                      0 / 0                 0 / 3                 0 / 7                 0 / 7           ops/s
[13110.316s][info][gc,stats    ]    Critical: Allocation Stall                                  0 / 0                 5 / 457               0 / 827               0 / 827         ops/s
[13110.316s][info][gc,stats    ]    Critical: Allocation Stall                              0.000 / 0.000       123.599 / 421.031     146.230 / 487.490     146.230 / 487.490     ms
[13110.316s][info][gc,stats    ]    Critical: GC Locker Stall                                   0 / 0                 0 / 1                 0 / 2                 0 / 2           ops/s
[13110.316s][info][gc,stats    ]    Critical: GC Locker Stall                               0.000 / 0.000         0.001 / 0.001         0.167 / 4.787         0.167 / 4.787       ms
[13110.316s][info][gc,stats    ]    Critical: Relocation Stall                                  0 / 0                 0 / 103               0 / 103               0 / 103         ops/s
[13110.316s][info][gc,stats    ]    Critical: Relocation Stall                              0.000 / 0.000         8.696 / 12.652       14.882 / 62.172       14.882 / 62.172      ms
[13110.316s][info][gc,stats    ]      Memory: Allocation Rate                                   0 / 0               122 / 1842            532 / 2790            532 / 2790        MB/s
[13110.316s][info][gc,stats    ]      Memory: Out Of Memory                                     0 / 0                 0 / 0                 0 / 0                 0 / 0           ops/s
[13110.316s][info][gc,stats    ]      Memory: Page Cache Flush                                  0 / 0                 2 / 76                0 / 258               0 / 258         MB/s
[13110.316s][info][gc,stats    ]      Memory: Page Cache Hit L1                                 0 / 0                58 / 1005            259 / 1336            259 / 1336        ops/s
[13110.316s][info][gc,stats    ]      Memory: Page Cache Hit L2                                 0 / 0                 0 / 0                 0 / 0                 0 / 0           ops/s
[13110.316s][info][gc,stats    ]      Memory: Page Cache Hit L3                                 0 / 0                 1 / 129               0 / 1028              0 / 1028        ops/s
[13110.316s][info][gc,stats    ]      Memory: Page Cache Miss                                   0 / 0                 0 / 5                 0 / 12                0 / 12          ops/s
[13110.316s][info][gc,stats    ]      Memory: Uncommit                                          0 / 0                 0 / 0                 0 / 0                 0 / 0           MB/s
[13110.316s][info][gc,stats    ]      Memory: Undo Object Allocation Failed                     0 / 0                 0 / 5                 0 / 5                 0 / 5           ops/s
[13110.316s][info][gc,stats    ]      Memory: Undo Object Allocation Succeeded                  0 / 0                 7 / 2041             18 / 6595             18 / 6595        ops/s
[13110.316s][info][gc,stats    ]      Memory: Undo Page Allocation                              0 / 0                 4 / 392               0 / 676               0 / 676         ops/s
[13110.316s][info][gc,stats    ]       Phase: Concurrent Mark                               0.000 / 0.000       551.077 / 578.481     571.218 / 3424.228    571.218 / 3424.228    ms
[13110.316s][info][gc,stats    ]       Phase: Concurrent Mark Continue                      0.000 / 0.000         0.000 / 0.000         0.000 / 0.000         0.000 / 0.000       ms
[13110.316s][info][gc,stats    ]       Phase: Concurrent Mark Free                          0.000 / 0.000         0.001 / 0.001         1.118 / 305.339       1.118 / 305.339     ms
[13110.316s][info][gc,stats    ]       Phase: Concurrent Process Non-Strong References      0.000 / 0.000     11554.926 / 18388.762    69.335 / 18388.762    69.335 / 18388.762   ms
[13110.316s][info][gc,stats    ]       Phase: Concurrent Relocate                           0.000 / 0.000        28.348 / 38.576       11.475 / 64.108       11.475 / 64.108      ms
[13110.316s][info][gc,stats    ]       Phase: Concurrent Reset Relocation Set               0.000 / 0.000         0.619 / 0.968         0.212 / 0.968         0.212 / 0.968       ms
[13110.316s][info][gc,stats    ]       Phase: Concurrent Select Relocation Set              0.000 / 0.000        10.393 / 17.542        6.722 / 623.697       6.722 / 623.697     ms
[13110.316s][info][gc,stats    ]       Phase: Pause Mark End                                0.000 / 0.000         0.169 / 0.258         0.094 / 0.434         0.094 / 0.434       ms
[13110.316s][info][gc,stats    ]       Phase: Pause Mark Start                              0.000 / 0.000         0.026 / 0.056         0.023 / 0.223         0.023 / 0.223       ms
[13110.316s][info][gc,stats    ]       Phase: Pause Relocate Start                          0.000 / 0.000         0.021 / 0.031         0.045 / 0.309         0.045 / 0.309       ms
[13110.316s][info][gc,stats    ]    Subphase: Concurrent Classes Purge                      0.000 / 0.000         0.660 / 0.784         0.518 / 3.157         0.518 / 3.157       ms
[13110.316s][info][gc,stats    ]    Subphase: Concurrent Classes Unlink                     0.000 / 0.000     11549.051 / 18382.834    64.039 / 18382.834    64.039 / 18382.834   ms
[13110.316s][info][gc,stats    ]    Subphase: Concurrent Mark                               0.000 / 0.000       543.575 / 571.680     450.151 / 3398.532    450.151 / 3398.532    ms
[13110.316s][info][gc,stats    ]    Subphase: Concurrent Mark Try Flush                     0.000 / 0.000         1.224 / 3.811         1.565 / 934.939       1.565 / 934.939     ms
[13110.316s][info][gc,stats    ]    Subphase: Concurrent Mark Try Terminate                 0.000 / 0.000         1.064 / 1.968         1.072 / 934.940       1.072 / 934.940     ms
[13110.316s][info][gc,stats    ]    Subphase: Concurrent References Enqueue                 0.000 / 0.000         0.009 / 0.010         0.009 / 0.091         0.009 / 0.091       ms
[13110.316s][info][gc,stats    ]    Subphase: Concurrent References Process                 0.000 / 0.000         1.232 / 1.654         0.881 / 3.992         0.881 / 3.992       ms
[13110.316s][info][gc,stats    ]    Subphase: Concurrent Roots ClassLoaderDataGraph         0.000 / 0.000         0.935 / 3.418         0.833 / 3.889         0.833 / 3.889       ms
[13110.316s][info][gc,stats    ]    Subphase: Concurrent Roots CodeCache                    0.000 / 0.000         0.000 / 0.000         0.000 / 0.000         0.000 / 0.000       ms
[13110.316s][info][gc,stats    ]    Subphase: Concurrent Roots JavaThreads                  0.000 / 0.000         4.679 / 6.014         4.665 / 969.487       4.665 / 969.487     ms
[13110.316s][info][gc,stats    ]    Subphase: Concurrent Roots OopStorageSet                0.000 / 0.000         0.100 / 0.683         0.083 / 2.218         0.083 / 2.218       ms
[13110.316s][info][gc,stats    ]    Subphase: Concurrent Weak Roots OopStorageSet           0.000 / 0.000         1.987 / 2.209         1.501 / 13.633        1.501 / 13.633      ms
[13110.316s][info][gc,stats    ]    Subphase: Pause Mark Try Complete                       0.000 / 0.000         0.001 / 0.007         0.001 / 0.031         0.001 / 0.031       ms
[13110.316s][info][gc,stats    ]      System: Java Threads                                      0 / 0              2454 / 2584           1929 / 4684           1929 / 4684        threads
[13110.316s][info][gc,stats    ] =========================================================================================================================================================
[13120.315s][info][gc,stats    ] === Garbage Collection Statistics =======================================================================================================================
[13120.315s][info][gc,stats    ]                                                              Last 10s              Last 10m              Last 10h                Total
[13120.315s][info][gc,stats    ]                                                              Avg / Max             Avg / Max             Avg / Max             Avg / Max
[13120.315s][info][gc,stats    ]   Collector: Garbage Collection Cycle                      0.000 / 0.000     10826.855 / 19032.234   665.978 / 19032.234   665.978 / 19032.234   ms
[13120.315s][info][gc,stats    ]  Contention: Mark Segment Reset Contention                     0 / 0                 0 / 46                2 / 104               2 / 104         ops/s
[13120.315s][info][gc,stats    ]  Contention: Mark SeqNum Reset Contention                      0 / 0                 0 / 3                 0 / 7                 0 / 7           ops/s
[13120.315s][info][gc,stats    ]    Critical: Allocation Stall                                  0 / 0                 4 / 457               0 / 827               0 / 827         ops/s
[13120.315s][info][gc,stats    ]    Critical: Allocation Stall                              0.000 / 0.000       126.970 / 421.031     146.230 / 487.490     146.230 / 487.490     ms
[13120.315s][info][gc,stats    ]    Critical: GC Locker Stall                                   0 / 0                 0 / 1                 0 / 2                 0 / 2           ops/s
[13120.315s][info][gc,stats    ]    Critical: GC Locker Stall                               0.000 / 0.000         0.001 / 0.001         0.167 / 4.787         0.167 / 4.787       ms
[13120.315s][info][gc,stats    ]    Critical: Relocation Stall                                  0 / 0                 0 / 103               0 / 103               0 / 103         ops/s
[13120.315s][info][gc,stats    ]    Critical: Relocation Stall                              0.000 / 0.000         8.696 / 12.652       14.882 / 62.172       14.882 / 62.172      ms
[13120.315s][info][gc,stats    ]      Memory: Allocation Rate                                   0 / 0               110 / 1842            531 / 2790            531 / 2790        MB/s
[13120.315s][info][gc,stats    ]      Memory: Out Of Memory                                     0 / 0                 0 / 0                 0 / 0                 0 / 0           ops/s
[13120.315s][info][gc,stats    ]      Memory: Page Cache Flush                                  0 / 0                 2 / 76                0 / 258               0 / 258         MB/s
[13120.315s][info][gc,stats    ]      Memory: Page Cache Hit L1                                 0 / 0                52 / 1005            259 / 1336            259 / 1336        ops/s
[13120.315s][info][gc,stats    ]      Memory: Page Cache Hit L2                                 0 / 0                 0 / 0                 0 / 0                 0 / 0           ops/s
[13120.315s][info][gc,stats    ]      Memory: Page Cache Hit L3                                 0 / 0                 0 / 128               0 / 1028              0 / 1028        ops/s
[13120.315s][info][gc,stats    ]      Memory: Page Cache Miss                                   0 / 0                 0 / 4                 0 / 12                0 / 12          ops/s
[13120.315s][info][gc,stats    ]      Memory: Uncommit                                          0 / 0                 0 / 0                 0 / 0                 0 / 0           MB/s
[13120.315s][info][gc,stats    ]      Memory: Undo Object Allocation Failed                     0 / 0                 0 / 5                 0 / 5                 0 / 5           ops/s
[13120.315s][info][gc,stats    ]      Memory: Undo Object Allocation Succeeded                  0 / 0                 7 / 2041             18 / 6595             18 / 6595        ops/s
[13120.315s][info][gc,stats    ]      Memory: Undo Page Allocation                              0 / 0                 4 / 392               0 / 676               0 / 676         ops/s
[13120.315s][info][gc,stats    ]       Phase: Concurrent Mark                               0.000 / 0.000       554.400 / 578.481     571.218 / 3424.228    571.218 / 3424.228    ms
[13120.315s][info][gc,stats    ]       Phase: Concurrent Mark Continue                      0.000 / 0.000         0.000 / 0.000         0.000 / 0.000         0.000 / 0.000       ms
[13120.316s][info][gc,stats    ]       Phase: Concurrent Mark Free                          0.000 / 0.000         0.001 / 0.001         1.118 / 305.339       1.118 / 305.339     ms
[13120.316s][info][gc,stats    ]       Phase: Concurrent Process Non-Strong References      0.000 / 0.000     10991.843 / 18388.762    69.335 / 18388.762    69.335 / 18388.762   ms
[13120.316s][info][gc,stats    ]       Phase: Concurrent Relocate                           0.000 / 0.000        28.455 / 38.576       11.475 / 64.108       11.475 / 64.108      ms
[13120.316s][info][gc,stats    ]       Phase: Concurrent Reset Relocation Set               0.000 / 0.000         0.576 / 0.955         0.212 / 0.968         0.212 / 0.968       ms
[13120.316s][info][gc,stats    ]       Phase: Concurrent Select Relocation Set              0.000 / 0.000        10.028 / 17.542        6.722 / 623.697       6.722 / 623.697     ms
[13120.316s][info][gc,stats    ]       Phase: Pause Mark End                                0.000 / 0.000         0.171 / 0.258         0.094 / 0.434         0.094 / 0.434       ms
[13120.316s][info][gc,stats    ]       Phase: Pause Mark Start                              0.000 / 0.000         0.027 / 0.056         0.023 / 0.223         0.023 / 0.223       ms
[13120.316s][info][gc,stats    ]       Phase: Pause Relocate Start                          0.000 / 0.000         0.022 / 0.031         0.045 / 0.309         0.045 / 0.309       ms
[13120.316s][info][gc,stats    ]    Subphase: Concurrent Classes Purge                      0.000 / 0.000         0.645 / 0.772         0.518 / 3.157         0.518 / 3.157       ms
[13120.316s][info][gc,stats    ]    Subphase: Concurrent Classes Unlink                     0.000 / 0.000     10986.133 / 18382.834    64.039 / 18382.834    64.039 / 18382.834   ms
[13120.316s][info][gc,stats    ]    Subphase: Concurrent Mark                               0.000 / 0.000       546.903 / 571.680     450.151 / 3398.532    450.151 / 3398.532    ms
[13120.316s][info][gc,stats    ]    Subphase: Concurrent Mark Try Flush                     0.000 / 0.000         1.240 / 3.811         1.565 / 934.939       1.565 / 934.939     ms
[13120.316s][info][gc,stats    ]    Subphase: Concurrent Mark Try Terminate                 0.000 / 0.000         1.063 / 1.968         1.072 / 934.940       1.072 / 934.940     ms
[13120.316s][info][gc,stats    ]    Subphase: Concurrent References Enqueue                 0.000 / 0.000         0.009 / 0.010         0.009 / 0.091         0.009 / 0.091       ms
[13120.316s][info][gc,stats    ]    Subphase: Concurrent References Process                 0.000 / 0.000         1.247 / 1.654         0.881 / 3.992         0.881 / 3.992       ms
[13120.316s][info][gc,stats    ]    Subphase: Concurrent Roots ClassLoaderDataGraph         0.000 / 0.000         0.946 / 3.418         0.833 / 3.889         0.833 / 3.889       ms
[13120.316s][info][gc,stats    ]    Subphase: Concurrent Roots CodeCache                    0.000 / 0.000         0.000 / 0.000         0.000 / 0.000         0.000 / 0.000       ms
[13120.316s][info][gc,stats    ]    Subphase: Concurrent Roots JavaThreads                  0.000 / 0.000         4.643 / 6.014         4.665 / 969.487       4.665 / 969.487     ms
[13120.316s][info][gc,stats    ]    Subphase: Concurrent Roots OopStorageSet                0.000 / 0.000         0.099 / 0.683         0.083 / 2.218         0.083 / 2.218       ms
[13120.316s][info][gc,stats    ]    Subphase: Concurrent Weak Roots OopStorageSet           0.000 / 0.000         2.005 / 2.209         1.501 / 13.633        1.501 / 13.633      ms
[13120.316s][info][gc,stats    ]    Subphase: Pause Mark Try Complete                       0.000 / 0.000         0.001 / 0.007         0.001 / 0.031         0.001 / 0.031       ms
[13120.316s][info][gc,stats    ]      System: Java Threads                                      0 / 0              2437 / 2584           1929 / 4684           1929 / 4684        threads
[13120.316s][info][gc,stats    ] =========================================================================================================================================================
[13130.316s][info][gc,stats    ] === Garbage Collection Statistics =======================================================================================================================
[13130.316s][info][gc,stats    ]                                                              Last 10s              Last 10m              Last 10h                Total
[13130.316s][info][gc,stats    ]                                                              Avg / Max             Avg / Max             Avg / Max             Avg / Max
[13130.316s][info][gc,stats    ]   Collector: Garbage Collection Cycle                      0.000 / 0.000     11882.546 / 19032.234   665.978 / 19032.234   665.978 / 19032.234   ms
[13130.316s][info][gc,stats    ]  Contention: Mark Segment Reset Contention                     0 / 0                 0 / 46                2 / 104               2 / 104         ops/s
[13130.316s][info][gc,stats    ]  Contention: Mark SeqNum Reset Contention                      0 / 0                 0 / 3                 0 / 7                 0 / 7           ops/s
[13130.316s][info][gc,stats    ]    Critical: Allocation Stall                                  0 / 0                 4 / 456               0 / 827               0 / 827         ops/s
[13130.316s][info][gc,stats    ]    Critical: Allocation Stall                              0.000 / 0.000       123.941 / 421.031     146.230 / 487.490     146.230 / 487.490     ms
[13130.316s][info][gc,stats    ]    Critical: GC Locker Stall                                   0 / 0                 0 / 1                 0 / 2                 0 / 2           ops/s
[13130.316s][info][gc,stats    ]    Critical: GC Locker Stall                               0.000 / 0.000         0.001 / 0.001         0.167 / 4.787         0.167 / 4.787       ms
[13130.316s][info][gc,stats    ]    Critical: Relocation Stall                                  0 / 0                 0 / 103               0 / 103               0 / 103         ops/s
[13130.316s][info][gc,stats    ]    Critical: Relocation Stall                              0.000 / 0.000         8.696 / 12.652       14.882 / 62.172       14.882 / 62.172      ms
[13130.316s][info][gc,stats    ]      Memory: Allocation Rate                                   0 / 0                95 / 1842            531 / 2790            531 / 2790        MB/s
[13130.316s][info][gc,stats    ]      Memory: Out Of Memory                                     0 / 0                 0 / 0                 0 / 0                 0 / 0           ops/s
[13130.316s][info][gc,stats    ]      Memory: Page Cache Flush                                  0 / 0                 1 / 76                0 / 258               0 / 258         MB/s
[13130.316s][info][gc,stats    ]      Memory: Page Cache Hit L1                                 0 / 0                45 / 1005            258 / 1336            258 / 1336        ops/s
[13130.316s][info][gc,stats    ]      Memory: Page Cache Hit L2                                 0 / 0                 0 / 0                 0 / 0                 0 / 0           ops/s
[13130.316s][info][gc,stats    ]      Memory: Page Cache Hit L3                                 0 / 0                 0 / 128               0 / 1028              0 / 1028        ops/s
[13130.316s][info][gc,stats    ]      Memory: Page Cache Miss                                   0 / 0                 0 / 4                 0 / 12                0 / 12          ops/s
[13130.316s][info][gc,stats    ]      Memory: Uncommit                                          0 / 0                 0 / 0                 0 / 0                 0 / 0           MB/s
[13130.316s][info][gc,stats    ]      Memory: Undo Object Allocation Failed                     0 / 0                 0 / 5                 0 / 5                 0 / 5           ops/s
[13130.316s][info][gc,stats    ]      Memory: Undo Object Allocation Succeeded                  0 / 0                 7 / 2041             18 / 6595             18 / 6595        ops/s
[13130.316s][info][gc,stats    ]      Memory: Undo Page Allocation                              0 / 0                 3 / 357               0 / 676               0 / 676         ops/s
[13130.316s][info][gc,stats    ]       Phase: Concurrent Mark                               0.000 / 0.000       552.724 / 578.481     571.218 / 3424.228    571.218 / 3424.228    ms
[13130.316s][info][gc,stats    ]       Phase: Concurrent Mark Continue                      0.000 / 0.000         0.000 / 0.000         0.000 / 0.000         0.000 / 0.000       ms
[13130.316s][info][gc,stats    ]       Phase: Concurrent Mark Free                          0.000 / 0.000         0.001 / 0.001         1.118 / 305.339       1.118 / 305.339     ms
[13130.316s][info][gc,stats    ]       Phase: Concurrent Process Non-Strong References      0.000 / 0.000     12016.169 / 18388.762    69.335 / 18388.762    69.335 / 18388.762   ms
[13130.316s][info][gc,stats    ]       Phase: Concurrent Relocate                           0.000 / 0.000        28.273 / 38.576       11.475 / 64.108       11.475 / 64.108      ms
[13130.316s][info][gc,stats    ]       Phase: Concurrent Reset Relocation Set               0.000 / 0.000         0.621 / 0.955         0.212 / 0.968         0.212 / 0.968       ms
[13130.316s][info][gc,stats    ]       Phase: Concurrent Select Relocation Set              0.000 / 0.000        10.161 / 17.542        6.722 / 623.697       6.722 / 623.697     ms
[13130.316s][info][gc,stats    ]       Phase: Pause Mark End                                0.000 / 0.000         0.176 / 0.258         0.094 / 0.434         0.094 / 0.434       ms
[13130.316s][info][gc,stats    ]       Phase: Pause Mark Start                              0.000 / 0.000         0.028 / 0.056         0.023 / 0.223         0.023 / 0.223       ms
[13130.316s][info][gc,stats    ]       Phase: Pause Relocate Start                          0.000 / 0.000         0.022 / 0.031         0.045 / 0.309         0.045 / 0.309       ms
[13130.316s][info][gc,stats    ]    Subphase: Concurrent Classes Purge                      0.000 / 0.000         0.637 / 0.772         0.518 / 3.157         0.518 / 3.157       ms
[13130.316s][info][gc,stats    ]    Subphase: Concurrent Classes Unlink                     0.000 / 0.000     12010.562 / 18382.834    64.039 / 18382.834    64.039 / 18382.834   ms
[13130.316s][info][gc,stats    ]    Subphase: Concurrent Mark                               0.000 / 0.000       545.222 / 571.680     450.151 / 3398.532    450.151 / 3398.532    ms
[13130.316s][info][gc,stats    ]    Subphase: Concurrent Mark Try Flush                     0.000 / 0.000         1.159 / 3.273         1.565 / 934.939       1.565 / 934.939     ms
[13130.316s][info][gc,stats    ]    Subphase: Concurrent Mark Try Terminate                 0.000 / 0.000         1.062 / 1.169         1.072 / 934.940       1.072 / 934.940     ms
[13130.316s][info][gc,stats    ]    Subphase: Concurrent References Enqueue                 0.000 / 0.000         0.008 / 0.010         0.009 / 0.091         0.009 / 0.091       ms
[13130.316s][info][gc,stats    ]    Subphase: Concurrent References Process                 0.000 / 0.000         1.292 / 1.654         0.881 / 3.992         0.881 / 3.992       ms
[13130.316s][info][gc,stats    ]    Subphase: Concurrent Roots ClassLoaderDataGraph         0.000 / 0.000         0.963 / 3.418         0.833 / 3.889         0.833 / 3.889       ms
[13130.316s][info][gc,stats    ]    Subphase: Concurrent Roots CodeCache                    0.000 / 0.000         0.000 / 0.000         0.000 / 0.000         0.000 / 0.000       ms
[13130.316s][info][gc,stats    ]    Subphase: Concurrent Roots JavaThreads                  0.000 / 0.000         4.615 / 6.014         4.665 / 969.487       4.665 / 969.487     ms
[13130.316s][info][gc,stats    ]    Subphase: Concurrent Roots OopStorageSet                0.000 / 0.000         0.097 / 0.683         0.083 / 2.218         0.083 / 2.218       ms
[13130.316s][info][gc,stats    ]    Subphase: Concurrent Weak Roots OopStorageSet           0.000 / 0.000         2.016 / 2.209         1.501 / 13.633        1.501 / 13.633      ms
[13130.316s][info][gc,stats    ]    Subphase: Pause Mark Try Complete                       0.000 / 0.000         0.001 / 0.007         0.001 / 0.031         0.001 / 0.031       ms
[13130.316s][info][gc,stats    ]      System: Java Threads                                      0 / 0              2414 / 2584           1929 / 4684           1929 / 4684        threads
[13130.316s][info][gc,stats    ] =========================================================================================================================================================
[13140.316s][info][gc,stats    ] === Garbage Collection Statistics =======================================================================================================================
[13140.316s][info][gc,stats    ]                                                              Last 10s              Last 10m              Last 10h                Total
[13140.316s][info][gc,stats    ]                                                              Avg / Max             Avg / Max             Avg / Max             Avg / Max
[13140.316s][info][gc,stats    ]   Collector: Garbage Collection Cycle                      0.000 / 0.000     11882.546 / 19032.234   665.978 / 19032.234   665.978 / 19032.234   ms
[13140.316s][info][gc,stats    ]  Contention: Mark Segment Reset Contention                     0 / 0                 0 / 46                2 / 104               2 / 104         ops/s
[13140.316s][info][gc,stats    ]  Contention: Mark SeqNum Reset Contention                      0 / 0                 0 / 3                 0 / 7                 0 / 7           ops/s
[13140.316s][info][gc,stats    ]    Critical: Allocation Stall                                  0 / 0                 4 / 456               0 / 827               0 / 827         ops/s
[13140.316s][info][gc,stats    ]    Critical: Allocation Stall                              0.000 / 0.000       123.941 / 421.031     146.230 / 487.490     146.230 / 487.490     ms
[13140.316s][info][gc,stats    ]    Critical: GC Locker Stall                                   0 / 0                 0 / 1                 0 / 2                 0 / 2           ops/s
[13140.316s][info][gc,stats    ]    Critical: GC Locker Stall                               0.000 / 0.000         0.001 / 0.001         0.167 / 4.787         0.167 / 4.787       ms
[13140.316s][info][gc,stats    ]    Critical: Relocation Stall                                  0 / 0                 0 / 103               0 / 103               0 / 103         ops/s
[13140.316s][info][gc,stats    ]    Critical: Relocation Stall                              0.000 / 0.000         8.696 / 12.652       14.882 / 62.172       14.882 / 62.172      ms
[13140.316s][info][gc,stats    ]      Memory: Allocation Rate                                   0 / 0                86 / 1842            531 / 2790            531 / 2790        MB/s
[13140.316s][info][gc,stats    ]      Memory: Out Of Memory                                     0 / 0                 0 / 0                 0 / 0                 0 / 0           ops/s
[13140.316s][info][gc,stats    ]      Memory: Page Cache Flush                                  0 / 0                 1 / 76                0 / 258               0 / 258         MB/s
[13140.316s][info][gc,stats    ]      Memory: Page Cache Hit L1                                 0 / 0                40 / 1005            258 / 1336            258 / 1336        ops/s
[13140.316s][info][gc,stats    ]      Memory: Page Cache Hit L2                                 0 / 0                 0 / 0                 0 / 0                 0 / 0           ops/s
[13140.316s][info][gc,stats    ]      Memory: Page Cache Hit L3                                 0 / 0                 0 / 128               0 / 1028              0 / 1028        ops/s
[13140.316s][info][gc,stats    ]      Memory: Page Cache Miss                                   0 / 0                 0 / 4                 0 / 12                0 / 12          ops/s
[13140.316s][info][gc,stats    ]      Memory: Uncommit                                          0 / 0                 0 / 0                 0 / 0                 0 / 0           MB/s
[13140.316s][info][gc,stats    ]      Memory: Undo Object Allocation Failed                     0 / 0                 0 / 5                 0 / 5                 0 / 5           ops/s
[13140.316s][info][gc,stats    ]      Memory: Undo Object Allocation Succeeded                  0 / 0                 7 / 2041             18 / 6595             18 / 6595        ops/s
[13140.316s][info][gc,stats    ]      Memory: Undo Page Allocation                              0 / 0                 3 / 357               0 / 676               0 / 676         ops/s
[13140.316s][info][gc,stats    ]       Phase: Concurrent Mark                               0.000 / 0.000       552.724 / 578.481     571.218 / 3424.228    571.218 / 3424.228    ms
[13140.316s][info][gc,stats    ]       Phase: Concurrent Mark Continue                      0.000 / 0.000         0.000 / 0.000         0.000 / 0.000         0.000 / 0.000       ms
[13140.316s][info][gc,stats    ]       Phase: Concurrent Mark Free                          0.000 / 0.000         0.001 / 0.001         1.118 / 305.339       1.118 / 305.339     ms
[13140.316s][info][gc,stats    ]       Phase: Concurrent Process Non-Strong References      0.000 / 0.000     12016.169 / 18388.762    69.335 / 18388.762    69.335 / 18388.762   ms
[13140.316s][info][gc,stats    ]       Phase: Concurrent Relocate                           0.000 / 0.000        28.273 / 38.576       11.475 / 64.108       11.475 / 64.108      ms
[13140.316s][info][gc,stats    ]       Phase: Concurrent Reset Relocation Set               0.000 / 0.000         0.621 / 0.955         0.212 / 0.968         0.212 / 0.968       ms
[13140.316s][info][gc,stats    ]       Phase: Concurrent Select Relocation Set              0.000 / 0.000        10.161 / 17.542        6.722 / 623.697       6.722 / 623.697     ms
[13140.316s][info][gc,stats    ]       Phase: Pause Mark End                                0.000 / 0.000         0.176 / 0.258         0.094 / 0.434         0.094 / 0.434       ms
[13140.316s][info][gc,stats    ]       Phase: Pause Mark Start                              0.000 / 0.000         0.028 / 0.056         0.023 / 0.223         0.023 / 0.223       ms
[13140.316s][info][gc,stats    ]       Phase: Pause Relocate Start                          0.000 / 0.000         0.022 / 0.031         0.045 / 0.309         0.045 / 0.309       ms
[13140.316s][info][gc,stats    ]    Subphase: Concurrent Classes Purge                      0.000 / 0.000         0.637 / 0.772         0.518 / 3.157         0.518 / 3.157       ms
[13140.316s][info][gc,stats    ]    Subphase: Concurrent Classes Unlink                     0.000 / 0.000     12010.562 / 18382.834    64.039 / 18382.834    64.039 / 18382.834   ms
[13140.316s][info][gc,stats    ]    Subphase: Concurrent Mark                               0.000 / 0.000       545.222 / 571.680     450.151 / 3398.532    450.151 / 3398.532    ms
[13140.316s][info][gc,stats    ]    Subphase: Concurrent Mark Try Flush                     0.000 / 0.000         1.159 / 3.273         1.565 / 934.939       1.565 / 934.939     ms
[13140.316s][info][gc,stats    ]    Subphase: Concurrent Mark Try Terminate                 0.000 / 0.000         1.062 / 1.169         1.072 / 934.940       1.072 / 934.940     ms
[13140.316s][info][gc,stats    ]    Subphase: Concurrent References Enqueue                 0.000 / 0.000         0.008 / 0.010         0.009 / 0.091         0.009 / 0.091       ms
[13140.316s][info][gc,stats    ]    Subphase: Concurrent References Process                 0.000 / 0.000         1.292 / 1.654         0.881 / 3.992         0.881 / 3.992       ms
[13140.316s][info][gc,stats    ]    Subphase: Concurrent Roots ClassLoaderDataGraph         0.000 / 0.000         0.963 / 3.418         0.833 / 3.889         0.833 / 3.889       ms
[13140.316s][info][gc,stats    ]    Subphase: Concurrent Roots CodeCache                    0.000 / 0.000         0.000 / 0.000         0.000 / 0.000         0.000 / 0.000       ms
[13140.316s][info][gc,stats    ]    Subphase: Concurrent Roots JavaThreads                  0.000 / 0.000         4.615 / 6.014         4.665 / 969.487       4.665 / 969.487     ms
[13140.316s][info][gc,stats    ]    Subphase: Concurrent Roots OopStorageSet                0.000 / 0.000         0.097 / 0.683         0.083 / 2.218         0.083 / 2.218       ms
[13140.316s][info][gc,stats    ]    Subphase: Concurrent Weak Roots OopStorageSet           0.000 / 0.000         2.016 / 2.209         1.501 / 13.633        1.501 / 13.633      ms
[13140.316s][info][gc,stats    ]    Subphase: Pause Mark Try Complete                       0.000 / 0.000         0.001 / 0.007         0.001 / 0.031         0.001 / 0.031       ms
[13140.316s][info][gc,stats    ]      System: Java Threads                                      0 / 0              2414 / 2584           1929 / 4684           1929 / 4684        threads
[13140.316s][info][gc,stats    ] =========================================================================================================================================================
[13150.315s][info][gc,stats    ] === Garbage Collection Statistics =======================================================================================================================
[13150.316s][info][gc,stats    ]                                                              Last 10s              Last 10m              Last 10h                Total
[13150.316s][info][gc,stats    ]                                                              Avg / Max             Avg / Max             Avg / Max             Avg / Max
[13150.316s][info][gc,stats    ]   Collector: Garbage Collection Cycle                      0.000 / 0.000     12183.785 / 19032.234   665.978 / 19032.234   665.978 / 19032.234   ms
[13150.316s][info][gc,stats    ]  Contention: Mark Segment Reset Contention                     0 / 0                 0 / 46                2 / 104               2 / 104         ops/s
[13150.316s][info][gc,stats    ]  Contention: Mark SeqNum Reset Contention                      0 / 0                 0 / 3                 0 / 7                 0 / 7           ops/s
[13150.316s][info][gc,stats    ]    Critical: Allocation Stall                                  0 / 0                 2 / 456               0 / 827               0 / 827         ops/s
[13150.316s][info][gc,stats    ]    Critical: Allocation Stall                              0.000 / 0.000       110.472 / 284.279     146.230 / 487.490     146.230 / 487.490     ms
[13150.316s][info][gc,stats    ]    Critical: GC Locker Stall                                   0 / 0                 0 / 1                 0 / 2                 0 / 2           ops/s
[13150.316s][info][gc,stats    ]    Critical: GC Locker Stall                               0.000 / 0.000         0.001 / 0.001         0.167 / 4.787         0.167 / 4.787       ms
[13150.316s][info][gc,stats    ]    Critical: Relocation Stall                                  0 / 0                 0 / 0                 0 / 103               0 / 103         ops/s
[13150.316s][info][gc,stats    ]    Critical: Relocation Stall                              0.000 / 0.000         0.000 / 0.000        14.882 / 62.172       14.882 / 62.172      ms
[13150.316s][info][gc,stats    ]      Memory: Allocation Rate                                   0 / 0                71 / 1792            530 / 2790            530 / 2790        MB/s
[13150.316s][info][gc,stats    ]      Memory: Out Of Memory                                     0 / 0                 0 / 0                 0 / 0                 0 / 0           ops/s
[13150.316s][info][gc,stats    ]      Memory: Page Cache Flush                                  0 / 0                 1 / 76                0 / 258               0 / 258         MB/s
[13150.316s][info][gc,stats    ]      Memory: Page Cache Hit L1                                 0 / 0                33 / 879             258 / 1336            258 / 1336        ops/s
[13150.316s][info][gc,stats    ]      Memory: Page Cache Hit L2                                 0 / 0                 0 / 0                 0 / 0                 0 / 0           ops/s
[13150.316s][info][gc,stats    ]      Memory: Page Cache Hit L3                                 0 / 0                 0 / 128               0 / 1028              0 / 1028        ops/s
[13150.316s][info][gc,stats    ]      Memory: Page Cache Miss                                   0 / 0                 0 / 4                 0 / 12                0 / 12          ops/s
[13150.316s][info][gc,stats    ]      Memory: Uncommit                                          0 / 0                 0 / 0                 0 / 0                 0 / 0           MB/s
[13150.316s][info][gc,stats    ]      Memory: Undo Object Allocation Failed                     0 / 0                 0 / 5                 0 / 5                 0 / 5           ops/s
[13150.316s][info][gc,stats    ]      Memory: Undo Object Allocation Succeeded                  0 / 0                 5 / 2041             18 / 6595             18 / 6595        ops/s
[13150.316s][info][gc,stats    ]      Memory: Undo Page Allocation                              0 / 0                 2 / 357               0 / 676               0 / 676         ops/s
[13150.316s][info][gc,stats    ]       Phase: Concurrent Mark                               0.000 / 0.000       556.713 / 569.372     571.218 / 3424.228    571.218 / 3424.228    ms
[13150.316s][info][gc,stats    ]       Phase: Concurrent Mark Continue                      0.000 / 0.000         0.000 / 0.000         0.000 / 0.000         0.000 / 0.000       ms
[13150.316s][info][gc,stats    ]       Phase: Concurrent Mark Free                          0.000 / 0.000         0.001 / 0.001         1.118 / 305.339       1.118 / 305.339     ms
[13150.316s][info][gc,stats    ]       Phase: Concurrent Process Non-Strong References      0.000 / 0.000     12580.619 / 18388.762    69.335 / 18388.762    69.335 / 18388.762   ms
[13150.316s][info][gc,stats    ]       Phase: Concurrent Relocate                           0.000 / 0.000        31.506 / 38.576       11.475 / 64.108       11.475 / 64.108      ms
[13150.316s][info][gc,stats    ]       Phase: Concurrent Reset Relocation Set               0.000 / 0.000         0.665 / 0.955         0.212 / 0.968         0.212 / 0.968       ms
[13150.316s][info][gc,stats    ]       Phase: Concurrent Select Relocation Set              0.000 / 0.000        10.808 / 17.542        6.722 / 623.697       6.722 / 623.697     ms
[13150.316s][info][gc,stats    ]       Phase: Pause Mark End                                0.000 / 0.000         0.173 / 0.258         0.094 / 0.434         0.094 / 0.434       ms
[13150.316s][info][gc,stats    ]       Phase: Pause Mark Start                              0.000 / 0.000         0.022 / 0.024         0.023 / 0.223         0.023 / 0.223       ms
[13150.316s][info][gc,stats    ]       Phase: Pause Relocate Start                          0.000 / 0.000         0.022 / 0.031         0.045 / 0.309         0.045 / 0.309       ms
[13150.316s][info][gc,stats    ]    Subphase: Concurrent Classes Purge                      0.000 / 0.000         0.666 / 0.772         0.518 / 3.157         0.518 / 3.157       ms
[13150.316s][info][gc,stats    ]    Subphase: Concurrent Classes Unlink                     0.000 / 0.000     12574.922 / 18382.834    64.039 / 18382.834    64.039 / 18382.834   ms
[13150.316s][info][gc,stats    ]    Subphase: Concurrent Mark                               0.000 / 0.000       549.406 / 562.136     450.151 / 3398.532    450.151 / 3398.532    ms
[13150.316s][info][gc,stats    ]    Subphase: Concurrent Mark Try Flush                     0.000 / 0.000         1.083 / 3.273         1.565 / 934.939       1.565 / 934.939     ms
[13150.316s][info][gc,stats    ]    Subphase: Concurrent Mark Try Terminate                 0.000 / 0.000         1.062 / 1.169         1.072 / 934.940       1.072 / 934.940     ms
[13150.316s][info][gc,stats    ]    Subphase: Concurrent References Enqueue                 0.000 / 0.000         0.008 / 0.010         0.009 / 0.091         0.009 / 0.091       ms
[13150.316s][info][gc,stats    ]    Subphase: Concurrent References Process                 0.000 / 0.000         1.292 / 1.654         0.881 / 3.992         0.881 / 3.992       ms
[13150.316s][info][gc,stats    ]    Subphase: Concurrent Roots ClassLoaderDataGraph         0.000 / 0.000         0.918 / 1.363         0.833 / 3.889         0.833 / 3.889       ms
[13150.316s][info][gc,stats    ]    Subphase: Concurrent Roots CodeCache                    0.000 / 0.000         0.000 / 0.000         0.000 / 0.000         0.000 / 0.000       ms
[13150.316s][info][gc,stats    ]    Subphase: Concurrent Roots JavaThreads                  0.000 / 0.000         4.557 / 5.579         4.665 / 969.487       4.665 / 969.487     ms
[13150.316s][info][gc,stats    ]    Subphase: Concurrent Roots OopStorageSet                0.000 / 0.000         0.090 / 0.191         0.083 / 2.218         0.083 / 2.218       ms
[13150.316s][info][gc,stats    ]    Subphase: Concurrent Weak Roots OopStorageSet           0.000 / 0.000         2.024 / 2.190         1.501 / 13.633        1.501 / 13.633      ms
[13150.316s][info][gc,stats    ]    Subphase: Pause Mark Try Complete                       0.000 / 0.000         0.001 / 0.007         0.001 / 0.031         0.001 / 0.031       ms
[13150.316s][info][gc,stats    ]      System: Java Threads                                      0 / 0              2335 / 2351           1929 / 4684           1929 / 4684        threads
[13150.316s][info][gc,stats    ] =========================================================================================================================================================
[13160.315s][info][gc,stats    ] === Garbage Collection Statistics =======================================================================================================================
[13160.315s][info][gc,stats    ]                                                              Last 10s              Last 10m              Last 10h                Total
[13160.315s][info][gc,stats    ]                                                              Avg / Max             Avg / Max             Avg / Max             Avg / Max
[13160.315s][info][gc,stats    ]   Collector: Garbage Collection Cycle                      0.000 / 0.000     12183.785 / 19032.234   665.978 / 19032.234   665.978 / 19032.234   ms
[13160.315s][info][gc,stats    ]  Contention: Mark Segment Reset Contention                     0 / 0                 0 / 46                2 / 104               2 / 104         ops/s
[13160.315s][info][gc,stats    ]  Contention: Mark SeqNum Reset Contention                      0 / 0                 0 / 3                 0 / 7                 0 / 7           ops/s
[13160.315s][info][gc,stats    ]    Critical: Allocation Stall                                  0 / 0                 2 / 456               0 / 827               0 / 827         ops/s
[13160.315s][info][gc,stats    ]    Critical: Allocation Stall                              0.000 / 0.000       110.472 / 284.279     146.230 / 487.490     146.230 / 487.490     ms
[13160.315s][info][gc,stats    ]    Critical: GC Locker Stall                                   0 / 0                 0 / 1                 0 / 2                 0 / 2           ops/s
[13160.315s][info][gc,stats    ]    Critical: GC Locker Stall                               0.000 / 0.000         0.001 / 0.001         0.167 / 4.787         0.167 / 4.787       ms
[13160.315s][info][gc,stats    ]    Critical: Relocation Stall                                  0 / 0                 0 / 0                 0 / 103               0 / 103         ops/s
[13160.315s][info][gc,stats    ]    Critical: Relocation Stall                              0.000 / 0.000         0.000 / 0.000        14.882 / 62.172       14.882 / 62.172      ms
[13160.315s][info][gc,stats    ]      Memory: Allocation Rate                                   0 / 0                62 / 1792            530 / 2790            530 / 2790        MB/s
[13160.315s][info][gc,stats    ]      Memory: Out Of Memory                                     0 / 0                 0 / 0                 0 / 0                 0 / 0           ops/s
[13160.315s][info][gc,stats    ]      Memory: Page Cache Flush                                  0 / 0                 1 / 76                0 / 258               0 / 258         MB/s
[13160.315s][info][gc,stats    ]      Memory: Page Cache Hit L1                                 0 / 0                29 / 879             258 / 1336            258 / 1336        ops/s
[13160.315s][info][gc,stats    ]      Memory: Page Cache Hit L2                                 0 / 0                 0 / 0                 0 / 0                 0 / 0           ops/s
[13160.315s][info][gc,stats    ]      Memory: Page Cache Hit L3                                 0 / 0                 0 / 128               0 / 1028              0 / 1028        ops/s
[13160.315s][info][gc,stats    ]      Memory: Page Cache Miss                                   0 / 0                 0 / 4                 0 / 12                0 / 12          ops/s
[13160.315s][info][gc,stats    ]      Memory: Uncommit                                          0 / 0                 0 / 0                 0 / 0                 0 / 0           MB/s
[13160.315s][info][gc,stats    ]      Memory: Undo Object Allocation Failed                     0 / 0                 0 / 5                 0 / 5                 0 / 5           ops/s
[13160.315s][info][gc,stats    ]      Memory: Undo Object Allocation Succeeded                  0 / 0                 5 / 2041             18 / 6595             18 / 6595        ops/s
[13160.315s][info][gc,stats    ]      Memory: Undo Page Allocation                              0 / 0                 2 / 357               0 / 676               0 / 676         ops/s
[13160.316s][info][gc,stats    ]       Phase: Concurrent Mark                               0.000 / 0.000       556.713 / 569.372     571.218 / 3424.228    571.218 / 3424.228    ms
[13160.316s][info][gc,stats    ]       Phase: Concurrent Mark Continue                      0.000 / 0.000         0.000 / 0.000         0.000 / 0.000         0.000 / 0.000       ms
[13160.316s][info][gc,stats    ]       Phase: Concurrent Mark Free                          0.000 / 0.000         0.001 / 0.001         1.118 / 305.339       1.118 / 305.339     ms
[13160.316s][info][gc,stats    ]       Phase: Concurrent Process Non-Strong References      0.000 / 0.000     12580.619 / 18388.762    69.335 / 18388.762    69.335 / 18388.762   ms
[13160.316s][info][gc,stats    ]       Phase: Concurrent Relocate                           0.000 / 0.000        31.506 / 38.576       11.475 / 64.108       11.475 / 64.108      ms
[13160.316s][info][gc,stats    ]       Phase: Concurrent Reset Relocation Set               0.000 / 0.000         0.665 / 0.955         0.212 / 0.968         0.212 / 0.968       ms
[13160.316s][info][gc,stats    ]       Phase: Concurrent Select Relocation Set              0.000 / 0.000        10.808 / 17.542        6.722 / 623.697       6.722 / 623.697     ms
[13160.316s][info][gc,stats    ]       Phase: Pause Mark End                                0.000 / 0.000         0.173 / 0.258         0.094 / 0.434         0.094 / 0.434       ms
[13160.316s][info][gc,stats    ]       Phase: Pause Mark Start                              0.000 / 0.000         0.022 / 0.024         0.023 / 0.223         0.023 / 0.223       ms
[13160.316s][info][gc,stats    ]       Phase: Pause Relocate Start                          0.000 / 0.000         0.022 / 0.031         0.045 / 0.309         0.045 / 0.309       ms
[13160.316s][info][gc,stats    ]    Subphase: Concurrent Classes Purge                      0.000 / 0.000         0.666 / 0.772         0.518 / 3.157         0.518 / 3.157       ms
[13160.316s][info][gc,stats    ]    Subphase: Concurrent Classes Unlink                     0.000 / 0.000     12574.922 / 18382.834    64.039 / 18382.834    64.039 / 18382.834   ms
[13160.316s][info][gc,stats    ]    Subphase: Concurrent Mark                               0.000 / 0.000       549.406 / 562.136     450.151 / 3398.532    450.151 / 3398.532    ms
[13160.316s][info][gc,stats    ]    Subphase: Concurrent Mark Try Flush                     0.000 / 0.000         1.083 / 3.273         1.565 / 934.939       1.565 / 934.939     ms
[13160.316s][info][gc,stats    ]    Subphase: Concurrent Mark Try Terminate                 0.000 / 0.000         1.062 / 1.169         1.072 / 934.940       1.072 / 934.940     ms
[13160.316s][info][gc,stats    ]    Subphase: Concurrent References Enqueue                 0.000 / 0.000         0.008 / 0.010         0.009 / 0.091         0.009 / 0.091       ms
[13160.316s][info][gc,stats    ]    Subphase: Concurrent References Process                 0.000 / 0.000         1.292 / 1.654         0.881 / 3.992         0.881 / 3.992       ms
[13160.316s][info][gc,stats    ]    Subphase: Concurrent Roots ClassLoaderDataGraph         0.000 / 0.000         0.918 / 1.363         0.833 / 3.889         0.833 / 3.889       ms
[13160.316s][info][gc,stats    ]    Subphase: Concurrent Roots CodeCache                    0.000 / 0.000         0.000 / 0.000         0.000 / 0.000         0.000 / 0.000       ms
[13160.316s][info][gc,stats    ]    Subphase: Concurrent Roots JavaThreads                  0.000 / 0.000         4.557 / 5.579         4.665 / 969.487       4.665 / 969.487     ms
[13160.316s][info][gc,stats    ]    Subphase: Concurrent Roots OopStorageSet                0.000 / 0.000         0.090 / 0.191         0.083 / 2.218         0.083 / 2.218       ms
[13160.316s][info][gc,stats    ]    Subphase: Concurrent Weak Roots OopStorageSet           0.000 / 0.000         2.024 / 2.190         1.501 / 13.633        1.501 / 13.633      ms
[13160.316s][info][gc,stats    ]    Subphase: Pause Mark Try Complete                       0.000 / 0.000         0.001 / 0.007         0.001 / 0.031         0.001 / 0.031       ms
[13160.316s][info][gc,stats    ]      System: Java Threads                                      0 / 0              2335 / 2351           1929 / 4684           1929 / 4684        threads
[13160.316s][info][gc,stats    ] =========================================================================================================================================================
[13170.316s][info][gc,stats    ] === Garbage Collection Statistics =======================================================================================================================
[13170.316s][info][gc,stats    ]                                                              Last 10s              Last 10m              Last 10h                Total
[13170.316s][info][gc,stats    ]                                                              Avg / Max             Avg / Max             Avg / Max             Avg / Max
[13170.316s][info][gc,stats    ]   Collector: Garbage Collection Cycle                      0.000 / 0.000     12342.977 / 18375.555   665.978 / 19032.234   665.978 / 19032.234   ms
[13170.316s][info][gc,stats    ]  Contention: Mark Segment Reset Contention                     0 / 0                 0 / 46                2 / 104               2 / 104         ops/s
[13170.316s][info][gc,stats    ]  Contention: Mark SeqNum Reset Contention                      0 / 0                 0 / 3                 0 / 7                 0 / 7           ops/s
[13170.316s][info][gc,stats    ]    Critical: Allocation Stall                                  0 / 0                 2 / 456               0 / 827               0 / 827         ops/s
[13170.316s][info][gc,stats    ]    Critical: Allocation Stall                              0.000 / 0.000       109.474 / 272.240     146.230 / 487.490     146.230 / 487.490     ms
[13170.316s][info][gc,stats    ]    Critical: GC Locker Stall                                   0 / 0                 0 / 1                 0 / 2                 0 / 2           ops/s
[13170.316s][info][gc,stats    ]    Critical: GC Locker Stall                               0.000 / 0.000         0.001 / 0.001         0.167 / 4.787         0.167 / 4.787       ms
[13170.316s][info][gc,stats    ]    Critical: Relocation Stall                                  0 / 0                 0 / 0                 0 / 103               0 / 103         ops/s
[13170.316s][info][gc,stats    ]    Critical: Relocation Stall                              0.000 / 0.000         0.000 / 0.000        14.882 / 62.172       14.882 / 62.172      ms
[13170.316s][info][gc,stats    ]      Memory: Allocation Rate                                   0 / 0                48 / 1792            529 / 2790            529 / 2790        MB/s
[13170.316s][info][gc,stats    ]      Memory: Out Of Memory                                     0 / 0                 0 / 0                 0 / 0                 0 / 0           ops/s
[13170.316s][info][gc,stats    ]      Memory: Page Cache Flush                                  0 / 0                 0 / 76                0 / 258               0 / 258         MB/s
[13170.316s][info][gc,stats    ]      Memory: Page Cache Hit L1                                 0 / 0                22 / 879             258 / 1336            258 / 1336        ops/s
[13170.316s][info][gc,stats    ]      Memory: Page Cache Hit L2                                 0 / 0                 0 / 0                 0 / 0                 0 / 0           ops/s
[13170.316s][info][gc,stats    ]      Memory: Page Cache Hit L3                                 0 / 0                 0 / 94                0 / 1028              0 / 1028        ops/s
[13170.316s][info][gc,stats    ]      Memory: Page Cache Miss                                   0 / 0                 0 / 4                 0 / 12                0 / 12          ops/s
[13170.316s][info][gc,stats    ]      Memory: Uncommit                                          0 / 0                 0 / 0                 0 / 0                 0 / 0           MB/s
[13170.316s][info][gc,stats    ]      Memory: Undo Object Allocation Failed                     0 / 0                 0 / 3                 0 / 5                 0 / 5           ops/s
[13170.316s][info][gc,stats    ]      Memory: Undo Object Allocation Succeeded                  0 / 0                 2 / 1202             18 / 6595             18 / 6595        ops/s
[13170.316s][info][gc,stats    ]      Memory: Undo Page Allocation                              0 / 0                 1 / 357               0 / 676               0 / 676         ops/s
[13170.316s][info][gc,stats    ]       Phase: Concurrent Mark                               0.000 / 0.000       560.173 / 569.372     571.218 / 3424.228    571.218 / 3424.228    ms
[13170.316s][info][gc,stats    ]       Phase: Concurrent Mark Continue                      0.000 / 0.000         0.000 / 0.000         0.000 / 0.000         0.000 / 0.000       ms
[13170.316s][info][gc,stats    ]       Phase: Concurrent Mark Free                          0.000 / 0.000         0.001 / 0.001         1.118 / 305.339       1.118 / 305.339     ms
[13170.316s][info][gc,stats    ]       Phase: Concurrent Process Non-Strong References      0.000 / 0.000     13435.120 / 17730.056    69.335 / 18388.762    69.335 / 18388.762   ms
[13170.316s][info][gc,stats    ]       Phase: Concurrent Relocate                           0.000 / 0.000        27.679 / 27.907       11.475 / 64.108       11.475 / 64.108      ms
[13170.316s][info][gc,stats    ]       Phase: Concurrent Reset Relocation Set               0.000 / 0.000         0.683 / 0.955         0.212 / 0.968         0.212 / 0.968       ms
[13170.316s][info][gc,stats    ]       Phase: Concurrent Select Relocation Set              0.000 / 0.000         9.684 / 10.949        6.722 / 623.697       6.722 / 623.697     ms
[13170.316s][info][gc,stats    ]       Phase: Pause Mark End                                0.000 / 0.000         0.145 / 0.213         0.094 / 0.434         0.094 / 0.434       ms
[13170.316s][info][gc,stats    ]       Phase: Pause Mark Start                              0.000 / 0.000         0.022 / 0.022         0.023 / 0.223         0.023 / 0.223       ms
[13170.316s][info][gc,stats    ]       Phase: Pause Relocate Start                          0.000 / 0.000         0.021 / 0.022         0.045 / 0.309         0.045 / 0.309       ms
[13170.316s][info][gc,stats    ]    Subphase: Concurrent Classes Purge                      0.000 / 0.000         0.643 / 0.684         0.518 / 3.157         0.518 / 3.157       ms
[13170.316s][info][gc,stats    ]    Subphase: Concurrent Classes Unlink                     0.000 / 0.000     13429.392 / 17724.736    64.039 / 18382.834    64.039 / 18382.834   ms
[13170.316s][info][gc,stats    ]    Subphase: Concurrent Mark                               0.000 / 0.000       552.970 / 562.136     450.151 / 3398.532    450.151 / 3398.532    ms
[13170.316s][info][gc,stats    ]    Subphase: Concurrent Mark Try Flush                     0.000 / 0.000         1.210 / 3.237         1.565 / 934.939       1.565 / 934.939     ms
[13170.316s][info][gc,stats    ]    Subphase: Concurrent Mark Try Terminate                 0.000 / 0.000         1.060 / 1.108         1.072 / 934.940       1.072 / 934.940     ms
[13170.316s][info][gc,stats    ]    Subphase: Concurrent References Enqueue                 0.000 / 0.000         0.009 / 0.010         0.009 / 0.091         0.009 / 0.091       ms
[13170.316s][info][gc,stats    ]    Subphase: Concurrent References Process                 0.000 / 0.000         1.326 / 1.654         0.881 / 3.992         0.881 / 3.992       ms
[13170.316s][info][gc,stats    ]    Subphase: Concurrent Roots ClassLoaderDataGraph         0.000 / 0.000         0.954 / 1.157         0.833 / 3.889         0.833 / 3.889       ms
[13170.316s][info][gc,stats    ]    Subphase: Concurrent Roots CodeCache                    0.000 / 0.000         0.000 / 0.000         0.000 / 0.000         0.000 / 0.000       ms
[13170.316s][info][gc,stats    ]    Subphase: Concurrent Roots JavaThreads                  0.000 / 0.000         4.225 / 4.890         4.665 / 969.487       4.665 / 969.487     ms
[13170.316s][info][gc,stats    ]    Subphase: Concurrent Roots OopStorageSet                0.000 / 0.000         0.092 / 0.191         0.083 / 2.218         0.083 / 2.218       ms
[13170.316s][info][gc,stats    ]    Subphase: Concurrent Weak Roots OopStorageSet           0.000 / 0.000         2.048 / 2.190         1.501 / 13.633        1.501 / 13.633      ms
[13170.316s][info][gc,stats    ]    Subphase: Pause Mark Try Complete                       0.000 / 0.000         0.001 / 0.007         0.001 / 0.031         0.001 / 0.031       ms
[13170.316s][info][gc,stats    ]      System: Java Threads                                      0 / 0              2326 / 2351           1929 / 4684           1929 / 4684        threads
[13170.316s][info][gc,stats    ] =========================================================================================================================================================
[13180.316s][info][gc,stats    ] === Garbage Collection Statistics =======================================================================================================================
[13180.316s][info][gc,stats    ]                                                              Last 10s              Last 10m              Last 10h                Total
[13180.316s][info][gc,stats    ]                                                              Avg / Max             Avg / Max             Avg / Max             Avg / Max
[13180.316s][info][gc,stats    ]   Collector: Garbage Collection Cycle                      0.000 / 0.000     12342.977 / 18375.555   665.978 / 19032.234   665.978 / 19032.234   ms
[13180.316s][info][gc,stats    ]  Contention: Mark Segment Reset Contention                     0 / 0                 0 / 46                2 / 104               2 / 104         ops/s
[13180.316s][info][gc,stats    ]  Contention: Mark SeqNum Reset Contention                      0 / 0                 0 / 3                 0 / 7                 0 / 7           ops/s
[13180.316s][info][gc,stats    ]    Critical: Allocation Stall                                  0 / 0                 2 / 456               0 / 827               0 / 827         ops/s
[13180.316s][info][gc,stats    ]    Critical: Allocation Stall                              0.000 / 0.000       109.474 / 272.240     146.230 / 487.490     146.230 / 487.490     ms
[13180.316s][info][gc,stats    ]    Critical: GC Locker Stall                                   0 / 0                 0 / 1                 0 / 2                 0 / 2           ops/s
[13180.316s][info][gc,stats    ]    Critical: GC Locker Stall                               0.000 / 0.000         0.001 / 0.001         0.167 / 4.787         0.167 / 4.787       ms
[13180.316s][info][gc,stats    ]    Critical: Relocation Stall                                  0 / 0                 0 / 0                 0 / 103               0 / 103         ops/s
[13180.316s][info][gc,stats    ]    Critical: Relocation Stall                              0.000 / 0.000         0.000 / 0.000        14.882 / 62.172       14.882 / 62.172      ms
[13180.316s][info][gc,stats    ]      Memory: Allocation Rate                                   0 / 0                38 / 1792            529 / 2790            529 / 2790        MB/s
[13180.316s][info][gc,stats    ]      Memory: Out Of Memory                                     0 / 0                 0 / 0                 0 / 0                 0 / 0           ops/s
[13180.316s][info][gc,stats    ]      Memory: Page Cache Flush                                  0 / 0                 0 / 76                0 / 258               0 / 258         MB/s
[13180.316s][info][gc,stats    ]      Memory: Page Cache Hit L1                                 0 / 0                18 / 879             257 / 1336            257 / 1336        ops/s
[13180.316s][info][gc,stats    ]      Memory: Page Cache Hit L2                                 0 / 0                 0 / 0                 0 / 0                 0 / 0           ops/s
[13180.316s][info][gc,stats    ]      Memory: Page Cache Hit L3                                 0 / 0                 0 / 94                0 / 1028              0 / 1028        ops/s
[13180.316s][info][gc,stats    ]      Memory: Page Cache Miss                                   0 / 0                 0 / 4                 0 / 12                0 / 12          ops/s
[13180.316s][info][gc,stats    ]      Memory: Uncommit                                          0 / 0                 0 / 0                 0 / 0                 0 / 0           MB/s
[13180.316s][info][gc,stats    ]      Memory: Undo Object Allocation Failed                     0 / 0                 0 / 3                 0 / 5                 0 / 5           ops/s
[13180.316s][info][gc,stats    ]      Memory: Undo Object Allocation Succeeded                  0 / 0                 2 / 1202             18 / 6595             18 / 6595        ops/s
[13180.316s][info][gc,stats    ]      Memory: Undo Page Allocation                              0 / 0                 1 / 357               0 / 676               0 / 676         ops/s
[13180.316s][info][gc,stats    ]       Phase: Concurrent Mark                               0.000 / 0.000       555.573 / 563.407     571.218 / 3424.228    571.218 / 3424.228    ms
[13180.316s][info][gc,stats    ]       Phase: Concurrent Mark Continue                      0.000 / 0.000         0.000 / 0.000         0.000 / 0.000         0.000 / 0.000       ms
[13180.316s][info][gc,stats    ]       Phase: Concurrent Mark Free                          0.000 / 0.000         0.001 / 0.001         1.118 / 305.339       1.118 / 305.339     ms
[13180.316s][info][gc,stats    ]       Phase: Concurrent Process Non-Strong References      0.000 / 0.000     13435.120 / 17730.056    69.335 / 18388.762    69.335 / 18388.762   ms
[13180.316s][info][gc,stats    ]       Phase: Concurrent Relocate                           0.000 / 0.000        27.679 / 27.907       11.475 / 64.108       11.475 / 64.108      ms
[13180.316s][info][gc,stats    ]       Phase: Concurrent Reset Relocation Set               0.000 / 0.000         0.683 / 0.955         0.212 / 0.968         0.212 / 0.968       ms
[13180.316s][info][gc,stats    ]       Phase: Concurrent Select Relocation Set              0.000 / 0.000         9.684 / 10.949        6.722 / 623.697       6.722 / 623.697     ms
[13180.316s][info][gc,stats    ]       Phase: Pause Mark End                                0.000 / 0.000         0.154 / 0.213         0.094 / 0.434         0.094 / 0.434       ms
[13180.316s][info][gc,stats    ]       Phase: Pause Mark Start                              0.000 / 0.000         0.022 / 0.022         0.023 / 0.223         0.023 / 0.223       ms
[13180.316s][info][gc,stats    ]       Phase: Pause Relocate Start                          0.000 / 0.000         0.021 / 0.022         0.045 / 0.309         0.045 / 0.309       ms
[13180.316s][info][gc,stats    ]    Subphase: Concurrent Classes Purge                      0.000 / 0.000         0.643 / 0.684         0.518 / 3.157         0.518 / 3.157       ms
[13180.316s][info][gc,stats    ]    Subphase: Concurrent Classes Unlink                     0.000 / 0.000     13429.392 / 17724.736    64.039 / 18382.834    64.039 / 18382.834   ms
[13180.316s][info][gc,stats    ]    Subphase: Concurrent Mark                               0.000 / 0.000       548.537 / 556.469     450.151 / 3398.532    450.151 / 3398.532    ms
[13180.316s][info][gc,stats    ]    Subphase: Concurrent Mark Try Flush                     0.000 / 0.000         1.085 / 2.723         1.565 / 934.939       1.565 / 934.939     ms
[13180.316s][info][gc,stats    ]    Subphase: Concurrent Mark Try Terminate                 0.000 / 0.000         1.060 / 1.108         1.072 / 934.940       1.072 / 934.940     ms
[13180.316s][info][gc,stats    ]    Subphase: Concurrent References Enqueue                 0.000 / 0.000         0.009 / 0.010         0.009 / 0.091         0.009 / 0.091       ms
[13180.316s][info][gc,stats    ]    Subphase: Concurrent References Process                 0.000 / 0.000         1.537 / 1.654         0.881 / 3.992         0.881 / 3.992       ms
[13180.316s][info][gc,stats    ]    Subphase: Concurrent Roots ClassLoaderDataGraph         0.000 / 0.000         0.954 / 1.157         0.833 / 3.889         0.833 / 3.889       ms
[13180.316s][info][gc,stats    ]    Subphase: Concurrent Roots CodeCache                    0.000 / 0.000         0.000 / 0.000         0.000 / 0.000         0.000 / 0.000       ms
[13180.316s][info][gc,stats    ]    Subphase: Concurrent Roots JavaThreads                  0.000 / 0.000         4.225 / 4.890         4.665 / 969.487       4.665 / 969.487     ms
[13180.316s][info][gc,stats    ]    Subphase: Concurrent Roots OopStorageSet                0.000 / 0.000         0.092 / 0.191         0.083 / 2.218         0.083 / 2.218       ms
[13180.316s][info][gc,stats    ]    Subphase: Concurrent Weak Roots OopStorageSet           0.000 / 0.000         2.008 / 2.077         1.501 / 13.633        1.501 / 13.633      ms
[13180.316s][info][gc,stats    ]    Subphase: Pause Mark Try Complete                       0.000 / 0.000         0.001 / 0.007         0.001 / 0.031         0.001 / 0.031       ms
[13180.316s][info][gc,stats    ]      System: Java Threads                                      0 / 0              2323 / 2350           1929 / 4684           1929 / 4684        threads
[13180.316s][info][gc,stats    ] =========================================================================================================================================================
[13190.315s][info][gc,stats    ] === Garbage Collection Statistics =======================================================================================================================
[13190.315s][info][gc,stats    ]                                                              Last 10s              Last 10m              Last 10h                Total
[13190.315s][info][gc,stats    ]                                                              Avg / Max             Avg / Max             Avg / Max             Avg / Max
[13190.315s][info][gc,stats    ]   Collector: Garbage Collection Cycle                      0.000 / 0.000      6310.400 / 6310.400    665.978 / 19032.234   665.978 / 19032.234   ms
[13190.315s][info][gc,stats    ]  Contention: Mark Segment Reset Contention                     0 / 0                 0 / 46                2 / 104               2 / 104         ops/s
[13190.315s][info][gc,stats    ]  Contention: Mark SeqNum Reset Contention                      0 / 0                 0 / 3                 0 / 7                 0 / 7           ops/s
[13190.315s][info][gc,stats    ]    Critical: Allocation Stall                                  0 / 0                 1 / 456               0 / 827               0 / 827         ops/s
[13190.315s][info][gc,stats    ]    Critical: Allocation Stall                              0.000 / 0.000       110.720 / 271.186     146.230 / 487.490     146.230 / 487.490     ms
[13190.315s][info][gc,stats    ]    Critical: GC Locker Stall                                   0 / 0                 0 / 0                 0 / 2                 0 / 2           ops/s
[13190.315s][info][gc,stats    ]    Critical: GC Locker Stall                               0.000 / 0.000         0.000 / 0.000         0.167 / 4.787         0.167 / 4.787       ms
[13190.315s][info][gc,stats    ]    Critical: Relocation Stall                                  0 / 0                 0 / 0                 0 / 103               0 / 103         ops/s
[13190.315s][info][gc,stats    ]    Critical: Relocation Stall                              0.000 / 0.000         0.000 / 0.000        14.882 / 62.172       14.882 / 62.172      ms
[13190.315s][info][gc,stats    ]      Memory: Allocation Rate                                   0 / 0                25 / 1430            529 / 2790            529 / 2790        MB/s
[13190.315s][info][gc,stats    ]      Memory: Out Of Memory                                     0 / 0                 0 / 0                 0 / 0                 0 / 0           ops/s
[13190.315s][info][gc,stats    ]      Memory: Page Cache Flush                                  0 / 0                 0 / 76                0 / 258               0 / 258         MB/s
[13190.315s][info][gc,stats    ]      Memory: Page Cache Hit L1                                 0 / 0                12 / 772             257 / 1336            257 / 1336        ops/s
[13190.315s][info][gc,stats    ]      Memory: Page Cache Hit L2                                 0 / 0                 0 / 0                 0 / 0                 0 / 0           ops/s
[13190.315s][info][gc,stats    ]      Memory: Page Cache Hit L3                                 0 / 0                 0 / 94                0 / 1028              0 / 1028        ops/s
[13190.315s][info][gc,stats    ]      Memory: Page Cache Miss                                   0 / 0                 0 / 4                 0 / 12                0 / 12          ops/s
[13190.315s][info][gc,stats    ]      Memory: Uncommit                                          0 / 0                 0 / 0                 0 / 0                 0 / 0           MB/s
[13190.315s][info][gc,stats    ]      Memory: Undo Object Allocation Failed                     0 / 0                 0 / 0                 0 / 5                 0 / 5           ops/s
[13190.315s][info][gc,stats    ]      Memory: Undo Object Allocation Succeeded                  0 / 0                 2 / 1202             18 / 6595             18 / 6595        ops/s
[13190.315s][info][gc,stats    ]      Memory: Undo Page Allocation                              0 / 0                 1 / 356               0 / 676               0 / 676         ops/s
[13190.315s][info][gc,stats    ]       Phase: Concurrent Mark                               0.000 / 0.000       547.739 / 547.739     571.218 / 3424.228    571.218 / 3424.228    ms
[13190.315s][info][gc,stats    ]       Phase: Concurrent Mark Continue                      0.000 / 0.000         0.000 / 0.000         0.000 / 0.000         0.000 / 0.000       ms
[13190.315s][info][gc,stats    ]       Phase: Concurrent Mark Free                          0.000 / 0.000         0.001 / 0.001         1.118 / 305.339       1.118 / 305.339     ms
[13190.316s][info][gc,stats    ]       Phase: Concurrent Process Non-Strong References      0.000 / 0.000     11287.652 / 16900.371    69.335 / 18388.762    69.335 / 18388.762   ms
[13190.316s][info][gc,stats    ]       Phase: Concurrent Relocate                           0.000 / 0.000        27.907 / 27.907       11.475 / 64.108       11.475 / 64.108      ms
[13190.316s][info][gc,stats    ]       Phase: Concurrent Reset Relocation Set               0.000 / 0.000         0.547 / 0.826         0.212 / 0.968         0.212 / 0.968       ms
[13190.316s][info][gc,stats    ]       Phase: Concurrent Select Relocation Set              0.000 / 0.000         9.372 / 10.949        6.722 / 623.697       6.722 / 623.697     ms
[13190.316s][info][gc,stats    ]       Phase: Pause Mark End                                0.000 / 0.000         0.213 / 0.213         0.094 / 0.434         0.094 / 0.434       ms
[13190.316s][info][gc,stats    ]       Phase: Pause Mark Start                              0.000 / 0.000         0.022 / 0.022         0.023 / 0.223         0.023 / 0.223       ms
[13190.316s][info][gc,stats    ]       Phase: Pause Relocate Start                          0.000 / 0.000         0.021 / 0.022         0.045 / 0.309         0.045 / 0.309       ms
[13190.316s][info][gc,stats    ]    Subphase: Concurrent Classes Purge                      0.000 / 0.000         0.666 / 0.684         0.518 / 3.157         0.518 / 3.157       ms
[13190.316s][info][gc,stats    ]    Subphase: Concurrent Classes Unlink                     0.000 / 0.000     11281.721 / 16894.506    64.039 / 18382.834    64.039 / 18382.834   ms
[13190.316s][info][gc,stats    ]    Subphase: Concurrent Mark                               0.000 / 0.000       540.923 / 541.224     450.151 / 3398.532    450.151 / 3398.532    ms
[13190.316s][info][gc,stats    ]    Subphase: Concurrent Mark Try Flush                     0.000 / 0.000         1.320 / 2.723         1.565 / 934.939       1.565 / 934.939     ms
[13190.316s][info][gc,stats    ]    Subphase: Concurrent Mark Try Terminate                 0.000 / 0.000         1.058 / 1.093         1.072 / 934.940       1.072 / 934.940     ms
[13190.316s][info][gc,stats    ]    Subphase: Concurrent References Enqueue                 0.000 / 0.000         0.008 / 0.010         0.009 / 0.091         0.009 / 0.091       ms
[13190.316s][info][gc,stats    ]    Subphase: Concurrent References Process                 0.000 / 0.000         1.421 / 1.421         0.881 / 3.992         0.881 / 3.992       ms
[13190.316s][info][gc,stats    ]    Subphase: Concurrent Roots ClassLoaderDataGraph         0.000 / 0.000         0.905 / 1.094         0.833 / 3.889         0.833 / 3.889       ms
[13190.316s][info][gc,stats    ]    Subphase: Concurrent Roots CodeCache                    0.000 / 0.000         0.000 / 0.000         0.000 / 0.000         0.000 / 0.000       ms
[13190.316s][info][gc,stats    ]    Subphase: Concurrent Roots JavaThreads                  0.000 / 0.000         4.080 / 4.677         4.665 / 969.487       4.665 / 969.487     ms
[13190.316s][info][gc,stats    ]    Subphase: Concurrent Roots OopStorageSet                0.000 / 0.000         0.085 / 0.152         0.083 / 2.218         0.083 / 2.218       ms
[13190.316s][info][gc,stats    ]    Subphase: Concurrent Weak Roots OopStorageSet           0.000 / 0.000         2.011 / 2.077         1.501 / 13.633        1.501 / 13.633      ms
[13190.316s][info][gc,stats    ]    Subphase: Pause Mark Try Complete                       0.000 / 0.000         0.001 / 0.007         0.001 / 0.031         0.001 / 0.031       ms
[13190.316s][info][gc,stats    ]      System: Java Threads                                      0 / 0              2326 / 2350           1929 / 4684           1929 / 4684        threads
[13190.316s][info][gc,stats    ] =========================================================================================================================================================
[13200.316s][info][gc,stats    ] === Garbage Collection Statistics =======================================================================================================================
[13200.316s][info][gc,stats    ]                                                              Last 10s              Last 10m              Last 10h                Total
[13200.316s][info][gc,stats    ]                                                              Avg / Max             Avg / Max             Avg / Max             Avg / Max
[13200.316s][info][gc,stats    ]   Collector: Garbage Collection Cycle                      0.000 / 0.000         0.000 / 0.000       665.978 / 19032.234   665.978 / 19032.234   ms
[13200.316s][info][gc,stats    ]  Contention: Mark Segment Reset Contention                     0 / 0                 0 / 0                 2 / 104               2 / 104         ops/s
[13200.316s][info][gc,stats    ]  Contention: Mark SeqNum Reset Contention                      0 / 0                 0 / 0                 0 / 7                 0 / 7           ops/s
[13200.316s][info][gc,stats    ]    Critical: Allocation Stall                                  0 / 0                 0 / 456               0 / 827               0 / 827         ops/s
[13200.316s][info][gc,stats    ]    Critical: Allocation Stall                              0.000 / 0.000       115.758 / 271.186     146.230 / 487.490     146.230 / 487.490     ms
[13200.316s][info][gc,stats    ]    Critical: GC Locker Stall                                   0 / 0                 0 / 0                 0 / 2                 0 / 2           ops/s
[13200.316s][info][gc,stats    ]    Critical: GC Locker Stall                               0.000 / 0.000         0.000 / 0.000         0.167 / 4.787         0.167 / 4.787       ms
[13200.316s][info][gc,stats    ]    Critical: Relocation Stall                                  0 / 0                 0 / 0                 0 / 103               0 / 103         ops/s
[13200.316s][info][gc,stats    ]    Critical: Relocation Stall                              0.000 / 0.000         0.000 / 0.000        14.882 / 62.172       14.882 / 62.172      ms
[13200.316s][info][gc,stats    ]      Memory: Allocation Rate                                   0 / 0                15 / 1430            528 / 2790            528 / 2790        MB/s
[13200.316s][info][gc,stats    ]      Memory: Out Of Memory                                     0 / 0                 0 / 0                 0 / 0                 0 / 0           ops/s
[13200.316s][info][gc,stats    ]      Memory: Page Cache Flush                                  0 / 0                 0 / 0                 0 / 258               0 / 258         MB/s
[13200.316s][info][gc,stats    ]      Memory: Page Cache Hit L1                                 0 / 0                 7 / 625             257 / 1336            257 / 1336        ops/s
[13200.316s][info][gc,stats    ]      Memory: Page Cache Hit L2                                 0 / 0                 0 / 0                 0 / 0                 0 / 0           ops/s
[13200.316s][info][gc,stats    ]      Memory: Page Cache Hit L3                                 0 / 0                 0 / 94                0 / 1028              0 / 1028        ops/s
[13200.316s][info][gc,stats    ]      Memory: Page Cache Miss                                   0 / 0                 0 / 0                 0 / 12                0 / 12          ops/s
[13200.316s][info][gc,stats    ]      Memory: Uncommit                                          0 / 0                 0 / 0                 0 / 0                 0 / 0           MB/s
[13200.316s][info][gc,stats    ]      Memory: Undo Object Allocation Failed                     0 / 0                 0 / 0                 0 / 5                 0 / 5           ops/s
[13200.316s][info][gc,stats    ]      Memory: Undo Object Allocation Succeeded                  0 / 0                 0 / 88               18 / 6595             18 / 6595        ops/s
[13200.316s][info][gc,stats    ]      Memory: Undo Page Allocation                              0 / 0                 0 / 356               0 / 676               0 / 676         ops/s
[13200.316s][info][gc,stats    ]       Phase: Concurrent Mark                               0.000 / 0.000         0.000 / 0.000       571.218 / 3424.228    571.218 / 3424.228    ms
[13200.316s][info][gc,stats    ]       Phase: Concurrent Mark Continue                      0.000 / 0.000         0.000 / 0.000         0.000 / 0.000         0.000 / 0.000       ms
[13200.316s][info][gc,stats    ]       Phase: Concurrent Mark Free                          0.000 / 0.000         0.000 / 0.000         1.118 / 305.339       1.118 / 305.339     ms
[13200.316s][info][gc,stats    ]       Phase: Concurrent Process Non-Strong References      0.000 / 0.000     16900.371 / 16900.371    69.335 / 18388.762    69.335 / 18388.762   ms
[13200.316s][info][gc,stats    ]       Phase: Concurrent Relocate                           0.000 / 0.000         0.000 / 0.000        11.475 / 64.108       11.475 / 64.108      ms
[13200.316s][info][gc,stats    ]       Phase: Concurrent Reset Relocation Set               0.000 / 0.000         0.826 / 0.826         0.212 / 0.968         0.212 / 0.968       ms
[13200.316s][info][gc,stats    ]       Phase: Concurrent Select Relocation Set              0.000 / 0.000         7.795 / 7.795         6.722 / 623.697       6.722 / 623.697     ms
[13200.316s][info][gc,stats    ]       Phase: Pause Mark End                                0.000 / 0.000         0.000 / 0.000         0.094 / 0.434         0.094 / 0.434       ms
[13200.316s][info][gc,stats    ]       Phase: Pause Mark Start                              0.000 / 0.000         0.000 / 0.000         0.023 / 0.223         0.023 / 0.223       ms
[13200.316s][info][gc,stats    ]       Phase: Pause Relocate Start                          0.000 / 0.000         0.020 / 0.020         0.045 / 0.309         0.045 / 0.309       ms
[13200.316s][info][gc,stats    ]    Subphase: Concurrent Classes Purge                      0.000 / 0.000         0.684 / 0.684         0.518 / 3.157         0.518 / 3.157       ms
[13200.316s][info][gc,stats    ]    Subphase: Concurrent Classes Unlink                     0.000 / 0.000     16894.506 / 16894.506    64.039 / 18382.834    64.039 / 18382.834   ms
[13200.316s][info][gc,stats    ]    Subphase: Concurrent Mark                               0.000 / 0.000         0.000 / 0.000       450.151 / 3398.532    450.151 / 3398.532    ms
[13200.316s][info][gc,stats    ]    Subphase: Concurrent Mark Try Flush                     0.000 / 0.000         0.000 / 0.000         1.565 / 934.939       1.565 / 934.939     ms
[13200.316s][info][gc,stats    ]    Subphase: Concurrent Mark Try Terminate                 0.000 / 0.000         0.000 / 0.000         1.072 / 934.940       1.072 / 934.940     ms
[13200.316s][info][gc,stats    ]    Subphase: Concurrent References Enqueue                 0.000 / 0.000         0.010 / 0.010         0.009 / 0.091         0.009 / 0.091       ms
[13200.316s][info][gc,stats    ]    Subphase: Concurrent References Process                 0.000 / 0.000         0.000 / 0.000         0.881 / 3.992         0.881 / 3.992       ms
[13200.316s][info][gc,stats    ]    Subphase: Concurrent Roots ClassLoaderDataGraph         0.000 / 0.000         0.000 / 0.000         0.833 / 3.889         0.833 / 3.889       ms
[13200.316s][info][gc,stats    ]    Subphase: Concurrent Roots CodeCache                    0.000 / 0.000         0.000 / 0.000         0.000 / 0.000         0.000 / 0.000       ms
[13200.316s][info][gc,stats    ]    Subphase: Concurrent Roots JavaThreads                  0.000 / 0.000         0.000 / 0.000         4.665 / 969.487       4.665 / 969.487     ms
[13200.316s][info][gc,stats    ]    Subphase: Concurrent Roots OopStorageSet                0.000 / 0.000         0.000 / 0.000         0.083 / 2.218         0.083 / 2.218       ms
[13200.316s][info][gc,stats    ]    Subphase: Concurrent Weak Roots OopStorageSet           0.000 / 0.000         0.000 / 0.000         1.501 / 13.633        1.501 / 13.633      ms
[13200.316s][info][gc,stats    ]    Subphase: Pause Mark Try Complete                       0.000 / 0.000         0.000 / 0.000         0.001 / 0.031         0.001 / 0.031       ms
[13200.316s][info][gc,stats    ]      System: Java Threads                                      0 / 0              2350 / 2350           1929 / 4684           1929 / 4684        threads
[13200.316s][info][gc,stats    ] =========================================================================================================================================================
[13210.315s][info][gc,stats    ] === Garbage Collection Statistics =======================================================================================================================
[13210.315s][info][gc,stats    ]                                                              Last 10s              Last 10m              Last 10h                Total
[13210.315s][info][gc,stats    ]                                                              Avg / Max             Avg / Max             Avg / Max             Avg / Max
[13210.315s][info][gc,stats    ]   Collector: Garbage Collection Cycle                      0.000 / 0.000         0.000 / 0.000       665.978 / 19032.234   665.978 / 19032.234   ms
[13210.315s][info][gc,stats    ]  Contention: Mark Segment Reset Contention                     0 / 0                 0 / 0                 2 / 104               2 / 104         ops/s
[13210.315s][info][gc,stats    ]  Contention: Mark SeqNum Reset Contention                      0 / 0                 0 / 0                 0 / 7                 0 / 7           ops/s
[13210.315s][info][gc,stats    ]    Critical: Allocation Stall                                  0 / 0                 0 / 456               0 / 827               0 / 827         ops/s
[13210.315s][info][gc,stats    ]    Critical: Allocation Stall                              0.000 / 0.000       115.758 / 271.186     146.230 / 487.490     146.230 / 487.490     ms
[13210.315s][info][gc,stats    ]    Critical: GC Locker Stall                                   0 / 0                 0 / 0                 0 / 2                 0 / 2           ops/s
[13210.315s][info][gc,stats    ]    Critical: GC Locker Stall                               0.000 / 0.000         0.000 / 0.000         0.167 / 4.787         0.167 / 4.787       ms
[13210.315s][info][gc,stats    ]    Critical: Relocation Stall                                  0 / 0                 0 / 0                 0 / 103               0 / 103         ops/s
[13210.315s][info][gc,stats    ]    Critical: Relocation Stall                              0.000 / 0.000         0.000 / 0.000        14.882 / 62.172       14.882 / 62.172      ms
[13210.315s][info][gc,stats    ]      Memory: Allocation Rate                                   0 / 0                 3 / 1430            528 / 2790            528 / 2790        MB/s
[13210.315s][info][gc,stats    ]      Memory: Out Of Memory                                     0 / 0                 0 / 0                 0 / 0                 0 / 0           ops/s
[13210.315s][info][gc,stats    ]      Memory: Page Cache Flush                                  0 / 0                 0 / 0                 0 / 258               0 / 258         MB/s
[13210.315s][info][gc,stats    ]      Memory: Page Cache Hit L1                                 0 / 0                 1 / 625             257 / 1336            257 / 1336        ops/s
[13210.315s][info][gc,stats    ]      Memory: Page Cache Hit L2                                 0 / 0                 0 / 0                 0 / 0                 0 / 0           ops/s
[13210.315s][info][gc,stats    ]      Memory: Page Cache Hit L3                                 0 / 0                 0 / 94                0 / 1028              0 / 1028        ops/s
[13210.315s][info][gc,stats    ]      Memory: Page Cache Miss                                   0 / 0                 0 / 0                 0 / 12                0 / 12          ops/s
[13210.315s][info][gc,stats    ]      Memory: Uncommit                                          0 / 0                 0 / 0                 0 / 0                 0 / 0           MB/s
[13210.315s][info][gc,stats    ]      Memory: Undo Object Allocation Failed                     0 / 0                 0 / 0                 0 / 5                 0 / 5           ops/s
[13210.315s][info][gc,stats    ]      Memory: Undo Object Allocation Succeeded                  0 / 0                 0 / 88               18 / 6595             18 / 6595        ops/s
[13210.315s][info][gc,stats    ]      Memory: Undo Page Allocation                              0 / 0                 0 / 356               0 / 676               0 / 676         ops/s
[13210.315s][info][gc,stats    ]       Phase: Concurrent Mark                               0.000 / 0.000         0.000 / 0.000       571.218 / 3424.228    571.218 / 3424.228    ms
[13210.315s][info][gc,stats    ]       Phase: Concurrent Mark Continue                      0.000 / 0.000         0.000 / 0.000         0.000 / 0.000         0.000 / 0.000       ms
[13210.315s][info][gc,stats    ]       Phase: Concurrent Mark Free                          0.000 / 0.000         0.000 / 0.000         1.118 / 305.339       1.118 / 305.339     ms
[13210.315s][info][gc,stats    ]       Phase: Concurrent Process Non-Strong References      0.000 / 0.000     16900.371 / 16900.371    69.335 / 18388.762    69.335 / 18388.762   ms
[13210.315s][info][gc,stats    ]       Phase: Concurrent Relocate                           0.000 / 0.000         0.000 / 0.000        11.475 / 64.108       11.475 / 64.108      ms
[13210.315s][info][gc,stats    ]       Phase: Concurrent Reset Relocation Set               0.000 / 0.000         0.826 / 0.826         0.212 / 0.968         0.212 / 0.968       ms
[13210.315s][info][gc,stats    ]       Phase: Concurrent Select Relocation Set              0.000 / 0.000         7.795 / 7.795         6.722 / 623.697       6.722 / 623.697     ms
[13210.316s][info][gc,stats    ]       Phase: Pause Mark End                                0.000 / 0.000         0.000 / 0.000         0.094 / 0.434         0.094 / 0.434       ms
[13210.316s][info][gc,stats    ]       Phase: Pause Mark Start                              0.000 / 0.000         0.000 / 0.000         0.023 / 0.223         0.023 / 0.223       ms
[13210.316s][info][gc,stats    ]       Phase: Pause Relocate Start                          0.000 / 0.000         0.020 / 0.020         0.045 / 0.309         0.045 / 0.309       ms
[13210.316s][info][gc,stats    ]    Subphase: Concurrent Classes Purge                      0.000 / 0.000         0.684 / 0.684         0.518 / 3.157         0.518 / 3.157       ms
[13210.316s][info][gc,stats    ]    Subphase: Concurrent Classes Unlink                     0.000 / 0.000     16894.506 / 16894.506    64.039 / 18382.834    64.039 / 18382.834   ms
[13210.316s][info][gc,stats    ]    Subphase: Concurrent Mark                               0.000 / 0.000         0.000 / 0.000       450.151 / 3398.532    450.151 / 3398.532    ms
[13210.316s][info][gc,stats    ]    Subphase: Concurrent Mark Try Flush                     0.000 / 0.000         0.000 / 0.000         1.565 / 934.939       1.565 / 934.939     ms
[13210.316s][info][gc,stats    ]    Subphase: Concurrent Mark Try Terminate                 0.000 / 0.000         0.000 / 0.000         1.072 / 934.940       1.072 / 934.940     ms
[13210.316s][info][gc,stats    ]    Subphase: Concurrent References Enqueue                 0.000 / 0.000         0.010 / 0.010         0.009 / 0.091         0.009 / 0.091       ms
[13210.316s][info][gc,stats    ]    Subphase: Concurrent References Process                 0.000 / 0.000         0.000 / 0.000         0.881 / 3.992         0.881 / 3.992       ms
[13210.316s][info][gc,stats    ]    Subphase: Concurrent Roots ClassLoaderDataGraph         0.000 / 0.000         0.000 / 0.000         0.833 / 3.889         0.833 / 3.889       ms
[13210.316s][info][gc,stats    ]    Subphase: Concurrent Roots CodeCache                    0.000 / 0.000         0.000 / 0.000         0.000 / 0.000         0.000 / 0.000       ms
[13210.316s][info][gc,stats    ]    Subphase: Concurrent Roots JavaThreads                  0.000 / 0.000         0.000 / 0.000         4.665 / 969.487       4.665 / 969.487     ms
[13210.316s][info][gc,stats    ]    Subphase: Concurrent Roots OopStorageSet                0.000 / 0.000         0.000 / 0.000         0.083 / 2.218         0.083 / 2.218       ms
[13210.316s][info][gc,stats    ]    Subphase: Concurrent Weak Roots OopStorageSet           0.000 / 0.000         0.000 / 0.000         1.501 / 13.633        1.501 / 13.633      ms
[13210.316s][info][gc,stats    ]    Subphase: Pause Mark Try Complete                       0.000 / 0.000         0.000 / 0.000         0.001 / 0.031         0.001 / 0.031       ms
[13210.316s][info][gc,stats    ]      System: Java Threads                                      0 / 0              2350 / 2350           1929 / 4684           1929 / 4684        threads
[13210.316s][info][gc,stats    ] =========================================================================================================================================================
[13220.316s][info][gc,stats    ] === Garbage Collection Statistics =======================================================================================================================
[13220.316s][info][gc,stats    ]                                                              Last 10s              Last 10m              Last 10h                Total
[13220.316s][info][gc,stats    ]                                                              Avg / Max             Avg / Max             Avg / Max             Avg / Max
[13220.316s][info][gc,stats    ]   Collector: Garbage Collection Cycle                      0.000 / 0.000         0.000 / 0.000       665.978 / 19032.234   665.978 / 19032.234   ms
[13220.316s][info][gc,stats    ]  Contention: Mark Segment Reset Contention                     0 / 0                 0 / 0                 2 / 104               2 / 104         ops/s
[13220.316s][info][gc,stats    ]  Contention: Mark SeqNum Reset Contention                      0 / 0                 0 / 0                 0 / 7                 0 / 7           ops/s
[13220.316s][info][gc,stats    ]    Critical: Allocation Stall                                  0 / 0                 0 / 0                 0 / 827               0 / 827         ops/s
[13220.316s][info][gc,stats    ]    Critical: Allocation Stall                              0.000 / 0.000         0.000 / 0.000       146.230 / 487.490     146.230 / 487.490     ms
[13220.316s][info][gc,stats    ]    Critical: GC Locker Stall                                   0 / 0                 0 / 0                 0 / 2                 0 / 2           ops/s
[13220.316s][info][gc,stats    ]    Critical: GC Locker Stall                               0.000 / 0.000         0.000 / 0.000         0.167 / 4.787         0.167 / 4.787       ms
[13220.316s][info][gc,stats    ]    Critical: Relocation Stall                                  0 / 0                 0 / 0                 0 / 103               0 / 103         ops/s
[13220.316s][info][gc,stats    ]    Critical: Relocation Stall                              0.000 / 0.000         0.000 / 0.000        14.882 / 62.172       14.882 / 62.172      ms
[13220.316s][info][gc,stats    ]      Memory: Allocation Rate                                   0 / 0                 0 / 0               527 / 2790            527 / 2790        MB/s
[13220.316s][info][gc,stats    ]      Memory: Out Of Memory                                     0 / 0                 0 / 0                 0 / 0                 0 / 0           ops/s
[13220.316s][info][gc,stats    ]      Memory: Page Cache Flush                                  0 / 0                 0 / 0                 0 / 258               0 / 258         MB/s
[13220.316s][info][gc,stats    ]      Memory: Page Cache Hit L1                                 0 / 0                 0 / 0               257 / 1336            257 / 1336        ops/s
[13220.316s][info][gc,stats    ]      Memory: Page Cache Hit L2                                 0 / 0                 0 / 0                 0 / 0                 0 / 0           ops/s
[13220.316s][info][gc,stats    ]      Memory: Page Cache Hit L3                                 0 / 0                 0 / 0                 0 / 1028              0 / 1028        ops/s
[13220.316s][info][gc,stats    ]      Memory: Page Cache Miss                                   0 / 0                 0 / 0                 0 / 12                0 / 12          ops/s
[13220.316s][info][gc,stats    ]      Memory: Uncommit                                          0 / 0                 0 / 0                 0 / 0                 0 / 0           MB/s
[13220.316s][info][gc,stats    ]      Memory: Undo Object Allocation Failed                     0 / 0                 0 / 0                 0 / 5                 0 / 5           ops/s
[13220.316s][info][gc,stats    ]      Memory: Undo Object Allocation Succeeded                  0 / 0                 0 / 0                18 / 6595             18 / 6595        ops/s
[13220.316s][info][gc,stats    ]      Memory: Undo Page Allocation                              0 / 0                 0 / 0                 0 / 676               0 / 676         ops/s
[13220.316s][info][gc,stats    ]       Phase: Concurrent Mark                               0.000 / 0.000         0.000 / 0.000       571.218 / 3424.228    571.218 / 3424.228    ms
[13220.316s][info][gc,stats    ]       Phase: Concurrent Mark Continue                      0.000 / 0.000         0.000 / 0.000         0.000 / 0.000         0.000 / 0.000       ms
[13220.316s][info][gc,stats    ]       Phase: Concurrent Mark Free                          0.000 / 0.000         0.000 / 0.000         1.118 / 305.339       1.118 / 305.339     ms
[13220.316s][info][gc,stats    ]       Phase: Concurrent Process Non-Strong References      0.000 / 0.000         0.000 / 0.000        69.335 / 18388.762    69.335 / 18388.762   ms
[13220.316s][info][gc,stats    ]       Phase: Concurrent Relocate                           0.000 / 0.000         0.000 / 0.000        11.475 / 64.108       11.475 / 64.108      ms
[13220.316s][info][gc,stats    ]       Phase: Concurrent Reset Relocation Set               0.000 / 0.000         0.000 / 0.000         0.212 / 0.968         0.212 / 0.968       ms
[13220.316s][info][gc,stats    ]       Phase: Concurrent Select Relocation Set              0.000 / 0.000         0.000 / 0.000         6.722 / 623.697       6.722 / 623.697     ms
[13220.316s][info][gc,stats    ]       Phase: Pause Mark End                                0.000 / 0.000         0.000 / 0.000         0.094 / 0.434         0.094 / 0.434       ms
[13220.316s][info][gc,stats    ]       Phase: Pause Mark Start                              0.000 / 0.000         0.000 / 0.000         0.023 / 0.223         0.023 / 0.223       ms
[13220.316s][info][gc,stats    ]       Phase: Pause Relocate Start                          0.000 / 0.000         0.000 / 0.000         0.045 / 0.309         0.045 / 0.309       ms
[13220.316s][info][gc,stats    ]    Subphase: Concurrent Classes Purge                      0.000 / 0.000         0.000 / 0.000         0.518 / 3.157         0.518 / 3.157       ms
[13220.316s][info][gc,stats    ]    Subphase: Concurrent Classes Unlink                     0.000 / 0.000         0.000 / 0.000        64.039 / 18382.834    64.039 / 18382.834   ms
[13220.316s][info][gc,stats    ]    Subphase: Concurrent Mark                               0.000 / 0.000         0.000 / 0.000       450.151 / 3398.532    450.151 / 3398.532    ms
[13220.316s][info][gc,stats    ]    Subphase: Concurrent Mark Try Flush                     0.000 / 0.000         0.000 / 0.000         1.565 / 934.939       1.565 / 934.939     ms
[13220.316s][info][gc,stats    ]    Subphase: Concurrent Mark Try Terminate                 0.000 / 0.000         0.000 / 0.000         1.072 / 934.940       1.072 / 934.940     ms
[13220.316s][info][gc,stats    ]    Subphase: Concurrent References Enqueue                 0.000 / 0.000         0.000 / 0.000         0.009 / 0.091         0.009 / 0.091       ms
[13220.316s][info][gc,stats    ]    Subphase: Concurrent References Process                 0.000 / 0.000         0.000 / 0.000         0.881 / 3.992         0.881 / 3.992       ms
[13220.316s][info][gc,stats    ]    Subphase: Concurrent Roots ClassLoaderDataGraph         0.000 / 0.000         0.000 / 0.000         0.833 / 3.889         0.833 / 3.889       ms
[13220.316s][info][gc,stats    ]    Subphase: Concurrent Roots CodeCache                    0.000 / 0.000         0.000 / 0.000         0.000 / 0.000         0.000 / 0.000       ms
[13220.316s][info][gc,stats    ]    Subphase: Concurrent Roots JavaThreads                  0.000 / 0.000         0.000 / 0.000         4.665 / 969.487       4.665 / 969.487     ms
[13220.316s][info][gc,stats    ]    Subphase: Concurrent Roots OopStorageSet                0.000 / 0.000         0.000 / 0.000         0.083 / 2.218         0.083 / 2.218       ms
[13220.316s][info][gc,stats    ]    Subphase: Concurrent Weak Roots OopStorageSet           0.000 / 0.000         0.000 / 0.000         1.501 / 13.633        1.501 / 13.633      ms
[13220.316s][info][gc,stats    ]    Subphase: Pause Mark Try Complete                       0.000 / 0.000         0.000 / 0.000         0.001 / 0.031         0.001 / 0.031       ms
[13220.316s][info][gc,stats    ]      System: Java Threads                                      0 / 0                 0 / 0              1929 / 4684           1929 / 4684        threads
[13220.316s][info][gc,stats    ] =========================================================================================================================================================
[13230.316s][info][gc,stats    ] === Garbage Collection Statistics =======================================================================================================================
[13230.316s][info][gc,stats    ]                                                              Last 10s              Last 10m              Last 10h                Total
[13230.316s][info][gc,stats    ]                                                              Avg / Max             Avg / Max             Avg / Max             Avg / Max
[13230.316s][info][gc,stats    ]   Collector: Garbage Collection Cycle                      0.000 / 0.000         0.000 / 0.000       665.978 / 19032.234   665.978 / 19032.234   ms
[13230.316s][info][gc,stats    ]  Contention: Mark Segment Reset Contention                     0 / 0                 0 / 0                 2 / 104               2 / 104         ops/s
[13230.316s][info][gc,stats    ]  Contention: Mark SeqNum Reset Contention                      0 / 0                 0 / 0                 0 / 7                 0 / 7           ops/s
[13230.316s][info][gc,stats    ]    Critical: Allocation Stall                                  0 / 0                 0 / 0                 0 / 827               0 / 827         ops/s
[13230.316s][info][gc,stats    ]    Critical: Allocation Stall                              0.000 / 0.000         0.000 / 0.000       146.230 / 487.490     146.230 / 487.490     ms
[13230.316s][info][gc,stats    ]    Critical: GC Locker Stall                                   0 / 0                 0 / 0                 0 / 2                 0 / 2           ops/s
[13230.316s][info][gc,stats    ]    Critical: GC Locker Stall                               0.000 / 0.000         0.000 / 0.000         0.167 / 4.787         0.167 / 4.787       ms
[13230.316s][info][gc,stats    ]    Critical: Relocation Stall                                  0 / 0                 0 / 0                 0 / 103               0 / 103         ops/s
[13230.316s][info][gc,stats    ]    Critical: Relocation Stall                              0.000 / 0.000         0.000 / 0.000        14.882 / 62.172       14.882 / 62.172      ms
[13230.316s][info][gc,stats    ]      Memory: Allocation Rate                                   0 / 0                 0 / 0               527 / 2790            527 / 2790        MB/s
[13230.316s][info][gc,stats    ]      Memory: Out Of Memory                                     0 / 0                 0 / 0                 0 / 0                 0 / 0           ops/s
[13230.316s][info][gc,stats    ]      Memory: Page Cache Flush                                  0 / 0                 0 / 0                 0 / 258               0 / 258         MB/s
[13230.316s][info][gc,stats    ]      Memory: Page Cache Hit L1                                 0 / 0                 0 / 0               256 / 1336            256 / 1336        ops/s
[13230.316s][info][gc,stats    ]      Memory: Page Cache Hit L2                                 0 / 0                 0 / 0                 0 / 0                 0 / 0           ops/s
[13230.316s][info][gc,stats    ]      Memory: Page Cache Hit L3                                 0 / 0                 0 / 0                 0 / 1028              0 / 1028        ops/s
[13230.316s][info][gc,stats    ]      Memory: Page Cache Miss                                   0 / 0                 0 / 0                 0 / 12                0 / 12          ops/s
[13230.316s][info][gc,stats    ]      Memory: Uncommit                                          0 / 0                 0 / 0                 0 / 0                 0 / 0           MB/s
[13230.316s][info][gc,stats    ]      Memory: Undo Object Allocation Failed                     0 / 0                 0 / 0                 0 / 5                 0 / 5           ops/s
[13230.316s][info][gc,stats    ]      Memory: Undo Object Allocation Succeeded                  0 / 0                 0 / 0                18 / 6595             18 / 6595        ops/s
[13230.316s][info][gc,stats    ]      Memory: Undo Page Allocation                              0 / 0                 0 / 0                 0 / 676               0 / 676         ops/s
[13230.316s][info][gc,stats    ]       Phase: Concurrent Mark                               0.000 / 0.000         0.000 / 0.000       571.218 / 3424.228    571.218 / 3424.228    ms
[13230.316s][info][gc,stats    ]       Phase: Concurrent Mark Continue                      0.000 / 0.000         0.000 / 0.000         0.000 / 0.000         0.000 / 0.000       ms
[13230.316s][info][gc,stats    ]       Phase: Concurrent Mark Free                          0.000 / 0.000         0.000 / 0.000         1.118 / 305.339       1.118 / 305.339     ms
[13230.316s][info][gc,stats    ]       Phase: Concurrent Process Non-Strong References      0.000 / 0.000         0.000 / 0.000        69.335 / 18388.762    69.335 / 18388.762   ms
[13230.316s][info][gc,stats    ]       Phase: Concurrent Relocate                           0.000 / 0.000         0.000 / 0.000        11.475 / 64.108       11.475 / 64.108      ms
[13230.316s][info][gc,stats    ]       Phase: Concurrent Reset Relocation Set               0.000 / 0.000         0.000 / 0.000         0.212 / 0.968         0.212 / 0.968       ms
[13230.316s][info][gc,stats    ]       Phase: Concurrent Select Relocation Set              0.000 / 0.000         0.000 / 0.000         6.722 / 623.697       6.722 / 623.697     ms
[13230.316s][info][gc,stats    ]       Phase: Pause Mark End                                0.000 / 0.000         0.000 / 0.000         0.094 / 0.434         0.094 / 0.434       ms
[13230.316s][info][gc,stats    ]       Phase: Pause Mark Start                              0.000 / 0.000         0.000 / 0.000         0.023 / 0.223         0.023 / 0.223       ms
[13230.316s][info][gc,stats    ]       Phase: Pause Relocate Start                          0.000 / 0.000         0.000 / 0.000         0.045 / 0.309         0.045 / 0.309       ms
[13230.316s][info][gc,stats    ]    Subphase: Concurrent Classes Purge                      0.000 / 0.000         0.000 / 0.000         0.518 / 3.157         0.518 / 3.157       ms
[13230.316s][info][gc,stats    ]    Subphase: Concurrent Classes Unlink                     0.000 / 0.000         0.000 / 0.000        64.039 / 18382.834    64.039 / 18382.834   ms
[13230.316s][info][gc,stats    ]    Subphase: Concurrent Mark                               0.000 / 0.000         0.000 / 0.000       450.151 / 3398.532    450.151 / 3398.532    ms
[13230.316s][info][gc,stats    ]    Subphase: Concurrent Mark Try Flush                     0.000 / 0.000         0.000 / 0.000         1.565 / 934.939       1.565 / 934.939     ms
[13230.316s][info][gc,stats    ]    Subphase: Concurrent Mark Try Terminate                 0.000 / 0.000         0.000 / 0.000         1.072 / 934.940       1.072 / 934.940     ms
[13230.316s][info][gc,stats    ]    Subphase: Concurrent References Enqueue                 0.000 / 0.000         0.000 / 0.000         0.009 / 0.091         0.009 / 0.091       ms
[13230.316s][info][gc,stats    ]    Subphase: Concurrent References Process                 0.000 / 0.000         0.000 / 0.000         0.881 / 3.992         0.881 / 3.992       ms
[13230.316s][info][gc,stats    ]    Subphase: Concurrent Roots ClassLoaderDataGraph         0.000 / 0.000         0.000 / 0.000         0.833 / 3.889         0.833 / 3.889       ms
[13230.316s][info][gc,stats    ]    Subphase: Concurrent Roots CodeCache                    0.000 / 0.000         0.000 / 0.000         0.000 / 0.000         0.000 / 0.000       ms
[13230.316s][info][gc,stats    ]    Subphase: Concurrent Roots JavaThreads                  0.000 / 0.000         0.000 / 0.000         4.665 / 969.487       4.665 / 969.487     ms
[13230.316s][info][gc,stats    ]    Subphase: Concurrent Roots OopStorageSet                0.000 / 0.000         0.000 / 0.000         0.083 / 2.218         0.083 / 2.218       ms
[13230.316s][info][gc,stats    ]    Subphase: Concurrent Weak Roots OopStorageSet           0.000 / 0.000         0.000 / 0.000         1.501 / 13.633        1.501 / 13.633      ms
[13230.316s][info][gc,stats    ]    Subphase: Pause Mark Try Complete                       0.000 / 0.000         0.000 / 0.000         0.001 / 0.031         0.001 / 0.031       ms
[13230.316s][info][gc,stats    ]      System: Java Threads                                      0 / 0                 0 / 0              1929 / 4684           1929 / 4684        threads
[13230.316s][info][gc,stats    ] =========================================================================================================================================================
[13240.316s][info][gc,stats    ] === Garbage Collection Statistics =======================================================================================================================
[13240.316s][info][gc,stats    ]                                                              Last 10s              Last 10m              Last 10h                Total
[13240.316s][info][gc,stats    ]                                                              Avg / Max             Avg / Max             Avg / Max             Avg / Max
[13240.316s][info][gc,stats    ]   Collector: Garbage Collection Cycle                      0.000 / 0.000         0.000 / 0.000       665.978 / 19032.234   665.978 / 19032.234   ms
[13240.316s][info][gc,stats    ]  Contention: Mark Segment Reset Contention                     0 / 0                 0 / 0                 2 / 104               2 / 104         ops/s
[13240.316s][info][gc,stats    ]  Contention: Mark SeqNum Reset Contention                      0 / 0                 0 / 0                 0 / 7                 0 / 7           ops/s
[13240.316s][info][gc,stats    ]    Critical: Allocation Stall                                  0 / 0                 0 / 0                 0 / 827               0 / 827         ops/s
[13240.316s][info][gc,stats    ]    Critical: Allocation Stall                              0.000 / 0.000         0.000 / 0.000       146.230 / 487.490     146.230 / 487.490     ms
[13240.316s][info][gc,stats    ]    Critical: GC Locker Stall                                   0 / 0                 0 / 0                 0 / 2                 0 / 2           ops/s
[13240.316s][info][gc,stats    ]    Critical: GC Locker Stall                               0.000 / 0.000         0.000 / 0.000         0.167 / 4.787         0.167 / 4.787       ms
[13240.316s][info][gc,stats    ]    Critical: Relocation Stall                                  0 / 0                 0 / 0                 0 / 103               0 / 103         ops/s
[13240.316s][info][gc,stats    ]    Critical: Relocation Stall                              0.000 / 0.000         0.000 / 0.000        14.882 / 62.172       14.882 / 62.172      ms
[13240.316s][info][gc,stats    ]      Memory: Allocation Rate                                   0 / 0                 0 / 0               527 / 2790            527 / 2790        MB/s
[13240.316s][info][gc,stats    ]      Memory: Out Of Memory                                     0 / 0                 0 / 0                 0 / 0                 0 / 0           ops/s
[13240.316s][info][gc,stats    ]      Memory: Page Cache Flush                                  0 / 0                 0 / 0                 0 / 258               0 / 258         MB/s
[13240.316s][info][gc,stats    ]      Memory: Page Cache Hit L1                                 0 / 0                 0 / 0               256 / 1336            256 / 1336        ops/s
[13240.316s][info][gc,stats    ]      Memory: Page Cache Hit L2                                 0 / 0                 0 / 0                 0 / 0                 0 / 0           ops/s
[13240.316s][info][gc,stats    ]      Memory: Page Cache Hit L3                                 0 / 0                 0 / 0                 0 / 1028              0 / 1028        ops/s
[13240.316s][info][gc,stats    ]      Memory: Page Cache Miss                                   0 / 0                 0 / 0                 0 / 12                0 / 12          ops/s
[13240.316s][info][gc,stats    ]      Memory: Uncommit                                          0 / 0                 0 / 0                 0 / 0                 0 / 0           MB/s
[13240.316s][info][gc,stats    ]      Memory: Undo Object Allocation Failed                     0 / 0                 0 / 0                 0 / 5                 0 / 5           ops/s
[13240.316s][info][gc,stats    ]      Memory: Undo Object Allocation Succeeded                  0 / 0                 0 / 0                18 / 6595             18 / 6595        ops/s
[13240.316s][info][gc,stats    ]      Memory: Undo Page Allocation                              0 / 0                 0 / 0                 0 / 676               0 / 676         ops/s
[13240.316s][info][gc,stats    ]       Phase: Concurrent Mark                               0.000 / 0.000         0.000 / 0.000       571.218 / 3424.228    571.218 / 3424.228    ms
[13240.316s][info][gc,stats    ]       Phase: Concurrent Mark Continue                      0.000 / 0.000         0.000 / 0.000         0.000 / 0.000         0.000 / 0.000       ms
[13240.316s][info][gc,stats    ]       Phase: Concurrent Mark Free                          0.000 / 0.000         0.000 / 0.000         1.118 / 305.339       1.118 / 305.339     ms
[13240.316s][info][gc,stats    ]       Phase: Concurrent Process Non-Strong References      0.000 / 0.000         0.000 / 0.000        69.335 / 18388.762    69.335 / 18388.762   ms
[13240.316s][info][gc,stats    ]       Phase: Concurrent Relocate                           0.000 / 0.000         0.000 / 0.000        11.475 / 64.108       11.475 / 64.108      ms
[13240.316s][info][gc,stats    ]       Phase: Concurrent Reset Relocation Set               0.000 / 0.000         0.000 / 0.000         0.212 / 0.968         0.212 / 0.968       ms
[13240.316s][info][gc,stats    ]       Phase: Concurrent Select Relocation Set              0.000 / 0.000         0.000 / 0.000         6.722 / 623.697       6.722 / 623.697     ms
[13240.316s][info][gc,stats    ]       Phase: Pause Mark End                                0.000 / 0.000         0.000 / 0.000         0.094 / 0.434         0.094 / 0.434       ms
[13240.316s][info][gc,stats    ]       Phase: Pause Mark Start                              0.000 / 0.000         0.000 / 0.000         0.023 / 0.223         0.023 / 0.223       ms
[13240.316s][info][gc,stats    ]       Phase: Pause Relocate Start                          0.000 / 0.000         0.000 / 0.000         0.045 / 0.309         0.045 / 0.309       ms
[13240.316s][info][gc,stats    ]    Subphase: Concurrent Classes Purge                      0.000 / 0.000         0.000 / 0.000         0.518 / 3.157         0.518 / 3.157       ms
[13240.316s][info][gc,stats    ]    Subphase: Concurrent Classes Unlink                     0.000 / 0.000         0.000 / 0.000        64.039 / 18382.834    64.039 / 18382.834   ms
[13240.316s][info][gc,stats    ]    Subphase: Concurrent Mark                               0.000 / 0.000         0.000 / 0.000       450.151 / 3398.532    450.151 / 3398.532    ms
[13240.316s][info][gc,stats    ]    Subphase: Concurrent Mark Try Flush                     0.000 / 0.000         0.000 / 0.000         1.565 / 934.939       1.565 / 934.939     ms
[13240.316s][info][gc,stats    ]    Subphase: Concurrent Mark Try Terminate                 0.000 / 0.000         0.000 / 0.000         1.072 / 934.940       1.072 / 934.940     ms
[13240.316s][info][gc,stats    ]    Subphase: Concurrent References Enqueue                 0.000 / 0.000         0.000 / 0.000         0.009 / 0.091         0.009 / 0.091       ms
[13240.316s][info][gc,stats    ]    Subphase: Concurrent References Process                 0.000 / 0.000         0.000 / 0.000         0.881 / 3.992         0.881 / 3.992       ms
[13240.316s][info][gc,stats    ]    Subphase: Concurrent Roots ClassLoaderDataGraph         0.000 / 0.000         0.000 / 0.000         0.833 / 3.889         0.833 / 3.889       ms
[13240.316s][info][gc,stats    ]    Subphase: Concurrent Roots CodeCache                    0.000 / 0.000         0.000 / 0.000         0.000 / 0.000         0.000 / 0.000       ms
[13240.316s][info][gc,stats    ]    Subphase: Concurrent Roots JavaThreads                  0.000 / 0.000         0.000 / 0.000         4.665 / 969.487       4.665 / 969.487     ms
[13240.316s][info][gc,stats    ]    Subphase: Concurrent Roots OopStorageSet                0.000 / 0.000         0.000 / 0.000         0.083 / 2.218         0.083 / 2.218       ms
[13240.316s][info][gc,stats    ]    Subphase: Concurrent Weak Roots OopStorageSet           0.000 / 0.000         0.000 / 0.000         1.501 / 13.633        1.501 / 13.633      ms
[13240.316s][info][gc,stats    ]    Subphase: Pause Mark Try Complete                       0.000 / 0.000         0.000 / 0.000         0.001 / 0.031         0.001 / 0.031       ms
[13240.316s][info][gc,stats    ]      System: Java Threads                                      0 / 0                 0 / 0              1929 / 4684           1929 / 4684        threads
[13240.316s][info][gc,stats    ] =========================================================================================================================================================
[13250.316s][info][gc,stats    ] === Garbage Collection Statistics =======================================================================================================================
[13250.316s][info][gc,stats    ]                                                              Last 10s              Last 10m              Last 10h                Total
[13250.316s][info][gc,stats    ]                                                              Avg / Max             Avg / Max             Avg / Max             Avg / Max
[13250.316s][info][gc,stats    ]   Collector: Garbage Collection Cycle                      0.000 / 0.000         0.000 / 0.000       665.978 / 19032.234   665.978 / 19032.234   ms
[13250.316s][info][gc,stats    ]  Contention: Mark Segment Reset Contention                     0 / 0                 0 / 0                 2 / 104               2 / 104         ops/s
[13250.316s][info][gc,stats    ]  Contention: Mark SeqNum Reset Contention                      0 / 0                 0 / 0                 0 / 7                 0 / 7           ops/s
[13250.316s][info][gc,stats    ]    Critical: Allocation Stall                                  0 / 0                 0 / 0                 0 / 827               0 / 827         ops/s
[13250.316s][info][gc,stats    ]    Critical: Allocation Stall                              0.000 / 0.000         0.000 / 0.000       146.230 / 487.490     146.230 / 487.490     ms
[13250.316s][info][gc,stats    ]    Critical: GC Locker Stall                                   0 / 0                 0 / 0                 0 / 2                 0 / 2           ops/s
[13250.316s][info][gc,stats    ]    Critical: GC Locker Stall                               0.000 / 0.000         0.000 / 0.000         0.167 / 4.787         0.167 / 4.787       ms
[13250.316s][info][gc,stats    ]    Critical: Relocation Stall                                  0 / 0                 0 / 0                 0 / 103               0 / 103         ops/s
[13250.316s][info][gc,stats    ]    Critical: Relocation Stall                              0.000 / 0.000         0.000 / 0.000        14.882 / 62.172       14.882 / 62.172      ms
[13250.316s][info][gc,stats    ]      Memory: Allocation Rate                                   0 / 0                 0 / 0               526 / 2790            526 / 2790        MB/s
[13250.316s][info][gc,stats    ]      Memory: Out Of Memory                                     0 / 0                 0 / 0                 0 / 0                 0 / 0           ops/s
[13250.316s][info][gc,stats    ]      Memory: Page Cache Flush                                  0 / 0                 0 / 0                 0 / 258               0 / 258         MB/s
[13250.316s][info][gc,stats    ]      Memory: Page Cache Hit L1                                 0 / 0                 0 / 0               256 / 1336            256 / 1336        ops/s
[13250.316s][info][gc,stats    ]      Memory: Page Cache Hit L2                                 0 / 0                 0 / 0                 0 / 0                 0 / 0           ops/s
[13250.316s][info][gc,stats    ]      Memory: Page Cache Hit L3                                 0 / 0                 0 / 0                 0 / 1028              0 / 1028        ops/s
[13250.316s][info][gc,stats    ]      Memory: Page Cache Miss                                   0 / 0                 0 / 0                 0 / 12                0 / 12          ops/s
[13250.316s][info][gc,stats    ]      Memory: Uncommit                                          0 / 0                 0 / 0                 0 / 0                 0 / 0           MB/s
[13250.316s][info][gc,stats    ]      Memory: Undo Object Allocation Failed                     0 / 0                 0 / 0                 0 / 5                 0 / 5           ops/s
[13250.316s][info][gc,stats    ]      Memory: Undo Object Allocation Succeeded                  0 / 0                 0 / 0                18 / 6595             18 / 6595        ops/s
[13250.316s][info][gc,stats    ]      Memory: Undo Page Allocation                              0 / 0                 0 / 0                 0 / 676               0 / 676         ops/s
[13250.316s][info][gc,stats    ]       Phase: Concurrent Mark                               0.000 / 0.000         0.000 / 0.000       571.218 / 3424.228    571.218 / 3424.228    ms
[13250.316s][info][gc,stats    ]       Phase: Concurrent Mark Continue                      0.000 / 0.000         0.000 / 0.000         0.000 / 0.000         0.000 / 0.000       ms
[13250.316s][info][gc,stats    ]       Phase: Concurrent Mark Free                          0.000 / 0.000         0.000 / 0.000         1.118 / 305.339       1.118 / 305.339     ms
[13250.316s][info][gc,stats    ]       Phase: Concurrent Process Non-Strong References      0.000 / 0.000         0.000 / 0.000        69.335 / 18388.762    69.335 / 18388.762   ms
[13250.316s][info][gc,stats    ]       Phase: Concurrent Relocate                           0.000 / 0.000         0.000 / 0.000        11.475 / 64.108       11.475 / 64.108      ms
[13250.316s][info][gc,stats    ]       Phase: Concurrent Reset Relocation Set               0.000 / 0.000         0.000 / 0.000         0.212 / 0.968         0.212 / 0.968       ms
[13250.316s][info][gc,stats    ]       Phase: Concurrent Select Relocation Set              0.000 / 0.000         0.000 / 0.000         6.722 / 623.697       6.722 / 623.697     ms
[13250.316s][info][gc,stats    ]       Phase: Pause Mark End                                0.000 / 0.000         0.000 / 0.000         0.094 / 0.434         0.094 / 0.434       ms
[13250.316s][info][gc,stats    ]       Phase: Pause Mark Start                              0.000 / 0.000         0.000 / 0.000         0.023 / 0.223         0.023 / 0.223       ms
[13250.316s][info][gc,stats    ]       Phase: Pause Relocate Start                          0.000 / 0.000         0.000 / 0.000         0.045 / 0.309         0.045 / 0.309       ms
[13250.316s][info][gc,stats    ]    Subphase: Concurrent Classes Purge                      0.000 / 0.000         0.000 / 0.000         0.518 / 3.157         0.518 / 3.157       ms
[13250.316s][info][gc,stats    ]    Subphase: Concurrent Classes Unlink                     0.000 / 0.000         0.000 / 0.000        64.039 / 18382.834    64.039 / 18382.834   ms
[13250.316s][info][gc,stats    ]    Subphase: Concurrent Mark                               0.000 / 0.000         0.000 / 0.000       450.151 / 3398.532    450.151 / 3398.532    ms
[13250.316s][info][gc,stats    ]    Subphase: Concurrent Mark Try Flush                     0.000 / 0.000         0.000 / 0.000         1.565 / 934.939       1.565 / 934.939     ms
[13250.316s][info][gc,stats    ]    Subphase: Concurrent Mark Try Terminate                 0.000 / 0.000         0.000 / 0.000         1.072 / 934.940       1.072 / 934.940     ms
[13250.316s][info][gc,stats    ]    Subphase: Concurrent References Enqueue                 0.000 / 0.000         0.000 / 0.000         0.009 / 0.091         0.009 / 0.091       ms
[13250.316s][info][gc,stats    ]    Subphase: Concurrent References Process                 0.000 / 0.000         0.000 / 0.000         0.881 / 3.992         0.881 / 3.992       ms
[13250.316s][info][gc,stats    ]    Subphase: Concurrent Roots ClassLoaderDataGraph         0.000 / 0.000         0.000 / 0.000         0.833 / 3.889         0.833 / 3.889       ms
[13250.316s][info][gc,stats    ]    Subphase: Concurrent Roots CodeCache                    0.000 / 0.000         0.000 / 0.000         0.000 / 0.000         0.000 / 0.000       ms
[13250.316s][info][gc,stats    ]    Subphase: Concurrent Roots JavaThreads                  0.000 / 0.000         0.000 / 0.000         4.665 / 969.487       4.665 / 969.487     ms
[13250.316s][info][gc,stats    ]    Subphase: Concurrent Roots OopStorageSet                0.000 / 0.000         0.000 / 0.000         0.083 / 2.218         0.083 / 2.218       ms
[13250.316s][info][gc,stats    ]    Subphase: Concurrent Weak Roots OopStorageSet           0.000 / 0.000         0.000 / 0.000         1.501 / 13.633        1.501 / 13.633      ms
[13250.316s][info][gc,stats    ]    Subphase: Pause Mark Try Complete                       0.000 / 0.000         0.000 / 0.000         0.001 / 0.031         0.001 / 0.031       ms
[13250.316s][info][gc,stats    ]      System: Java Threads                                      0 / 0                 0 / 0              1929 / 4684           1929 / 4684        threads
[13250.316s][info][gc,stats    ] =========================================================================================================================================================
[13260.315s][info][gc,stats    ] === Garbage Collection Statistics =======================================================================================================================
[13260.315s][info][gc,stats    ]                                                              Last 10s              Last 10m              Last 10h                Total
[13260.315s][info][gc,stats    ]                                                              Avg / Max             Avg / Max             Avg / Max             Avg / Max
[13260.315s][info][gc,stats    ]   Collector: Garbage Collection Cycle                      0.000 / 0.000         0.000 / 0.000       665.978 / 19032.234   665.978 / 19032.234   ms
[13260.315s][info][gc,stats    ]  Contention: Mark Segment Reset Contention                     0 / 0                 0 / 0                 2 / 104               2 / 104         ops/s
[13260.315s][info][gc,stats    ]  Contention: Mark SeqNum Reset Contention                      0 / 0                 0 / 0                 0 / 7                 0 / 7           ops/s
[13260.316s][info][gc,stats    ]    Critical: Allocation Stall                                  0 / 0                 0 / 0                 0 / 827               0 / 827         ops/s
[13260.316s][info][gc,stats    ]    Critical: Allocation Stall                              0.000 / 0.000         0.000 / 0.000       146.230 / 487.490     146.230 / 487.490     ms
[13260.316s][info][gc,stats    ]    Critical: GC Locker Stall                                   0 / 0                 0 / 0                 0 / 2                 0 / 2           ops/s
[13260.316s][info][gc,stats    ]    Critical: GC Locker Stall                               0.000 / 0.000         0.000 / 0.000         0.167 / 4.787         0.167 / 4.787       ms
[13260.316s][info][gc,stats    ]    Critical: Relocation Stall                                  0 / 0                 0 / 0                 0 / 103               0 / 103         ops/s
[13260.316s][info][gc,stats    ]    Critical: Relocation Stall                              0.000 / 0.000         0.000 / 0.000        14.882 / 62.172       14.882 / 62.172      ms
[13260.316s][info][gc,stats    ]      Memory: Allocation Rate                                   0 / 0                 0 / 0               526 / 2790            526 / 2790        MB/s
[13260.316s][info][gc,stats    ]      Memory: Out Of Memory                                     0 / 0                 0 / 0                 0 / 0                 0 / 0           ops/s
[13260.316s][info][gc,stats    ]      Memory: Page Cache Flush                                  0 / 0                 0 / 0                 0 / 258               0 / 258         MB/s
[13260.316s][info][gc,stats    ]      Memory: Page Cache Hit L1                                 0 / 0                 0 / 0               256 / 1336            256 / 1336        ops/s
[13260.316s][info][gc,stats    ]      Memory: Page Cache Hit L2                                 0 / 0                 0 / 0                 0 / 0                 0 / 0           ops/s
[13260.316s][info][gc,stats    ]      Memory: Page Cache Hit L3                                 0 / 0                 0 / 0                 0 / 1028              0 / 1028        ops/s
[13260.316s][info][gc,stats    ]      Memory: Page Cache Miss                                   0 / 0                 0 / 0                 0 / 12                0 / 12          ops/s
[13260.316s][info][gc,stats    ]      Memory: Uncommit                                          0 / 0                 0 / 0                 0 / 0                 0 / 0           MB/s
[13260.316s][info][gc,stats    ]      Memory: Undo Object Allocation Failed                     0 / 0                 0 / 0                 0 / 5                 0 / 5           ops/s
[13260.316s][info][gc,stats    ]      Memory: Undo Object Allocation Succeeded                  0 / 0                 0 / 0                18 / 6595             18 / 6595        ops/s
[13260.316s][info][gc,stats    ]      Memory: Undo Page Allocation                              0 / 0                 0 / 0                 0 / 676               0 / 676         ops/s
[13260.316s][info][gc,stats    ]       Phase: Concurrent Mark                               0.000 / 0.000         0.000 / 0.000       571.218 / 3424.228    571.218 / 3424.228    ms
[13260.316s][info][gc,stats    ]       Phase: Concurrent Mark Continue                      0.000 / 0.000         0.000 / 0.000         0.000 / 0.000         0.000 / 0.000       ms
[13260.316s][info][gc,stats    ]       Phase: Concurrent Mark Free                          0.000 / 0.000         0.000 / 0.000         1.118 / 305.339       1.118 / 305.339     ms
[13260.316s][info][gc,stats    ]       Phase: Concurrent Process Non-Strong References      0.000 / 0.000         0.000 / 0.000        69.335 / 18388.762    69.335 / 18388.762   ms
[13260.316s][info][gc,stats    ]       Phase: Concurrent Relocate                           0.000 / 0.000         0.000 / 0.000        11.475 / 64.108       11.475 / 64.108      ms
[13260.316s][info][gc,stats    ]       Phase: Concurrent Reset Relocation Set               0.000 / 0.000         0.000 / 0.000         0.212 / 0.968         0.212 / 0.968       ms
[13260.316s][info][gc,stats    ]       Phase: Concurrent Select Relocation Set              0.000 / 0.000         0.000 / 0.000         6.722 / 623.697       6.722 / 623.697     ms
[13260.316s][info][gc,stats    ]       Phase: Pause Mark End                                0.000 / 0.000         0.000 / 0.000         0.094 / 0.434         0.094 / 0.434       ms
[13260.316s][info][gc,stats    ]       Phase: Pause Mark Start                              0.000 / 0.000         0.000 / 0.000         0.023 / 0.223         0.023 / 0.223       ms
[13260.316s][info][gc,stats    ]       Phase: Pause Relocate Start                          0.000 / 0.000         0.000 / 0.000         0.045 / 0.309         0.045 / 0.309       ms
[13260.316s][info][gc,stats    ]    Subphase: Concurrent Classes Purge                      0.000 / 0.000         0.000 / 0.000         0.518 / 3.157         0.518 / 3.157       ms
[13260.316s][info][gc,stats    ]    Subphase: Concurrent Classes Unlink                     0.000 / 0.000         0.000 / 0.000        64.039 / 18382.834    64.039 / 18382.834   ms
[13260.316s][info][gc,stats    ]    Subphase: Concurrent Mark                               0.000 / 0.000         0.000 / 0.000       450.151 / 3398.532    450.151 / 3398.532    ms
[13260.316s][info][gc,stats    ]    Subphase: Concurrent Mark Try Flush                     0.000 / 0.000         0.000 / 0.000         1.565 / 934.939       1.565 / 934.939     ms
[13260.316s][info][gc,stats    ]    Subphase: Concurrent Mark Try Terminate                 0.000 / 0.000         0.000 / 0.000         1.072 / 934.940       1.072 / 934.940     ms
[13260.316s][info][gc,stats    ]    Subphase: Concurrent References Enqueue                 0.000 / 0.000         0.000 / 0.000         0.009 / 0.091         0.009 / 0.091       ms
[13260.316s][info][gc,stats    ]    Subphase: Concurrent References Process                 0.000 / 0.000         0.000 / 0.000         0.881 / 3.992         0.881 / 3.992       ms
[13260.316s][info][gc,stats    ]    Subphase: Concurrent Roots ClassLoaderDataGraph         0.000 / 0.000         0.000 / 0.000         0.833 / 3.889         0.833 / 3.889       ms
[13260.316s][info][gc,stats    ]    Subphase: Concurrent Roots CodeCache                    0.000 / 0.000         0.000 / 0.000         0.000 / 0.000         0.000 / 0.000       ms
[13260.316s][info][gc,stats    ]    Subphase: Concurrent Roots JavaThreads                  0.000 / 0.000         0.000 / 0.000         4.665 / 969.487       4.665 / 969.487     ms
[13260.316s][info][gc,stats    ]    Subphase: Concurrent Roots OopStorageSet                0.000 / 0.000         0.000 / 0.000         0.083 / 2.218         0.083 / 2.218       ms
[13260.316s][info][gc,stats    ]    Subphase: Concurrent Weak Roots OopStorageSet           0.000 / 0.000         0.000 / 0.000         1.501 / 13.633        1.501 / 13.633      ms
[13260.316s][info][gc,stats    ]    Subphase: Pause Mark Try Complete                       0.000 / 0.000         0.000 / 0.000         0.001 / 0.031         0.001 / 0.031       ms
[13260.316s][info][gc,stats    ]      System: Java Threads                                      0 / 0                 0 / 0              1929 / 4684           1929 / 4684        threads
[13260.316s][info][gc,stats    ] =========================================================================================================================================================
[13270.315s][info][gc,stats    ] === Garbage Collection Statistics =======================================================================================================================
[13270.315s][info][gc,stats    ]                                                              Last 10s              Last 10m              Last 10h                Total
[13270.315s][info][gc,stats    ]                                                              Avg / Max             Avg / Max             Avg / Max             Avg / Max
[13270.315s][info][gc,stats    ]   Collector: Garbage Collection Cycle                      0.000 / 0.000         0.000 / 0.000       665.978 / 19032.234   665.978 / 19032.234   ms
[13270.315s][info][gc,stats    ]  Contention: Mark Segment Reset Contention                     0 / 0                 0 / 0                 2 / 104               2 / 104         ops/s
[13270.315s][info][gc,stats    ]  Contention: Mark SeqNum Reset Contention                      0 / 0                 0 / 0                 0 / 7                 0 / 7           ops/s
[13270.315s][info][gc,stats    ]    Critical: Allocation Stall                                  0 / 0                 0 / 0                 0 / 827               0 / 827         ops/s
[13270.315s][info][gc,stats    ]    Critical: Allocation Stall                              0.000 / 0.000         0.000 / 0.000       146.230 / 487.490     146.230 / 487.490     ms
[13270.315s][info][gc,stats    ]    Critical: GC Locker Stall                                   0 / 0                 0 / 0                 0 / 2                 0 / 2           ops/s
[13270.315s][info][gc,stats    ]    Critical: GC Locker Stall                               0.000 / 0.000         0.000 / 0.000         0.167 / 4.787         0.167 / 4.787       ms
[13270.315s][info][gc,stats    ]    Critical: Relocation Stall                                  0 / 0                 0 / 0                 0 / 103               0 / 103         ops/s
[13270.315s][info][gc,stats    ]    Critical: Relocation Stall                              0.000 / 0.000         0.000 / 0.000        14.882 / 62.172       14.882 / 62.172      ms
[13270.315s][info][gc,stats    ]      Memory: Allocation Rate                                   0 / 0                 0 / 0               525 / 2790            525 / 2790        MB/s
[13270.315s][info][gc,stats    ]      Memory: Out Of Memory                                     0 / 0                 0 / 0                 0 / 0                 0 / 0           ops/s
[13270.315s][info][gc,stats    ]      Memory: Page Cache Flush                                  0 / 0                 0 / 0                 0 / 258               0 / 258         MB/s
[13270.315s][info][gc,stats    ]      Memory: Page Cache Hit L1                                 0 / 0                 0 / 0               256 / 1336            256 / 1336        ops/s
[13270.316s][info][gc,stats    ]      Memory: Page Cache Hit L2                                 0 / 0                 0 / 0                 0 / 0                 0 / 0           ops/s
[13270.316s][info][gc,stats    ]      Memory: Page Cache Hit L3                                 0 / 0                 0 / 0                 0 / 1028              0 / 1028        ops/s
[13270.316s][info][gc,stats    ]      Memory: Page Cache Miss                                   0 / 0                 0 / 0                 0 / 12                0 / 12          ops/s
[13270.316s][info][gc,stats    ]      Memory: Uncommit                                          0 / 0                 0 / 0                 0 / 0                 0 / 0           MB/s
[13270.316s][info][gc,stats    ]      Memory: Undo Object Allocation Failed                     0 / 0                 0 / 0                 0 / 5                 0 / 5           ops/s
[13270.316s][info][gc,stats    ]      Memory: Undo Object Allocation Succeeded                  0 / 0                 0 / 0                18 / 6595             18 / 6595        ops/s
[13270.316s][info][gc,stats    ]      Memory: Undo Page Allocation                              0 / 0                 0 / 0                 0 / 676               0 / 676         ops/s
[13270.316s][info][gc,stats    ]       Phase: Concurrent Mark                               0.000 / 0.000         0.000 / 0.000       571.218 / 3424.228    571.218 / 3424.228    ms
[13270.316s][info][gc,stats    ]       Phase: Concurrent Mark Continue                      0.000 / 0.000         0.000 / 0.000         0.000 / 0.000         0.000 / 0.000       ms
[13270.316s][info][gc,stats    ]       Phase: Concurrent Mark Free                          0.000 / 0.000         0.000 / 0.000         1.118 / 305.339       1.118 / 305.339     ms
[13270.316s][info][gc,stats    ]       Phase: Concurrent Process Non-Strong References      0.000 / 0.000         0.000 / 0.000        69.335 / 18388.762    69.335 / 18388.762   ms
[13270.316s][info][gc,stats    ]       Phase: Concurrent Relocate                           0.000 / 0.000         0.000 / 0.000        11.475 / 64.108       11.475 / 64.108      ms
[13270.316s][info][gc,stats    ]       Phase: Concurrent Reset Relocation Set               0.000 / 0.000         0.000 / 0.000         0.212 / 0.968         0.212 / 0.968       ms
[13270.316s][info][gc,stats    ]       Phase: Concurrent Select Relocation Set              0.000 / 0.000         0.000 / 0.000         6.722 / 623.697       6.722 / 623.697     ms
[13270.316s][info][gc,stats    ]       Phase: Pause Mark End                                0.000 / 0.000         0.000 / 0.000         0.094 / 0.434         0.094 / 0.434       ms
[13270.316s][info][gc,stats    ]       Phase: Pause Mark Start                              0.000 / 0.000         0.000 / 0.000         0.023 / 0.223         0.023 / 0.223       ms
[13270.316s][info][gc,stats    ]       Phase: Pause Relocate Start                          0.000 / 0.000         0.000 / 0.000         0.045 / 0.309         0.045 / 0.309       ms
[13270.316s][info][gc,stats    ]    Subphase: Concurrent Classes Purge                      0.000 / 0.000         0.000 / 0.000         0.518 / 3.157         0.518 / 3.157       ms
[13270.316s][info][gc,stats    ]    Subphase: Concurrent Classes Unlink                     0.000 / 0.000         0.000 / 0.000        64.039 / 18382.834    64.039 / 18382.834   ms
[13270.316s][info][gc,stats    ]    Subphase: Concurrent Mark                               0.000 / 0.000         0.000 / 0.000       450.151 / 3398.532    450.151 / 3398.532    ms
[13270.316s][info][gc,stats    ]    Subphase: Concurrent Mark Try Flush                     0.000 / 0.000         0.000 / 0.000         1.565 / 934.939       1.565 / 934.939     ms
[13270.316s][info][gc,stats    ]    Subphase: Concurrent Mark Try Terminate                 0.000 / 0.000         0.000 / 0.000         1.072 / 934.940       1.072 / 934.940     ms
[13270.316s][info][gc,stats    ]    Subphase: Concurrent References Enqueue                 0.000 / 0.000         0.000 / 0.000         0.009 / 0.091         0.009 / 0.091       ms
[13270.316s][info][gc,stats    ]    Subphase: Concurrent References Process                 0.000 / 0.000         0.000 / 0.000         0.881 / 3.992         0.881 / 3.992       ms
[13270.316s][info][gc,stats    ]    Subphase: Concurrent Roots ClassLoaderDataGraph         0.000 / 0.000         0.000 / 0.000         0.833 / 3.889         0.833 / 3.889       ms
[13270.316s][info][gc,stats    ]    Subphase: Concurrent Roots CodeCache                    0.000 / 0.000         0.000 / 0.000         0.000 / 0.000         0.000 / 0.000       ms
[13270.316s][info][gc,stats    ]    Subphase: Concurrent Roots JavaThreads                  0.000 / 0.000         0.000 / 0.000         4.665 / 969.487       4.665 / 969.487     ms
[13270.316s][info][gc,stats    ]    Subphase: Concurrent Roots OopStorageSet                0.000 / 0.000         0.000 / 0.000         0.083 / 2.218         0.083 / 2.218       ms
[13270.316s][info][gc,stats    ]    Subphase: Concurrent Weak Roots OopStorageSet           0.000 / 0.000         0.000 / 0.000         1.501 / 13.633        1.501 / 13.633      ms
[13270.316s][info][gc,stats    ]    Subphase: Pause Mark Try Complete                       0.000 / 0.000         0.000 / 0.000         0.001 / 0.031         0.001 / 0.031       ms
[13270.316s][info][gc,stats    ]      System: Java Threads                                      0 / 0                 0 / 0              1929 / 4684           1929 / 4684        threads
[13270.316s][info][gc,stats    ] =========================================================================================================================================================
[13280.315s][info][gc,stats    ] === Garbage Collection Statistics =======================================================================================================================
[13280.315s][info][gc,stats    ]                                                              Last 10s              Last 10m              Last 10h                Total
[13280.315s][info][gc,stats    ]                                                              Avg / Max             Avg / Max             Avg / Max             Avg / Max
[13280.315s][info][gc,stats    ]   Collector: Garbage Collection Cycle                      0.000 / 0.000         0.000 / 0.000       665.978 / 19032.234   665.978 / 19032.234   ms
[13280.315s][info][gc,stats    ]  Contention: Mark Segment Reset Contention                     0 / 0                 0 / 0                 2 / 104               2 / 104         ops/s
[13280.315s][info][gc,stats    ]  Contention: Mark SeqNum Reset Contention                      0 / 0                 0 / 0                 0 / 7                 0 / 7           ops/s
[13280.315s][info][gc,stats    ]    Critical: Allocation Stall                                  0 / 0                 0 / 0                 0 / 827               0 / 827         ops/s
[13280.315s][info][gc,stats    ]    Critical: Allocation Stall                              0.000 / 0.000         0.000 / 0.000       146.230 / 487.490     146.230 / 487.490     ms
[13280.315s][info][gc,stats    ]    Critical: GC Locker Stall                                   0 / 0                 0 / 0                 0 / 2                 0 / 2           ops/s
[13280.315s][info][gc,stats    ]    Critical: GC Locker Stall                               0.000 / 0.000         0.000 / 0.000         0.167 / 4.787         0.167 / 4.787       ms
[13280.315s][info][gc,stats    ]    Critical: Relocation Stall                                  0 / 0                 0 / 0                 0 / 103               0 / 103         ops/s
[13280.315s][info][gc,stats    ]    Critical: Relocation Stall                              0.000 / 0.000         0.000 / 0.000        14.882 / 62.172       14.882 / 62.172      ms
[13280.315s][info][gc,stats    ]      Memory: Allocation Rate                                   0 / 0                 0 / 0               525 / 2790            525 / 2790        MB/s
[13280.315s][info][gc,stats    ]      Memory: Out Of Memory                                     0 / 0                 0 / 0                 0 / 0                 0 / 0           ops/s
[13280.315s][info][gc,stats    ]      Memory: Page Cache Flush                                  0 / 0                 0 / 0                 0 / 258               0 / 258         MB/s
[13280.315s][info][gc,stats    ]      Memory: Page Cache Hit L1                                 0 / 0                 0 / 0               255 / 1336            255 / 1336        ops/s
[13280.315s][info][gc,stats    ]      Memory: Page Cache Hit L2                                 0 / 0                 0 / 0                 0 / 0                 0 / 0           ops/s
[13280.315s][info][gc,stats    ]      Memory: Page Cache Hit L3                                 0 / 0                 0 / 0                 0 / 1028              0 / 1028        ops/s
[13280.315s][info][gc,stats    ]      Memory: Page Cache Miss                                   0 / 0                 0 / 0                 0 / 12                0 / 12          ops/s
[13280.315s][info][gc,stats    ]      Memory: Uncommit                                          0 / 0                 0 / 0                 0 / 0                 0 / 0           MB/s
[13280.315s][info][gc,stats    ]      Memory: Undo Object Allocation Failed                     0 / 0                 0 / 0                 0 / 5                 0 / 5           ops/s
[13280.315s][info][gc,stats    ]      Memory: Undo Object Allocation Succeeded                  0 / 0                 0 / 0                18 / 6595             18 / 6595        ops/s
[13280.315s][info][gc,stats    ]      Memory: Undo Page Allocation                              0 / 0                 0 / 0                 0 / 676               0 / 676         ops/s
[13280.315s][info][gc,stats    ]       Phase: Concurrent Mark                               0.000 / 0.000         0.000 / 0.000       571.218 / 3424.228    571.218 / 3424.228    ms
[13280.315s][info][gc,stats    ]       Phase: Concurrent Mark Continue                      0.000 / 0.000         0.000 / 0.000         0.000 / 0.000         0.000 / 0.000       ms
[13280.315s][info][gc,stats    ]       Phase: Concurrent Mark Free                          0.000 / 0.000         0.000 / 0.000         1.118 / 305.339       1.118 / 305.339     ms
[13280.315s][info][gc,stats    ]       Phase: Concurrent Process Non-Strong References      0.000 / 0.000         0.000 / 0.000        69.335 / 18388.762    69.335 / 18388.762   ms
[13280.315s][info][gc,stats    ]       Phase: Concurrent Relocate                           0.000 / 0.000         0.000 / 0.000        11.475 / 64.108       11.475 / 64.108      ms
[13280.315s][info][gc,stats    ]       Phase: Concurrent Reset Relocation Set               0.000 / 0.000         0.000 / 0.000         0.212 / 0.968         0.212 / 0.968       ms
[13280.315s][info][gc,stats    ]       Phase: Concurrent Select Relocation Set              0.000 / 0.000         0.000 / 0.000         6.722 / 623.697       6.722 / 623.697     ms
[13280.316s][info][gc,stats    ]       Phase: Pause Mark End                                0.000 / 0.000         0.000 / 0.000         0.094 / 0.434         0.094 / 0.434       ms
[13280.316s][info][gc,stats    ]       Phase: Pause Mark Start                              0.000 / 0.000         0.000 / 0.000         0.023 / 0.223         0.023 / 0.223       ms
[13280.316s][info][gc,stats    ]       Phase: Pause Relocate Start                          0.000 / 0.000         0.000 / 0.000         0.045 / 0.309         0.045 / 0.309       ms
[13280.316s][info][gc,stats    ]    Subphase: Concurrent Classes Purge                      0.000 / 0.000         0.000 / 0.000         0.518 / 3.157         0.518 / 3.157       ms
[13280.316s][info][gc,stats    ]    Subphase: Concurrent Classes Unlink                     0.000 / 0.000         0.000 / 0.000        64.039 / 18382.834    64.039 / 18382.834   ms
[13280.316s][info][gc,stats    ]    Subphase: Concurrent Mark                               0.000 / 0.000         0.000 / 0.000       450.151 / 3398.532    450.151 / 3398.532    ms
[13280.316s][info][gc,stats    ]    Subphase: Concurrent Mark Try Flush                     0.000 / 0.000         0.000 / 0.000         1.565 / 934.939       1.565 / 934.939     ms
[13280.316s][info][gc,stats    ]    Subphase: Concurrent Mark Try Terminate                 0.000 / 0.000         0.000 / 0.000         1.072 / 934.940       1.072 / 934.940     ms
[13280.316s][info][gc,stats    ]    Subphase: Concurrent References Enqueue                 0.000 / 0.000         0.000 / 0.000         0.009 / 0.091         0.009 / 0.091       ms
[13280.316s][info][gc,stats    ]    Subphase: Concurrent References Process                 0.000 / 0.000         0.000 / 0.000         0.881 / 3.992         0.881 / 3.992       ms
[13280.316s][info][gc,stats    ]    Subphase: Concurrent Roots ClassLoaderDataGraph         0.000 / 0.000         0.000 / 0.000         0.833 / 3.889         0.833 / 3.889       ms
[13280.316s][info][gc,stats    ]    Subphase: Concurrent Roots CodeCache                    0.000 / 0.000         0.000 / 0.000         0.000 / 0.000         0.000 / 0.000       ms
[13280.316s][info][gc,stats    ]    Subphase: Concurrent Roots JavaThreads                  0.000 / 0.000         0.000 / 0.000         4.665 / 969.487       4.665 / 969.487     ms
[13280.316s][info][gc,stats    ]    Subphase: Concurrent Roots OopStorageSet                0.000 / 0.000         0.000 / 0.000         0.083 / 2.218         0.083 / 2.218       ms
[13280.316s][info][gc,stats    ]    Subphase: Concurrent Weak Roots OopStorageSet           0.000 / 0.000         0.000 / 0.000         1.501 / 13.633        1.501 / 13.633      ms
[13280.316s][info][gc,stats    ]    Subphase: Pause Mark Try Complete                       0.000 / 0.000         0.000 / 0.000         0.001 / 0.031         0.001 / 0.031       ms
[13280.316s][info][gc,stats    ]      System: Java Threads                                      0 / 0                 0 / 0              1929 / 4684           1929 / 4684        threads
[13280.316s][info][gc,stats    ] =========================================================================================================================================================
[13290.316s][info][gc,stats    ] === Garbage Collection Statistics =======================================================================================================================
[13290.316s][info][gc,stats    ]                                                              Last 10s              Last 10m              Last 10h                Total
[13290.316s][info][gc,stats    ]                                                              Avg / Max             Avg / Max             Avg / Max             Avg / Max
[13290.316s][info][gc,stats    ]   Collector: Garbage Collection Cycle                      0.000 / 0.000         0.000 / 0.000       665.978 / 19032.234   665.978 / 19032.234   ms
[13290.316s][info][gc,stats    ]  Contention: Mark Segment Reset Contention                     0 / 0                 0 / 0                 2 / 104               2 / 104         ops/s
[13290.316s][info][gc,stats    ]  Contention: Mark SeqNum Reset Contention                      0 / 0                 0 / 0                 0 / 7                 0 / 7           ops/s
[13290.316s][info][gc,stats    ]    Critical: Allocation Stall                                  0 / 0                 0 / 0                 0 / 827               0 / 827         ops/s
[13290.316s][info][gc,stats    ]    Critical: Allocation Stall                              0.000 / 0.000         0.000 / 0.000       146.230 / 487.490     146.230 / 487.490     ms
[13290.316s][info][gc,stats    ]    Critical: GC Locker Stall                                   0 / 0                 0 / 0                 0 / 2                 0 / 2           ops/s
[13290.316s][info][gc,stats    ]    Critical: GC Locker Stall                               0.000 / 0.000         0.000 / 0.000         0.167 / 4.787         0.167 / 4.787       ms
[13290.316s][info][gc,stats    ]    Critical: Relocation Stall                                  0 / 0                 0 / 0                 0 / 103               0 / 103         ops/s
[13290.316s][info][gc,stats    ]    Critical: Relocation Stall                              0.000 / 0.000         0.000 / 0.000        14.882 / 62.172       14.882 / 62.172      ms
[13290.316s][info][gc,stats    ]      Memory: Allocation Rate                                   0 / 0                 0 / 0               525 / 2790            525 / 2790        MB/s
[13290.316s][info][gc,stats    ]      Memory: Out Of Memory                                     0 / 0                 0 / 0                 0 / 0                 0 / 0           ops/s
[13290.316s][info][gc,stats    ]      Memory: Page Cache Flush                                  0 / 0                 0 / 0                 0 / 258               0 / 258         MB/s
[13290.316s][info][gc,stats    ]      Memory: Page Cache Hit L1                                 0 / 0                 0 / 0               255 / 1336            255 / 1336        ops/s
[13290.316s][info][gc,stats    ]      Memory: Page Cache Hit L2                                 0 / 0                 0 / 0                 0 / 0                 0 / 0           ops/s
[13290.316s][info][gc,stats    ]      Memory: Page Cache Hit L3                                 0 / 0                 0 / 0                 0 / 1028              0 / 1028        ops/s
[13290.316s][info][gc,stats    ]      Memory: Page Cache Miss                                   0 / 0                 0 / 0                 0 / 12                0 / 12          ops/s
[13290.316s][info][gc,stats    ]      Memory: Uncommit                                          0 / 0                 0 / 0                 0 / 0                 0 / 0           MB/s
[13290.316s][info][gc,stats    ]      Memory: Undo Object Allocation Failed                     0 / 0                 0 / 0                 0 / 5                 0 / 5           ops/s
[13290.316s][info][gc,stats    ]      Memory: Undo Object Allocation Succeeded                  0 / 0                 0 / 0                18 / 6595             18 / 6595        ops/s
[13290.316s][info][gc,stats    ]      Memory: Undo Page Allocation                              0 / 0                 0 / 0                 0 / 676               0 / 676         ops/s
[13290.316s][info][gc,stats    ]       Phase: Concurrent Mark                               0.000 / 0.000         0.000 / 0.000       571.218 / 3424.228    571.218 / 3424.228    ms
[13290.316s][info][gc,stats    ]       Phase: Concurrent Mark Continue                      0.000 / 0.000         0.000 / 0.000         0.000 / 0.000         0.000 / 0.000       ms
[13290.316s][info][gc,stats    ]       Phase: Concurrent Mark Free                          0.000 / 0.000         0.000 / 0.000         1.118 / 305.339       1.118 / 305.339     ms
[13290.316s][info][gc,stats    ]       Phase: Concurrent Process Non-Strong References      0.000 / 0.000         0.000 / 0.000        69.335 / 18388.762    69.335 / 18388.762   ms
[13290.316s][info][gc,stats    ]       Phase: Concurrent Relocate                           0.000 / 0.000         0.000 / 0.000        11.475 / 64.108       11.475 / 64.108      ms
[13290.316s][info][gc,stats    ]       Phase: Concurrent Reset Relocation Set               0.000 / 0.000         0.000 / 0.000         0.212 / 0.968         0.212 / 0.968       ms
[13290.316s][info][gc,stats    ]       Phase: Concurrent Select Relocation Set              0.000 / 0.000         0.000 / 0.000         6.722 / 623.697       6.722 / 623.697     ms
[13290.316s][info][gc,stats    ]       Phase: Pause Mark End                                0.000 / 0.000         0.000 / 0.000         0.094 / 0.434         0.094 / 0.434       ms
[13290.316s][info][gc,stats    ]       Phase: Pause Mark Start                              0.000 / 0.000         0.000 / 0.000         0.023 / 0.223         0.023 / 0.223       ms
[13290.316s][info][gc,stats    ]       Phase: Pause Relocate Start                          0.000 / 0.000         0.000 / 0.000         0.045 / 0.309         0.045 / 0.309       ms
[13290.316s][info][gc,stats    ]    Subphase: Concurrent Classes Purge                      0.000 / 0.000         0.000 / 0.000         0.518 / 3.157         0.518 / 3.157       ms
[13290.316s][info][gc,stats    ]    Subphase: Concurrent Classes Unlink                     0.000 / 0.000         0.000 / 0.000        64.039 / 18382.834    64.039 / 18382.834   ms
[13290.316s][info][gc,stats    ]    Subphase: Concurrent Mark                               0.000 / 0.000         0.000 / 0.000       450.151 / 3398.532    450.151 / 3398.532    ms
[13290.316s][info][gc,stats    ]    Subphase: Concurrent Mark Try Flush                     0.000 / 0.000         0.000 / 0.000         1.565 / 934.939       1.565 / 934.939     ms
[13290.316s][info][gc,stats    ]    Subphase: Concurrent Mark Try Terminate                 0.000 / 0.000         0.000 / 0.000         1.072 / 934.940       1.072 / 934.940     ms
[13290.316s][info][gc,stats    ]    Subphase: Concurrent References Enqueue                 0.000 / 0.000         0.000 / 0.000         0.009 / 0.091         0.009 / 0.091       ms
[13290.316s][info][gc,stats    ]    Subphase: Concurrent References Process                 0.000 / 0.000         0.000 / 0.000         0.881 / 3.992         0.881 / 3.992       ms
[13290.316s][info][gc,stats    ]    Subphase: Concurrent Roots ClassLoaderDataGraph         0.000 / 0.000         0.000 / 0.000         0.833 / 3.889         0.833 / 3.889       ms
[13290.316s][info][gc,stats    ]    Subphase: Concurrent Roots CodeCache                    0.000 / 0.000         0.000 / 0.000         0.000 / 0.000         0.000 / 0.000       ms
[13290.316s][info][gc,stats    ]    Subphase: Concurrent Roots JavaThreads                  0.000 / 0.000         0.000 / 0.000         4.665 / 969.487       4.665 / 969.487     ms
[13290.316s][info][gc,stats    ]    Subphase: Concurrent Roots OopStorageSet                0.000 / 0.000         0.000 / 0.000         0.083 / 2.218         0.083 / 2.218       ms
[13290.316s][info][gc,stats    ]    Subphase: Concurrent Weak Roots OopStorageSet           0.000 / 0.000         0.000 / 0.000         1.501 / 13.633        1.501 / 13.633      ms
[13290.316s][info][gc,stats    ]    Subphase: Pause Mark Try Complete                       0.000 / 0.000         0.000 / 0.000         0.001 / 0.031         0.001 / 0.031       ms
[13290.316s][info][gc,stats    ]      System: Java Threads                                      0 / 0                 0 / 0              1929 / 4684           1929 / 4684        threads
[13290.316s][info][gc,stats    ] =========================================================================================================================================================
[13300.316s][info][gc,stats    ] === Garbage Collection Statistics =======================================================================================================================
[13300.316s][info][gc,stats    ]                                                              Last 10s              Last 10m              Last 10h                Total
[13300.316s][info][gc,stats    ]                                                              Avg / Max             Avg / Max             Avg / Max             Avg / Max
[13300.316s][info][gc,stats    ]   Collector: Garbage Collection Cycle                      0.000 / 0.000         0.000 / 0.000       665.978 / 19032.234   665.978 / 19032.234   ms
[13300.316s][info][gc,stats    ]  Contention: Mark Segment Reset Contention                     0 / 0                 0 / 0                 2 / 104               2 / 104         ops/s
[13300.316s][info][gc,stats    ]  Contention: Mark SeqNum Reset Contention                      0 / 0                 0 / 0                 0 / 7                 0 / 7           ops/s
[13300.316s][info][gc,stats    ]    Critical: Allocation Stall                                  0 / 0                 0 / 0                 0 / 827               0 / 827         ops/s
[13300.316s][info][gc,stats    ]    Critical: Allocation Stall                              0.000 / 0.000         0.000 / 0.000       146.230 / 487.490     146.230 / 487.490     ms
[13300.316s][info][gc,stats    ]    Critical: GC Locker Stall                                   0 / 0                 0 / 0                 0 / 2                 0 / 2           ops/s
[13300.316s][info][gc,stats    ]    Critical: GC Locker Stall                               0.000 / 0.000         0.000 / 0.000         0.167 / 4.787         0.167 / 4.787       ms
[13300.316s][info][gc,stats    ]    Critical: Relocation Stall                                  0 / 0                 0 / 0                 0 / 103               0 / 103         ops/s
[13300.316s][info][gc,stats    ]    Critical: Relocation Stall                              0.000 / 0.000         0.000 / 0.000        14.882 / 62.172       14.882 / 62.172      ms
[13300.316s][info][gc,stats    ]      Memory: Allocation Rate                                   0 / 0                 0 / 0               524 / 2790            524 / 2790        MB/s
[13300.316s][info][gc,stats    ]      Memory: Out Of Memory                                     0 / 0                 0 / 0                 0 / 0                 0 / 0           ops/s
[13300.316s][info][gc,stats    ]      Memory: Page Cache Flush                                  0 / 0                 0 / 0                 0 / 258               0 / 258         MB/s
[13300.316s][info][gc,stats    ]      Memory: Page Cache Hit L1                                 0 / 0                 0 / 0               255 / 1336            255 / 1336        ops/s
[13300.316s][info][gc,stats    ]      Memory: Page Cache Hit L2                                 0 / 0                 0 / 0                 0 / 0                 0 / 0           ops/s
[13300.316s][info][gc,stats    ]      Memory: Page Cache Hit L3                                 0 / 0                 0 / 0                 0 / 1028              0 / 1028        ops/s
[13300.316s][info][gc,stats    ]      Memory: Page Cache Miss                                   0 / 0                 0 / 0                 0 / 12                0 / 12          ops/s
[13300.316s][info][gc,stats    ]      Memory: Uncommit                                          0 / 0                 0 / 0                 0 / 0                 0 / 0           MB/s
[13300.316s][info][gc,stats    ]      Memory: Undo Object Allocation Failed                     0 / 0                 0 / 0                 0 / 5                 0 / 5           ops/s
[13300.316s][info][gc,stats    ]      Memory: Undo Object Allocation Succeeded                  0 / 0                 0 / 0                18 / 6595             18 / 6595        ops/s
[13300.316s][info][gc,stats    ]      Memory: Undo Page Allocation                              0 / 0                 0 / 0                 0 / 676               0 / 676         ops/s
[13300.316s][info][gc,stats    ]       Phase: Concurrent Mark                               0.000 / 0.000         0.000 / 0.000       571.218 / 3424.228    571.218 / 3424.228    ms
[13300.316s][info][gc,stats    ]       Phase: Concurrent Mark Continue                      0.000 / 0.000         0.000 / 0.000         0.000 / 0.000         0.000 / 0.000       ms
[13300.316s][info][gc,stats    ]       Phase: Concurrent Mark Free                          0.000 / 0.000         0.000 / 0.000         1.118 / 305.339       1.118 / 305.339     ms
[13300.316s][info][gc,stats    ]       Phase: Concurrent Process Non-Strong References      0.000 / 0.000         0.000 / 0.000        69.335 / 18388.762    69.335 / 18388.762   ms
[13300.316s][info][gc,stats    ]       Phase: Concurrent Relocate                           0.000 / 0.000         0.000 / 0.000        11.475 / 64.108       11.475 / 64.108      ms
[13300.316s][info][gc,stats    ]       Phase: Concurrent Reset Relocation Set               0.000 / 0.000         0.000 / 0.000         0.212 / 0.968         0.212 / 0.968       ms
[13300.316s][info][gc,stats    ]       Phase: Concurrent Select Relocation Set              0.000 / 0.000         0.000 / 0.000         6.722 / 623.697       6.722 / 623.697     ms
[13300.316s][info][gc,stats    ]       Phase: Pause Mark End                                0.000 / 0.000         0.000 / 0.000         0.094 / 0.434         0.094 / 0.434       ms
[13300.316s][info][gc,stats    ]       Phase: Pause Mark Start                              0.000 / 0.000         0.000 / 0.000         0.023 / 0.223         0.023 / 0.223       ms
[13300.316s][info][gc,stats    ]       Phase: Pause Relocate Start                          0.000 / 0.000         0.000 / 0.000         0.045 / 0.309         0.045 / 0.309       ms
[13300.316s][info][gc,stats    ]    Subphase: Concurrent Classes Purge                      0.000 / 0.000         0.000 / 0.000         0.518 / 3.157         0.518 / 3.157       ms
[13300.316s][info][gc,stats    ]    Subphase: Concurrent Classes Unlink                     0.000 / 0.000         0.000 / 0.000        64.039 / 18382.834    64.039 / 18382.834   ms
[13300.316s][info][gc,stats    ]    Subphase: Concurrent Mark                               0.000 / 0.000         0.000 / 0.000       450.151 / 3398.532    450.151 / 3398.532    ms
[13300.316s][info][gc,stats    ]    Subphase: Concurrent Mark Try Flush                     0.000 / 0.000         0.000 / 0.000         1.565 / 934.939       1.565 / 934.939     ms
[13300.316s][info][gc,stats    ]    Subphase: Concurrent Mark Try Terminate                 0.000 / 0.000         0.000 / 0.000         1.072 / 934.940       1.072 / 934.940     ms
[13300.316s][info][gc,stats    ]    Subphase: Concurrent References Enqueue                 0.000 / 0.000         0.000 / 0.000         0.009 / 0.091         0.009 / 0.091       ms
[13300.316s][info][gc,stats    ]    Subphase: Concurrent References Process                 0.000 / 0.000         0.000 / 0.000         0.881 / 3.992         0.881 / 3.992       ms
[13300.316s][info][gc,stats    ]    Subphase: Concurrent Roots ClassLoaderDataGraph         0.000 / 0.000         0.000 / 0.000         0.833 / 3.889         0.833 / 3.889       ms
[13300.316s][info][gc,stats    ]    Subphase: Concurrent Roots CodeCache                    0.000 / 0.000         0.000 / 0.000         0.000 / 0.000         0.000 / 0.000       ms
[13300.316s][info][gc,stats    ]    Subphase: Concurrent Roots JavaThreads                  0.000 / 0.000         0.000 / 0.000         4.665 / 969.487       4.665 / 969.487     ms
[13300.316s][info][gc,stats    ]    Subphase: Concurrent Roots OopStorageSet                0.000 / 0.000         0.000 / 0.000         0.083 / 2.218         0.083 / 2.218       ms
[13300.316s][info][gc,stats    ]    Subphase: Concurrent Weak Roots OopStorageSet           0.000 / 0.000         0.000 / 0.000         1.501 / 13.633        1.501 / 13.633      ms
[13300.316s][info][gc,stats    ]    Subphase: Pause Mark Try Complete                       0.000 / 0.000         0.000 / 0.000         0.001 / 0.031         0.001 / 0.031       ms
[13300.316s][info][gc,stats    ]      System: Java Threads                                      0 / 0                 0 / 0              1929 / 4684           1929 / 4684        threads
[13300.316s][info][gc,stats    ] =========================================================================================================================================================
[13310.315s][info][gc,stats    ] === Garbage Collection Statistics =======================================================================================================================
[13310.315s][info][gc,stats    ]                                                              Last 10s              Last 10m              Last 10h                Total
[13310.315s][info][gc,stats    ]                                                              Avg / Max             Avg / Max             Avg / Max             Avg / Max
[13310.316s][info][gc,stats    ]   Collector: Garbage Collection Cycle                      0.000 / 0.000         0.000 / 0.000       665.978 / 19032.234   665.978 / 19032.234   ms
[13310.316s][info][gc,stats    ]  Contention: Mark Segment Reset Contention                     0 / 0                 0 / 0                 2 / 104               2 / 104         ops/s
[13310.316s][info][gc,stats    ]  Contention: Mark SeqNum Reset Contention                      0 / 0                 0 / 0                 0 / 7                 0 / 7           ops/s
[13310.316s][info][gc,stats    ]    Critical: Allocation Stall                                  0 / 0                 0 / 0                 0 / 827               0 / 827         ops/s
[13310.316s][info][gc,stats    ]    Critical: Allocation Stall                              0.000 / 0.000         0.000 / 0.000       146.230 / 487.490     146.230 / 487.490     ms
[13310.316s][info][gc,stats    ]    Critical: GC Locker Stall                                   0 / 0                 0 / 0                 0 / 2                 0 / 2           ops/s
[13310.316s][info][gc,stats    ]    Critical: GC Locker Stall                               0.000 / 0.000         0.000 / 0.000         0.167 / 4.787         0.167 / 4.787       ms
[13310.316s][info][gc,stats    ]    Critical: Relocation Stall                                  0 / 0                 0 / 0                 0 / 103               0 / 103         ops/s
[13310.316s][info][gc,stats    ]    Critical: Relocation Stall                              0.000 / 0.000         0.000 / 0.000        14.882 / 62.172       14.882 / 62.172      ms
[13310.316s][info][gc,stats    ]      Memory: Allocation Rate                                   0 / 0                 0 / 0               524 / 2790            524 / 2790        MB/s
[13310.316s][info][gc,stats    ]      Memory: Out Of Memory                                     0 / 0                 0 / 0                 0 / 0                 0 / 0           ops/s
[13310.316s][info][gc,stats    ]      Memory: Page Cache Flush                                  0 / 0                 0 / 0                 0 / 258               0 / 258         MB/s
[13310.316s][info][gc,stats    ]      Memory: Page Cache Hit L1                                 0 / 0                 0 / 0               255 / 1336            255 / 1336        ops/s
[13310.316s][info][gc,stats    ]      Memory: Page Cache Hit L2                                 0 / 0                 0 / 0                 0 / 0                 0 / 0           ops/s
[13310.316s][info][gc,stats    ]      Memory: Page Cache Hit L3                                 0 / 0                 0 / 0                 0 / 1028              0 / 1028        ops/s
[13310.316s][info][gc,stats    ]      Memory: Page Cache Miss                                   0 / 0                 0 / 0                 0 / 12                0 / 12          ops/s
[13310.316s][info][gc,stats    ]      Memory: Uncommit                                          0 / 0                 0 / 0                 0 / 0                 0 / 0           MB/s
[13310.316s][info][gc,stats    ]      Memory: Undo Object Allocation Failed                     0 / 0                 0 / 0                 0 / 5                 0 / 5           ops/s
[13310.316s][info][gc,stats    ]      Memory: Undo Object Allocation Succeeded                  0 / 0                 0 / 0                18 / 6595             18 / 6595        ops/s
[13310.316s][info][gc,stats    ]      Memory: Undo Page Allocation                              0 / 0                 0 / 0                 0 / 676               0 / 676         ops/s
[13310.316s][info][gc,stats    ]       Phase: Concurrent Mark                               0.000 / 0.000         0.000 / 0.000       571.218 / 3424.228    571.218 / 3424.228    ms
[13310.316s][info][gc,stats    ]       Phase: Concurrent Mark Continue                      0.000 / 0.000         0.000 / 0.000         0.000 / 0.000         0.000 / 0.000       ms
[13310.316s][info][gc,stats    ]       Phase: Concurrent Mark Free                          0.000 / 0.000         0.000 / 0.000         1.118 / 305.339       1.118 / 305.339     ms
[13310.316s][info][gc,stats    ]       Phase: Concurrent Process Non-Strong References      0.000 / 0.000         0.000 / 0.000        69.335 / 18388.762    69.335 / 18388.762   ms
[13310.316s][info][gc,stats    ]       Phase: Concurrent Relocate                           0.000 / 0.000         0.000 / 0.000        11.475 / 64.108       11.475 / 64.108      ms
[13310.316s][info][gc,stats    ]       Phase: Concurrent Reset Relocation Set               0.000 / 0.000         0.000 / 0.000         0.212 / 0.968         0.212 / 0.968       ms
[13310.316s][info][gc,stats    ]       Phase: Concurrent Select Relocation Set              0.000 / 0.000         0.000 / 0.000         6.722 / 623.697       6.722 / 623.697     ms
[13310.316s][info][gc,stats    ]       Phase: Pause Mark End                                0.000 / 0.000         0.000 / 0.000         0.094 / 0.434         0.094 / 0.434       ms
[13310.316s][info][gc,stats    ]       Phase: Pause Mark Start                              0.000 / 0.000         0.000 / 0.000         0.023 / 0.223         0.023 / 0.223       ms
[13310.316s][info][gc,stats    ]       Phase: Pause Relocate Start                          0.000 / 0.000         0.000 / 0.000         0.045 / 0.309         0.045 / 0.309       ms
[13310.316s][info][gc,stats    ]    Subphase: Concurrent Classes Purge                      0.000 / 0.000         0.000 / 0.000         0.518 / 3.157         0.518 / 3.157       ms
[13310.316s][info][gc,stats    ]    Subphase: Concurrent Classes Unlink                     0.000 / 0.000         0.000 / 0.000        64.039 / 18382.834    64.039 / 18382.834   ms
[13310.316s][info][gc,stats    ]    Subphase: Concurrent Mark                               0.000 / 0.000         0.000 / 0.000       450.151 / 3398.532    450.151 / 3398.532    ms
[13310.316s][info][gc,stats    ]    Subphase: Concurrent Mark Try Flush                     0.000 / 0.000         0.000 / 0.000         1.565 / 934.939       1.565 / 934.939     ms
[13310.316s][info][gc,stats    ]    Subphase: Concurrent Mark Try Terminate                 0.000 / 0.000         0.000 / 0.000         1.072 / 934.940       1.072 / 934.940     ms
[13310.316s][info][gc,stats    ]    Subphase: Concurrent References Enqueue                 0.000 / 0.000         0.000 / 0.000         0.009 / 0.091         0.009 / 0.091       ms
[13310.316s][info][gc,stats    ]    Subphase: Concurrent References Process                 0.000 / 0.000         0.000 / 0.000         0.881 / 3.992         0.881 / 3.992       ms
[13310.316s][info][gc,stats    ]    Subphase: Concurrent Roots ClassLoaderDataGraph         0.000 / 0.000         0.000 / 0.000         0.833 / 3.889         0.833 / 3.889       ms
[13310.316s][info][gc,stats    ]    Subphase: Concurrent Roots CodeCache                    0.000 / 0.000         0.000 / 0.000         0.000 / 0.000         0.000 / 0.000       ms
[13310.316s][info][gc,stats    ]    Subphase: Concurrent Roots JavaThreads                  0.000 / 0.000         0.000 / 0.000         4.665 / 969.487       4.665 / 969.487     ms
[13310.316s][info][gc,stats    ]    Subphase: Concurrent Roots OopStorageSet                0.000 / 0.000         0.000 / 0.000         0.083 / 2.218         0.083 / 2.218       ms
[13310.316s][info][gc,stats    ]    Subphase: Concurrent Weak Roots OopStorageSet           0.000 / 0.000         0.000 / 0.000         1.501 / 13.633        1.501 / 13.633      ms
[13310.316s][info][gc,stats    ]    Subphase: Pause Mark Try Complete                       0.000 / 0.000         0.000 / 0.000         0.001 / 0.031         0.001 / 0.031       ms
[13310.316s][info][gc,stats    ]      System: Java Threads                                      0 / 0                 0 / 0              1929 / 4684           1929 / 4684        threads
[13310.316s][info][gc,stats    ] =========================================================================================================================================================
[13320.315s][info][gc,stats    ] === Garbage Collection Statistics =======================================================================================================================
[13320.315s][info][gc,stats    ]                                                              Last 10s              Last 10m              Last 10h                Total
[13320.315s][info][gc,stats    ]                                                              Avg / Max             Avg / Max             Avg / Max             Avg / Max
[13320.315s][info][gc,stats    ]   Collector: Garbage Collection Cycle                      0.000 / 0.000         0.000 / 0.000       665.978 / 19032.234   665.978 / 19032.234   ms
[13320.315s][info][gc,stats    ]  Contention: Mark Segment Reset Contention                     0 / 0                 0 / 0                 2 / 104               2 / 104         ops/s
[13320.315s][info][gc,stats    ]  Contention: Mark SeqNum Reset Contention                      0 / 0                 0 / 0                 0 / 7                 0 / 7           ops/s
[13320.315s][info][gc,stats    ]    Critical: Allocation Stall                                  0 / 0                 0 / 0                 0 / 827               0 / 827         ops/s
[13320.315s][info][gc,stats    ]    Critical: Allocation Stall                              0.000 / 0.000         0.000 / 0.000       146.230 / 487.490     146.230 / 487.490     ms
[13320.315s][info][gc,stats    ]    Critical: GC Locker Stall                                   0 / 0                 0 / 0                 0 / 2                 0 / 2           ops/s
[13320.315s][info][gc,stats    ]    Critical: GC Locker Stall                               0.000 / 0.000         0.000 / 0.000         0.167 / 4.787         0.167 / 4.787       ms
[13320.315s][info][gc,stats    ]    Critical: Relocation Stall                                  0 / 0                 0 / 0                 0 / 103               0 / 103         ops/s
[13320.315s][info][gc,stats    ]    Critical: Relocation Stall                              0.000 / 0.000         0.000 / 0.000        14.882 / 62.172       14.882 / 62.172      ms
[13320.315s][info][gc,stats    ]      Memory: Allocation Rate                                   0 / 0                 0 / 0               523 / 2790            523 / 2790        MB/s
[13320.315s][info][gc,stats    ]      Memory: Out Of Memory                                     0 / 0                 0 / 0                 0 / 0                 0 / 0           ops/s
[13320.315s][info][gc,stats    ]      Memory: Page Cache Flush                                  0 / 0                 0 / 0                 0 / 258               0 / 258         MB/s
[13320.315s][info][gc,stats    ]      Memory: Page Cache Hit L1                                 0 / 0                 0 / 0               255 / 1336            255 / 1336        ops/s
[13320.315s][info][gc,stats    ]      Memory: Page Cache Hit L2                                 0 / 0                 0 / 0                 0 / 0                 0 / 0           ops/s
[13320.315s][info][gc,stats    ]      Memory: Page Cache Hit L3                                 0 / 0                 0 / 0                 0 / 1028              0 / 1028        ops/s
[13320.315s][info][gc,stats    ]      Memory: Page Cache Miss                                   0 / 0                 0 / 0                 0 / 12                0 / 12          ops/s
[13320.315s][info][gc,stats    ]      Memory: Uncommit                                          0 / 0                 0 / 0                 0 / 0                 0 / 0           MB/s
[13320.315s][info][gc,stats    ]      Memory: Undo Object Allocation Failed                     0 / 0                 0 / 0                 0 / 5                 0 / 5           ops/s
[13320.315s][info][gc,stats    ]      Memory: Undo Object Allocation Succeeded                  0 / 0                 0 / 0                17 / 6595             17 / 6595        ops/s
[13320.315s][info][gc,stats    ]      Memory: Undo Page Allocation                              0 / 0                 0 / 0                 0 / 676               0 / 676         ops/s
[13320.315s][info][gc,stats    ]       Phase: Concurrent Mark                               0.000 / 0.000         0.000 / 0.000       571.218 / 3424.228    571.218 / 3424.228    ms
[13320.315s][info][gc,stats    ]       Phase: Concurrent Mark Continue                      0.000 / 0.000         0.000 / 0.000         0.000 / 0.000         0.000 / 0.000       ms
[13320.315s][info][gc,stats    ]       Phase: Concurrent Mark Free                          0.000 / 0.000         0.000 / 0.000         1.118 / 305.339       1.118 / 305.339     ms
[13320.315s][info][gc,stats    ]       Phase: Concurrent Process Non-Strong References      0.000 / 0.000         0.000 / 0.000        69.335 / 18388.762    69.335 / 18388.762   ms
[13320.315s][info][gc,stats    ]       Phase: Concurrent Relocate                           0.000 / 0.000         0.000 / 0.000        11.475 / 64.108       11.475 / 64.108      ms
[13320.315s][info][gc,stats    ]       Phase: Concurrent Reset Relocation Set               0.000 / 0.000         0.000 / 0.000         0.212 / 0.968         0.212 / 0.968       ms
[13320.315s][info][gc,stats    ]       Phase: Concurrent Select Relocation Set              0.000 / 0.000         0.000 / 0.000         6.722 / 623.697       6.722 / 623.697     ms
[13320.315s][info][gc,stats    ]       Phase: Pause Mark End                                0.000 / 0.000         0.000 / 0.000         0.094 / 0.434         0.094 / 0.434       ms
[13320.315s][info][gc,stats    ]       Phase: Pause Mark Start                              0.000 / 0.000         0.000 / 0.000         0.023 / 0.223         0.023 / 0.223       ms
[13320.316s][info][gc,stats    ]       Phase: Pause Relocate Start                          0.000 / 0.000         0.000 / 0.000         0.045 / 0.309         0.045 / 0.309       ms
[13320.316s][info][gc,stats    ]    Subphase: Concurrent Classes Purge                      0.000 / 0.000         0.000 / 0.000         0.518 / 3.157         0.518 / 3.157       ms
[13320.316s][info][gc,stats    ]    Subphase: Concurrent Classes Unlink                     0.000 / 0.000         0.000 / 0.000        64.039 / 18382.834    64.039 / 18382.834   ms
[13320.316s][info][gc,stats    ]    Subphase: Concurrent Mark                               0.000 / 0.000         0.000 / 0.000       450.151 / 3398.532    450.151 / 3398.532    ms
[13320.316s][info][gc,stats    ]    Subphase: Concurrent Mark Try Flush                     0.000 / 0.000         0.000 / 0.000         1.565 / 934.939       1.565 / 934.939     ms
[13320.316s][info][gc,stats    ]    Subphase: Concurrent Mark Try Terminate                 0.000 / 0.000         0.000 / 0.000         1.072 / 934.940       1.072 / 934.940     ms
[13320.316s][info][gc,stats    ]    Subphase: Concurrent References Enqueue                 0.000 / 0.000         0.000 / 0.000         0.009 / 0.091         0.009 / 0.091       ms
[13320.316s][info][gc,stats    ]    Subphase: Concurrent References Process                 0.000 / 0.000         0.000 / 0.000         0.881 / 3.992         0.881 / 3.992       ms
[13320.316s][info][gc,stats    ]    Subphase: Concurrent Roots ClassLoaderDataGraph         0.000 / 0.000         0.000 / 0.000         0.833 / 3.889         0.833 / 3.889       ms
[13320.316s][info][gc,stats    ]    Subphase: Concurrent Roots CodeCache                    0.000 / 0.000         0.000 / 0.000         0.000 / 0.000         0.000 / 0.000       ms
[13320.316s][info][gc,stats    ]    Subphase: Concurrent Roots JavaThreads                  0.000 / 0.000         0.000 / 0.000         4.665 / 969.487       4.665 / 969.487     ms
[13320.316s][info][gc,stats    ]    Subphase: Concurrent Roots OopStorageSet                0.000 / 0.000         0.000 / 0.000         0.083 / 2.218         0.083 / 2.218       ms
[13320.316s][info][gc,stats    ]    Subphase: Concurrent Weak Roots OopStorageSet           0.000 / 0.000         0.000 / 0.000         1.501 / 13.633        1.501 / 13.633      ms
[13320.316s][info][gc,stats    ]    Subphase: Pause Mark Try Complete                       0.000 / 0.000         0.000 / 0.000         0.001 / 0.031         0.001 / 0.031       ms
[13320.316s][info][gc,stats    ]      System: Java Threads                                      0 / 0                 0 / 0              1929 / 4684           1929 / 4684        threads
[13320.316s][info][gc,stats    ] =========================================================================================================================================================
[13330.316s][info][gc,stats    ] === Garbage Collection Statistics =======================================================================================================================
[13330.316s][info][gc,stats    ]                                                              Last 10s              Last 10m              Last 10h                Total
[13330.316s][info][gc,stats    ]                                                              Avg / Max             Avg / Max             Avg / Max             Avg / Max
[13330.316s][info][gc,stats    ]   Collector: Garbage Collection Cycle                      0.000 / 0.000         0.000 / 0.000       665.978 / 19032.234   665.978 / 19032.234   ms
[13330.316s][info][gc,stats    ]  Contention: Mark Segment Reset Contention                     0 / 0                 0 / 0                 2 / 104               2 / 104         ops/s
[13330.316s][info][gc,stats    ]  Contention: Mark SeqNum Reset Contention                      0 / 0                 0 / 0                 0 / 7                 0 / 7           ops/s
[13330.316s][info][gc,stats    ]    Critical: Allocation Stall                                  0 / 0                 0 / 0                 0 / 827               0 / 827         ops/s
[13330.316s][info][gc,stats    ]    Critical: Allocation Stall                              0.000 / 0.000         0.000 / 0.000       146.230 / 487.490     146.230 / 487.490     ms
[13330.316s][info][gc,stats    ]    Critical: GC Locker Stall                                   0 / 0                 0 / 0                 0 / 2                 0 / 2           ops/s
[13330.316s][info][gc,stats    ]    Critical: GC Locker Stall                               0.000 / 0.000         0.000 / 0.000         0.167 / 4.787         0.167 / 4.787       ms
[13330.316s][info][gc,stats    ]    Critical: Relocation Stall                                  0 / 0                 0 / 0                 0 / 103               0 / 103         ops/s
[13330.316s][info][gc,stats    ]    Critical: Relocation Stall                              0.000 / 0.000         0.000 / 0.000        14.882 / 62.172       14.882 / 62.172      ms
[13330.316s][info][gc,stats    ]      Memory: Allocation Rate                                   0 / 0                 0 / 0               523 / 2790            523 / 2790        MB/s
[13330.316s][info][gc,stats    ]      Memory: Out Of Memory                                     0 / 0                 0 / 0                 0 / 0                 0 / 0           ops/s
[13330.316s][info][gc,stats    ]      Memory: Page Cache Flush                                  0 / 0                 0 / 0                 0 / 258               0 / 258         MB/s
[13330.316s][info][gc,stats    ]      Memory: Page Cache Hit L1                                 0 / 0                 0 / 0               254 / 1336            254 / 1336        ops/s
[13330.316s][info][gc,stats    ]      Memory: Page Cache Hit L2                                 0 / 0                 0 / 0                 0 / 0                 0 / 0           ops/s
[13330.316s][info][gc,stats    ]      Memory: Page Cache Hit L3                                 0 / 0                 0 / 0                 0 / 1028              0 / 1028        ops/s
[13330.316s][info][gc,stats    ]      Memory: Page Cache Miss                                   0 / 0                 0 / 0                 0 / 12                0 / 12          ops/s
[13330.316s][info][gc,stats    ]      Memory: Uncommit                                          0 / 0                 0 / 0                 0 / 0                 0 / 0           MB/s
[13330.316s][info][gc,stats    ]      Memory: Undo Object Allocation Failed                     0 / 0                 0 / 0                 0 / 5                 0 / 5           ops/s
[13330.316s][info][gc,stats    ]      Memory: Undo Object Allocation Succeeded                  0 / 0                 0 / 0                17 / 6595             17 / 6595        ops/s
[13330.316s][info][gc,stats    ]      Memory: Undo Page Allocation                              0 / 0                 0 / 0                 0 / 676               0 / 676         ops/s
[13330.316s][info][gc,stats    ]       Phase: Concurrent Mark                               0.000 / 0.000         0.000 / 0.000       571.218 / 3424.228    571.218 / 3424.228    ms
[13330.316s][info][gc,stats    ]       Phase: Concurrent Mark Continue                      0.000 / 0.000         0.000 / 0.000         0.000 / 0.000         0.000 / 0.000       ms
[13330.316s][info][gc,stats    ]       Phase: Concurrent Mark Free                          0.000 / 0.000         0.000 / 0.000         1.118 / 305.339       1.118 / 305.339     ms
[13330.316s][info][gc,stats    ]       Phase: Concurrent Process Non-Strong References      0.000 / 0.000         0.000 / 0.000        69.335 / 18388.762    69.335 / 18388.762   ms
[13330.316s][info][gc,stats    ]       Phase: Concurrent Relocate                           0.000 / 0.000         0.000 / 0.000        11.475 / 64.108       11.475 / 64.108      ms
[13330.316s][info][gc,stats    ]       Phase: Concurrent Reset Relocation Set               0.000 / 0.000         0.000 / 0.000         0.212 / 0.968         0.212 / 0.968       ms
[13330.316s][info][gc,stats    ]       Phase: Concurrent Select Relocation Set              0.000 / 0.000         0.000 / 0.000         6.722 / 623.697       6.722 / 623.697     ms
[13330.316s][info][gc,stats    ]       Phase: Pause Mark End                                0.000 / 0.000         0.000 / 0.000         0.094 / 0.434         0.094 / 0.434       ms
[13330.316s][info][gc,stats    ]       Phase: Pause Mark Start                              0.000 / 0.000         0.000 / 0.000         0.023 / 0.223         0.023 / 0.223       ms
[13330.316s][info][gc,stats    ]       Phase: Pause Relocate Start                          0.000 / 0.000         0.000 / 0.000         0.045 / 0.309         0.045 / 0.309       ms
[13330.316s][info][gc,stats    ]    Subphase: Concurrent Classes Purge                      0.000 / 0.000         0.000 / 0.000         0.518 / 3.157         0.518 / 3.157       ms
[13330.316s][info][gc,stats    ]    Subphase: Concurrent Classes Unlink                     0.000 / 0.000         0.000 / 0.000        64.039 / 18382.834    64.039 / 18382.834   ms
[13330.316s][info][gc,stats    ]    Subphase: Concurrent Mark                               0.000 / 0.000         0.000 / 0.000       450.151 / 3398.532    450.151 / 3398.532    ms
[13330.316s][info][gc,stats    ]    Subphase: Concurrent Mark Try Flush                     0.000 / 0.000         0.000 / 0.000         1.565 / 934.939       1.565 / 934.939     ms
[13330.316s][info][gc,stats    ]    Subphase: Concurrent Mark Try Terminate                 0.000 / 0.000         0.000 / 0.000         1.072 / 934.940       1.072 / 934.940     ms
[13330.316s][info][gc,stats    ]    Subphase: Concurrent References Enqueue                 0.000 / 0.000         0.000 / 0.000         0.009 / 0.091         0.009 / 0.091       ms
[13330.316s][info][gc,stats    ]    Subphase: Concurrent References Process                 0.000 / 0.000         0.000 / 0.000         0.881 / 3.992         0.881 / 3.992       ms
[13330.316s][info][gc,stats    ]    Subphase: Concurrent Roots ClassLoaderDataGraph         0.000 / 0.000         0.000 / 0.000         0.833 / 3.889         0.833 / 3.889       ms
[13330.316s][info][gc,stats    ]    Subphase: Concurrent Roots CodeCache                    0.000 / 0.000         0.000 / 0.000         0.000 / 0.000         0.000 / 0.000       ms
[13330.316s][info][gc,stats    ]    Subphase: Concurrent Roots JavaThreads                  0.000 / 0.000         0.000 / 0.000         4.665 / 969.487       4.665 / 969.487     ms
[13330.316s][info][gc,stats    ]    Subphase: Concurrent Roots OopStorageSet                0.000 / 0.000         0.000 / 0.000         0.083 / 2.218         0.083 / 2.218       ms
[13330.316s][info][gc,stats    ]    Subphase: Concurrent Weak Roots OopStorageSet           0.000 / 0.000         0.000 / 0.000         1.501 / 13.633        1.501 / 13.633      ms
[13330.316s][info][gc,stats    ]    Subphase: Pause Mark Try Complete                       0.000 / 0.000         0.000 / 0.000         0.001 / 0.031         0.001 / 0.031       ms
[13330.316s][info][gc,stats    ]      System: Java Threads                                      0 / 0                 0 / 0              1929 / 4684           1929 / 4684        threads
[13330.316s][info][gc,stats    ] =========================================================================================================================================================
[13340.316s][info][gc,stats    ] === Garbage Collection Statistics =======================================================================================================================
[13340.316s][info][gc,stats    ]                                                              Last 10s              Last 10m              Last 10h                Total
[13340.316s][info][gc,stats    ]                                                              Avg / Max             Avg / Max             Avg / Max             Avg / Max
[13340.316s][info][gc,stats    ]   Collector: Garbage Collection Cycle                      0.000 / 0.000         0.000 / 0.000       665.978 / 19032.234   665.978 / 19032.234   ms
[13340.316s][info][gc,stats    ]  Contention: Mark Segment Reset Contention                     0 / 0                 0 / 0                 2 / 104               2 / 104         ops/s
[13340.316s][info][gc,stats    ]  Contention: Mark SeqNum Reset Contention                      0 / 0                 0 / 0                 0 / 7                 0 / 7           ops/s
[13340.316s][info][gc,stats    ]    Critical: Allocation Stall                                  0 / 0                 0 / 0                 0 / 827               0 / 827         ops/s
[13340.316s][info][gc,stats    ]    Critical: Allocation Stall                              0.000 / 0.000         0.000 / 0.000       146.230 / 487.490     146.230 / 487.490     ms
[13340.316s][info][gc,stats    ]    Critical: GC Locker Stall                                   0 / 0                 0 / 0                 0 / 2                 0 / 2           ops/s
[13340.316s][info][gc,stats    ]    Critical: GC Locker Stall                               0.000 / 0.000         0.000 / 0.000         0.167 / 4.787         0.167 / 4.787       ms
[13340.316s][info][gc,stats    ]    Critical: Relocation Stall                                  0 / 0                 0 / 0                 0 / 103               0 / 103         ops/s
[13340.316s][info][gc,stats    ]    Critical: Relocation Stall                              0.000 / 0.000         0.000 / 0.000        14.882 / 62.172       14.882 / 62.172      ms
[13340.316s][info][gc,stats    ]      Memory: Allocation Rate                                   0 / 0                 0 / 0               523 / 2790            523 / 2790        MB/s
[13340.316s][info][gc,stats    ]      Memory: Out Of Memory                                     0 / 0                 0 / 0                 0 / 0                 0 / 0           ops/s
[13340.316s][info][gc,stats    ]      Memory: Page Cache Flush                                  0 / 0                 0 / 0                 0 / 258               0 / 258         MB/s
[13340.316s][info][gc,stats    ]      Memory: Page Cache Hit L1                                 0 / 0                 0 / 0               254 / 1336            254 / 1336        ops/s
[13340.316s][info][gc,stats    ]      Memory: Page Cache Hit L2                                 0 / 0                 0 / 0                 0 / 0                 0 / 0           ops/s
[13340.316s][info][gc,stats    ]      Memory: Page Cache Hit L3                                 0 / 0                 0 / 0                 0 / 1028              0 / 1028        ops/s
[13340.316s][info][gc,stats    ]      Memory: Page Cache Miss                                   0 / 0                 0 / 0                 0 / 12                0 / 12          ops/s
[13340.316s][info][gc,stats    ]      Memory: Uncommit                                          0 / 0                 0 / 0                 0 / 0                 0 / 0           MB/s
[13340.316s][info][gc,stats    ]      Memory: Undo Object Allocation Failed                     0 / 0                 0 / 0                 0 / 5                 0 / 5           ops/s
[13340.316s][info][gc,stats    ]      Memory: Undo Object Allocation Succeeded                  0 / 0                 0 / 0                17 / 6595             17 / 6595        ops/s
[13340.316s][info][gc,stats    ]      Memory: Undo Page Allocation                              0 / 0                 0 / 0                 0 / 676               0 / 676         ops/s
[13340.316s][info][gc,stats    ]       Phase: Concurrent Mark                               0.000 / 0.000         0.000 / 0.000       571.218 / 3424.228    571.218 / 3424.228    ms
[13340.316s][info][gc,stats    ]       Phase: Concurrent Mark Continue                      0.000 / 0.000         0.000 / 0.000         0.000 / 0.000         0.000 / 0.000       ms
[13340.316s][info][gc,stats    ]       Phase: Concurrent Mark Free                          0.000 / 0.000         0.000 / 0.000         1.118 / 305.339       1.118 / 305.339     ms
[13340.316s][info][gc,stats    ]       Phase: Concurrent Process Non-Strong References      0.000 / 0.000         0.000 / 0.000        69.335 / 18388.762    69.335 / 18388.762   ms
[13340.316s][info][gc,stats    ]       Phase: Concurrent Relocate                           0.000 / 0.000         0.000 / 0.000        11.475 / 64.108       11.475 / 64.108      ms
[13340.316s][info][gc,stats    ]       Phase: Concurrent Reset Relocation Set               0.000 / 0.000         0.000 / 0.000         0.212 / 0.968         0.212 / 0.968       ms
[13340.316s][info][gc,stats    ]       Phase: Concurrent Select Relocation Set              0.000 / 0.000         0.000 / 0.000         6.722 / 623.697       6.722 / 623.697     ms
[13340.316s][info][gc,stats    ]       Phase: Pause Mark End                                0.000 / 0.000         0.000 / 0.000         0.094 / 0.434         0.094 / 0.434       ms
[13340.316s][info][gc,stats    ]       Phase: Pause Mark Start                              0.000 / 0.000         0.000 / 0.000         0.023 / 0.223         0.023 / 0.223       ms
[13340.316s][info][gc,stats    ]       Phase: Pause Relocate Start                          0.000 / 0.000         0.000 / 0.000         0.045 / 0.309         0.045 / 0.309       ms
[13340.316s][info][gc,stats    ]    Subphase: Concurrent Classes Purge                      0.000 / 0.000         0.000 / 0.000         0.518 / 3.157         0.518 / 3.157       ms
[13340.316s][info][gc,stats    ]    Subphase: Concurrent Classes Unlink                     0.000 / 0.000         0.000 / 0.000        64.039 / 18382.834    64.039 / 18382.834   ms
[13340.316s][info][gc,stats    ]    Subphase: Concurrent Mark                               0.000 / 0.000         0.000 / 0.000       450.151 / 3398.532    450.151 / 3398.532    ms
[13340.316s][info][gc,stats    ]    Subphase: Concurrent Mark Try Flush                     0.000 / 0.000         0.000 / 0.000         1.565 / 934.939       1.565 / 934.939     ms
[13340.316s][info][gc,stats    ]    Subphase: Concurrent Mark Try Terminate                 0.000 / 0.000         0.000 / 0.000         1.072 / 934.940       1.072 / 934.940     ms
[13340.316s][info][gc,stats    ]    Subphase: Concurrent References Enqueue                 0.000 / 0.000         0.000 / 0.000         0.009 / 0.091         0.009 / 0.091       ms
[13340.316s][info][gc,stats    ]    Subphase: Concurrent References Process                 0.000 / 0.000         0.000 / 0.000         0.881 / 3.992         0.881 / 3.992       ms
[13340.316s][info][gc,stats    ]    Subphase: Concurrent Roots ClassLoaderDataGraph         0.000 / 0.000         0.000 / 0.000         0.833 / 3.889         0.833 / 3.889       ms
[13340.316s][info][gc,stats    ]    Subphase: Concurrent Roots CodeCache                    0.000 / 0.000         0.000 / 0.000         0.000 / 0.000         0.000 / 0.000       ms
[13340.316s][info][gc,stats    ]    Subphase: Concurrent Roots JavaThreads                  0.000 / 0.000         0.000 / 0.000         4.665 / 969.487       4.665 / 969.487     ms
[13340.316s][info][gc,stats    ]    Subphase: Concurrent Roots OopStorageSet                0.000 / 0.000         0.000 / 0.000         0.083 / 2.218         0.083 / 2.218       ms
[13340.316s][info][gc,stats    ]    Subphase: Concurrent Weak Roots OopStorageSet           0.000 / 0.000         0.000 / 0.000         1.501 / 13.633        1.501 / 13.633      ms
[13340.316s][info][gc,stats    ]    Subphase: Pause Mark Try Complete                       0.000 / 0.000         0.000 / 0.000         0.001 / 0.031         0.001 / 0.031       ms
[13340.316s][info][gc,stats    ]      System: Java Threads                                      0 / 0                 0 / 0              1929 / 4684           1929 / 4684        threads
[13340.316s][info][gc,stats    ] =========================================================================================================================================================
[13350.316s][info][gc,stats    ] === Garbage Collection Statistics =======================================================================================================================
[13350.316s][info][gc,stats    ]                                                              Last 10s              Last 10m              Last 10h                Total
[13350.316s][info][gc,stats    ]                                                              Avg / Max             Avg / Max             Avg / Max             Avg / Max
[13350.316s][info][gc,stats    ]   Collector: Garbage Collection Cycle                      0.000 / 0.000         0.000 / 0.000       665.978 / 19032.234   665.978 / 19032.234   ms
[13350.316s][info][gc,stats    ]  Contention: Mark Segment Reset Contention                     0 / 0                 0 / 0                 2 / 104               2 / 104         ops/s
[13350.316s][info][gc,stats    ]  Contention: Mark SeqNum Reset Contention                      0 / 0                 0 / 0                 0 / 7                 0 / 7           ops/s
[13350.316s][info][gc,stats    ]    Critical: Allocation Stall                                  0 / 0                 0 / 0                 0 / 827               0 / 827         ops/s
[13350.316s][info][gc,stats    ]    Critical: Allocation Stall                              0.000 / 0.000         0.000 / 0.000       146.230 / 487.490     146.230 / 487.490     ms
[13350.316s][info][gc,stats    ]    Critical: GC Locker Stall                                   0 / 0                 0 / 0                 0 / 2                 0 / 2           ops/s
[13350.316s][info][gc,stats    ]    Critical: GC Locker Stall                               0.000 / 0.000         0.000 / 0.000         0.167 / 4.787         0.167 / 4.787       ms
[13350.316s][info][gc,stats    ]    Critical: Relocation Stall                                  0 / 0                 0 / 0                 0 / 103               0 / 103         ops/s
[13350.316s][info][gc,stats    ]    Critical: Relocation Stall                              0.000 / 0.000         0.000 / 0.000        14.882 / 62.172       14.882 / 62.172      ms
[13350.316s][info][gc,stats    ]      Memory: Allocation Rate                                   0 / 0                 0 / 0               522 / 2790            522 / 2790        MB/s
[13350.316s][info][gc,stats    ]      Memory: Out Of Memory                                     0 / 0                 0 / 0                 0 / 0                 0 / 0           ops/s
[13350.316s][info][gc,stats    ]      Memory: Page Cache Flush                                  0 / 0                 0 / 0                 0 / 258               0 / 258         MB/s
[13350.316s][info][gc,stats    ]      Memory: Page Cache Hit L1                                 0 / 0                 0 / 0               254 / 1336            254 / 1336        ops/s
[13350.316s][info][gc,stats    ]      Memory: Page Cache Hit L2                                 0 / 0                 0 / 0                 0 / 0                 0 / 0           ops/s
[13350.316s][info][gc,stats    ]      Memory: Page Cache Hit L3                                 0 / 0                 0 / 0                 0 / 1028              0 / 1028        ops/s
[13350.316s][info][gc,stats    ]      Memory: Page Cache Miss                                   0 / 0                 0 / 0                 0 / 12                0 / 12          ops/s
[13350.316s][info][gc,stats    ]      Memory: Uncommit                                          0 / 0                 0 / 0                 0 / 0                 0 / 0           MB/s
[13350.316s][info][gc,stats    ]      Memory: Undo Object Allocation Failed                     0 / 0                 0 / 0                 0 / 5                 0 / 5           ops/s
[13350.316s][info][gc,stats    ]      Memory: Undo Object Allocation Succeeded                  0 / 0                 0 / 0                17 / 6595             17 / 6595        ops/s
[13350.316s][info][gc,stats    ]      Memory: Undo Page Allocation                              0 / 0                 0 / 0                 0 / 676               0 / 676         ops/s
[13350.316s][info][gc,stats    ]       Phase: Concurrent Mark                               0.000 / 0.000         0.000 / 0.000       571.218 / 3424.228    571.218 / 3424.228    ms
[13350.316s][info][gc,stats    ]       Phase: Concurrent Mark Continue                      0.000 / 0.000         0.000 / 0.000         0.000 / 0.000         0.000 / 0.000       ms
[13350.316s][info][gc,stats    ]       Phase: Concurrent Mark Free                          0.000 / 0.000         0.000 / 0.000         1.118 / 305.339       1.118 / 305.339     ms
[13350.316s][info][gc,stats    ]       Phase: Concurrent Process Non-Strong References      0.000 / 0.000         0.000 / 0.000        69.335 / 18388.762    69.335 / 18388.762   ms
[13350.316s][info][gc,stats    ]       Phase: Concurrent Relocate                           0.000 / 0.000         0.000 / 0.000        11.475 / 64.108       11.475 / 64.108      ms
[13350.316s][info][gc,stats    ]       Phase: Concurrent Reset Relocation Set               0.000 / 0.000         0.000 / 0.000         0.212 / 0.968         0.212 / 0.968       ms
[13350.316s][info][gc,stats    ]       Phase: Concurrent Select Relocation Set              0.000 / 0.000         0.000 / 0.000         6.722 / 623.697       6.722 / 623.697     ms
[13350.316s][info][gc,stats    ]       Phase: Pause Mark End                                0.000 / 0.000         0.000 / 0.000         0.094 / 0.434         0.094 / 0.434       ms
[13350.316s][info][gc,stats    ]       Phase: Pause Mark Start                              0.000 / 0.000         0.000 / 0.000         0.023 / 0.223         0.023 / 0.223       ms
[13350.316s][info][gc,stats    ]       Phase: Pause Relocate Start                          0.000 / 0.000         0.000 / 0.000         0.045 / 0.309         0.045 / 0.309       ms
[13350.316s][info][gc,stats    ]    Subphase: Concurrent Classes Purge                      0.000 / 0.000         0.000 / 0.000         0.518 / 3.157         0.518 / 3.157       ms
[13350.316s][info][gc,stats    ]    Subphase: Concurrent Classes Unlink                     0.000 / 0.000         0.000 / 0.000        64.039 / 18382.834    64.039 / 18382.834   ms
[13350.316s][info][gc,stats    ]    Subphase: Concurrent Mark                               0.000 / 0.000         0.000 / 0.000       450.151 / 3398.532    450.151 / 3398.532    ms
[13350.316s][info][gc,stats    ]    Subphase: Concurrent Mark Try Flush                     0.000 / 0.000         0.000 / 0.000         1.565 / 934.939       1.565 / 934.939     ms
[13350.316s][info][gc,stats    ]    Subphase: Concurrent Mark Try Terminate                 0.000 / 0.000         0.000 / 0.000         1.072 / 934.940       1.072 / 934.940     ms
[13350.316s][info][gc,stats    ]    Subphase: Concurrent References Enqueue                 0.000 / 0.000         0.000 / 0.000         0.009 / 0.091         0.009 / 0.091       ms
[13350.316s][info][gc,stats    ]    Subphase: Concurrent References Process                 0.000 / 0.000         0.000 / 0.000         0.881 / 3.992         0.881 / 3.992       ms
[13350.316s][info][gc,stats    ]    Subphase: Concurrent Roots ClassLoaderDataGraph         0.000 / 0.000         0.000 / 0.000         0.833 / 3.889         0.833 / 3.889       ms
[13350.316s][info][gc,stats    ]    Subphase: Concurrent Roots CodeCache                    0.000 / 0.000         0.000 / 0.000         0.000 / 0.000         0.000 / 0.000       ms
[13350.316s][info][gc,stats    ]    Subphase: Concurrent Roots JavaThreads                  0.000 / 0.000         0.000 / 0.000         4.665 / 969.487       4.665 / 969.487     ms
[13350.316s][info][gc,stats    ]    Subphase: Concurrent Roots OopStorageSet                0.000 / 0.000         0.000 / 0.000         0.083 / 2.218         0.083 / 2.218       ms
[13350.316s][info][gc,stats    ]    Subphase: Concurrent Weak Roots OopStorageSet           0.000 / 0.000         0.000 / 0.000         1.501 / 13.633        1.501 / 13.633      ms
[13350.316s][info][gc,stats    ]    Subphase: Pause Mark Try Complete                       0.000 / 0.000         0.000 / 0.000         0.001 / 0.031         0.001 / 0.031       ms
[13350.316s][info][gc,stats    ]      System: Java Threads                                      0 / 0                 0 / 0              1929 / 4684           1929 / 4684        threads
[13350.316s][info][gc,stats    ] =========================================================================================================================================================
[13360.316s][info][gc,stats    ] === Garbage Collection Statistics =======================================================================================================================
[13360.316s][info][gc,stats    ]                                                              Last 10s              Last 10m              Last 10h                Total
[13360.316s][info][gc,stats    ]                                                              Avg / Max             Avg / Max             Avg / Max             Avg / Max
[13360.316s][info][gc,stats    ]   Collector: Garbage Collection Cycle                      0.000 / 0.000         0.000 / 0.000       665.978 / 19032.234   665.978 / 19032.234   ms
[13360.316s][info][gc,stats    ]  Contention: Mark Segment Reset Contention                     0 / 0                 0 / 0                 2 / 104               2 / 104         ops/s
[13360.316s][info][gc,stats    ]  Contention: Mark SeqNum Reset Contention                      0 / 0                 0 / 0                 0 / 7                 0 / 7           ops/s
[13360.316s][info][gc,stats    ]    Critical: Allocation Stall                                  0 / 0                 0 / 0                 0 / 827               0 / 827         ops/s
[13360.316s][info][gc,stats    ]    Critical: Allocation Stall                              0.000 / 0.000         0.000 / 0.000       146.230 / 487.490     146.230 / 487.490     ms
[13360.316s][info][gc,stats    ]    Critical: GC Locker Stall                                   0 / 0                 0 / 0                 0 / 2                 0 / 2           ops/s
[13360.316s][info][gc,stats    ]    Critical: GC Locker Stall                               0.000 / 0.000         0.000 / 0.000         0.167 / 4.787         0.167 / 4.787       ms
[13360.316s][info][gc,stats    ]    Critical: Relocation Stall                                  0 / 0                 0 / 0                 0 / 103               0 / 103         ops/s
[13360.316s][info][gc,stats    ]    Critical: Relocation Stall                              0.000 / 0.000         0.000 / 0.000        14.882 / 62.172       14.882 / 62.172      ms
[13360.316s][info][gc,stats    ]      Memory: Allocation Rate                                   0 / 0                 0 / 0               522 / 2790            522 / 2790        MB/s
[13360.316s][info][gc,stats    ]      Memory: Out Of Memory                                     0 / 0                 0 / 0                 0 / 0                 0 / 0           ops/s
[13360.316s][info][gc,stats    ]      Memory: Page Cache Flush                                  0 / 0                 0 / 0                 0 / 258               0 / 258         MB/s
[13360.316s][info][gc,stats    ]      Memory: Page Cache Hit L1                                 0 / 0                 0 / 0               254 / 1336            254 / 1336        ops/s
[13360.316s][info][gc,stats    ]      Memory: Page Cache Hit L2                                 0 / 0                 0 / 0                 0 / 0                 0 / 0           ops/s
[13360.316s][info][gc,stats    ]      Memory: Page Cache Hit L3                                 0 / 0                 0 / 0                 0 / 1028              0 / 1028        ops/s
[13360.316s][info][gc,stats    ]      Memory: Page Cache Miss                                   0 / 0                 0 / 0                 0 / 12                0 / 12          ops/s
[13360.316s][info][gc,stats    ]      Memory: Uncommit                                          0 / 0                 0 / 0                 0 / 0                 0 / 0           MB/s
[13360.316s][info][gc,stats    ]      Memory: Undo Object Allocation Failed                     0 / 0                 0 / 0                 0 / 5                 0 / 5           ops/s
[13360.316s][info][gc,stats    ]      Memory: Undo Object Allocation Succeeded                  0 / 0                 0 / 0                17 / 6595             17 / 6595        ops/s
[13360.316s][info][gc,stats    ]      Memory: Undo Page Allocation                              0 / 0                 0 / 0                 0 / 676               0 / 676         ops/s
[13360.316s][info][gc,stats    ]       Phase: Concurrent Mark                               0.000 / 0.000         0.000 / 0.000       571.218 / 3424.228    571.218 / 3424.228    ms
[13360.316s][info][gc,stats    ]       Phase: Concurrent Mark Continue                      0.000 / 0.000         0.000 / 0.000         0.000 / 0.000         0.000 / 0.000       ms
[13360.316s][info][gc,stats    ]       Phase: Concurrent Mark Free                          0.000 / 0.000         0.000 / 0.000         1.118 / 305.339       1.118 / 305.339     ms
[13360.316s][info][gc,stats    ]       Phase: Concurrent Process Non-Strong References      0.000 / 0.000         0.000 / 0.000        69.335 / 18388.762    69.335 / 18388.762   ms
[13360.316s][info][gc,stats    ]       Phase: Concurrent Relocate                           0.000 / 0.000         0.000 / 0.000        11.475 / 64.108       11.475 / 64.108      ms
[13360.316s][info][gc,stats    ]       Phase: Concurrent Reset Relocation Set               0.000 / 0.000         0.000 / 0.000         0.212 / 0.968         0.212 / 0.968       ms
[13360.316s][info][gc,stats    ]       Phase: Concurrent Select Relocation Set              0.000 / 0.000         0.000 / 0.000         6.722 / 623.697       6.722 / 623.697     ms
[13360.316s][info][gc,stats    ]       Phase: Pause Mark End                                0.000 / 0.000         0.000 / 0.000         0.094 / 0.434         0.094 / 0.434       ms
[13360.316s][info][gc,stats    ]       Phase: Pause Mark Start                              0.000 / 0.000         0.000 / 0.000         0.023 / 0.223         0.023 / 0.223       ms
[13360.316s][info][gc,stats    ]       Phase: Pause Relocate Start                          0.000 / 0.000         0.000 / 0.000         0.045 / 0.309         0.045 / 0.309       ms
[13360.316s][info][gc,stats    ]    Subphase: Concurrent Classes Purge                      0.000 / 0.000         0.000 / 0.000         0.518 / 3.157         0.518 / 3.157       ms
[13360.316s][info][gc,stats    ]    Subphase: Concurrent Classes Unlink                     0.000 / 0.000         0.000 / 0.000        64.039 / 18382.834    64.039 / 18382.834   ms
[13360.316s][info][gc,stats    ]    Subphase: Concurrent Mark                               0.000 / 0.000         0.000 / 0.000       450.151 / 3398.532    450.151 / 3398.532    ms
[13360.316s][info][gc,stats    ]    Subphase: Concurrent Mark Try Flush                     0.000 / 0.000         0.000 / 0.000         1.565 / 934.939       1.565 / 934.939     ms
[13360.316s][info][gc,stats    ]    Subphase: Concurrent Mark Try Terminate                 0.000 / 0.000         0.000 / 0.000         1.072 / 934.940       1.072 / 934.940     ms
[13360.316s][info][gc,stats    ]    Subphase: Concurrent References Enqueue                 0.000 / 0.000         0.000 / 0.000         0.009 / 0.091         0.009 / 0.091       ms
[13360.316s][info][gc,stats    ]    Subphase: Concurrent References Process                 0.000 / 0.000         0.000 / 0.000         0.881 / 3.992         0.881 / 3.992       ms
[13360.316s][info][gc,stats    ]    Subphase: Concurrent Roots ClassLoaderDataGraph         0.000 / 0.000         0.000 / 0.000         0.833 / 3.889         0.833 / 3.889       ms
[13360.316s][info][gc,stats    ]    Subphase: Concurrent Roots CodeCache                    0.000 / 0.000         0.000 / 0.000         0.000 / 0.000         0.000 / 0.000       ms
[13360.317s][info][gc,stats    ]    Subphase: Concurrent Roots JavaThreads                  0.000 / 0.000         0.000 / 0.000         4.665 / 969.487       4.665 / 969.487     ms
[13360.317s][info][gc,stats    ]    Subphase: Concurrent Roots OopStorageSet                0.000 / 0.000         0.000 / 0.000         0.083 / 2.218         0.083 / 2.218       ms
[13360.317s][info][gc,stats    ]    Subphase: Concurrent Weak Roots OopStorageSet           0.000 / 0.000         0.000 / 0.000         1.501 / 13.633        1.501 / 13.633      ms
[13360.317s][info][gc,stats    ]    Subphase: Pause Mark Try Complete                       0.000 / 0.000         0.000 / 0.000         0.001 / 0.031         0.001 / 0.031       ms
[13360.317s][info][gc,stats    ]      System: Java Threads                                      0 / 0                 0 / 0              1929 / 4684           1929 / 4684        threads
[13360.317s][info][gc,stats    ] =========================================================================================================================================================
[13370.316s][info][gc,stats    ] === Garbage Collection Statistics =======================================================================================================================
[13370.316s][info][gc,stats    ]                                                              Last 10s              Last 10m              Last 10h                Total
[13370.316s][info][gc,stats    ]                                                              Avg / Max             Avg / Max             Avg / Max             Avg / Max
[13370.316s][info][gc,stats    ]   Collector: Garbage Collection Cycle                      0.000 / 0.000         0.000 / 0.000       665.978 / 19032.234   665.978 / 19032.234   ms
[13370.316s][info][gc,stats    ]  Contention: Mark Segment Reset Contention                     0 / 0                 0 / 0                 2 / 104               2 / 104         ops/s
[13370.316s][info][gc,stats    ]  Contention: Mark SeqNum Reset Contention                      0 / 0                 0 / 0                 0 / 7                 0 / 7           ops/s
[13370.316s][info][gc,stats    ]    Critical: Allocation Stall                                  0 / 0                 0 / 0                 0 / 827               0 / 827         ops/s
[13370.316s][info][gc,stats    ]    Critical: Allocation Stall                              0.000 / 0.000         0.000 / 0.000       146.230 / 487.490     146.230 / 487.490     ms
[13370.316s][info][gc,stats    ]    Critical: GC Locker Stall                                   0 / 0                 0 / 0                 0 / 2                 0 / 2           ops/s
[13370.316s][info][gc,stats    ]    Critical: GC Locker Stall                               0.000 / 0.000         0.000 / 0.000         0.167 / 4.787         0.167 / 4.787       ms
[13370.316s][info][gc,stats    ]    Critical: Relocation Stall                                  0 / 0                 0 / 0                 0 / 103               0 / 103         ops/s
[13370.316s][info][gc,stats    ]    Critical: Relocation Stall                              0.000 / 0.000         0.000 / 0.000        14.882 / 62.172       14.882 / 62.172      ms
[13370.316s][info][gc,stats    ]      Memory: Allocation Rate                                   0 / 0                 0 / 0               521 / 2790            521 / 2790        MB/s
[13370.316s][info][gc,stats    ]      Memory: Out Of Memory                                     0 / 0                 0 / 0                 0 / 0                 0 / 0           ops/s
[13370.316s][info][gc,stats    ]      Memory: Page Cache Flush                                  0 / 0                 0 / 0                 0 / 258               0 / 258         MB/s
[13370.316s][info][gc,stats    ]      Memory: Page Cache Hit L1                                 0 / 0                 0 / 0               254 / 1336            254 / 1336        ops/s
[13370.316s][info][gc,stats    ]      Memory: Page Cache Hit L2                                 0 / 0                 0 / 0                 0 / 0                 0 / 0           ops/s
[13370.316s][info][gc,stats    ]      Memory: Page Cache Hit L3                                 0 / 0                 0 / 0                 0 / 1028              0 / 1028        ops/s
[13370.316s][info][gc,stats    ]      Memory: Page Cache Miss                                   0 / 0                 0 / 0                 0 / 12                0 / 12          ops/s
[13370.316s][info][gc,stats    ]      Memory: Uncommit                                          0 / 0                 0 / 0                 0 / 0                 0 / 0           MB/s
[13370.316s][info][gc,stats    ]      Memory: Undo Object Allocation Failed                     0 / 0                 0 / 0                 0 / 5                 0 / 5           ops/s
[13370.316s][info][gc,stats    ]      Memory: Undo Object Allocation Succeeded                  0 / 0                 0 / 0                17 / 6595             17 / 6595        ops/s
[13370.316s][info][gc,stats    ]      Memory: Undo Page Allocation                              0 / 0                 0 / 0                 0 / 676               0 / 676         ops/s
[13370.316s][info][gc,stats    ]       Phase: Concurrent Mark                               0.000 / 0.000         0.000 / 0.000       571.218 / 3424.228    571.218 / 3424.228    ms
[13370.316s][info][gc,stats    ]       Phase: Concurrent Mark Continue                      0.000 / 0.000         0.000 / 0.000         0.000 / 0.000         0.000 / 0.000       ms
[13370.316s][info][gc,stats    ]       Phase: Concurrent Mark Free                          0.000 / 0.000         0.000 / 0.000         1.118 / 305.339       1.118 / 305.339     ms
[13370.316s][info][gc,stats    ]       Phase: Concurrent Process Non-Strong References      0.000 / 0.000         0.000 / 0.000        69.335 / 18388.762    69.335 / 18388.762   ms
[13370.316s][info][gc,stats    ]       Phase: Concurrent Relocate                           0.000 / 0.000         0.000 / 0.000        11.475 / 64.108       11.475 / 64.108      ms
[13370.316s][info][gc,stats    ]       Phase: Concurrent Reset Relocation Set               0.000 / 0.000         0.000 / 0.000         0.212 / 0.968         0.212 / 0.968       ms
[13370.316s][info][gc,stats    ]       Phase: Concurrent Select Relocation Set              0.000 / 0.000         0.000 / 0.000         6.722 / 623.697       6.722 / 623.697     ms
[13370.316s][info][gc,stats    ]       Phase: Pause Mark End                                0.000 / 0.000         0.000 / 0.000         0.094 / 0.434         0.094 / 0.434       ms
[13370.316s][info][gc,stats    ]       Phase: Pause Mark Start                              0.000 / 0.000         0.000 / 0.000         0.023 / 0.223         0.023 / 0.223       ms
[13370.316s][info][gc,stats    ]       Phase: Pause Relocate Start                          0.000 / 0.000         0.000 / 0.000         0.045 / 0.309         0.045 / 0.309       ms
[13370.316s][info][gc,stats    ]    Subphase: Concurrent Classes Purge                      0.000 / 0.000         0.000 / 0.000         0.518 / 3.157         0.518 / 3.157       ms
[13370.316s][info][gc,stats    ]    Subphase: Concurrent Classes Unlink                     0.000 / 0.000         0.000 / 0.000        64.039 / 18382.834    64.039 / 18382.834   ms
[13370.316s][info][gc,stats    ]    Subphase: Concurrent Mark                               0.000 / 0.000         0.000 / 0.000       450.151 / 3398.532    450.151 / 3398.532    ms
[13370.316s][info][gc,stats    ]    Subphase: Concurrent Mark Try Flush                     0.000 / 0.000         0.000 / 0.000         1.565 / 934.939       1.565 / 934.939     ms
[13370.316s][info][gc,stats    ]    Subphase: Concurrent Mark Try Terminate                 0.000 / 0.000         0.000 / 0.000         1.072 / 934.940       1.072 / 934.940     ms
[13370.316s][info][gc,stats    ]    Subphase: Concurrent References Enqueue                 0.000 / 0.000         0.000 / 0.000         0.009 / 0.091         0.009 / 0.091       ms
[13370.316s][info][gc,stats    ]    Subphase: Concurrent References Process                 0.000 / 0.000         0.000 / 0.000         0.881 / 3.992         0.881 / 3.992       ms
[13370.316s][info][gc,stats    ]    Subphase: Concurrent Roots ClassLoaderDataGraph         0.000 / 0.000         0.000 / 0.000         0.833 / 3.889         0.833 / 3.889       ms
[13370.316s][info][gc,stats    ]    Subphase: Concurrent Roots CodeCache                    0.000 / 0.000         0.000 / 0.000         0.000 / 0.000         0.000 / 0.000       ms
[13370.316s][info][gc,stats    ]    Subphase: Concurrent Roots JavaThreads                  0.000 / 0.000         0.000 / 0.000         4.665 / 969.487       4.665 / 969.487     ms
[13370.316s][info][gc,stats    ]    Subphase: Concurrent Roots OopStorageSet                0.000 / 0.000         0.000 / 0.000         0.083 / 2.218         0.083 / 2.218       ms
[13370.316s][info][gc,stats    ]    Subphase: Concurrent Weak Roots OopStorageSet           0.000 / 0.000         0.000 / 0.000         1.501 / 13.633        1.501 / 13.633      ms
[13370.316s][info][gc,stats    ]    Subphase: Pause Mark Try Complete                       0.000 / 0.000         0.000 / 0.000         0.001 / 0.031         0.001 / 0.031       ms
[13370.316s][info][gc,stats    ]      System: Java Threads                                      0 / 0                 0 / 0              1929 / 4684           1929 / 4684        threads
[13370.316s][info][gc,stats    ] =========================================================================================================================================================
[13380.316s][info][gc,stats    ] === Garbage Collection Statistics =======================================================================================================================
[13380.316s][info][gc,stats    ]                                                              Last 10s              Last 10m              Last 10h                Total
[13380.316s][info][gc,stats    ]                                                              Avg / Max             Avg / Max             Avg / Max             Avg / Max
[13380.316s][info][gc,stats    ]   Collector: Garbage Collection Cycle                      0.000 / 0.000         0.000 / 0.000       665.978 / 19032.234   665.978 / 19032.234   ms
[13380.316s][info][gc,stats    ]  Contention: Mark Segment Reset Contention                     0 / 0                 0 / 0                 2 / 104               2 / 104         ops/s
[13380.316s][info][gc,stats    ]  Contention: Mark SeqNum Reset Contention                      0 / 0                 0 / 0                 0 / 7                 0 / 7           ops/s
[13380.316s][info][gc,stats    ]    Critical: Allocation Stall                                  0 / 0                 0 / 0                 0 / 827               0 / 827         ops/s
[13380.316s][info][gc,stats    ]    Critical: Allocation Stall                              0.000 / 0.000         0.000 / 0.000       146.230 / 487.490     146.230 / 487.490     ms
[13380.316s][info][gc,stats    ]    Critical: GC Locker Stall                                   0 / 0                 0 / 0                 0 / 2                 0 / 2           ops/s
[13380.316s][info][gc,stats    ]    Critical: GC Locker Stall                               0.000 / 0.000         0.000 / 0.000         0.167 / 4.787         0.167 / 4.787       ms
[13380.316s][info][gc,stats    ]    Critical: Relocation Stall                                  0 / 0                 0 / 0                 0 / 103               0 / 103         ops/s
[13380.316s][info][gc,stats    ]    Critical: Relocation Stall                              0.000 / 0.000         0.000 / 0.000        14.882 / 62.172       14.882 / 62.172      ms
[13380.316s][info][gc,stats    ]      Memory: Allocation Rate                                   0 / 0                 0 / 0               521 / 2790            521 / 2790        MB/s
[13380.316s][info][gc,stats    ]      Memory: Out Of Memory                                     0 / 0                 0 / 0                 0 / 0                 0 / 0           ops/s
[13380.316s][info][gc,stats    ]      Memory: Page Cache Flush                                  0 / 0                 0 / 0                 0 / 258               0 / 258         MB/s
[13380.316s][info][gc,stats    ]      Memory: Page Cache Hit L1                                 0 / 0                 0 / 0               253 / 1336            253 / 1336        ops/s
[13380.316s][info][gc,stats    ]      Memory: Page Cache Hit L2                                 0 / 0                 0 / 0                 0 / 0                 0 / 0           ops/s
[13380.316s][info][gc,stats    ]      Memory: Page Cache Hit L3                                 0 / 0                 0 / 0                 0 / 1028              0 / 1028        ops/s
[13380.316s][info][gc,stats    ]      Memory: Page Cache Miss                                   0 / 0                 0 / 0                 0 / 12                0 / 12          ops/s
[13380.316s][info][gc,stats    ]      Memory: Uncommit                                          0 / 0                 0 / 0                 0 / 0                 0 / 0           MB/s
[13380.316s][info][gc,stats    ]      Memory: Undo Object Allocation Failed                     0 / 0                 0 / 0                 0 / 5                 0 / 5           ops/s
[13380.316s][info][gc,stats    ]      Memory: Undo Object Allocation Succeeded                  0 / 0                 0 / 0                17 / 6595             17 / 6595        ops/s
[13380.316s][info][gc,stats    ]      Memory: Undo Page Allocation                              0 / 0                 0 / 0                 0 / 676               0 / 676         ops/s
[13380.316s][info][gc,stats    ]       Phase: Concurrent Mark                               0.000 / 0.000         0.000 / 0.000       571.218 / 3424.228    571.218 / 3424.228    ms
[13380.316s][info][gc,stats    ]       Phase: Concurrent Mark Continue                      0.000 / 0.000         0.000 / 0.000         0.000 / 0.000         0.000 / 0.000       ms
[13380.316s][info][gc,stats    ]       Phase: Concurrent Mark Free                          0.000 / 0.000         0.000 / 0.000         1.118 / 305.339       1.118 / 305.339     ms
[13380.316s][info][gc,stats    ]       Phase: Concurrent Process Non-Strong References      0.000 / 0.000         0.000 / 0.000        69.335 / 18388.762    69.335 / 18388.762   ms
[13380.316s][info][gc,stats    ]       Phase: Concurrent Relocate                           0.000 / 0.000         0.000 / 0.000        11.475 / 64.108       11.475 / 64.108      ms
[13380.316s][info][gc,stats    ]       Phase: Concurrent Reset Relocation Set               0.000 / 0.000         0.000 / 0.000         0.212 / 0.968         0.212 / 0.968       ms
[13380.316s][info][gc,stats    ]       Phase: Concurrent Select Relocation Set              0.000 / 0.000         0.000 / 0.000         6.722 / 623.697       6.722 / 623.697     ms
[13380.316s][info][gc,stats    ]       Phase: Pause Mark End                                0.000 / 0.000         0.000 / 0.000         0.094 / 0.434         0.094 / 0.434       ms
[13380.316s][info][gc,stats    ]       Phase: Pause Mark Start                              0.000 / 0.000         0.000 / 0.000         0.023 / 0.223         0.023 / 0.223       ms
[13380.316s][info][gc,stats    ]       Phase: Pause Relocate Start                          0.000 / 0.000         0.000 / 0.000         0.045 / 0.309         0.045 / 0.309       ms
[13380.316s][info][gc,stats    ]    Subphase: Concurrent Classes Purge                      0.000 / 0.000         0.000 / 0.000         0.518 / 3.157         0.518 / 3.157       ms
[13380.316s][info][gc,stats    ]    Subphase: Concurrent Classes Unlink                     0.000 / 0.000         0.000 / 0.000        64.039 / 18382.834    64.039 / 18382.834   ms
[13380.316s][info][gc,stats    ]    Subphase: Concurrent Mark                               0.000 / 0.000         0.000 / 0.000       450.151 / 3398.532    450.151 / 3398.532    ms
[13380.316s][info][gc,stats    ]    Subphase: Concurrent Mark Try Flush                     0.000 / 0.000         0.000 / 0.000         1.565 / 934.939       1.565 / 934.939     ms
[13380.316s][info][gc,stats    ]    Subphase: Concurrent Mark Try Terminate                 0.000 / 0.000         0.000 / 0.000         1.072 / 934.940       1.072 / 934.940     ms
[13380.316s][info][gc,stats    ]    Subphase: Concurrent References Enqueue                 0.000 / 0.000         0.000 / 0.000         0.009 / 0.091         0.009 / 0.091       ms
[13380.316s][info][gc,stats    ]    Subphase: Concurrent References Process                 0.000 / 0.000         0.000 / 0.000         0.881 / 3.992         0.881 / 3.992       ms
[13380.316s][info][gc,stats    ]    Subphase: Concurrent Roots ClassLoaderDataGraph         0.000 / 0.000         0.000 / 0.000         0.833 / 3.889         0.833 / 3.889       ms
[13380.316s][info][gc,stats    ]    Subphase: Concurrent Roots CodeCache                    0.000 / 0.000         0.000 / 0.000         0.000 / 0.000         0.000 / 0.000       ms
[13380.316s][info][gc,stats    ]    Subphase: Concurrent Roots JavaThreads                  0.000 / 0.000         0.000 / 0.000         4.665 / 969.487       4.665 / 969.487     ms
[13380.316s][info][gc,stats    ]    Subphase: Concurrent Roots OopStorageSet                0.000 / 0.000         0.000 / 0.000         0.083 / 2.218         0.083 / 2.218       ms
[13380.316s][info][gc,stats    ]    Subphase: Concurrent Weak Roots OopStorageSet           0.000 / 0.000         0.000 / 0.000         1.501 / 13.633        1.501 / 13.633      ms
[13380.316s][info][gc,stats    ]    Subphase: Pause Mark Try Complete                       0.000 / 0.000         0.000 / 0.000         0.001 / 0.031         0.001 / 0.031       ms
[13380.316s][info][gc,stats    ]      System: Java Threads                                      0 / 0                 0 / 0              1929 / 4684           1929 / 4684        threads
[13380.316s][info][gc,stats    ] =========================================================================================================================================================
[13390.316s][info][gc,stats    ] === Garbage Collection Statistics =======================================================================================================================
[13390.316s][info][gc,stats    ]                                                              Last 10s              Last 10m              Last 10h                Total
[13390.316s][info][gc,stats    ]                                                              Avg / Max             Avg / Max             Avg / Max             Avg / Max
[13390.316s][info][gc,stats    ]   Collector: Garbage Collection Cycle                      0.000 / 0.000         0.000 / 0.000       665.978 / 19032.234   665.978 / 19032.234   ms
[13390.316s][info][gc,stats    ]  Contention: Mark Segment Reset Contention                     0 / 0                 0 / 0                 2 / 104               2 / 104         ops/s
[13390.316s][info][gc,stats    ]  Contention: Mark SeqNum Reset Contention                      0 / 0                 0 / 0                 0 / 7                 0 / 7           ops/s
[13390.316s][info][gc,stats    ]    Critical: Allocation Stall                                  0 / 0                 0 / 0                 0 / 827               0 / 827         ops/s
[13390.316s][info][gc,stats    ]    Critical: Allocation Stall                              0.000 / 0.000         0.000 / 0.000       146.230 / 487.490     146.230 / 487.490     ms
[13390.316s][info][gc,stats    ]    Critical: GC Locker Stall                                   0 / 0                 0 / 0                 0 / 2                 0 / 2           ops/s
[13390.316s][info][gc,stats    ]    Critical: GC Locker Stall                               0.000 / 0.000         0.000 / 0.000         0.167 / 4.787         0.167 / 4.787       ms
[13390.316s][info][gc,stats    ]    Critical: Relocation Stall                                  0 / 0                 0 / 0                 0 / 103               0 / 103         ops/s
[13390.316s][info][gc,stats    ]    Critical: Relocation Stall                              0.000 / 0.000         0.000 / 0.000        14.882 / 62.172       14.882 / 62.172      ms
[13390.316s][info][gc,stats    ]      Memory: Allocation Rate                                   0 / 0                 0 / 0               521 / 2790            521 / 2790        MB/s
[13390.316s][info][gc,stats    ]      Memory: Out Of Memory                                     0 / 0                 0 / 0                 0 / 0                 0 / 0           ops/s
[13390.316s][info][gc,stats    ]      Memory: Page Cache Flush                                  0 / 0                 0 / 0                 0 / 258               0 / 258         MB/s
[13390.316s][info][gc,stats    ]      Memory: Page Cache Hit L1                                 0 / 0                 0 / 0               253 / 1336            253 / 1336        ops/s
[13390.316s][info][gc,stats    ]      Memory: Page Cache Hit L2                                 0 / 0                 0 / 0                 0 / 0                 0 / 0           ops/s
[13390.316s][info][gc,stats    ]      Memory: Page Cache Hit L3                                 0 / 0                 0 / 0                 0 / 1028              0 / 1028        ops/s
[13390.316s][info][gc,stats    ]      Memory: Page Cache Miss                                   0 / 0                 0 / 0                 0 / 12                0 / 12          ops/s
[13390.316s][info][gc,stats    ]      Memory: Uncommit                                          0 / 0                 0 / 0                 0 / 0                 0 / 0           MB/s
[13390.316s][info][gc,stats    ]      Memory: Undo Object Allocation Failed                     0 / 0                 0 / 0                 0 / 5                 0 / 5           ops/s
[13390.316s][info][gc,stats    ]      Memory: Undo Object Allocation Succeeded                  0 / 0                 0 / 0                17 / 6595             17 / 6595        ops/s
[13390.316s][info][gc,stats    ]      Memory: Undo Page Allocation                              0 / 0                 0 / 0                 0 / 676               0 / 676         ops/s
[13390.316s][info][gc,stats    ]       Phase: Concurrent Mark                               0.000 / 0.000         0.000 / 0.000       571.218 / 3424.228    571.218 / 3424.228    ms
[13390.316s][info][gc,stats    ]       Phase: Concurrent Mark Continue                      0.000 / 0.000         0.000 / 0.000         0.000 / 0.000         0.000 / 0.000       ms
[13390.316s][info][gc,stats    ]       Phase: Concurrent Mark Free                          0.000 / 0.000         0.000 / 0.000         1.118 / 305.339       1.118 / 305.339     ms
[13390.316s][info][gc,stats    ]       Phase: Concurrent Process Non-Strong References      0.000 / 0.000         0.000 / 0.000        69.335 / 18388.762    69.335 / 18388.762   ms
[13390.316s][info][gc,stats    ]       Phase: Concurrent Relocate                           0.000 / 0.000         0.000 / 0.000        11.475 / 64.108       11.475 / 64.108      ms
[13390.316s][info][gc,stats    ]       Phase: Concurrent Reset Relocation Set               0.000 / 0.000         0.000 / 0.000         0.212 / 0.968         0.212 / 0.968       ms
[13390.316s][info][gc,stats    ]       Phase: Concurrent Select Relocation Set              0.000 / 0.000         0.000 / 0.000         6.722 / 623.697       6.722 / 623.697     ms
[13390.316s][info][gc,stats    ]       Phase: Pause Mark End                                0.000 / 0.000         0.000 / 0.000         0.094 / 0.434         0.094 / 0.434       ms
[13390.316s][info][gc,stats    ]       Phase: Pause Mark Start                              0.000 / 0.000         0.000 / 0.000         0.023 / 0.223         0.023 / 0.223       ms
[13390.316s][info][gc,stats    ]       Phase: Pause Relocate Start                          0.000 / 0.000         0.000 / 0.000         0.045 / 0.309         0.045 / 0.309       ms
[13390.316s][info][gc,stats    ]    Subphase: Concurrent Classes Purge                      0.000 / 0.000         0.000 / 0.000         0.518 / 3.157         0.518 / 3.157       ms
[13390.316s][info][gc,stats    ]    Subphase: Concurrent Classes Unlink                     0.000 / 0.000         0.000 / 0.000        64.039 / 18382.834    64.039 / 18382.834   ms
[13390.316s][info][gc,stats    ]    Subphase: Concurrent Mark                               0.000 / 0.000         0.000 / 0.000       450.151 / 3398.532    450.151 / 3398.532    ms
[13390.316s][info][gc,stats    ]    Subphase: Concurrent Mark Try Flush                     0.000 / 0.000         0.000 / 0.000         1.565 / 934.939       1.565 / 934.939     ms
[13390.316s][info][gc,stats    ]    Subphase: Concurrent Mark Try Terminate                 0.000 / 0.000         0.000 / 0.000         1.072 / 934.940       1.072 / 934.940     ms
[13390.316s][info][gc,stats    ]    Subphase: Concurrent References Enqueue                 0.000 / 0.000         0.000 / 0.000         0.009 / 0.091         0.009 / 0.091       ms
[13390.316s][info][gc,stats    ]    Subphase: Concurrent References Process                 0.000 / 0.000         0.000 / 0.000         0.881 / 3.992         0.881 / 3.992       ms
[13390.316s][info][gc,stats    ]    Subphase: Concurrent Roots ClassLoaderDataGraph         0.000 / 0.000         0.000 / 0.000         0.833 / 3.889         0.833 / 3.889       ms
[13390.316s][info][gc,stats    ]    Subphase: Concurrent Roots CodeCache                    0.000 / 0.000         0.000 / 0.000         0.000 / 0.000         0.000 / 0.000       ms
[13390.316s][info][gc,stats    ]    Subphase: Concurrent Roots JavaThreads                  0.000 / 0.000         0.000 / 0.000         4.665 / 969.487       4.665 / 969.487     ms
[13390.316s][info][gc,stats    ]    Subphase: Concurrent Roots OopStorageSet                0.000 / 0.000         0.000 / 0.000         0.083 / 2.218         0.083 / 2.218       ms
[13390.316s][info][gc,stats    ]    Subphase: Concurrent Weak Roots OopStorageSet           0.000 / 0.000         0.000 / 0.000         1.501 / 13.633        1.501 / 13.633      ms
[13390.316s][info][gc,stats    ]    Subphase: Pause Mark Try Complete                       0.000 / 0.000         0.000 / 0.000         0.001 / 0.031         0.001 / 0.031       ms
[13390.316s][info][gc,stats    ]      System: Java Threads                                      0 / 0                 0 / 0              1929 / 4684           1929 / 4684        threads
[13390.316s][info][gc,stats    ] =========================================================================================================================================================
[13400.315s][info][gc,stats    ] === Garbage Collection Statistics =======================================================================================================================
[13400.315s][info][gc,stats    ]                                                              Last 10s              Last 10m              Last 10h                Total
[13400.316s][info][gc,stats    ]                                                              Avg / Max             Avg / Max             Avg / Max             Avg / Max
[13400.316s][info][gc,stats    ]   Collector: Garbage Collection Cycle                      0.000 / 0.000         0.000 / 0.000       665.978 / 19032.234   665.978 / 19032.234   ms
[13400.316s][info][gc,stats    ]  Contention: Mark Segment Reset Contention                     0 / 0                 0 / 0                 2 / 104               2 / 104         ops/s
[13400.316s][info][gc,stats    ]  Contention: Mark SeqNum Reset Contention                      0 / 0                 0 / 0                 0 / 7                 0 / 7           ops/s
[13400.316s][info][gc,stats    ]    Critical: Allocation Stall                                  0 / 0                 0 / 0                 0 / 827               0 / 827         ops/s
[13400.316s][info][gc,stats    ]    Critical: Allocation Stall                              0.000 / 0.000         0.000 / 0.000       146.230 / 487.490     146.230 / 487.490     ms
[13400.316s][info][gc,stats    ]    Critical: GC Locker Stall                                   0 / 0                 0 / 0                 0 / 2                 0 / 2           ops/s
[13400.316s][info][gc,stats    ]    Critical: GC Locker Stall                               0.000 / 0.000         0.000 / 0.000         0.167 / 4.787         0.167 / 4.787       ms
[13400.316s][info][gc,stats    ]    Critical: Relocation Stall                                  0 / 0                 0 / 0                 0 / 103               0 / 103         ops/s
[13400.316s][info][gc,stats    ]    Critical: Relocation Stall                              0.000 / 0.000         0.000 / 0.000        14.882 / 62.172       14.882 / 62.172      ms
[13400.316s][info][gc,stats    ]      Memory: Allocation Rate                                   0 / 0                 0 / 0               520 / 2790            520 / 2790        MB/s
[13400.316s][info][gc,stats    ]      Memory: Out Of Memory                                     0 / 0                 0 / 0                 0 / 0                 0 / 0           ops/s
[13400.316s][info][gc,stats    ]      Memory: Page Cache Flush                                  0 / 0                 0 / 0                 0 / 258               0 / 258         MB/s
[13400.316s][info][gc,stats    ]      Memory: Page Cache Hit L1                                 0 / 0                 0 / 0               253 / 1336            253 / 1336        ops/s
[13400.316s][info][gc,stats    ]      Memory: Page Cache Hit L2                                 0 / 0                 0 / 0                 0 / 0                 0 / 0           ops/s
[13400.316s][info][gc,stats    ]      Memory: Page Cache Hit L3                                 0 / 0                 0 / 0                 0 / 1028              0 / 1028        ops/s
[13400.316s][info][gc,stats    ]      Memory: Page Cache Miss                                   0 / 0                 0 / 0                 0 / 12                0 / 12          ops/s
[13400.316s][info][gc,stats    ]      Memory: Uncommit                                          0 / 0                 0 / 0                 0 / 0                 0 / 0           MB/s
[13400.316s][info][gc,stats    ]      Memory: Undo Object Allocation Failed                     0 / 0                 0 / 0                 0 / 5                 0 / 5           ops/s
[13400.316s][info][gc,stats    ]      Memory: Undo Object Allocation Succeeded                  0 / 0                 0 / 0                17 / 6595             17 / 6595        ops/s
[13400.316s][info][gc,stats    ]      Memory: Undo Page Allocation                              0 / 0                 0 / 0                 0 / 676               0 / 676         ops/s
[13400.316s][info][gc,stats    ]       Phase: Concurrent Mark                               0.000 / 0.000         0.000 / 0.000       571.218 / 3424.228    571.218 / 3424.228    ms
[13400.316s][info][gc,stats    ]       Phase: Concurrent Mark Continue                      0.000 / 0.000         0.000 / 0.000         0.000 / 0.000         0.000 / 0.000       ms
[13400.316s][info][gc,stats    ]       Phase: Concurrent Mark Free                          0.000 / 0.000         0.000 / 0.000         1.118 / 305.339       1.118 / 305.339     ms
[13400.316s][info][gc,stats    ]       Phase: Concurrent Process Non-Strong References      0.000 / 0.000         0.000 / 0.000        69.335 / 18388.762    69.335 / 18388.762   ms
[13400.316s][info][gc,stats    ]       Phase: Concurrent Relocate                           0.000 / 0.000         0.000 / 0.000        11.475 / 64.108       11.475 / 64.108      ms
[13400.316s][info][gc,stats    ]       Phase: Concurrent Reset Relocation Set               0.000 / 0.000         0.000 / 0.000         0.212 / 0.968         0.212 / 0.968       ms
[13400.316s][info][gc,stats    ]       Phase: Concurrent Select Relocation Set              0.000 / 0.000         0.000 / 0.000         6.722 / 623.697       6.722 / 623.697     ms
[13400.316s][info][gc,stats    ]       Phase: Pause Mark End                                0.000 / 0.000         0.000 / 0.000         0.094 / 0.434         0.094 / 0.434       ms
[13400.316s][info][gc,stats    ]       Phase: Pause Mark Start                              0.000 / 0.000         0.000 / 0.000         0.023 / 0.223         0.023 / 0.223       ms
[13400.316s][info][gc,stats    ]       Phase: Pause Relocate Start                          0.000 / 0.000         0.000 / 0.000         0.045 / 0.309         0.045 / 0.309       ms
[13400.316s][info][gc,stats    ]    Subphase: Concurrent Classes Purge                      0.000 / 0.000         0.000 / 0.000         0.518 / 3.157         0.518 / 3.157       ms
[13400.316s][info][gc,stats    ]    Subphase: Concurrent Classes Unlink                     0.000 / 0.000         0.000 / 0.000        64.039 / 18382.834    64.039 / 18382.834   ms
[13400.316s][info][gc,stats    ]    Subphase: Concurrent Mark                               0.000 / 0.000         0.000 / 0.000       450.151 / 3398.532    450.151 / 3398.532    ms
[13400.316s][info][gc,stats    ]    Subphase: Concurrent Mark Try Flush                     0.000 / 0.000         0.000 / 0.000         1.565 / 934.939       1.565 / 934.939     ms
[13400.316s][info][gc,stats    ]    Subphase: Concurrent Mark Try Terminate                 0.000 / 0.000         0.000 / 0.000         1.072 / 934.940       1.072 / 934.940     ms
[13400.316s][info][gc,stats    ]    Subphase: Concurrent References Enqueue                 0.000 / 0.000         0.000 / 0.000         0.009 / 0.091         0.009 / 0.091       ms
[13400.316s][info][gc,stats    ]    Subphase: Concurrent References Process                 0.000 / 0.000         0.000 / 0.000         0.881 / 3.992         0.881 / 3.992       ms
[13400.316s][info][gc,stats    ]    Subphase: Concurrent Roots ClassLoaderDataGraph         0.000 / 0.000         0.000 / 0.000         0.833 / 3.889         0.833 / 3.889       ms
[13400.316s][info][gc,stats    ]    Subphase: Concurrent Roots CodeCache                    0.000 / 0.000         0.000 / 0.000         0.000 / 0.000         0.000 / 0.000       ms
[13400.316s][info][gc,stats    ]    Subphase: Concurrent Roots JavaThreads                  0.000 / 0.000         0.000 / 0.000         4.665 / 969.487       4.665 / 969.487     ms
[13400.316s][info][gc,stats    ]    Subphase: Concurrent Roots OopStorageSet                0.000 / 0.000         0.000 / 0.000         0.083 / 2.218         0.083 / 2.218       ms
[13400.316s][info][gc,stats    ]    Subphase: Concurrent Weak Roots OopStorageSet           0.000 / 0.000         0.000 / 0.000         1.501 / 13.633        1.501 / 13.633      ms
[13400.316s][info][gc,stats    ]    Subphase: Pause Mark Try Complete                       0.000 / 0.000         0.000 / 0.000         0.001 / 0.031         0.001 / 0.031       ms
[13400.316s][info][gc,stats    ]      System: Java Threads                                      0 / 0                 0 / 0              1929 / 4684           1929 / 4684        threads
[13400.316s][info][gc,stats    ] =========================================================================================================================================================
[13410.315s][info][gc,stats    ] === Garbage Collection Statistics =======================================================================================================================
[13410.315s][info][gc,stats    ]                                                              Last 10s              Last 10m              Last 10h                Total
[13410.315s][info][gc,stats    ]                                                              Avg / Max             Avg / Max             Avg / Max             Avg / Max
[13410.315s][info][gc,stats    ]   Collector: Garbage Collection Cycle                      0.000 / 0.000         0.000 / 0.000       665.978 / 19032.234   665.978 / 19032.234   ms
[13410.315s][info][gc,stats    ]  Contention: Mark Segment Reset Contention                     0 / 0                 0 / 0                 2 / 104               2 / 104         ops/s
[13410.315s][info][gc,stats    ]  Contention: Mark SeqNum Reset Contention                      0 / 0                 0 / 0                 0 / 7                 0 / 7           ops/s
[13410.315s][info][gc,stats    ]    Critical: Allocation Stall                                  0 / 0                 0 / 0                 0 / 827               0 / 827         ops/s
[13410.315s][info][gc,stats    ]    Critical: Allocation Stall                              0.000 / 0.000         0.000 / 0.000       146.230 / 487.490     146.230 / 487.490     ms
[13410.315s][info][gc,stats    ]    Critical: GC Locker Stall                                   0 / 0                 0 / 0                 0 / 2                 0 / 2           ops/s
[13410.315s][info][gc,stats    ]    Critical: GC Locker Stall                               0.000 / 0.000         0.000 / 0.000         0.167 / 4.787         0.167 / 4.787       ms
[13410.315s][info][gc,stats    ]    Critical: Relocation Stall                                  0 / 0                 0 / 0                 0 / 103               0 / 103         ops/s
[13410.315s][info][gc,stats    ]    Critical: Relocation Stall                              0.000 / 0.000         0.000 / 0.000        14.882 / 62.172       14.882 / 62.172      ms
[13410.315s][info][gc,stats    ]      Memory: Allocation Rate                                   0 / 0                 0 / 0               520 / 2790            520 / 2790        MB/s
[13410.315s][info][gc,stats    ]      Memory: Out Of Memory                                     0 / 0                 0 / 0                 0 / 0                 0 / 0           ops/s
[13410.315s][info][gc,stats    ]      Memory: Page Cache Flush                                  0 / 0                 0 / 0                 0 / 258               0 / 258         MB/s
[13410.315s][info][gc,stats    ]      Memory: Page Cache Hit L1                                 0 / 0                 0 / 0               253 / 1336            253 / 1336        ops/s
[13410.315s][info][gc,stats    ]      Memory: Page Cache Hit L2                                 0 / 0                 0 / 0                 0 / 0                 0 / 0           ops/s
[13410.315s][info][gc,stats    ]      Memory: Page Cache Hit L3                                 0 / 0                 0 / 0                 0 / 1028              0 / 1028        ops/s
[13410.315s][info][gc,stats    ]      Memory: Page Cache Miss                                   0 / 0                 0 / 0                 0 / 12                0 / 12          ops/s
[13410.315s][info][gc,stats    ]      Memory: Uncommit                                          0 / 0                 0 / 0                 0 / 0                 0 / 0           MB/s
[13410.315s][info][gc,stats    ]      Memory: Undo Object Allocation Failed                     0 / 0                 0 / 0                 0 / 5                 0 / 5           ops/s
[13410.315s][info][gc,stats    ]      Memory: Undo Object Allocation Succeeded                  0 / 0                 0 / 0                17 / 6595             17 / 6595        ops/s
[13410.315s][info][gc,stats    ]      Memory: Undo Page Allocation                              0 / 0                 0 / 0                 0 / 676               0 / 676         ops/s
[13410.315s][info][gc,stats    ]       Phase: Concurrent Mark                               0.000 / 0.000         0.000 / 0.000       571.218 / 3424.228    571.218 / 3424.228    ms
[13410.315s][info][gc,stats    ]       Phase: Concurrent Mark Continue                      0.000 / 0.000         0.000 / 0.000         0.000 / 0.000         0.000 / 0.000       ms
[13410.315s][info][gc,stats    ]       Phase: Concurrent Mark Free                          0.000 / 0.000         0.000 / 0.000         1.118 / 305.339       1.118 / 305.339     ms
[13410.315s][info][gc,stats    ]       Phase: Concurrent Process Non-Strong References      0.000 / 0.000         0.000 / 0.000        69.335 / 18388.762    69.335 / 18388.762   ms
[13410.315s][info][gc,stats    ]       Phase: Concurrent Relocate                           0.000 / 0.000         0.000 / 0.000        11.475 / 64.108       11.475 / 64.108      ms
[13410.315s][info][gc,stats    ]       Phase: Concurrent Reset Relocation Set               0.000 / 0.000         0.000 / 0.000         0.212 / 0.968         0.212 / 0.968       ms
[13410.315s][info][gc,stats    ]       Phase: Concurrent Select Relocation Set              0.000 / 0.000         0.000 / 0.000         6.722 / 623.697       6.722 / 623.697     ms
[13410.315s][info][gc,stats    ]       Phase: Pause Mark End                                0.000 / 0.000         0.000 / 0.000         0.094 / 0.434         0.094 / 0.434       ms
[13410.315s][info][gc,stats    ]       Phase: Pause Mark Start                              0.000 / 0.000         0.000 / 0.000         0.023 / 0.223         0.023 / 0.223       ms
[13410.315s][info][gc,stats    ]       Phase: Pause Relocate Start                          0.000 / 0.000         0.000 / 0.000         0.045 / 0.309         0.045 / 0.309       ms
[13410.315s][info][gc,stats    ]    Subphase: Concurrent Classes Purge                      0.000 / 0.000         0.000 / 0.000         0.518 / 3.157         0.518 / 3.157       ms
[13410.315s][info][gc,stats    ]    Subphase: Concurrent Classes Unlink                     0.000 / 0.000         0.000 / 0.000        64.039 / 18382.834    64.039 / 18382.834   ms
[13410.315s][info][gc,stats    ]    Subphase: Concurrent Mark                               0.000 / 0.000         0.000 / 0.000       450.151 / 3398.532    450.151 / 3398.532    ms
[13410.315s][info][gc,stats    ]    Subphase: Concurrent Mark Try Flush                     0.000 / 0.000         0.000 / 0.000         1.565 / 934.939       1.565 / 934.939     ms
[13410.315s][info][gc,stats    ]    Subphase: Concurrent Mark Try Terminate                 0.000 / 0.000         0.000 / 0.000         1.072 / 934.940       1.072 / 934.940     ms
[13410.315s][info][gc,stats    ]    Subphase: Concurrent References Enqueue                 0.000 / 0.000         0.000 / 0.000         0.009 / 0.091         0.009 / 0.091       ms
[13410.315s][info][gc,stats    ]    Subphase: Concurrent References Process                 0.000 / 0.000         0.000 / 0.000         0.881 / 3.992         0.881 / 3.992       ms
[13410.315s][info][gc,stats    ]    Subphase: Concurrent Roots ClassLoaderDataGraph         0.000 / 0.000         0.000 / 0.000         0.833 / 3.889         0.833 / 3.889       ms
[13410.315s][info][gc,stats    ]    Subphase: Concurrent Roots CodeCache                    0.000 / 0.000         0.000 / 0.000         0.000 / 0.000         0.000 / 0.000       ms
[13410.315s][info][gc,stats    ]    Subphase: Concurrent Roots JavaThreads                  0.000 / 0.000         0.000 / 0.000         4.665 / 969.487       4.665 / 969.487     ms
[13410.315s][info][gc,stats    ]    Subphase: Concurrent Roots OopStorageSet                0.000 / 0.000         0.000 / 0.000         0.083 / 2.218         0.083 / 2.218       ms
[13410.315s][info][gc,stats    ]    Subphase: Concurrent Weak Roots OopStorageSet           0.000 / 0.000         0.000 / 0.000         1.501 / 13.633        1.501 / 13.633      ms
[13410.315s][info][gc,stats    ]    Subphase: Pause Mark Try Complete                       0.000 / 0.000         0.000 / 0.000         0.001 / 0.031         0.001 / 0.031       ms
[13410.315s][info][gc,stats    ]      System: Java Threads                                      0 / 0                 0 / 0              1929 / 4684           1929 / 4684        threads
[13410.315s][info][gc,stats    ] =========================================================================================================================================================
[13420.316s][info][gc,stats    ] === Garbage Collection Statistics =======================================================================================================================
[13420.316s][info][gc,stats    ]                                                              Last 10s              Last 10m              Last 10h                Total
[13420.316s][info][gc,stats    ]                                                              Avg / Max             Avg / Max             Avg / Max             Avg / Max
[13420.316s][info][gc,stats    ]   Collector: Garbage Collection Cycle                      0.000 / 0.000         0.000 / 0.000       665.978 / 19032.234   665.978 / 19032.234   ms
[13420.316s][info][gc,stats    ]  Contention: Mark Segment Reset Contention                     0 / 0                 0 / 0                 2 / 104               2 / 104         ops/s
[13420.316s][info][gc,stats    ]  Contention: Mark SeqNum Reset Contention                      0 / 0                 0 / 0                 0 / 7                 0 / 7           ops/s
[13420.316s][info][gc,stats    ]    Critical: Allocation Stall                                  0 / 0                 0 / 0                 0 / 827               0 / 827         ops/s
[13420.316s][info][gc,stats    ]    Critical: Allocation Stall                              0.000 / 0.000         0.000 / 0.000       146.230 / 487.490     146.230 / 487.490     ms
[13420.316s][info][gc,stats    ]    Critical: GC Locker Stall                                   0 / 0                 0 / 0                 0 / 2                 0 / 2           ops/s
[13420.316s][info][gc,stats    ]    Critical: GC Locker Stall                               0.000 / 0.000         0.000 / 0.000         0.167 / 4.787         0.167 / 4.787       ms
[13420.316s][info][gc,stats    ]    Critical: Relocation Stall                                  0 / 0                 0 / 0                 0 / 103               0 / 103         ops/s
[13420.316s][info][gc,stats    ]    Critical: Relocation Stall                              0.000 / 0.000         0.000 / 0.000        14.882 / 62.172       14.882 / 62.172      ms
[13420.316s][info][gc,stats    ]      Memory: Allocation Rate                                   0 / 0                 0 / 0               519 / 2790            519 / 2790        MB/s
[13420.316s][info][gc,stats    ]      Memory: Out Of Memory                                     0 / 0                 0 / 0                 0 / 0                 0 / 0           ops/s
[13420.316s][info][gc,stats    ]      Memory: Page Cache Flush                                  0 / 0                 0 / 0                 0 / 258               0 / 258         MB/s
[13420.316s][info][gc,stats    ]      Memory: Page Cache Hit L1                                 0 / 0                 0 / 0               253 / 1336            253 / 1336        ops/s
[13420.316s][info][gc,stats    ]      Memory: Page Cache Hit L2                                 0 / 0                 0 / 0                 0 / 0                 0 / 0           ops/s
[13420.316s][info][gc,stats    ]      Memory: Page Cache Hit L3                                 0 / 0                 0 / 0                 0 / 1028              0 / 1028        ops/s
[13420.316s][info][gc,stats    ]      Memory: Page Cache Miss                                   0 / 0                 0 / 0                 0 / 12                0 / 12          ops/s
[13420.316s][info][gc,stats    ]      Memory: Uncommit                                          0 / 0                 0 / 0                 0 / 0                 0 / 0           MB/s
[13420.316s][info][gc,stats    ]      Memory: Undo Object Allocation Failed                     0 / 0                 0 / 0                 0 / 5                 0 / 5           ops/s
[13420.316s][info][gc,stats    ]      Memory: Undo Object Allocation Succeeded                  0 / 0                 0 / 0                17 / 6595             17 / 6595        ops/s
[13420.316s][info][gc,stats    ]      Memory: Undo Page Allocation                              0 / 0                 0 / 0                 0 / 676               0 / 676         ops/s
[13420.316s][info][gc,stats    ]       Phase: Concurrent Mark                               0.000 / 0.000         0.000 / 0.000       571.218 / 3424.228    571.218 / 3424.228    ms
[13420.316s][info][gc,stats    ]       Phase: Concurrent Mark Continue                      0.000 / 0.000         0.000 / 0.000         0.000 / 0.000         0.000 / 0.000       ms
[13420.316s][info][gc,stats    ]       Phase: Concurrent Mark Free                          0.000 / 0.000         0.000 / 0.000         1.118 / 305.339       1.118 / 305.339     ms
[13420.316s][info][gc,stats    ]       Phase: Concurrent Process Non-Strong References      0.000 / 0.000         0.000 / 0.000        69.335 / 18388.762    69.335 / 18388.762   ms
[13420.316s][info][gc,stats    ]       Phase: Concurrent Relocate                           0.000 / 0.000         0.000 / 0.000        11.475 / 64.108       11.475 / 64.108      ms
[13420.316s][info][gc,stats    ]       Phase: Concurrent Reset Relocation Set               0.000 / 0.000         0.000 / 0.000         0.212 / 0.968         0.212 / 0.968       ms
[13420.316s][info][gc,stats    ]       Phase: Concurrent Select Relocation Set              0.000 / 0.000         0.000 / 0.000         6.722 / 623.697       6.722 / 623.697     ms
[13420.316s][info][gc,stats    ]       Phase: Pause Mark End                                0.000 / 0.000         0.000 / 0.000         0.094 / 0.434         0.094 / 0.434       ms
[13420.316s][info][gc,stats    ]       Phase: Pause Mark Start                              0.000 / 0.000         0.000 / 0.000         0.023 / 0.223         0.023 / 0.223       ms
[13420.316s][info][gc,stats    ]       Phase: Pause Relocate Start                          0.000 / 0.000         0.000 / 0.000         0.045 / 0.309         0.045 / 0.309       ms
[13420.316s][info][gc,stats    ]    Subphase: Concurrent Classes Purge                      0.000 / 0.000         0.000 / 0.000         0.518 / 3.157         0.518 / 3.157       ms
[13420.316s][info][gc,stats    ]    Subphase: Concurrent Classes Unlink                     0.000 / 0.000         0.000 / 0.000        64.039 / 18382.834    64.039 / 18382.834   ms
[13420.316s][info][gc,stats    ]    Subphase: Concurrent Mark                               0.000 / 0.000         0.000 / 0.000       450.151 / 3398.532    450.151 / 3398.532    ms
[13420.316s][info][gc,stats    ]    Subphase: Concurrent Mark Try Flush                     0.000 / 0.000         0.000 / 0.000         1.565 / 934.939       1.565 / 934.939     ms
[13420.316s][info][gc,stats    ]    Subphase: Concurrent Mark Try Terminate                 0.000 / 0.000         0.000 / 0.000         1.072 / 934.940       1.072 / 934.940     ms
[13420.316s][info][gc,stats    ]    Subphase: Concurrent References Enqueue                 0.000 / 0.000         0.000 / 0.000         0.009 / 0.091         0.009 / 0.091       ms
[13420.316s][info][gc,stats    ]    Subphase: Concurrent References Process                 0.000 / 0.000         0.000 / 0.000         0.881 / 3.992         0.881 / 3.992       ms
[13420.316s][info][gc,stats    ]    Subphase: Concurrent Roots ClassLoaderDataGraph         0.000 / 0.000         0.000 / 0.000         0.833 / 3.889         0.833 / 3.889       ms
[13420.316s][info][gc,stats    ]    Subphase: Concurrent Roots CodeCache                    0.000 / 0.000         0.000 / 0.000         0.000 / 0.000         0.000 / 0.000       ms
[13420.316s][info][gc,stats    ]    Subphase: Concurrent Roots JavaThreads                  0.000 / 0.000         0.000 / 0.000         4.665 / 969.487       4.665 / 969.487     ms
[13420.316s][info][gc,stats    ]    Subphase: Concurrent Roots OopStorageSet                0.000 / 0.000         0.000 / 0.000         0.083 / 2.218         0.083 / 2.218       ms
[13420.316s][info][gc,stats    ]    Subphase: Concurrent Weak Roots OopStorageSet           0.000 / 0.000         0.000 / 0.000         1.501 / 13.633        1.501 / 13.633      ms
[13420.316s][info][gc,stats    ]    Subphase: Pause Mark Try Complete                       0.000 / 0.000         0.000 / 0.000         0.001 / 0.031         0.001 / 0.031       ms
[13420.316s][info][gc,stats    ]      System: Java Threads                                      0 / 0                 0 / 0              1929 / 4684           1929 / 4684        threads
[13420.316s][info][gc,stats    ] =========================================================================================================================================================
[13430.316s][info][gc,stats    ] === Garbage Collection Statistics =======================================================================================================================
[13430.316s][info][gc,stats    ]                                                              Last 10s              Last 10m              Last 10h                Total
[13430.316s][info][gc,stats    ]                                                              Avg / Max             Avg / Max             Avg / Max             Avg / Max
[13430.316s][info][gc,stats    ]   Collector: Garbage Collection Cycle                      0.000 / 0.000         0.000 / 0.000       665.978 / 19032.234   665.978 / 19032.234   ms
[13430.316s][info][gc,stats    ]  Contention: Mark Segment Reset Contention                     0 / 0                 0 / 0                 2 / 104               2 / 104         ops/s
[13430.316s][info][gc,stats    ]  Contention: Mark SeqNum Reset Contention                      0 / 0                 0 / 0                 0 / 7                 0 / 7           ops/s
[13430.316s][info][gc,stats    ]    Critical: Allocation Stall                                  0 / 0                 0 / 0                 0 / 827               0 / 827         ops/s
[13430.316s][info][gc,stats    ]    Critical: Allocation Stall                              0.000 / 0.000         0.000 / 0.000       146.230 / 487.490     146.230 / 487.490     ms
[13430.316s][info][gc,stats    ]    Critical: GC Locker Stall                                   0 / 0                 0 / 0                 0 / 2                 0 / 2           ops/s
[13430.316s][info][gc,stats    ]    Critical: GC Locker Stall                               0.000 / 0.000         0.000 / 0.000         0.167 / 4.787         0.167 / 4.787       ms
[13430.316s][info][gc,stats    ]    Critical: Relocation Stall                                  0 / 0                 0 / 0                 0 / 103               0 / 103         ops/s
[13430.316s][info][gc,stats    ]    Critical: Relocation Stall                              0.000 / 0.000         0.000 / 0.000        14.882 / 62.172       14.882 / 62.172      ms
[13430.316s][info][gc,stats    ]      Memory: Allocation Rate                                   0 / 0                 0 / 0               519 / 2790            519 / 2790        MB/s
[13430.316s][info][gc,stats    ]      Memory: Out Of Memory                                     0 / 0                 0 / 0                 0 / 0                 0 / 0           ops/s
[13430.316s][info][gc,stats    ]      Memory: Page Cache Flush                                  0 / 0                 0 / 0                 0 / 258               0 / 258         MB/s
[13430.316s][info][gc,stats    ]      Memory: Page Cache Hit L1                                 0 / 0                 0 / 0               253 / 1336            253 / 1336        ops/s
[13430.316s][info][gc,stats    ]      Memory: Page Cache Hit L2                                 0 / 0                 0 / 0                 0 / 0                 0 / 0           ops/s
[13430.316s][info][gc,stats    ]      Memory: Page Cache Hit L3                                 0 / 0                 0 / 0                 0 / 1028              0 / 1028        ops/s
[13430.316s][info][gc,stats    ]      Memory: Page Cache Miss                                   0 / 0                 0 / 0                 0 / 12                0 / 12          ops/s
[13430.316s][info][gc,stats    ]      Memory: Uncommit                                          0 / 0                 0 / 0                 0 / 0                 0 / 0           MB/s
[13430.316s][info][gc,stats    ]      Memory: Undo Object Allocation Failed                     0 / 0                 0 / 0                 0 / 5                 0 / 5           ops/s
[13430.316s][info][gc,stats    ]      Memory: Undo Object Allocation Succeeded                  0 / 0                 0 / 0                17 / 6595             17 / 6595        ops/s
[13430.316s][info][gc,stats    ]      Memory: Undo Page Allocation                              0 / 0                 0 / 0                 0 / 676               0 / 676         ops/s
[13430.316s][info][gc,stats    ]       Phase: Concurrent Mark                               0.000 / 0.000         0.000 / 0.000       571.218 / 3424.228    571.218 / 3424.228    ms
[13430.316s][info][gc,stats    ]       Phase: Concurrent Mark Continue                      0.000 / 0.000         0.000 / 0.000         0.000 / 0.000         0.000 / 0.000       ms
[13430.316s][info][gc,stats    ]       Phase: Concurrent Mark Free                          0.000 / 0.000         0.000 / 0.000         1.118 / 305.339       1.118 / 305.339     ms
[13430.316s][info][gc,stats    ]       Phase: Concurrent Process Non-Strong References      0.000 / 0.000         0.000 / 0.000        69.335 / 18388.762    69.335 / 18388.762   ms
[13430.316s][info][gc,stats    ]       Phase: Concurrent Relocate                           0.000 / 0.000         0.000 / 0.000        11.475 / 64.108       11.475 / 64.108      ms
[13430.316s][info][gc,stats    ]       Phase: Concurrent Reset Relocation Set               0.000 / 0.000         0.000 / 0.000         0.212 / 0.968         0.212 / 0.968       ms
[13430.316s][info][gc,stats    ]       Phase: Concurrent Select Relocation Set              0.000 / 0.000         0.000 / 0.000         6.722 / 623.697       6.722 / 623.697     ms
[13430.316s][info][gc,stats    ]       Phase: Pause Mark End                                0.000 / 0.000         0.000 / 0.000         0.094 / 0.434         0.094 / 0.434       ms
[13430.316s][info][gc,stats    ]       Phase: Pause Mark Start                              0.000 / 0.000         0.000 / 0.000         0.023 / 0.223         0.023 / 0.223       ms
[13430.316s][info][gc,stats    ]       Phase: Pause Relocate Start                          0.000 / 0.000         0.000 / 0.000         0.045 / 0.309         0.045 / 0.309       ms
[13430.316s][info][gc,stats    ]    Subphase: Concurrent Classes Purge                      0.000 / 0.000         0.000 / 0.000         0.518 / 3.157         0.518 / 3.157       ms
[13430.316s][info][gc,stats    ]    Subphase: Concurrent Classes Unlink                     0.000 / 0.000         0.000 / 0.000        64.039 / 18382.834    64.039 / 18382.834   ms
[13430.316s][info][gc,stats    ]    Subphase: Concurrent Mark                               0.000 / 0.000         0.000 / 0.000       450.151 / 3398.532    450.151 / 3398.532    ms
[13430.316s][info][gc,stats    ]    Subphase: Concurrent Mark Try Flush                     0.000 / 0.000         0.000 / 0.000         1.565 / 934.939       1.565 / 934.939     ms
[13430.316s][info][gc,stats    ]    Subphase: Concurrent Mark Try Terminate                 0.000 / 0.000         0.000 / 0.000         1.072 / 934.940       1.072 / 934.940     ms
[13430.316s][info][gc,stats    ]    Subphase: Concurrent References Enqueue                 0.000 / 0.000         0.000 / 0.000         0.009 / 0.091         0.009 / 0.091       ms
[13430.316s][info][gc,stats    ]    Subphase: Concurrent References Process                 0.000 / 0.000         0.000 / 0.000         0.881 / 3.992         0.881 / 3.992       ms
[13430.316s][info][gc,stats    ]    Subphase: Concurrent Roots ClassLoaderDataGraph         0.000 / 0.000         0.000 / 0.000         0.833 / 3.889         0.833 / 3.889       ms
[13430.316s][info][gc,stats    ]    Subphase: Concurrent Roots CodeCache                    0.000 / 0.000         0.000 / 0.000         0.000 / 0.000         0.000 / 0.000       ms
[13430.316s][info][gc,stats    ]    Subphase: Concurrent Roots JavaThreads                  0.000 / 0.000         0.000 / 0.000         4.665 / 969.487       4.665 / 969.487     ms
[13430.316s][info][gc,stats    ]    Subphase: Concurrent Roots OopStorageSet                0.000 / 0.000         0.000 / 0.000         0.083 / 2.218         0.083 / 2.218       ms
[13430.316s][info][gc,stats    ]    Subphase: Concurrent Weak Roots OopStorageSet           0.000 / 0.000         0.000 / 0.000         1.501 / 13.633        1.501 / 13.633      ms
[13430.316s][info][gc,stats    ]    Subphase: Pause Mark Try Complete                       0.000 / 0.000         0.000 / 0.000         0.001 / 0.031         0.001 / 0.031       ms
[13430.316s][info][gc,stats    ]      System: Java Threads                                      0 / 0                 0 / 0              1929 / 4684           1929 / 4684        threads
[13430.316s][info][gc,stats    ] =========================================================================================================================================================
[13440.315s][info][gc,stats    ] === Garbage Collection Statistics =======================================================================================================================
[13440.315s][info][gc,stats    ]                                                              Last 10s              Last 10m              Last 10h                Total
[13440.315s][info][gc,stats    ]                                                              Avg / Max             Avg / Max             Avg / Max             Avg / Max
[13440.316s][info][gc,stats    ]   Collector: Garbage Collection Cycle                      0.000 / 0.000         0.000 / 0.000       665.978 / 19032.234   665.978 / 19032.234   ms
[13440.316s][info][gc,stats    ]  Contention: Mark Segment Reset Contention                     0 / 0                 0 / 0                 2 / 104               2 / 104         ops/s
[13440.316s][info][gc,stats    ]  Contention: Mark SeqNum Reset Contention                      0 / 0                 0 / 0                 0 / 7                 0 / 7           ops/s
[13440.316s][info][gc,stats    ]    Critical: Allocation Stall                                  0 / 0                 0 / 0                 0 / 827               0 / 827         ops/s
[13440.316s][info][gc,stats    ]    Critical: Allocation Stall                              0.000 / 0.000         0.000 / 0.000       146.230 / 487.490     146.230 / 487.490     ms
[13440.316s][info][gc,stats    ]    Critical: GC Locker Stall                                   0 / 0                 0 / 0                 0 / 2                 0 / 2           ops/s
[13440.316s][info][gc,stats    ]    Critical: GC Locker Stall                               0.000 / 0.000         0.000 / 0.000         0.167 / 4.787         0.167 / 4.787       ms
[13440.316s][info][gc,stats    ]    Critical: Relocation Stall                                  0 / 0                 0 / 0                 0 / 103               0 / 103         ops/s
[13440.316s][info][gc,stats    ]    Critical: Relocation Stall                              0.000 / 0.000         0.000 / 0.000        14.882 / 62.172       14.882 / 62.172      ms
[13440.316s][info][gc,stats    ]      Memory: Allocation Rate                                   0 / 0                 0 / 0               519 / 2790            519 / 2790        MB/s
[13440.316s][info][gc,stats    ]      Memory: Out Of Memory                                     0 / 0                 0 / 0                 0 / 0                 0 / 0           ops/s
[13440.316s][info][gc,stats    ]      Memory: Page Cache Flush                                  0 / 0                 0 / 0                 0 / 258               0 / 258         MB/s
[13440.316s][info][gc,stats    ]      Memory: Page Cache Hit L1                                 0 / 0                 0 / 0               252 / 1336            252 / 1336        ops/s
[13440.316s][info][gc,stats    ]      Memory: Page Cache Hit L2                                 0 / 0                 0 / 0                 0 / 0                 0 / 0           ops/s
[13440.316s][info][gc,stats    ]      Memory: Page Cache Hit L3                                 0 / 0                 0 / 0                 0 / 1028              0 / 1028        ops/s
[13440.316s][info][gc,stats    ]      Memory: Page Cache Miss                                   0 / 0                 0 / 0                 0 / 12                0 / 12          ops/s
[13440.316s][info][gc,stats    ]      Memory: Uncommit                                          0 / 0                 0 / 0                 0 / 0                 0 / 0           MB/s
[13440.316s][info][gc,stats    ]      Memory: Undo Object Allocation Failed                     0 / 0                 0 / 0                 0 / 5                 0 / 5           ops/s
[13440.316s][info][gc,stats    ]      Memory: Undo Object Allocation Succeeded                  0 / 0                 0 / 0                17 / 6595             17 / 6595        ops/s
[13440.316s][info][gc,stats    ]      Memory: Undo Page Allocation                              0 / 0                 0 / 0                 0 / 676               0 / 676         ops/s
[13440.316s][info][gc,stats    ]       Phase: Concurrent Mark                               0.000 / 0.000         0.000 / 0.000       571.218 / 3424.228    571.218 / 3424.228    ms
[13440.316s][info][gc,stats    ]       Phase: Concurrent Mark Continue                      0.000 / 0.000         0.000 / 0.000         0.000 / 0.000         0.000 / 0.000       ms
[13440.316s][info][gc,stats    ]       Phase: Concurrent Mark Free                          0.000 / 0.000         0.000 / 0.000         1.118 / 305.339       1.118 / 305.339     ms
[13440.316s][info][gc,stats    ]       Phase: Concurrent Process Non-Strong References      0.000 / 0.000         0.000 / 0.000        69.335 / 18388.762    69.335 / 18388.762   ms
[13440.316s][info][gc,stats    ]       Phase: Concurrent Relocate                           0.000 / 0.000         0.000 / 0.000        11.475 / 64.108       11.475 / 64.108      ms
[13440.316s][info][gc,stats    ]       Phase: Concurrent Reset Relocation Set               0.000 / 0.000         0.000 / 0.000         0.212 / 0.968         0.212 / 0.968       ms
[13440.316s][info][gc,stats    ]       Phase: Concurrent Select Relocation Set              0.000 / 0.000         0.000 / 0.000         6.722 / 623.697       6.722 / 623.697     ms
[13440.316s][info][gc,stats    ]       Phase: Pause Mark End                                0.000 / 0.000         0.000 / 0.000         0.094 / 0.434         0.094 / 0.434       ms
[13440.316s][info][gc,stats    ]       Phase: Pause Mark Start                              0.000 / 0.000         0.000 / 0.000         0.023 / 0.223         0.023 / 0.223       ms
[13440.316s][info][gc,stats    ]       Phase: Pause Relocate Start                          0.000 / 0.000         0.000 / 0.000         0.045 / 0.309         0.045 / 0.309       ms
[13440.316s][info][gc,stats    ]    Subphase: Concurrent Classes Purge                      0.000 / 0.000         0.000 / 0.000         0.518 / 3.157         0.518 / 3.157       ms
[13440.316s][info][gc,stats    ]    Subphase: Concurrent Classes Unlink                     0.000 / 0.000         0.000 / 0.000        64.039 / 18382.834    64.039 / 18382.834   ms
[13440.316s][info][gc,stats    ]    Subphase: Concurrent Mark                               0.000 / 0.000         0.000 / 0.000       450.151 / 3398.532    450.151 / 3398.532    ms
[13440.316s][info][gc,stats    ]    Subphase: Concurrent Mark Try Flush                     0.000 / 0.000         0.000 / 0.000         1.565 / 934.939       1.565 / 934.939     ms
[13440.316s][info][gc,stats    ]    Subphase: Concurrent Mark Try Terminate                 0.000 / 0.000         0.000 / 0.000         1.072 / 934.940       1.072 / 934.940     ms
[13440.316s][info][gc,stats    ]    Subphase: Concurrent References Enqueue                 0.000 / 0.000         0.000 / 0.000         0.009 / 0.091         0.009 / 0.091       ms
[13440.316s][info][gc,stats    ]    Subphase: Concurrent References Process                 0.000 / 0.000         0.000 / 0.000         0.881 / 3.992         0.881 / 3.992       ms
[13440.316s][info][gc,stats    ]    Subphase: Concurrent Roots ClassLoaderDataGraph         0.000 / 0.000         0.000 / 0.000         0.833 / 3.889         0.833 / 3.889       ms
[13440.316s][info][gc,stats    ]    Subphase: Concurrent Roots CodeCache                    0.000 / 0.000         0.000 / 0.000         0.000 / 0.000         0.000 / 0.000       ms
[13440.316s][info][gc,stats    ]    Subphase: Concurrent Roots JavaThreads                  0.000 / 0.000         0.000 / 0.000         4.665 / 969.487       4.665 / 969.487     ms
[13440.316s][info][gc,stats    ]    Subphase: Concurrent Roots OopStorageSet                0.000 / 0.000         0.000 / 0.000         0.083 / 2.218         0.083 / 2.218       ms
[13440.316s][info][gc,stats    ]    Subphase: Concurrent Weak Roots OopStorageSet           0.000 / 0.000         0.000 / 0.000         1.501 / 13.633        1.501 / 13.633      ms
[13440.316s][info][gc,stats    ]    Subphase: Pause Mark Try Complete                       0.000 / 0.000         0.000 / 0.000         0.001 / 0.031         0.001 / 0.031       ms
[13440.316s][info][gc,stats    ]      System: Java Threads                                      0 / 0                 0 / 0              1929 / 4684           1929 / 4684        threads
[13440.316s][info][gc,stats    ] =========================================================================================================================================================
[13450.315s][info][gc,stats    ] === Garbage Collection Statistics =======================================================================================================================
[13450.315s][info][gc,stats    ]                                                              Last 10s              Last 10m              Last 10h                Total
[13450.315s][info][gc,stats    ]                                                              Avg / Max             Avg / Max             Avg / Max             Avg / Max
[13450.315s][info][gc,stats    ]   Collector: Garbage Collection Cycle                      0.000 / 0.000         0.000 / 0.000       665.978 / 19032.234   665.978 / 19032.234   ms
[13450.315s][info][gc,stats    ]  Contention: Mark Segment Reset Contention                     0 / 0                 0 / 0                 2 / 104               2 / 104         ops/s
[13450.315s][info][gc,stats    ]  Contention: Mark SeqNum Reset Contention                      0 / 0                 0 / 0                 0 / 7                 0 / 7           ops/s
[13450.315s][info][gc,stats    ]    Critical: Allocation Stall                                  0 / 0                 0 / 0                 0 / 827               0 / 827         ops/s
[13450.315s][info][gc,stats    ]    Critical: Allocation Stall                              0.000 / 0.000         0.000 / 0.000       146.230 / 487.490     146.230 / 487.490     ms
[13450.315s][info][gc,stats    ]    Critical: GC Locker Stall                                   0 / 0                 0 / 0                 0 / 2                 0 / 2           ops/s
[13450.315s][info][gc,stats    ]    Critical: GC Locker Stall                               0.000 / 0.000         0.000 / 0.000         0.167 / 4.787         0.167 / 4.787       ms
[13450.315s][info][gc,stats    ]    Critical: Relocation Stall                                  0 / 0                 0 / 0                 0 / 103               0 / 103         ops/s
[13450.315s][info][gc,stats    ]    Critical: Relocation Stall                              0.000 / 0.000         0.000 / 0.000        14.882 / 62.172       14.882 / 62.172      ms
[13450.315s][info][gc,stats    ]      Memory: Allocation Rate                                   0 / 0                 0 / 0               518 / 2790            518 / 2790        MB/s
[13450.315s][info][gc,stats    ]      Memory: Out Of Memory                                     0 / 0                 0 / 0                 0 / 0                 0 / 0           ops/s
[13450.315s][info][gc,stats    ]      Memory: Page Cache Flush                                  0 / 0                 0 / 0                 0 / 258               0 / 258         MB/s
[13450.315s][info][gc,stats    ]      Memory: Page Cache Hit L1                                 0 / 0                 0 / 0               252 / 1336            252 / 1336        ops/s
[13450.315s][info][gc,stats    ]      Memory: Page Cache Hit L2                                 0 / 0                 0 / 0                 0 / 0                 0 / 0           ops/s
[13450.315s][info][gc,stats    ]      Memory: Page Cache Hit L3                                 0 / 0                 0 / 0                 0 / 1028              0 / 1028        ops/s
[13450.315s][info][gc,stats    ]      Memory: Page Cache Miss                                   0 / 0                 0 / 0                 0 / 12                0 / 12          ops/s
[13450.315s][info][gc,stats    ]      Memory: Uncommit                                          0 / 0                 0 / 0                 0 / 0                 0 / 0           MB/s
[13450.315s][info][gc,stats    ]      Memory: Undo Object Allocation Failed                     0 / 0                 0 / 0                 0 / 5                 0 / 5           ops/s
[13450.315s][info][gc,stats    ]      Memory: Undo Object Allocation Succeeded                  0 / 0                 0 / 0                17 / 6595             17 / 6595        ops/s
[13450.315s][info][gc,stats    ]      Memory: Undo Page Allocation                              0 / 0                 0 / 0                 0 / 676               0 / 676         ops/s
[13450.315s][info][gc,stats    ]       Phase: Concurrent Mark                               0.000 / 0.000         0.000 / 0.000       571.218 / 3424.228    571.218 / 3424.228    ms
[13450.315s][info][gc,stats    ]       Phase: Concurrent Mark Continue                      0.000 / 0.000         0.000 / 0.000         0.000 / 0.000         0.000 / 0.000       ms
[13450.316s][info][gc,stats    ]       Phase: Concurrent Mark Free                          0.000 / 0.000         0.000 / 0.000         1.118 / 305.339       1.118 / 305.339     ms
[13450.316s][info][gc,stats    ]       Phase: Concurrent Process Non-Strong References      0.000 / 0.000         0.000 / 0.000        69.335 / 18388.762    69.335 / 18388.762   ms
[13450.316s][info][gc,stats    ]       Phase: Concurrent Relocate                           0.000 / 0.000         0.000 / 0.000        11.475 / 64.108       11.475 / 64.108      ms
[13450.316s][info][gc,stats    ]       Phase: Concurrent Reset Relocation Set               0.000 / 0.000         0.000 / 0.000         0.212 / 0.968         0.212 / 0.968       ms
[13450.316s][info][gc,stats    ]       Phase: Concurrent Select Relocation Set              0.000 / 0.000         0.000 / 0.000         6.722 / 623.697       6.722 / 623.697     ms
[13450.316s][info][gc,stats    ]       Phase: Pause Mark End                                0.000 / 0.000         0.000 / 0.000         0.094 / 0.434         0.094 / 0.434       ms
[13450.316s][info][gc,stats    ]       Phase: Pause Mark Start                              0.000 / 0.000         0.000 / 0.000         0.023 / 0.223         0.023 / 0.223       ms
[13450.316s][info][gc,stats    ]       Phase: Pause Relocate Start                          0.000 / 0.000         0.000 / 0.000         0.045 / 0.309         0.045 / 0.309       ms
[13450.316s][info][gc,stats    ]    Subphase: Concurrent Classes Purge                      0.000 / 0.000         0.000 / 0.000         0.518 / 3.157         0.518 / 3.157       ms
[13450.316s][info][gc,stats    ]    Subphase: Concurrent Classes Unlink                     0.000 / 0.000         0.000 / 0.000        64.039 / 18382.834    64.039 / 18382.834   ms
[13450.316s][info][gc,stats    ]    Subphase: Concurrent Mark                               0.000 / 0.000         0.000 / 0.000       450.151 / 3398.532    450.151 / 3398.532    ms
[13450.316s][info][gc,stats    ]    Subphase: Concurrent Mark Try Flush                     0.000 / 0.000         0.000 / 0.000         1.565 / 934.939       1.565 / 934.939     ms
[13450.316s][info][gc,stats    ]    Subphase: Concurrent Mark Try Terminate                 0.000 / 0.000         0.000 / 0.000         1.072 / 934.940       1.072 / 934.940     ms
[13450.316s][info][gc,stats    ]    Subphase: Concurrent References Enqueue                 0.000 / 0.000         0.000 / 0.000         0.009 / 0.091         0.009 / 0.091       ms
[13450.316s][info][gc,stats    ]    Subphase: Concurrent References Process                 0.000 / 0.000         0.000 / 0.000         0.881 / 3.992         0.881 / 3.992       ms
[13450.316s][info][gc,stats    ]    Subphase: Concurrent Roots ClassLoaderDataGraph         0.000 / 0.000         0.000 / 0.000         0.833 / 3.889         0.833 / 3.889       ms
[13450.316s][info][gc,stats    ]    Subphase: Concurrent Roots CodeCache                    0.000 / 0.000         0.000 / 0.000         0.000 / 0.000         0.000 / 0.000       ms
[13450.316s][info][gc,stats    ]    Subphase: Concurrent Roots JavaThreads                  0.000 / 0.000         0.000 / 0.000         4.665 / 969.487       4.665 / 969.487     ms
[13450.316s][info][gc,stats    ]    Subphase: Concurrent Roots OopStorageSet                0.000 / 0.000         0.000 / 0.000         0.083 / 2.218         0.083 / 2.218       ms
[13450.316s][info][gc,stats    ]    Subphase: Concurrent Weak Roots OopStorageSet           0.000 / 0.000         0.000 / 0.000         1.501 / 13.633        1.501 / 13.633      ms
[13450.316s][info][gc,stats    ]    Subphase: Pause Mark Try Complete                       0.000 / 0.000         0.000 / 0.000         0.001 / 0.031         0.001 / 0.031       ms
[13450.316s][info][gc,stats    ]      System: Java Threads                                      0 / 0                 0 / 0              1929 / 4684           1929 / 4684        threads
[13450.316s][info][gc,stats    ] =========================================================================================================================================================
[13460.316s][info][gc,stats    ] === Garbage Collection Statistics =======================================================================================================================
[13460.316s][info][gc,stats    ]                                                              Last 10s              Last 10m              Last 10h                Total
[13460.316s][info][gc,stats    ]                                                              Avg / Max             Avg / Max             Avg / Max             Avg / Max
[13460.316s][info][gc,stats    ]   Collector: Garbage Collection Cycle                      0.000 / 0.000         0.000 / 0.000       665.978 / 19032.234   665.978 / 19032.234   ms
[13460.316s][info][gc,stats    ]  Contention: Mark Segment Reset Contention                     0 / 0                 0 / 0                 2 / 104               2 / 104         ops/s
[13460.316s][info][gc,stats    ]  Contention: Mark SeqNum Reset Contention                      0 / 0                 0 / 0                 0 / 7                 0 / 7           ops/s
[13460.316s][info][gc,stats    ]    Critical: Allocation Stall                                  0 / 0                 0 / 0                 0 / 827               0 / 827         ops/s
[13460.316s][info][gc,stats    ]    Critical: Allocation Stall                              0.000 / 0.000         0.000 / 0.000       146.230 / 487.490     146.230 / 487.490     ms
[13460.316s][info][gc,stats    ]    Critical: GC Locker Stall                                   0 / 0                 0 / 0                 0 / 2                 0 / 2           ops/s
[13460.316s][info][gc,stats    ]    Critical: GC Locker Stall                               0.000 / 0.000         0.000 / 0.000         0.167 / 4.787         0.167 / 4.787       ms
[13460.316s][info][gc,stats    ]    Critical: Relocation Stall                                  0 / 0                 0 / 0                 0 / 103               0 / 103         ops/s
[13460.316s][info][gc,stats    ]    Critical: Relocation Stall                              0.000 / 0.000         0.000 / 0.000        14.882 / 62.172       14.882 / 62.172      ms
[13460.316s][info][gc,stats    ]      Memory: Allocation Rate                                   0 / 0                 0 / 0               518 / 2790            518 / 2790        MB/s
[13460.316s][info][gc,stats    ]      Memory: Out Of Memory                                     0 / 0                 0 / 0                 0 / 0                 0 / 0           ops/s
[13460.316s][info][gc,stats    ]      Memory: Page Cache Flush                                  0 / 0                 0 / 0                 0 / 258               0 / 258         MB/s
[13460.316s][info][gc,stats    ]      Memory: Page Cache Hit L1                                 0 / 0                 0 / 0               252 / 1336            252 / 1336        ops/s
[13460.316s][info][gc,stats    ]      Memory: Page Cache Hit L2                                 0 / 0                 0 / 0                 0 / 0                 0 / 0           ops/s
[13460.316s][info][gc,stats    ]      Memory: Page Cache Hit L3                                 0 / 0                 0 / 0                 0 / 1028              0 / 1028        ops/s
[13460.316s][info][gc,stats    ]      Memory: Page Cache Miss                                   0 / 0                 0 / 0                 0 / 12                0 / 12          ops/s
[13460.316s][info][gc,stats    ]      Memory: Uncommit                                          0 / 0                 0 / 0                 0 / 0                 0 / 0           MB/s
[13460.316s][info][gc,stats    ]      Memory: Undo Object Allocation Failed                     0 / 0                 0 / 0                 0 / 5                 0 / 5           ops/s
[13460.316s][info][gc,stats    ]      Memory: Undo Object Allocation Succeeded                  0 / 0                 0 / 0                17 / 6595             17 / 6595        ops/s
[13460.316s][info][gc,stats    ]      Memory: Undo Page Allocation                              0 / 0                 0 / 0                 0 / 676               0 / 676         ops/s
[13460.316s][info][gc,stats    ]       Phase: Concurrent Mark                               0.000 / 0.000         0.000 / 0.000       571.218 / 3424.228    571.218 / 3424.228    ms
[13460.316s][info][gc,stats    ]       Phase: Concurrent Mark Continue                      0.000 / 0.000         0.000 / 0.000         0.000 / 0.000         0.000 / 0.000       ms
[13460.316s][info][gc,stats    ]       Phase: Concurrent Mark Free                          0.000 / 0.000         0.000 / 0.000         1.118 / 305.339       1.118 / 305.339     ms
[13460.316s][info][gc,stats    ]       Phase: Concurrent Process Non-Strong References      0.000 / 0.000         0.000 / 0.000        69.335 / 18388.762    69.335 / 18388.762   ms
[13460.316s][info][gc,stats    ]       Phase: Concurrent Relocate                           0.000 / 0.000         0.000 / 0.000        11.475 / 64.108       11.475 / 64.108      ms
[13460.316s][info][gc,stats    ]       Phase: Concurrent Reset Relocation Set               0.000 / 0.000         0.000 / 0.000         0.212 / 0.968         0.212 / 0.968       ms
[13460.316s][info][gc,stats    ]       Phase: Concurrent Select Relocation Set              0.000 / 0.000         0.000 / 0.000         6.722 / 623.697       6.722 / 623.697     ms
[13460.316s][info][gc,stats    ]       Phase: Pause Mark End                                0.000 / 0.000         0.000 / 0.000         0.094 / 0.434         0.094 / 0.434       ms
[13460.316s][info][gc,stats    ]       Phase: Pause Mark Start                              0.000 / 0.000         0.000 / 0.000         0.023 / 0.223         0.023 / 0.223       ms
[13460.316s][info][gc,stats    ]       Phase: Pause Relocate Start                          0.000 / 0.000         0.000 / 0.000         0.045 / 0.309         0.045 / 0.309       ms
[13460.316s][info][gc,stats    ]    Subphase: Concurrent Classes Purge                      0.000 / 0.000         0.000 / 0.000         0.518 / 3.157         0.518 / 3.157       ms
[13460.316s][info][gc,stats    ]    Subphase: Concurrent Classes Unlink                     0.000 / 0.000         0.000 / 0.000        64.039 / 18382.834    64.039 / 18382.834   ms
[13460.316s][info][gc,stats    ]    Subphase: Concurrent Mark                               0.000 / 0.000         0.000 / 0.000       450.151 / 3398.532    450.151 / 3398.532    ms
[13460.316s][info][gc,stats    ]    Subphase: Concurrent Mark Try Flush                     0.000 / 0.000         0.000 / 0.000         1.565 / 934.939       1.565 / 934.939     ms
[13460.316s][info][gc,stats    ]    Subphase: Concurrent Mark Try Terminate                 0.000 / 0.000         0.000 / 0.000         1.072 / 934.940       1.072 / 934.940     ms
[13460.316s][info][gc,stats    ]    Subphase: Concurrent References Enqueue                 0.000 / 0.000         0.000 / 0.000         0.009 / 0.091         0.009 / 0.091       ms
[13460.316s][info][gc,stats    ]    Subphase: Concurrent References Process                 0.000 / 0.000         0.000 / 0.000         0.881 / 3.992         0.881 / 3.992       ms
[13460.316s][info][gc,stats    ]    Subphase: Concurrent Roots ClassLoaderDataGraph         0.000 / 0.000         0.000 / 0.000         0.833 / 3.889         0.833 / 3.889       ms
[13460.316s][info][gc,stats    ]    Subphase: Concurrent Roots CodeCache                    0.000 / 0.000         0.000 / 0.000         0.000 / 0.000         0.000 / 0.000       ms
[13460.316s][info][gc,stats    ]    Subphase: Concurrent Roots JavaThreads                  0.000 / 0.000         0.000 / 0.000         4.665 / 969.487       4.665 / 969.487     ms
[13460.316s][info][gc,stats    ]    Subphase: Concurrent Roots OopStorageSet                0.000 / 0.000         0.000 / 0.000         0.083 / 2.218         0.083 / 2.218       ms
[13460.316s][info][gc,stats    ]    Subphase: Concurrent Weak Roots OopStorageSet           0.000 / 0.000         0.000 / 0.000         1.501 / 13.633        1.501 / 13.633      ms
[13460.316s][info][gc,stats    ]    Subphase: Pause Mark Try Complete                       0.000 / 0.000         0.000 / 0.000         0.001 / 0.031         0.001 / 0.031       ms
[13460.316s][info][gc,stats    ]      System: Java Threads                                      0 / 0                 0 / 0              1929 / 4684           1929 / 4684        threads
[13460.316s][info][gc,stats    ] =========================================================================================================================================================
[13470.316s][info][gc,stats    ] === Garbage Collection Statistics =======================================================================================================================
[13470.316s][info][gc,stats    ]                                                              Last 10s              Last 10m              Last 10h                Total
[13470.316s][info][gc,stats    ]                                                              Avg / Max             Avg / Max             Avg / Max             Avg / Max
[13470.316s][info][gc,stats    ]   Collector: Garbage Collection Cycle                      0.000 / 0.000         0.000 / 0.000       665.978 / 19032.234   665.978 / 19032.234   ms
[13470.316s][info][gc,stats    ]  Contention: Mark Segment Reset Contention                     0 / 0                 0 / 0                 2 / 104               2 / 104         ops/s
[13470.316s][info][gc,stats    ]  Contention: Mark SeqNum Reset Contention                      0 / 0                 0 / 0                 0 / 7                 0 / 7           ops/s
[13470.316s][info][gc,stats    ]    Critical: Allocation Stall                                  0 / 0                 0 / 0                 0 / 827               0 / 827         ops/s
[13470.316s][info][gc,stats    ]    Critical: Allocation Stall                              0.000 / 0.000         0.000 / 0.000       146.230 / 487.490     146.230 / 487.490     ms
[13470.316s][info][gc,stats    ]    Critical: GC Locker Stall                                   0 / 0                 0 / 0                 0 / 2                 0 / 2           ops/s
[13470.316s][info][gc,stats    ]    Critical: GC Locker Stall                               0.000 / 0.000         0.000 / 0.000         0.167 / 4.787         0.167 / 4.787       ms
[13470.316s][info][gc,stats    ]    Critical: Relocation Stall                                  0 / 0                 0 / 0                 0 / 103               0 / 103         ops/s
[13470.316s][info][gc,stats    ]    Critical: Relocation Stall                              0.000 / 0.000         0.000 / 0.000        14.882 / 62.172       14.882 / 62.172      ms
[13470.316s][info][gc,stats    ]      Memory: Allocation Rate                                   0 / 0                 0 / 0               518 / 2790            518 / 2790        MB/s
[13470.316s][info][gc,stats    ]      Memory: Out Of Memory                                     0 / 0                 0 / 0                 0 / 0                 0 / 0           ops/s
[13470.316s][info][gc,stats    ]      Memory: Page Cache Flush                                  0 / 0                 0 / 0                 0 / 258               0 / 258         MB/s
[13470.316s][info][gc,stats    ]      Memory: Page Cache Hit L1                                 0 / 0                 0 / 0               252 / 1336            252 / 1336        ops/s
[13470.316s][info][gc,stats    ]      Memory: Page Cache Hit L2                                 0 / 0                 0 / 0                 0 / 0                 0 / 0           ops/s
[13470.316s][info][gc,stats    ]      Memory: Page Cache Hit L3                                 0 / 0                 0 / 0                 0 / 1028              0 / 1028        ops/s
[13470.316s][info][gc,stats    ]      Memory: Page Cache Miss                                   0 / 0                 0 / 0                 0 / 12                0 / 12          ops/s
[13470.316s][info][gc,stats    ]      Memory: Uncommit                                          0 / 0                 0 / 0                 0 / 0                 0 / 0           MB/s
[13470.316s][info][gc,stats    ]      Memory: Undo Object Allocation Failed                     0 / 0                 0 / 0                 0 / 5                 0 / 5           ops/s
[13470.316s][info][gc,stats    ]      Memory: Undo Object Allocation Succeeded                  0 / 0                 0 / 0                17 / 6595             17 / 6595        ops/s
[13470.316s][info][gc,stats    ]      Memory: Undo Page Allocation                              0 / 0                 0 / 0                 0 / 676               0 / 676         ops/s
[13470.316s][info][gc,stats    ]       Phase: Concurrent Mark                               0.000 / 0.000         0.000 / 0.000       571.218 / 3424.228    571.218 / 3424.228    ms
[13470.316s][info][gc,stats    ]       Phase: Concurrent Mark Continue                      0.000 / 0.000         0.000 / 0.000         0.000 / 0.000         0.000 / 0.000       ms
[13470.316s][info][gc,stats    ]       Phase: Concurrent Mark Free                          0.000 / 0.000         0.000 / 0.000         1.118 / 305.339       1.118 / 305.339     ms
[13470.316s][info][gc,stats    ]       Phase: Concurrent Process Non-Strong References      0.000 / 0.000         0.000 / 0.000        69.335 / 18388.762    69.335 / 18388.762   ms
[13470.316s][info][gc,stats    ]       Phase: Concurrent Relocate                           0.000 / 0.000         0.000 / 0.000        11.475 / 64.108       11.475 / 64.108      ms
[13470.316s][info][gc,stats    ]       Phase: Concurrent Reset Relocation Set               0.000 / 0.000         0.000 / 0.000         0.212 / 0.968         0.212 / 0.968       ms
[13470.316s][info][gc,stats    ]       Phase: Concurrent Select Relocation Set              0.000 / 0.000         0.000 / 0.000         6.722 / 623.697       6.722 / 623.697     ms
[13470.316s][info][gc,stats    ]       Phase: Pause Mark End                                0.000 / 0.000         0.000 / 0.000         0.094 / 0.434         0.094 / 0.434       ms
[13470.316s][info][gc,stats    ]       Phase: Pause Mark Start                              0.000 / 0.000         0.000 / 0.000         0.023 / 0.223         0.023 / 0.223       ms
[13470.316s][info][gc,stats    ]       Phase: Pause Relocate Start                          0.000 / 0.000         0.000 / 0.000         0.045 / 0.309         0.045 / 0.309       ms
[13470.316s][info][gc,stats    ]    Subphase: Concurrent Classes Purge                      0.000 / 0.000         0.000 / 0.000         0.518 / 3.157         0.518 / 3.157       ms
[13470.316s][info][gc,stats    ]    Subphase: Concurrent Classes Unlink                     0.000 / 0.000         0.000 / 0.000        64.039 / 18382.834    64.039 / 18382.834   ms
[13470.316s][info][gc,stats    ]    Subphase: Concurrent Mark                               0.000 / 0.000         0.000 / 0.000       450.151 / 3398.532    450.151 / 3398.532    ms
[13470.316s][info][gc,stats    ]    Subphase: Concurrent Mark Try Flush                     0.000 / 0.000         0.000 / 0.000         1.565 / 934.939       1.565 / 934.939     ms
[13470.316s][info][gc,stats    ]    Subphase: Concurrent Mark Try Terminate                 0.000 / 0.000         0.000 / 0.000         1.072 / 934.940       1.072 / 934.940     ms
[13470.316s][info][gc,stats    ]    Subphase: Concurrent References Enqueue                 0.000 / 0.000         0.000 / 0.000         0.009 / 0.091         0.009 / 0.091       ms
[13470.316s][info][gc,stats    ]    Subphase: Concurrent References Process                 0.000 / 0.000         0.000 / 0.000         0.881 / 3.992         0.881 / 3.992       ms
[13470.316s][info][gc,stats    ]    Subphase: Concurrent Roots ClassLoaderDataGraph         0.000 / 0.000         0.000 / 0.000         0.833 / 3.889         0.833 / 3.889       ms
[13470.316s][info][gc,stats    ]    Subphase: Concurrent Roots CodeCache                    0.000 / 0.000         0.000 / 0.000         0.000 / 0.000         0.000 / 0.000       ms
[13470.316s][info][gc,stats    ]    Subphase: Concurrent Roots JavaThreads                  0.000 / 0.000         0.000 / 0.000         4.665 / 969.487       4.665 / 969.487     ms
[13470.316s][info][gc,stats    ]    Subphase: Concurrent Roots OopStorageSet                0.000 / 0.000         0.000 / 0.000         0.083 / 2.218         0.083 / 2.218       ms
[13470.316s][info][gc,stats    ]    Subphase: Concurrent Weak Roots OopStorageSet           0.000 / 0.000         0.000 / 0.000         1.501 / 13.633        1.501 / 13.633      ms
[13470.316s][info][gc,stats    ]    Subphase: Pause Mark Try Complete                       0.000 / 0.000         0.000 / 0.000         0.001 / 0.031         0.001 / 0.031       ms
[13470.316s][info][gc,stats    ]      System: Java Threads                                      0 / 0                 0 / 0              1929 / 4684           1929 / 4684        threads
[13470.316s][info][gc,stats    ] =========================================================================================================================================================
[13480.316s][info][gc,stats    ] === Garbage Collection Statistics =======================================================================================================================
[13480.316s][info][gc,stats    ]                                                              Last 10s              Last 10m              Last 10h                Total
[13480.316s][info][gc,stats    ]                                                              Avg / Max             Avg / Max             Avg / Max             Avg / Max
[13480.316s][info][gc,stats    ]   Collector: Garbage Collection Cycle                      0.000 / 0.000         0.000 / 0.000       665.978 / 19032.234   665.978 / 19032.234   ms
[13480.316s][info][gc,stats    ]  Contention: Mark Segment Reset Contention                     0 / 0                 0 / 0                 2 / 104               2 / 104         ops/s
[13480.316s][info][gc,stats    ]  Contention: Mark SeqNum Reset Contention                      0 / 0                 0 / 0                 0 / 7                 0 / 7           ops/s
[13480.316s][info][gc,stats    ]    Critical: Allocation Stall                                  0 / 0                 0 / 0                 0 / 827               0 / 827         ops/s
[13480.316s][info][gc,stats    ]    Critical: Allocation Stall                              0.000 / 0.000         0.000 / 0.000       146.230 / 487.490     146.230 / 487.490     ms
[13480.316s][info][gc,stats    ]    Critical: GC Locker Stall                                   0 / 0                 0 / 0                 0 / 2                 0 / 2           ops/s
[13480.316s][info][gc,stats    ]    Critical: GC Locker Stall                               0.000 / 0.000         0.000 / 0.000         0.167 / 4.787         0.167 / 4.787       ms
[13480.316s][info][gc,stats    ]    Critical: Relocation Stall                                  0 / 0                 0 / 0                 0 / 103               0 / 103         ops/s
[13480.316s][info][gc,stats    ]    Critical: Relocation Stall                              0.000 / 0.000         0.000 / 0.000        14.882 / 62.172       14.882 / 62.172      ms
[13480.316s][info][gc,stats    ]      Memory: Allocation Rate                                   0 / 0                 0 / 0               517 / 2790            517 / 2790        MB/s
[13480.316s][info][gc,stats    ]      Memory: Out Of Memory                                     0 / 0                 0 / 0                 0 / 0                 0 / 0           ops/s
[13480.316s][info][gc,stats    ]      Memory: Page Cache Flush                                  0 / 0                 0 / 0                 0 / 258               0 / 258         MB/s
[13480.316s][info][gc,stats    ]      Memory: Page Cache Hit L1                                 0 / 0                 0 / 0               252 / 1336            252 / 1336        ops/s
[13480.316s][info][gc,stats    ]      Memory: Page Cache Hit L2                                 0 / 0                 0 / 0                 0 / 0                 0 / 0           ops/s
[13480.316s][info][gc,stats    ]      Memory: Page Cache Hit L3                                 0 / 0                 0 / 0                 0 / 1028              0 / 1028        ops/s
[13480.316s][info][gc,stats    ]      Memory: Page Cache Miss                                   0 / 0                 0 / 0                 0 / 12                0 / 12          ops/s
[13480.316s][info][gc,stats    ]      Memory: Uncommit                                          0 / 0                 0 / 0                 0 / 0                 0 / 0           MB/s
[13480.316s][info][gc,stats    ]      Memory: Undo Object Allocation Failed                     0 / 0                 0 / 0                 0 / 5                 0 / 5           ops/s
[13480.316s][info][gc,stats    ]      Memory: Undo Object Allocation Succeeded                  0 / 0                 0 / 0                17 / 6595             17 / 6595        ops/s
[13480.316s][info][gc,stats    ]      Memory: Undo Page Allocation                              0 / 0                 0 / 0                 0 / 676               0 / 676         ops/s
[13480.316s][info][gc,stats    ]       Phase: Concurrent Mark                               0.000 / 0.000         0.000 / 0.000       571.218 / 3424.228    571.218 / 3424.228    ms
[13480.316s][info][gc,stats    ]       Phase: Concurrent Mark Continue                      0.000 / 0.000         0.000 / 0.000         0.000 / 0.000         0.000 / 0.000       ms
[13480.316s][info][gc,stats    ]       Phase: Concurrent Mark Free                          0.000 / 0.000         0.000 / 0.000         1.118 / 305.339       1.118 / 305.339     ms
[13480.316s][info][gc,stats    ]       Phase: Concurrent Process Non-Strong References      0.000 / 0.000         0.000 / 0.000        69.335 / 18388.762    69.335 / 18388.762   ms
[13480.316s][info][gc,stats    ]       Phase: Concurrent Relocate                           0.000 / 0.000         0.000 / 0.000        11.475 / 64.108       11.475 / 64.108      ms
[13480.316s][info][gc,stats    ]       Phase: Concurrent Reset Relocation Set               0.000 / 0.000         0.000 / 0.000         0.212 / 0.968         0.212 / 0.968       ms
[13480.316s][info][gc,stats    ]       Phase: Concurrent Select Relocation Set              0.000 / 0.000         0.000 / 0.000         6.722 / 623.697       6.722 / 623.697     ms
[13480.316s][info][gc,stats    ]       Phase: Pause Mark End                                0.000 / 0.000         0.000 / 0.000         0.094 / 0.434         0.094 / 0.434       ms
[13480.316s][info][gc,stats    ]       Phase: Pause Mark Start                              0.000 / 0.000         0.000 / 0.000         0.023 / 0.223         0.023 / 0.223       ms
[13480.316s][info][gc,stats    ]       Phase: Pause Relocate Start                          0.000 / 0.000         0.000 / 0.000         0.045 / 0.309         0.045 / 0.309       ms
[13480.316s][info][gc,stats    ]    Subphase: Concurrent Classes Purge                      0.000 / 0.000         0.000 / 0.000         0.518 / 3.157         0.518 / 3.157       ms
[13480.316s][info][gc,stats    ]    Subphase: Concurrent Classes Unlink                     0.000 / 0.000         0.000 / 0.000        64.039 / 18382.834    64.039 / 18382.834   ms
[13480.316s][info][gc,stats    ]    Subphase: Concurrent Mark                               0.000 / 0.000         0.000 / 0.000       450.151 / 3398.532    450.151 / 3398.532    ms
[13480.316s][info][gc,stats    ]    Subphase: Concurrent Mark Try Flush                     0.000 / 0.000         0.000 / 0.000         1.565 / 934.939       1.565 / 934.939     ms
[13480.316s][info][gc,stats    ]    Subphase: Concurrent Mark Try Terminate                 0.000 / 0.000         0.000 / 0.000         1.072 / 934.940       1.072 / 934.940     ms
[13480.316s][info][gc,stats    ]    Subphase: Concurrent References Enqueue                 0.000 / 0.000         0.000 / 0.000         0.009 / 0.091         0.009 / 0.091       ms
[13480.316s][info][gc,stats    ]    Subphase: Concurrent References Process                 0.000 / 0.000         0.000 / 0.000         0.881 / 3.992         0.881 / 3.992       ms
[13480.316s][info][gc,stats    ]    Subphase: Concurrent Roots ClassLoaderDataGraph         0.000 / 0.000         0.000 / 0.000         0.833 / 3.889         0.833 / 3.889       ms
[13480.316s][info][gc,stats    ]    Subphase: Concurrent Roots CodeCache                    0.000 / 0.000         0.000 / 0.000         0.000 / 0.000         0.000 / 0.000       ms
[13480.316s][info][gc,stats    ]    Subphase: Concurrent Roots JavaThreads                  0.000 / 0.000         0.000 / 0.000         4.665 / 969.487       4.665 / 969.487     ms
[13480.316s][info][gc,stats    ]    Subphase: Concurrent Roots OopStorageSet                0.000 / 0.000         0.000 / 0.000         0.083 / 2.218         0.083 / 2.218       ms
[13480.316s][info][gc,stats    ]    Subphase: Concurrent Weak Roots OopStorageSet           0.000 / 0.000         0.000 / 0.000         1.501 / 13.633        1.501 / 13.633      ms
[13480.316s][info][gc,stats    ]    Subphase: Pause Mark Try Complete                       0.000 / 0.000         0.000 / 0.000         0.001 / 0.031         0.001 / 0.031       ms
[13480.316s][info][gc,stats    ]      System: Java Threads                                      0 / 0                 0 / 0              1929 / 4684           1929 / 4684        threads
[13480.316s][info][gc,stats    ] =========================================================================================================================================================
[13490.316s][info][gc,stats    ] === Garbage Collection Statistics =======================================================================================================================
[13490.316s][info][gc,stats    ]                                                              Last 10s              Last 10m              Last 10h                Total
[13490.316s][info][gc,stats    ]                                                              Avg / Max             Avg / Max             Avg / Max             Avg / Max
[13490.316s][info][gc,stats    ]   Collector: Garbage Collection Cycle                      0.000 / 0.000         0.000 / 0.000       665.978 / 19032.234   665.978 / 19032.234   ms
[13490.316s][info][gc,stats    ]  Contention: Mark Segment Reset Contention                     0 / 0                 0 / 0                 2 / 104               2 / 104         ops/s
[13490.316s][info][gc,stats    ]  Contention: Mark SeqNum Reset Contention                      0 / 0                 0 / 0                 0 / 7                 0 / 7           ops/s
[13490.316s][info][gc,stats    ]    Critical: Allocation Stall                                  0 / 0                 0 / 0                 0 / 827               0 / 827         ops/s
[13490.316s][info][gc,stats    ]    Critical: Allocation Stall                              0.000 / 0.000         0.000 / 0.000       146.230 / 487.490     146.230 / 487.490     ms
[13490.316s][info][gc,stats    ]    Critical: GC Locker Stall                                   0 / 0                 0 / 0                 0 / 2                 0 / 2           ops/s
[13490.316s][info][gc,stats    ]    Critical: GC Locker Stall                               0.000 / 0.000         0.000 / 0.000         0.167 / 4.787         0.167 / 4.787       ms
[13490.316s][info][gc,stats    ]    Critical: Relocation Stall                                  0 / 0                 0 / 0                 0 / 103               0 / 103         ops/s
[13490.316s][info][gc,stats    ]    Critical: Relocation Stall                              0.000 / 0.000         0.000 / 0.000        14.882 / 62.172       14.882 / 62.172      ms
[13490.316s][info][gc,stats    ]      Memory: Allocation Rate                                   0 / 0                 0 / 0               517 / 2790            517 / 2790        MB/s
[13490.316s][info][gc,stats    ]      Memory: Out Of Memory                                     0 / 0                 0 / 0                 0 / 0                 0 / 0           ops/s
[13490.316s][info][gc,stats    ]      Memory: Page Cache Flush                                  0 / 0                 0 / 0                 0 / 258               0 / 258         MB/s
[13490.316s][info][gc,stats    ]      Memory: Page Cache Hit L1                                 0 / 0                 0 / 0               251 / 1336            251 / 1336        ops/s
[13490.316s][info][gc,stats    ]      Memory: Page Cache Hit L2                                 0 / 0                 0 / 0                 0 / 0                 0 / 0           ops/s
[13490.316s][info][gc,stats    ]      Memory: Page Cache Hit L3                                 0 / 0                 0 / 0                 0 / 1028              0 / 1028        ops/s
[13490.316s][info][gc,stats    ]      Memory: Page Cache Miss                                   0 / 0                 0 / 0                 0 / 12                0 / 12          ops/s
[13490.316s][info][gc,stats    ]      Memory: Uncommit                                          0 / 0                 0 / 0                 0 / 0                 0 / 0           MB/s
[13490.316s][info][gc,stats    ]      Memory: Undo Object Allocation Failed                     0 / 0                 0 / 0                 0 / 5                 0 / 5           ops/s
[13490.316s][info][gc,stats    ]      Memory: Undo Object Allocation Succeeded                  0 / 0                 0 / 0                17 / 6595             17 / 6595        ops/s
[13490.316s][info][gc,stats    ]      Memory: Undo Page Allocation                              0 / 0                 0 / 0                 0 / 676               0 / 676         ops/s
[13490.316s][info][gc,stats    ]       Phase: Concurrent Mark                               0.000 / 0.000         0.000 / 0.000       571.218 / 3424.228    571.218 / 3424.228    ms
[13490.316s][info][gc,stats    ]       Phase: Concurrent Mark Continue                      0.000 / 0.000         0.000 / 0.000         0.000 / 0.000         0.000 / 0.000       ms
[13490.316s][info][gc,stats    ]       Phase: Concurrent Mark Free                          0.000 / 0.000         0.000 / 0.000         1.118 / 305.339       1.118 / 305.339     ms
[13490.316s][info][gc,stats    ]       Phase: Concurrent Process Non-Strong References      0.000 / 0.000         0.000 / 0.000        69.335 / 18388.762    69.335 / 18388.762   ms
[13490.316s][info][gc,stats    ]       Phase: Concurrent Relocate                           0.000 / 0.000         0.000 / 0.000        11.475 / 64.108       11.475 / 64.108      ms
[13490.316s][info][gc,stats    ]       Phase: Concurrent Reset Relocation Set               0.000 / 0.000         0.000 / 0.000         0.212 / 0.968         0.212 / 0.968       ms
[13490.316s][info][gc,stats    ]       Phase: Concurrent Select Relocation Set              0.000 / 0.000         0.000 / 0.000         6.722 / 623.697       6.722 / 623.697     ms
[13490.316s][info][gc,stats    ]       Phase: Pause Mark End                                0.000 / 0.000         0.000 / 0.000         0.094 / 0.434         0.094 / 0.434       ms
[13490.316s][info][gc,stats    ]       Phase: Pause Mark Start                              0.000 / 0.000         0.000 / 0.000         0.023 / 0.223         0.023 / 0.223       ms
[13490.316s][info][gc,stats    ]       Phase: Pause Relocate Start                          0.000 / 0.000         0.000 / 0.000         0.045 / 0.309         0.045 / 0.309       ms
[13490.316s][info][gc,stats    ]    Subphase: Concurrent Classes Purge                      0.000 / 0.000         0.000 / 0.000         0.518 / 3.157         0.518 / 3.157       ms
[13490.316s][info][gc,stats    ]    Subphase: Concurrent Classes Unlink                     0.000 / 0.000         0.000 / 0.000        64.039 / 18382.834    64.039 / 18382.834   ms
[13490.316s][info][gc,stats    ]    Subphase: Concurrent Mark                               0.000 / 0.000         0.000 / 0.000       450.151 / 3398.532    450.151 / 3398.532    ms
[13490.316s][info][gc,stats    ]    Subphase: Concurrent Mark Try Flush                     0.000 / 0.000         0.000 / 0.000         1.565 / 934.939       1.565 / 934.939     ms
[13490.316s][info][gc,stats    ]    Subphase: Concurrent Mark Try Terminate                 0.000 / 0.000         0.000 / 0.000         1.072 / 934.940       1.072 / 934.940     ms
[13490.316s][info][gc,stats    ]    Subphase: Concurrent References Enqueue                 0.000 / 0.000         0.000 / 0.000         0.009 / 0.091         0.009 / 0.091       ms
[13490.316s][info][gc,stats    ]    Subphase: Concurrent References Process                 0.000 / 0.000         0.000 / 0.000         0.881 / 3.992         0.881 / 3.992       ms
[13490.316s][info][gc,stats    ]    Subphase: Concurrent Roots ClassLoaderDataGraph         0.000 / 0.000         0.000 / 0.000         0.833 / 3.889         0.833 / 3.889       ms
[13490.316s][info][gc,stats    ]    Subphase: Concurrent Roots CodeCache                    0.000 / 0.000         0.000 / 0.000         0.000 / 0.000         0.000 / 0.000       ms
[13490.316s][info][gc,stats    ]    Subphase: Concurrent Roots JavaThreads                  0.000 / 0.000         0.000 / 0.000         4.665 / 969.487       4.665 / 969.487     ms
[13490.316s][info][gc,stats    ]    Subphase: Concurrent Roots OopStorageSet                0.000 / 0.000         0.000 / 0.000         0.083 / 2.218         0.083 / 2.218       ms
[13490.316s][info][gc,stats    ]    Subphase: Concurrent Weak Roots OopStorageSet           0.000 / 0.000         0.000 / 0.000         1.501 / 13.633        1.501 / 13.633      ms
[13490.316s][info][gc,stats    ]    Subphase: Pause Mark Try Complete                       0.000 / 0.000         0.000 / 0.000         0.001 / 0.031         0.001 / 0.031       ms
[13490.316s][info][gc,stats    ]      System: Java Threads                                      0 / 0                 0 / 0              1929 / 4684           1929 / 4684        threads
[13490.316s][info][gc,stats    ] =========================================================================================================================================================
[13500.315s][info][gc,stats    ] === Garbage Collection Statistics =======================================================================================================================
[13500.315s][info][gc,stats    ]                                                              Last 10s              Last 10m              Last 10h                Total
[13500.315s][info][gc,stats    ]                                                              Avg / Max             Avg / Max             Avg / Max             Avg / Max
[13500.315s][info][gc,stats    ]   Collector: Garbage Collection Cycle                      0.000 / 0.000         0.000 / 0.000       665.978 / 19032.234   665.978 / 19032.234   ms
[13500.315s][info][gc,stats    ]  Contention: Mark Segment Reset Contention                     0 / 0                 0 / 0                 2 / 104               2 / 104         ops/s
[13500.315s][info][gc,stats    ]  Contention: Mark SeqNum Reset Contention                      0 / 0                 0 / 0                 0 / 7                 0 / 7           ops/s
[13500.315s][info][gc,stats    ]    Critical: Allocation Stall                                  0 / 0                 0 / 0                 0 / 827               0 / 827         ops/s
[13500.315s][info][gc,stats    ]    Critical: Allocation Stall                              0.000 / 0.000         0.000 / 0.000       146.230 / 487.490     146.230 / 487.490     ms
[13500.315s][info][gc,stats    ]    Critical: GC Locker Stall                                   0 / 0                 0 / 0                 0 / 2                 0 / 2           ops/s
[13500.315s][info][gc,stats    ]    Critical: GC Locker Stall                               0.000 / 0.000         0.000 / 0.000         0.167 / 4.787         0.167 / 4.787       ms
[13500.315s][info][gc,stats    ]    Critical: Relocation Stall                                  0 / 0                 0 / 0                 0 / 103               0 / 103         ops/s
[13500.315s][info][gc,stats    ]    Critical: Relocation Stall                              0.000 / 0.000         0.000 / 0.000        14.882 / 62.172       14.882 / 62.172      ms
[13500.315s][info][gc,stats    ]      Memory: Allocation Rate                                   0 / 0                 0 / 0               516 / 2790            516 / 2790        MB/s
[13500.315s][info][gc,stats    ]      Memory: Out Of Memory                                     0 / 0                 0 / 0                 0 / 0                 0 / 0           ops/s
[13500.315s][info][gc,stats    ]      Memory: Page Cache Flush                                  0 / 0                 0 / 0                 0 / 258               0 / 258         MB/s
[13500.315s][info][gc,stats    ]      Memory: Page Cache Hit L1                                 0 / 0                 0 / 0               251 / 1336            251 / 1336        ops/s
[13500.315s][info][gc,stats    ]      Memory: Page Cache Hit L2                                 0 / 0                 0 / 0                 0 / 0                 0 / 0           ops/s
[13500.315s][info][gc,stats    ]      Memory: Page Cache Hit L3                                 0 / 0                 0 / 0                 0 / 1028              0 / 1028        ops/s
[13500.315s][info][gc,stats    ]      Memory: Page Cache Miss                                   0 / 0                 0 / 0                 0 / 12                0 / 12          ops/s
[13500.315s][info][gc,stats    ]      Memory: Uncommit                                          0 / 0                 0 / 0                 0 / 0                 0 / 0           MB/s
[13500.315s][info][gc,stats    ]      Memory: Undo Object Allocation Failed                     0 / 0                 0 / 0                 0 / 5                 0 / 5           ops/s
[13500.315s][info][gc,stats    ]      Memory: Undo Object Allocation Succeeded                  0 / 0                 0 / 0                17 / 6595             17 / 6595        ops/s
[13500.315s][info][gc,stats    ]      Memory: Undo Page Allocation                              0 / 0                 0 / 0                 0 / 676               0 / 676         ops/s
[13500.315s][info][gc,stats    ]       Phase: Concurrent Mark                               0.000 / 0.000         0.000 / 0.000       571.218 / 3424.228    571.218 / 3424.228    ms
[13500.315s][info][gc,stats    ]       Phase: Concurrent Mark Continue                      0.000 / 0.000         0.000 / 0.000         0.000 / 0.000         0.000 / 0.000       ms
[13500.316s][info][gc,stats    ]       Phase: Concurrent Mark Free                          0.000 / 0.000         0.000 / 0.000         1.118 / 305.339       1.118 / 305.339     ms
[13500.316s][info][gc,stats    ]       Phase: Concurrent Process Non-Strong References      0.000 / 0.000         0.000 / 0.000        69.335 / 18388.762    69.335 / 18388.762   ms
[13500.316s][info][gc,stats    ]       Phase: Concurrent Relocate                           0.000 / 0.000         0.000 / 0.000        11.475 / 64.108       11.475 / 64.108      ms
[13500.316s][info][gc,stats    ]       Phase: Concurrent Reset Relocation Set               0.000 / 0.000         0.000 / 0.000         0.212 / 0.968         0.212 / 0.968       ms
[13500.316s][info][gc,stats    ]       Phase: Concurrent Select Relocation Set              0.000 / 0.000         0.000 / 0.000         6.722 / 623.697       6.722 / 623.697     ms
[13500.316s][info][gc,stats    ]       Phase: Pause Mark End                                0.000 / 0.000         0.000 / 0.000         0.094 / 0.434         0.094 / 0.434       ms
[13500.316s][info][gc,stats    ]       Phase: Pause Mark Start                              0.000 / 0.000         0.000 / 0.000         0.023 / 0.223         0.023 / 0.223       ms
[13500.316s][info][gc,stats    ]       Phase: Pause Relocate Start                          0.000 / 0.000         0.000 / 0.000         0.045 / 0.309         0.045 / 0.309       ms
[13500.316s][info][gc,stats    ]    Subphase: Concurrent Classes Purge                      0.000 / 0.000         0.000 / 0.000         0.518 / 3.157         0.518 / 3.157       ms
[13500.316s][info][gc,stats    ]    Subphase: Concurrent Classes Unlink                     0.000 / 0.000         0.000 / 0.000        64.039 / 18382.834    64.039 / 18382.834   ms
[13500.316s][info][gc,stats    ]    Subphase: Concurrent Mark                               0.000 / 0.000         0.000 / 0.000       450.151 / 3398.532    450.151 / 3398.532    ms
[13500.316s][info][gc,stats    ]    Subphase: Concurrent Mark Try Flush                     0.000 / 0.000         0.000 / 0.000         1.565 / 934.939       1.565 / 934.939     ms
[13500.316s][info][gc,stats    ]    Subphase: Concurrent Mark Try Terminate                 0.000 / 0.000         0.000 / 0.000         1.072 / 934.940       1.072 / 934.940     ms
[13500.316s][info][gc,stats    ]    Subphase: Concurrent References Enqueue                 0.000 / 0.000         0.000 / 0.000         0.009 / 0.091         0.009 / 0.091       ms
[13500.316s][info][gc,stats    ]    Subphase: Concurrent References Process                 0.000 / 0.000         0.000 / 0.000         0.881 / 3.992         0.881 / 3.992       ms
[13500.316s][info][gc,stats    ]    Subphase: Concurrent Roots ClassLoaderDataGraph         0.000 / 0.000         0.000 / 0.000         0.833 / 3.889         0.833 / 3.889       ms
[13500.316s][info][gc,stats    ]    Subphase: Concurrent Roots CodeCache                    0.000 / 0.000         0.000 / 0.000         0.000 / 0.000         0.000 / 0.000       ms
[13500.316s][info][gc,stats    ]    Subphase: Concurrent Roots JavaThreads                  0.000 / 0.000         0.000 / 0.000         4.665 / 969.487       4.665 / 969.487     ms
[13500.316s][info][gc,stats    ]    Subphase: Concurrent Roots OopStorageSet                0.000 / 0.000         0.000 / 0.000         0.083 / 2.218         0.083 / 2.218       ms
[13500.316s][info][gc,stats    ]    Subphase: Concurrent Weak Roots OopStorageSet           0.000 / 0.000         0.000 / 0.000         1.501 / 13.633        1.501 / 13.633      ms
[13500.316s][info][gc,stats    ]    Subphase: Pause Mark Try Complete                       0.000 / 0.000         0.000 / 0.000         0.001 / 0.031         0.001 / 0.031       ms
[13500.316s][info][gc,stats    ]      System: Java Threads                                      0 / 0                 0 / 0              1929 / 4684           1929 / 4684        threads
[13500.316s][info][gc,stats    ] =========================================================================================================================================================
[13510.316s][info][gc,stats    ] === Garbage Collection Statistics =======================================================================================================================
[13510.316s][info][gc,stats    ]                                                              Last 10s              Last 10m              Last 10h                Total
[13510.316s][info][gc,stats    ]                                                              Avg / Max             Avg / Max             Avg / Max             Avg / Max
[13510.316s][info][gc,stats    ]   Collector: Garbage Collection Cycle                      0.000 / 0.000         0.000 / 0.000       665.978 / 19032.234   665.978 / 19032.234   ms
[13510.316s][info][gc,stats    ]  Contention: Mark Segment Reset Contention                     0 / 0                 0 / 0                 2 / 104               2 / 104         ops/s
[13510.316s][info][gc,stats    ]  Contention: Mark SeqNum Reset Contention                      0 / 0                 0 / 0                 0 / 7                 0 / 7           ops/s
[13510.316s][info][gc,stats    ]    Critical: Allocation Stall                                  0 / 0                 0 / 0                 0 / 827               0 / 827         ops/s
[13510.316s][info][gc,stats    ]    Critical: Allocation Stall                              0.000 / 0.000         0.000 / 0.000       146.230 / 487.490     146.230 / 487.490     ms
[13510.316s][info][gc,stats    ]    Critical: GC Locker Stall                                   0 / 0                 0 / 0                 0 / 2                 0 / 2           ops/s
[13510.316s][info][gc,stats    ]    Critical: GC Locker Stall                               0.000 / 0.000         0.000 / 0.000         0.167 / 4.787         0.167 / 4.787       ms
[13510.316s][info][gc,stats    ]    Critical: Relocation Stall                                  0 / 0                 0 / 0                 0 / 103               0 / 103         ops/s
[13510.316s][info][gc,stats    ]    Critical: Relocation Stall                              0.000 / 0.000         0.000 / 0.000        14.882 / 62.172       14.882 / 62.172      ms
[13510.316s][info][gc,stats    ]      Memory: Allocation Rate                                   0 / 0                 0 / 0               516 / 2790            516 / 2790        MB/s
[13510.316s][info][gc,stats    ]      Memory: Out Of Memory                                     0 / 0                 0 / 0                 0 / 0                 0 / 0           ops/s
[13510.316s][info][gc,stats    ]      Memory: Page Cache Flush                                  0 / 0                 0 / 0                 0 / 258               0 / 258         MB/s
[13510.316s][info][gc,stats    ]      Memory: Page Cache Hit L1                                 0 / 0                 0 / 0               251 / 1336            251 / 1336        ops/s
[13510.316s][info][gc,stats    ]      Memory: Page Cache Hit L2                                 0 / 0                 0 / 0                 0 / 0                 0 / 0           ops/s
[13510.316s][info][gc,stats    ]      Memory: Page Cache Hit L3                                 0 / 0                 0 / 0                 0 / 1028              0 / 1028        ops/s
[13510.316s][info][gc,stats    ]      Memory: Page Cache Miss                                   0 / 0                 0 / 0                 0 / 12                0 / 12          ops/s
[13510.316s][info][gc,stats    ]      Memory: Uncommit                                          0 / 0                 0 / 0                 0 / 0                 0 / 0           MB/s
[13510.316s][info][gc,stats    ]      Memory: Undo Object Allocation Failed                     0 / 0                 0 / 0                 0 / 5                 0 / 5           ops/s
[13510.316s][info][gc,stats    ]      Memory: Undo Object Allocation Succeeded                  0 / 0                 0 / 0                17 / 6595             17 / 6595        ops/s
[13510.316s][info][gc,stats    ]      Memory: Undo Page Allocation                              0 / 0                 0 / 0                 0 / 676               0 / 676         ops/s
[13510.316s][info][gc,stats    ]       Phase: Concurrent Mark                               0.000 / 0.000         0.000 / 0.000       571.218 / 3424.228    571.218 / 3424.228    ms
[13510.316s][info][gc,stats    ]       Phase: Concurrent Mark Continue                      0.000 / 0.000         0.000 / 0.000         0.000 / 0.000         0.000 / 0.000       ms
[13510.316s][info][gc,stats    ]       Phase: Concurrent Mark Free                          0.000 / 0.000         0.000 / 0.000         1.118 / 305.339       1.118 / 305.339     ms
[13510.316s][info][gc,stats    ]       Phase: Concurrent Process Non-Strong References      0.000 / 0.000         0.000 / 0.000        69.335 / 18388.762    69.335 / 18388.762   ms
[13510.316s][info][gc,stats    ]       Phase: Concurrent Relocate                           0.000 / 0.000         0.000 / 0.000        11.475 / 64.108       11.475 / 64.108      ms
[13510.316s][info][gc,stats    ]       Phase: Concurrent Reset Relocation Set               0.000 / 0.000         0.000 / 0.000         0.212 / 0.968         0.212 / 0.968       ms
[13510.316s][info][gc,stats    ]       Phase: Concurrent Select Relocation Set              0.000 / 0.000         0.000 / 0.000         6.722 / 623.697       6.722 / 623.697     ms
[13510.316s][info][gc,stats    ]       Phase: Pause Mark End                                0.000 / 0.000         0.000 / 0.000         0.094 / 0.434         0.094 / 0.434       ms
[13510.316s][info][gc,stats    ]       Phase: Pause Mark Start                              0.000 / 0.000         0.000 / 0.000         0.023 / 0.223         0.023 / 0.223       ms
[13510.316s][info][gc,stats    ]       Phase: Pause Relocate Start                          0.000 / 0.000         0.000 / 0.000         0.045 / 0.309         0.045 / 0.309       ms
[13510.316s][info][gc,stats    ]    Subphase: Concurrent Classes Purge                      0.000 / 0.000         0.000 / 0.000         0.518 / 3.157         0.518 / 3.157       ms
[13510.316s][info][gc,stats    ]    Subphase: Concurrent Classes Unlink                     0.000 / 0.000         0.000 / 0.000        64.039 / 18382.834    64.039 / 18382.834   ms
[13510.316s][info][gc,stats    ]    Subphase: Concurrent Mark                               0.000 / 0.000         0.000 / 0.000       450.151 / 3398.532    450.151 / 3398.532    ms
[13510.316s][info][gc,stats    ]    Subphase: Concurrent Mark Try Flush                     0.000 / 0.000         0.000 / 0.000         1.565 / 934.939       1.565 / 934.939     ms
[13510.316s][info][gc,stats    ]    Subphase: Concurrent Mark Try Terminate                 0.000 / 0.000         0.000 / 0.000         1.072 / 934.940       1.072 / 934.940     ms
[13510.316s][info][gc,stats    ]    Subphase: Concurrent References Enqueue                 0.000 / 0.000         0.000 / 0.000         0.009 / 0.091         0.009 / 0.091       ms
[13510.316s][info][gc,stats    ]    Subphase: Concurrent References Process                 0.000 / 0.000         0.000 / 0.000         0.881 / 3.992         0.881 / 3.992       ms
[13510.316s][info][gc,stats    ]    Subphase: Concurrent Roots ClassLoaderDataGraph         0.000 / 0.000         0.000 / 0.000         0.833 / 3.889         0.833 / 3.889       ms
[13510.316s][info][gc,stats    ]    Subphase: Concurrent Roots CodeCache                    0.000 / 0.000         0.000 / 0.000         0.000 / 0.000         0.000 / 0.000       ms
[13510.316s][info][gc,stats    ]    Subphase: Concurrent Roots JavaThreads                  0.000 / 0.000         0.000 / 0.000         4.665 / 969.487       4.665 / 969.487     ms
[13510.316s][info][gc,stats    ]    Subphase: Concurrent Roots OopStorageSet                0.000 / 0.000         0.000 / 0.000         0.083 / 2.218         0.083 / 2.218       ms
[13510.316s][info][gc,stats    ]    Subphase: Concurrent Weak Roots OopStorageSet           0.000 / 0.000         0.000 / 0.000         1.501 / 13.633        1.501 / 13.633      ms
[13510.316s][info][gc,stats    ]    Subphase: Pause Mark Try Complete                       0.000 / 0.000         0.000 / 0.000         0.001 / 0.031         0.001 / 0.031       ms
[13510.317s][info][gc,stats    ]      System: Java Threads                                      0 / 0                 0 / 0              1929 / 4684           1929 / 4684        threads
[13510.317s][info][gc,stats    ] =========================================================================================================================================================
[13520.316s][info][gc,stats    ] === Garbage Collection Statistics =======================================================================================================================
[13520.316s][info][gc,stats    ]                                                              Last 10s              Last 10m              Last 10h                Total
[13520.316s][info][gc,stats    ]                                                              Avg / Max             Avg / Max             Avg / Max             Avg / Max
[13520.316s][info][gc,stats    ]   Collector: Garbage Collection Cycle                      0.000 / 0.000         0.000 / 0.000       665.978 / 19032.234   665.978 / 19032.234   ms
[13520.316s][info][gc,stats    ]  Contention: Mark Segment Reset Contention                     0 / 0                 0 / 0                 2 / 104               2 / 104         ops/s
[13520.316s][info][gc,stats    ]  Contention: Mark SeqNum Reset Contention                      0 / 0                 0 / 0                 0 / 7                 0 / 7           ops/s
[13520.316s][info][gc,stats    ]    Critical: Allocation Stall                                  0 / 0                 0 / 0                 0 / 827               0 / 827         ops/s
[13520.316s][info][gc,stats    ]    Critical: Allocation Stall                              0.000 / 0.000         0.000 / 0.000       146.230 / 487.490     146.230 / 487.490     ms
[13520.316s][info][gc,stats    ]    Critical: GC Locker Stall                                   0 / 0                 0 / 0                 0 / 2                 0 / 2           ops/s
[13520.316s][info][gc,stats    ]    Critical: GC Locker Stall                               0.000 / 0.000         0.000 / 0.000         0.167 / 4.787         0.167 / 4.787       ms
[13520.316s][info][gc,stats    ]    Critical: Relocation Stall                                  0 / 0                 0 / 0                 0 / 103               0 / 103         ops/s
[13520.316s][info][gc,stats    ]    Critical: Relocation Stall                              0.000 / 0.000         0.000 / 0.000        14.882 / 62.172       14.882 / 62.172      ms
[13520.316s][info][gc,stats    ]      Memory: Allocation Rate                                   0 / 0                 0 / 0               516 / 2790            516 / 2790        MB/s
[13520.316s][info][gc,stats    ]      Memory: Out Of Memory                                     0 / 0                 0 / 0                 0 / 0                 0 / 0           ops/s
[13520.316s][info][gc,stats    ]      Memory: Page Cache Flush                                  0 / 0                 0 / 0                 0 / 258               0 / 258         MB/s
[13520.316s][info][gc,stats    ]      Memory: Page Cache Hit L1                                 0 / 0                 0 / 0               251 / 1336            251 / 1336        ops/s
[13520.316s][info][gc,stats    ]      Memory: Page Cache Hit L2                                 0 / 0                 0 / 0                 0 / 0                 0 / 0           ops/s
[13520.316s][info][gc,stats    ]      Memory: Page Cache Hit L3                                 0 / 0                 0 / 0                 0 / 1028              0 / 1028        ops/s
[13520.316s][info][gc,stats    ]      Memory: Page Cache Miss                                   0 / 0                 0 / 0                 0 / 12                0 / 12          ops/s
[13520.316s][info][gc,stats    ]      Memory: Uncommit                                          0 / 0                 0 / 0                 0 / 0                 0 / 0           MB/s
[13520.316s][info][gc,stats    ]      Memory: Undo Object Allocation Failed                     0 / 0                 0 / 0                 0 / 5                 0 / 5           ops/s
[13520.316s][info][gc,stats    ]      Memory: Undo Object Allocation Succeeded                  0 / 0                 0 / 0                17 / 6595             17 / 6595        ops/s
[13520.316s][info][gc,stats    ]      Memory: Undo Page Allocation                              0 / 0                 0 / 0                 0 / 676               0 / 676         ops/s
[13520.316s][info][gc,stats    ]       Phase: Concurrent Mark                               0.000 / 0.000         0.000 / 0.000       571.218 / 3424.228    571.218 / 3424.228    ms
[13520.316s][info][gc,stats    ]       Phase: Concurrent Mark Continue                      0.000 / 0.000         0.000 / 0.000         0.000 / 0.000         0.000 / 0.000       ms
[13520.316s][info][gc,stats    ]       Phase: Concurrent Mark Free                          0.000 / 0.000         0.000 / 0.000         1.118 / 305.339       1.118 / 305.339     ms
[13520.316s][info][gc,stats    ]       Phase: Concurrent Process Non-Strong References      0.000 / 0.000         0.000 / 0.000        69.335 / 18388.762    69.335 / 18388.762   ms
[13520.316s][info][gc,stats    ]       Phase: Concurrent Relocate                           0.000 / 0.000         0.000 / 0.000        11.475 / 64.108       11.475 / 64.108      ms
[13520.316s][info][gc,stats    ]       Phase: Concurrent Reset Relocation Set               0.000 / 0.000         0.000 / 0.000         0.212 / 0.968         0.212 / 0.968       ms
[13520.316s][info][gc,stats    ]       Phase: Concurrent Select Relocation Set              0.000 / 0.000         0.000 / 0.000         6.722 / 623.697       6.722 / 623.697     ms
[13520.316s][info][gc,stats    ]       Phase: Pause Mark End                                0.000 / 0.000         0.000 / 0.000         0.094 / 0.434         0.094 / 0.434       ms
[13520.316s][info][gc,stats    ]       Phase: Pause Mark Start                              0.000 / 0.000         0.000 / 0.000         0.023 / 0.223         0.023 / 0.223       ms
[13520.316s][info][gc,stats    ]       Phase: Pause Relocate Start                          0.000 / 0.000         0.000 / 0.000         0.045 / 0.309         0.045 / 0.309       ms
[13520.316s][info][gc,stats    ]    Subphase: Concurrent Classes Purge                      0.000 / 0.000         0.000 / 0.000         0.518 / 3.157         0.518 / 3.157       ms
[13520.316s][info][gc,stats    ]    Subphase: Concurrent Classes Unlink                     0.000 / 0.000         0.000 / 0.000        64.039 / 18382.834    64.039 / 18382.834   ms
[13520.316s][info][gc,stats    ]    Subphase: Concurrent Mark                               0.000 / 0.000         0.000 / 0.000       450.151 / 3398.532    450.151 / 3398.532    ms
[13520.316s][info][gc,stats    ]    Subphase: Concurrent Mark Try Flush                     0.000 / 0.000         0.000 / 0.000         1.565 / 934.939       1.565 / 934.939     ms
[13520.316s][info][gc,stats    ]    Subphase: Concurrent Mark Try Terminate                 0.000 / 0.000         0.000 / 0.000         1.072 / 934.940       1.072 / 934.940     ms
[13520.316s][info][gc,stats    ]    Subphase: Concurrent References Enqueue                 0.000 / 0.000         0.000 / 0.000         0.009 / 0.091         0.009 / 0.091       ms
[13520.316s][info][gc,stats    ]    Subphase: Concurrent References Process                 0.000 / 0.000         0.000 / 0.000         0.881 / 3.992         0.881 / 3.992       ms
[13520.316s][info][gc,stats    ]    Subphase: Concurrent Roots ClassLoaderDataGraph         0.000 / 0.000         0.000 / 0.000         0.833 / 3.889         0.833 / 3.889       ms
[13520.316s][info][gc,stats    ]    Subphase: Concurrent Roots CodeCache                    0.000 / 0.000         0.000 / 0.000         0.000 / 0.000         0.000 / 0.000       ms
[13520.316s][info][gc,stats    ]    Subphase: Concurrent Roots JavaThreads                  0.000 / 0.000         0.000 / 0.000         4.665 / 969.487       4.665 / 969.487     ms
[13520.316s][info][gc,stats    ]    Subphase: Concurrent Roots OopStorageSet                0.000 / 0.000         0.000 / 0.000         0.083 / 2.218         0.083 / 2.218       ms
[13520.316s][info][gc,stats    ]    Subphase: Concurrent Weak Roots OopStorageSet           0.000 / 0.000         0.000 / 0.000         1.501 / 13.633        1.501 / 13.633      ms
[13520.316s][info][gc,stats    ]    Subphase: Pause Mark Try Complete                       0.000 / 0.000         0.000 / 0.000         0.001 / 0.031         0.001 / 0.031       ms
[13520.316s][info][gc,stats    ]      System: Java Threads                                      0 / 0                 0 / 0              1929 / 4684           1929 / 4684        threads
[13520.316s][info][gc,stats    ] =========================================================================================================================================================
[13530.316s][info][gc,stats    ] === Garbage Collection Statistics =======================================================================================================================
[13530.316s][info][gc,stats    ]                                                              Last 10s              Last 10m              Last 10h                Total
[13530.316s][info][gc,stats    ]                                                              Avg / Max             Avg / Max             Avg / Max             Avg / Max
[13530.316s][info][gc,stats    ]   Collector: Garbage Collection Cycle                      0.000 / 0.000         0.000 / 0.000       665.978 / 19032.234   665.978 / 19032.234   ms
[13530.316s][info][gc,stats    ]  Contention: Mark Segment Reset Contention                     0 / 0                 0 / 0                 2 / 104               2 / 104         ops/s
[13530.316s][info][gc,stats    ]  Contention: Mark SeqNum Reset Contention                      0 / 0                 0 / 0                 0 / 7                 0 / 7           ops/s
[13530.316s][info][gc,stats    ]    Critical: Allocation Stall                                  0 / 0                 0 / 0                 0 / 827               0 / 827         ops/s
[13530.316s][info][gc,stats    ]    Critical: Allocation Stall                              0.000 / 0.000         0.000 / 0.000       146.230 / 487.490     146.230 / 487.490     ms
[13530.316s][info][gc,stats    ]    Critical: GC Locker Stall                                   0 / 0                 0 / 0                 0 / 2                 0 / 2           ops/s
[13530.316s][info][gc,stats    ]    Critical: GC Locker Stall                               0.000 / 0.000         0.000 / 0.000         0.167 / 4.787         0.167 / 4.787       ms
[13530.316s][info][gc,stats    ]    Critical: Relocation Stall                                  0 / 0                 0 / 0                 0 / 103               0 / 103         ops/s
[13530.316s][info][gc,stats    ]    Critical: Relocation Stall                              0.000 / 0.000         0.000 / 0.000        14.882 / 62.172       14.882 / 62.172      ms
[13530.316s][info][gc,stats    ]      Memory: Allocation Rate                                   0 / 0                 0 / 0               515 / 2790            515 / 2790        MB/s
[13530.316s][info][gc,stats    ]      Memory: Out Of Memory                                     0 / 0                 0 / 0                 0 / 0                 0 / 0           ops/s
[13530.316s][info][gc,stats    ]      Memory: Page Cache Flush                                  0 / 0                 0 / 0                 0 / 258               0 / 258         MB/s
[13530.316s][info][gc,stats    ]      Memory: Page Cache Hit L1                                 0 / 0                 0 / 0               251 / 1336            251 / 1336        ops/s
[13530.316s][info][gc,stats    ]      Memory: Page Cache Hit L2                                 0 / 0                 0 / 0                 0 / 0                 0 / 0           ops/s
[13530.316s][info][gc,stats    ]      Memory: Page Cache Hit L3                                 0 / 0                 0 / 0                 0 / 1028              0 / 1028        ops/s
[13530.316s][info][gc,stats    ]      Memory: Page Cache Miss                                   0 / 0                 0 / 0                 0 / 12                0 / 12          ops/s
[13530.316s][info][gc,stats    ]      Memory: Uncommit                                          0 / 0                 0 / 0                 0 / 0                 0 / 0           MB/s
[13530.316s][info][gc,stats    ]      Memory: Undo Object Allocation Failed                     0 / 0                 0 / 0                 0 / 5                 0 / 5           ops/s
[13530.316s][info][gc,stats    ]      Memory: Undo Object Allocation Succeeded                  0 / 0                 0 / 0                17 / 6595             17 / 6595        ops/s
[13530.316s][info][gc,stats    ]      Memory: Undo Page Allocation                              0 / 0                 0 / 0                 0 / 676               0 / 676         ops/s
[13530.316s][info][gc,stats    ]       Phase: Concurrent Mark                               0.000 / 0.000         0.000 / 0.000       571.218 / 3424.228    571.218 / 3424.228    ms
[13530.316s][info][gc,stats    ]       Phase: Concurrent Mark Continue                      0.000 / 0.000         0.000 / 0.000         0.000 / 0.000         0.000 / 0.000       ms
[13530.316s][info][gc,stats    ]       Phase: Concurrent Mark Free                          0.000 / 0.000         0.000 / 0.000         1.118 / 305.339       1.118 / 305.339     ms
[13530.316s][info][gc,stats    ]       Phase: Concurrent Process Non-Strong References      0.000 / 0.000         0.000 / 0.000        69.335 / 18388.762    69.335 / 18388.762   ms
[13530.316s][info][gc,stats    ]       Phase: Concurrent Relocate                           0.000 / 0.000         0.000 / 0.000        11.475 / 64.108       11.475 / 64.108      ms
[13530.316s][info][gc,stats    ]       Phase: Concurrent Reset Relocation Set               0.000 / 0.000         0.000 / 0.000         0.212 / 0.968         0.212 / 0.968       ms
[13530.316s][info][gc,stats    ]       Phase: Concurrent Select Relocation Set              0.000 / 0.000         0.000 / 0.000         6.722 / 623.697       6.722 / 623.697     ms
[13530.316s][info][gc,stats    ]       Phase: Pause Mark End                                0.000 / 0.000         0.000 / 0.000         0.094 / 0.434         0.094 / 0.434       ms
[13530.316s][info][gc,stats    ]       Phase: Pause Mark Start                              0.000 / 0.000         0.000 / 0.000         0.023 / 0.223         0.023 / 0.223       ms
[13530.316s][info][gc,stats    ]       Phase: Pause Relocate Start                          0.000 / 0.000         0.000 / 0.000         0.045 / 0.309         0.045 / 0.309       ms
[13530.316s][info][gc,stats    ]    Subphase: Concurrent Classes Purge                      0.000 / 0.000         0.000 / 0.000         0.518 / 3.157         0.518 / 3.157       ms
[13530.316s][info][gc,stats    ]    Subphase: Concurrent Classes Unlink                     0.000 / 0.000         0.000 / 0.000        64.039 / 18382.834    64.039 / 18382.834   ms
[13530.316s][info][gc,stats    ]    Subphase: Concurrent Mark                               0.000 / 0.000         0.000 / 0.000       450.151 / 3398.532    450.151 / 3398.532    ms
[13530.316s][info][gc,stats    ]    Subphase: Concurrent Mark Try Flush                     0.000 / 0.000         0.000 / 0.000         1.565 / 934.939       1.565 / 934.939     ms
[13530.316s][info][gc,stats    ]    Subphase: Concurrent Mark Try Terminate                 0.000 / 0.000         0.000 / 0.000         1.072 / 934.940       1.072 / 934.940     ms
[13530.316s][info][gc,stats    ]    Subphase: Concurrent References Enqueue                 0.000 / 0.000         0.000 / 0.000         0.009 / 0.091         0.009 / 0.091       ms
[13530.316s][info][gc,stats    ]    Subphase: Concurrent References Process                 0.000 / 0.000         0.000 / 0.000         0.881 / 3.992         0.881 / 3.992       ms
[13530.316s][info][gc,stats    ]    Subphase: Concurrent Roots ClassLoaderDataGraph         0.000 / 0.000         0.000 / 0.000         0.833 / 3.889         0.833 / 3.889       ms
[13530.316s][info][gc,stats    ]    Subphase: Concurrent Roots CodeCache                    0.000 / 0.000         0.000 / 0.000         0.000 / 0.000         0.000 / 0.000       ms
[13530.316s][info][gc,stats    ]    Subphase: Concurrent Roots JavaThreads                  0.000 / 0.000         0.000 / 0.000         4.665 / 969.487       4.665 / 969.487     ms
[13530.316s][info][gc,stats    ]    Subphase: Concurrent Roots OopStorageSet                0.000 / 0.000         0.000 / 0.000         0.083 / 2.218         0.083 / 2.218       ms
[13530.316s][info][gc,stats    ]    Subphase: Concurrent Weak Roots OopStorageSet           0.000 / 0.000         0.000 / 0.000         1.501 / 13.633        1.501 / 13.633      ms
[13530.316s][info][gc,stats    ]    Subphase: Pause Mark Try Complete                       0.000 / 0.000         0.000 / 0.000         0.001 / 0.031         0.001 / 0.031       ms
[13530.316s][info][gc,stats    ]      System: Java Threads                                      0 / 0                 0 / 0              1929 / 4684           1929 / 4684        threads
[13530.316s][info][gc,stats    ] =========================================================================================================================================================
[13540.316s][info][gc,stats    ] === Garbage Collection Statistics =======================================================================================================================
[13540.316s][info][gc,stats    ]                                                              Last 10s              Last 10m              Last 10h                Total
[13540.316s][info][gc,stats    ]                                                              Avg / Max             Avg / Max             Avg / Max             Avg / Max
[13540.316s][info][gc,stats    ]   Collector: Garbage Collection Cycle                      0.000 / 0.000         0.000 / 0.000       665.978 / 19032.234   665.978 / 19032.234   ms
[13540.316s][info][gc,stats    ]  Contention: Mark Segment Reset Contention                     0 / 0                 0 / 0                 2 / 104               2 / 104         ops/s
[13540.316s][info][gc,stats    ]  Contention: Mark SeqNum Reset Contention                      0 / 0                 0 / 0                 0 / 7                 0 / 7           ops/s
[13540.316s][info][gc,stats    ]    Critical: Allocation Stall                                  0 / 0                 0 / 0                 0 / 827               0 / 827         ops/s
[13540.316s][info][gc,stats    ]    Critical: Allocation Stall                              0.000 / 0.000         0.000 / 0.000       146.230 / 487.490     146.230 / 487.490     ms
[13540.316s][info][gc,stats    ]    Critical: GC Locker Stall                                   0 / 0                 0 / 0                 0 / 2                 0 / 2           ops/s
[13540.316s][info][gc,stats    ]    Critical: GC Locker Stall                               0.000 / 0.000         0.000 / 0.000         0.167 / 4.787         0.167 / 4.787       ms
[13540.316s][info][gc,stats    ]    Critical: Relocation Stall                                  0 / 0                 0 / 0                 0 / 103               0 / 103         ops/s
[13540.316s][info][gc,stats    ]    Critical: Relocation Stall                              0.000 / 0.000         0.000 / 0.000        14.882 / 62.172       14.882 / 62.172      ms
[13540.316s][info][gc,stats    ]      Memory: Allocation Rate                                   0 / 0                 0 / 0               515 / 2790            515 / 2790        MB/s
[13540.316s][info][gc,stats    ]      Memory: Out Of Memory                                     0 / 0                 0 / 0                 0 / 0                 0 / 0           ops/s
[13540.316s][info][gc,stats    ]      Memory: Page Cache Flush                                  0 / 0                 0 / 0                 0 / 258               0 / 258         MB/s
[13540.316s][info][gc,stats    ]      Memory: Page Cache Hit L1                                 0 / 0                 0 / 0               250 / 1336            250 / 1336        ops/s
[13540.316s][info][gc,stats    ]      Memory: Page Cache Hit L2                                 0 / 0                 0 / 0                 0 / 0                 0 / 0           ops/s
[13540.316s][info][gc,stats    ]      Memory: Page Cache Hit L3                                 0 / 0                 0 / 0                 0 / 1028              0 / 1028        ops/s
[13540.316s][info][gc,stats    ]      Memory: Page Cache Miss                                   0 / 0                 0 / 0                 0 / 12                0 / 12          ops/s
[13540.316s][info][gc,stats    ]      Memory: Uncommit                                          0 / 0                 0 / 0                 0 / 0                 0 / 0           MB/s
[13540.316s][info][gc,stats    ]      Memory: Undo Object Allocation Failed                     0 / 0                 0 / 0                 0 / 5                 0 / 5           ops/s
[13540.316s][info][gc,stats    ]      Memory: Undo Object Allocation Succeeded                  0 / 0                 0 / 0                17 / 6595             17 / 6595        ops/s
[13540.316s][info][gc,stats    ]      Memory: Undo Page Allocation                              0 / 0                 0 / 0                 0 / 676               0 / 676         ops/s
[13540.316s][info][gc,stats    ]       Phase: Concurrent Mark                               0.000 / 0.000         0.000 / 0.000       571.218 / 3424.228    571.218 / 3424.228    ms
[13540.316s][info][gc,stats    ]       Phase: Concurrent Mark Continue                      0.000 / 0.000         0.000 / 0.000         0.000 / 0.000         0.000 / 0.000       ms
[13540.316s][info][gc,stats    ]       Phase: Concurrent Mark Free                          0.000 / 0.000         0.000 / 0.000         1.118 / 305.339       1.118 / 305.339     ms
[13540.316s][info][gc,stats    ]       Phase: Concurrent Process Non-Strong References      0.000 / 0.000         0.000 / 0.000        69.335 / 18388.762    69.335 / 18388.762   ms
[13540.316s][info][gc,stats    ]       Phase: Concurrent Relocate                           0.000 / 0.000         0.000 / 0.000        11.475 / 64.108       11.475 / 64.108      ms
[13540.316s][info][gc,stats    ]       Phase: Concurrent Reset Relocation Set               0.000 / 0.000         0.000 / 0.000         0.212 / 0.968         0.212 / 0.968       ms
[13540.316s][info][gc,stats    ]       Phase: Concurrent Select Relocation Set              0.000 / 0.000         0.000 / 0.000         6.722 / 623.697       6.722 / 623.697     ms
[13540.316s][info][gc,stats    ]       Phase: Pause Mark End                                0.000 / 0.000         0.000 / 0.000         0.094 / 0.434         0.094 / 0.434       ms
[13540.316s][info][gc,stats    ]       Phase: Pause Mark Start                              0.000 / 0.000         0.000 / 0.000         0.023 / 0.223         0.023 / 0.223       ms
[13540.316s][info][gc,stats    ]       Phase: Pause Relocate Start                          0.000 / 0.000         0.000 / 0.000         0.045 / 0.309         0.045 / 0.309       ms
[13540.316s][info][gc,stats    ]    Subphase: Concurrent Classes Purge                      0.000 / 0.000         0.000 / 0.000         0.518 / 3.157         0.518 / 3.157       ms
[13540.316s][info][gc,stats    ]    Subphase: Concurrent Classes Unlink                     0.000 / 0.000         0.000 / 0.000        64.039 / 18382.834    64.039 / 18382.834   ms
[13540.316s][info][gc,stats    ]    Subphase: Concurrent Mark                               0.000 / 0.000         0.000 / 0.000       450.151 / 3398.532    450.151 / 3398.532    ms
[13540.316s][info][gc,stats    ]    Subphase: Concurrent Mark Try Flush                     0.000 / 0.000         0.000 / 0.000         1.565 / 934.939       1.565 / 934.939     ms
[13540.316s][info][gc,stats    ]    Subphase: Concurrent Mark Try Terminate                 0.000 / 0.000         0.000 / 0.000         1.072 / 934.940       1.072 / 934.940     ms
[13540.316s][info][gc,stats    ]    Subphase: Concurrent References Enqueue                 0.000 / 0.000         0.000 / 0.000         0.009 / 0.091         0.009 / 0.091       ms
[13540.316s][info][gc,stats    ]    Subphase: Concurrent References Process                 0.000 / 0.000         0.000 / 0.000         0.881 / 3.992         0.881 / 3.992       ms
[13540.316s][info][gc,stats    ]    Subphase: Concurrent Roots ClassLoaderDataGraph         0.000 / 0.000         0.000 / 0.000         0.833 / 3.889         0.833 / 3.889       ms
[13540.316s][info][gc,stats    ]    Subphase: Concurrent Roots CodeCache                    0.000 / 0.000         0.000 / 0.000         0.000 / 0.000         0.000 / 0.000       ms
[13540.316s][info][gc,stats    ]    Subphase: Concurrent Roots JavaThreads                  0.000 / 0.000         0.000 / 0.000         4.665 / 969.487       4.665 / 969.487     ms
[13540.316s][info][gc,stats    ]    Subphase: Concurrent Roots OopStorageSet                0.000 / 0.000         0.000 / 0.000         0.083 / 2.218         0.083 / 2.218       ms
[13540.316s][info][gc,stats    ]    Subphase: Concurrent Weak Roots OopStorageSet           0.000 / 0.000         0.000 / 0.000         1.501 / 13.633        1.501 / 13.633      ms
[13540.316s][info][gc,stats    ]    Subphase: Pause Mark Try Complete                       0.000 / 0.000         0.000 / 0.000         0.001 / 0.031         0.001 / 0.031       ms
[13540.316s][info][gc,stats    ]      System: Java Threads                                      0 / 0                 0 / 0              1929 / 4684           1929 / 4684        threads
[13540.316s][info][gc,stats    ] =========================================================================================================================================================
[13550.315s][info][gc,stats    ] === Garbage Collection Statistics =======================================================================================================================
[13550.316s][info][gc,stats    ]                                                              Last 10s              Last 10m              Last 10h                Total
[13550.316s][info][gc,stats    ]                                                              Avg / Max             Avg / Max             Avg / Max             Avg / Max
[13550.316s][info][gc,stats    ]   Collector: Garbage Collection Cycle                      0.000 / 0.000         0.000 / 0.000       665.978 / 19032.234   665.978 / 19032.234   ms
[13550.316s][info][gc,stats    ]  Contention: Mark Segment Reset Contention                     0 / 0                 0 / 0                 2 / 104               2 / 104         ops/s
[13550.316s][info][gc,stats    ]  Contention: Mark SeqNum Reset Contention                      0 / 0                 0 / 0                 0 / 7                 0 / 7           ops/s
[13550.316s][info][gc,stats    ]    Critical: Allocation Stall                                  0 / 0                 0 / 0                 0 / 827               0 / 827         ops/s
[13550.316s][info][gc,stats    ]    Critical: Allocation Stall                              0.000 / 0.000         0.000 / 0.000       146.230 / 487.490     146.230 / 487.490     ms
[13550.316s][info][gc,stats    ]    Critical: GC Locker Stall                                   0 / 0                 0 / 0                 0 / 2                 0 / 2           ops/s
[13550.316s][info][gc,stats    ]    Critical: GC Locker Stall                               0.000 / 0.000         0.000 / 0.000         0.167 / 4.787         0.167 / 4.787       ms
[13550.316s][info][gc,stats    ]    Critical: Relocation Stall                                  0 / 0                 0 / 0                 0 / 103               0 / 103         ops/s
[13550.316s][info][gc,stats    ]    Critical: Relocation Stall                              0.000 / 0.000         0.000 / 0.000        14.882 / 62.172       14.882 / 62.172      ms
[13550.316s][info][gc,stats    ]      Memory: Allocation Rate                                   0 / 0                 0 / 0               514 / 2790            514 / 2790        MB/s
[13550.316s][info][gc,stats    ]      Memory: Out Of Memory                                     0 / 0                 0 / 0                 0 / 0                 0 / 0           ops/s
[13550.316s][info][gc,stats    ]      Memory: Page Cache Flush                                  0 / 0                 0 / 0                 0 / 258               0 / 258         MB/s
[13550.316s][info][gc,stats    ]      Memory: Page Cache Hit L1                                 0 / 0                 0 / 0               250 / 1336            250 / 1336        ops/s
[13550.316s][info][gc,stats    ]      Memory: Page Cache Hit L2                                 0 / 0                 0 / 0                 0 / 0                 0 / 0           ops/s
[13550.316s][info][gc,stats    ]      Memory: Page Cache Hit L3                                 0 / 0                 0 / 0                 0 / 1028              0 / 1028        ops/s
[13550.316s][info][gc,stats    ]      Memory: Page Cache Miss                                   0 / 0                 0 / 0                 0 / 12                0 / 12          ops/s
[13550.316s][info][gc,stats    ]      Memory: Uncommit                                          0 / 0                 0 / 0                 0 / 0                 0 / 0           MB/s
[13550.316s][info][gc,stats    ]      Memory: Undo Object Allocation Failed                     0 / 0                 0 / 0                 0 / 5                 0 / 5           ops/s
[13550.316s][info][gc,stats    ]      Memory: Undo Object Allocation Succeeded                  0 / 0                 0 / 0                17 / 6595             17 / 6595        ops/s
[13550.316s][info][gc,stats    ]      Memory: Undo Page Allocation                              0 / 0                 0 / 0                 0 / 676               0 / 676         ops/s
[13550.316s][info][gc,stats    ]       Phase: Concurrent Mark                               0.000 / 0.000         0.000 / 0.000       571.218 / 3424.228    571.218 / 3424.228    ms
[13550.316s][info][gc,stats    ]       Phase: Concurrent Mark Continue                      0.000 / 0.000         0.000 / 0.000         0.000 / 0.000         0.000 / 0.000       ms
[13550.316s][info][gc,stats    ]       Phase: Concurrent Mark Free                          0.000 / 0.000         0.000 / 0.000         1.118 / 305.339       1.118 / 305.339     ms
[13550.316s][info][gc,stats    ]       Phase: Concurrent Process Non-Strong References      0.000 / 0.000         0.000 / 0.000        69.335 / 18388.762    69.335 / 18388.762   ms
[13550.316s][info][gc,stats    ]       Phase: Concurrent Relocate                           0.000 / 0.000         0.000 / 0.000        11.475 / 64.108       11.475 / 64.108      ms
[13550.316s][info][gc,stats    ]       Phase: Concurrent Reset Relocation Set               0.000 / 0.000         0.000 / 0.000         0.212 / 0.968         0.212 / 0.968       ms
[13550.316s][info][gc,stats    ]       Phase: Concurrent Select Relocation Set              0.000 / 0.000         0.000 / 0.000         6.722 / 623.697       6.722 / 623.697     ms
[13550.316s][info][gc,stats    ]       Phase: Pause Mark End                                0.000 / 0.000         0.000 / 0.000         0.094 / 0.434         0.094 / 0.434       ms
[13550.316s][info][gc,stats    ]       Phase: Pause Mark Start                              0.000 / 0.000         0.000 / 0.000         0.023 / 0.223         0.023 / 0.223       ms
[13550.316s][info][gc,stats    ]       Phase: Pause Relocate Start                          0.000 / 0.000         0.000 / 0.000         0.045 / 0.309         0.045 / 0.309       ms
[13550.316s][info][gc,stats    ]    Subphase: Concurrent Classes Purge                      0.000 / 0.000         0.000 / 0.000         0.518 / 3.157         0.518 / 3.157       ms
[13550.316s][info][gc,stats    ]    Subphase: Concurrent Classes Unlink                     0.000 / 0.000         0.000 / 0.000        64.039 / 18382.834    64.039 / 18382.834   ms
[13550.316s][info][gc,stats    ]    Subphase: Concurrent Mark                               0.000 / 0.000         0.000 / 0.000       450.151 / 3398.532    450.151 / 3398.532    ms
[13550.316s][info][gc,stats    ]    Subphase: Concurrent Mark Try Flush                     0.000 / 0.000         0.000 / 0.000         1.565 / 934.939       1.565 / 934.939     ms
[13550.316s][info][gc,stats    ]    Subphase: Concurrent Mark Try Terminate                 0.000 / 0.000         0.000 / 0.000         1.072 / 934.940       1.072 / 934.940     ms
[13550.316s][info][gc,stats    ]    Subphase: Concurrent References Enqueue                 0.000 / 0.000         0.000 / 0.000         0.009 / 0.091         0.009 / 0.091       ms
[13550.316s][info][gc,stats    ]    Subphase: Concurrent References Process                 0.000 / 0.000         0.000 / 0.000         0.881 / 3.992         0.881 / 3.992       ms
[13550.316s][info][gc,stats    ]    Subphase: Concurrent Roots ClassLoaderDataGraph         0.000 / 0.000         0.000 / 0.000         0.833 / 3.889         0.833 / 3.889       ms
[13550.316s][info][gc,stats    ]    Subphase: Concurrent Roots CodeCache                    0.000 / 0.000         0.000 / 0.000         0.000 / 0.000         0.000 / 0.000       ms
[13550.316s][info][gc,stats    ]    Subphase: Concurrent Roots JavaThreads                  0.000 / 0.000         0.000 / 0.000         4.665 / 969.487       4.665 / 969.487     ms
[13550.316s][info][gc,stats    ]    Subphase: Concurrent Roots OopStorageSet                0.000 / 0.000         0.000 / 0.000         0.083 / 2.218         0.083 / 2.218       ms
[13550.316s][info][gc,stats    ]    Subphase: Concurrent Weak Roots OopStorageSet           0.000 / 0.000         0.000 / 0.000         1.501 / 13.633        1.501 / 13.633      ms
[13550.316s][info][gc,stats    ]    Subphase: Pause Mark Try Complete                       0.000 / 0.000         0.000 / 0.000         0.001 / 0.031         0.001 / 0.031       ms
[13550.316s][info][gc,stats    ]      System: Java Threads                                      0 / 0                 0 / 0              1929 / 4684           1929 / 4684        threads
[13550.316s][info][gc,stats    ] =========================================================================================================================================================
[13560.315s][info][gc,stats    ] === Garbage Collection Statistics =======================================================================================================================
[13560.315s][info][gc,stats    ]                                                              Last 10s              Last 10m              Last 10h                Total
[13560.315s][info][gc,stats    ]                                                              Avg / Max             Avg / Max             Avg / Max             Avg / Max
[13560.315s][info][gc,stats    ]   Collector: Garbage Collection Cycle                      0.000 / 0.000         0.000 / 0.000       665.978 / 19032.234   665.978 / 19032.234   ms
[13560.315s][info][gc,stats    ]  Contention: Mark Segment Reset Contention                     0 / 0                 0 / 0                 2 / 104               2 / 104         ops/s
[13560.315s][info][gc,stats    ]  Contention: Mark SeqNum Reset Contention                      0 / 0                 0 / 0                 0 / 7                 0 / 7           ops/s
[13560.315s][info][gc,stats    ]    Critical: Allocation Stall                                  0 / 0                 0 / 0                 0 / 827               0 / 827         ops/s
[13560.315s][info][gc,stats    ]    Critical: Allocation Stall                              0.000 / 0.000         0.000 / 0.000       146.230 / 487.490     146.230 / 487.490     ms
[13560.315s][info][gc,stats    ]    Critical: GC Locker Stall                                   0 / 0                 0 / 0                 0 / 2                 0 / 2           ops/s
[13560.315s][info][gc,stats    ]    Critical: GC Locker Stall                               0.000 / 0.000         0.000 / 0.000         0.167 / 4.787         0.167 / 4.787       ms
[13560.315s][info][gc,stats    ]    Critical: Relocation Stall                                  0 / 0                 0 / 0                 0 / 103               0 / 103         ops/s
[13560.315s][info][gc,stats    ]    Critical: Relocation Stall                              0.000 / 0.000         0.000 / 0.000        14.882 / 62.172       14.882 / 62.172      ms
[13560.315s][info][gc,stats    ]      Memory: Allocation Rate                                   0 / 0                 0 / 0               514 / 2790            514 / 2790        MB/s
[13560.315s][info][gc,stats    ]      Memory: Out Of Memory                                     0 / 0                 0 / 0                 0 / 0                 0 / 0           ops/s
[13560.315s][info][gc,stats    ]      Memory: Page Cache Flush                                  0 / 0                 0 / 0                 0 / 258               0 / 258         MB/s
[13560.315s][info][gc,stats    ]      Memory: Page Cache Hit L1                                 0 / 0                 0 / 0               250 / 1336            250 / 1336        ops/s
[13560.315s][info][gc,stats    ]      Memory: Page Cache Hit L2                                 0 / 0                 0 / 0                 0 / 0                 0 / 0           ops/s
[13560.315s][info][gc,stats    ]      Memory: Page Cache Hit L3                                 0 / 0                 0 / 0                 0 / 1028              0 / 1028        ops/s
[13560.315s][info][gc,stats    ]      Memory: Page Cache Miss                                   0 / 0                 0 / 0                 0 / 12                0 / 12          ops/s
[13560.315s][info][gc,stats    ]      Memory: Uncommit                                          0 / 0                 0 / 0                 0 / 0                 0 / 0           MB/s
[13560.315s][info][gc,stats    ]      Memory: Undo Object Allocation Failed                     0 / 0                 0 / 0                 0 / 5                 0 / 5           ops/s
[13560.315s][info][gc,stats    ]      Memory: Undo Object Allocation Succeeded                  0 / 0                 0 / 0                17 / 6595             17 / 6595        ops/s
[13560.315s][info][gc,stats    ]      Memory: Undo Page Allocation                              0 / 0                 0 / 0                 0 / 676               0 / 676         ops/s
[13560.315s][info][gc,stats    ]       Phase: Concurrent Mark                               0.000 / 0.000         0.000 / 0.000       571.218 / 3424.228    571.218 / 3424.228    ms
[13560.315s][info][gc,stats    ]       Phase: Concurrent Mark Continue                      0.000 / 0.000         0.000 / 0.000         0.000 / 0.000         0.000 / 0.000       ms
[13560.315s][info][gc,stats    ]       Phase: Concurrent Mark Free                          0.000 / 0.000         0.000 / 0.000         1.118 / 305.339       1.118 / 305.339     ms
[13560.315s][info][gc,stats    ]       Phase: Concurrent Process Non-Strong References      0.000 / 0.000         0.000 / 0.000        69.335 / 18388.762    69.335 / 18388.762   ms
[13560.316s][info][gc,stats    ]       Phase: Concurrent Relocate                           0.000 / 0.000         0.000 / 0.000        11.475 / 64.108       11.475 / 64.108      ms
[13560.316s][info][gc,stats    ]       Phase: Concurrent Reset Relocation Set               0.000 / 0.000         0.000 / 0.000         0.212 / 0.968         0.212 / 0.968       ms
[13560.316s][info][gc,stats    ]       Phase: Concurrent Select Relocation Set              0.000 / 0.000         0.000 / 0.000         6.722 / 623.697       6.722 / 623.697     ms
[13560.316s][info][gc,stats    ]       Phase: Pause Mark End                                0.000 / 0.000         0.000 / 0.000         0.094 / 0.434         0.094 / 0.434       ms
[13560.316s][info][gc,stats    ]       Phase: Pause Mark Start                              0.000 / 0.000         0.000 / 0.000         0.023 / 0.223         0.023 / 0.223       ms
[13560.316s][info][gc,stats    ]       Phase: Pause Relocate Start                          0.000 / 0.000         0.000 / 0.000         0.045 / 0.309         0.045 / 0.309       ms
[13560.316s][info][gc,stats    ]    Subphase: Concurrent Classes Purge                      0.000 / 0.000         0.000 / 0.000         0.518 / 3.157         0.518 / 3.157       ms
[13560.316s][info][gc,stats    ]    Subphase: Concurrent Classes Unlink                     0.000 / 0.000         0.000 / 0.000        64.039 / 18382.834    64.039 / 18382.834   ms
[13560.316s][info][gc,stats    ]    Subphase: Concurrent Mark                               0.000 / 0.000         0.000 / 0.000       450.151 / 3398.532    450.151 / 3398.532    ms
[13560.316s][info][gc,stats    ]    Subphase: Concurrent Mark Try Flush                     0.000 / 0.000         0.000 / 0.000         1.565 / 934.939       1.565 / 934.939     ms
[13560.316s][info][gc,stats    ]    Subphase: Concurrent Mark Try Terminate                 0.000 / 0.000         0.000 / 0.000         1.072 / 934.940       1.072 / 934.940     ms
[13560.316s][info][gc,stats    ]    Subphase: Concurrent References Enqueue                 0.000 / 0.000         0.000 / 0.000         0.009 / 0.091         0.009 / 0.091       ms
[13560.316s][info][gc,stats    ]    Subphase: Concurrent References Process                 0.000 / 0.000         0.000 / 0.000         0.881 / 3.992         0.881 / 3.992       ms
[13560.316s][info][gc,stats    ]    Subphase: Concurrent Roots ClassLoaderDataGraph         0.000 / 0.000         0.000 / 0.000         0.833 / 3.889         0.833 / 3.889       ms
[13560.316s][info][gc,stats    ]    Subphase: Concurrent Roots CodeCache                    0.000 / 0.000         0.000 / 0.000         0.000 / 0.000         0.000 / 0.000       ms
[13560.316s][info][gc,stats    ]    Subphase: Concurrent Roots JavaThreads                  0.000 / 0.000         0.000 / 0.000         4.665 / 969.487       4.665 / 969.487     ms
[13560.316s][info][gc,stats    ]    Subphase: Concurrent Roots OopStorageSet                0.000 / 0.000         0.000 / 0.000         0.083 / 2.218         0.083 / 2.218       ms
[13560.316s][info][gc,stats    ]    Subphase: Concurrent Weak Roots OopStorageSet           0.000 / 0.000         0.000 / 0.000         1.501 / 13.633        1.501 / 13.633      ms
[13560.316s][info][gc,stats    ]    Subphase: Pause Mark Try Complete                       0.000 / 0.000         0.000 / 0.000         0.001 / 0.031         0.001 / 0.031       ms
[13560.316s][info][gc,stats    ]      System: Java Threads                                      0 / 0                 0 / 0              1929 / 4684           1929 / 4684        threads
[13560.316s][info][gc,stats    ] =========================================================================================================================================================
[13570.316s][info][gc,stats    ] === Garbage Collection Statistics =======================================================================================================================
[13570.316s][info][gc,stats    ]                                                              Last 10s              Last 10m              Last 10h                Total
[13570.316s][info][gc,stats    ]                                                              Avg / Max             Avg / Max             Avg / Max             Avg / Max
[13570.316s][info][gc,stats    ]   Collector: Garbage Collection Cycle                      0.000 / 0.000         0.000 / 0.000       665.978 / 19032.234   665.978 / 19032.234   ms
[13570.316s][info][gc,stats    ]  Contention: Mark Segment Reset Contention                     0 / 0                 0 / 0                 2 / 104               2 / 104         ops/s
[13570.316s][info][gc,stats    ]  Contention: Mark SeqNum Reset Contention                      0 / 0                 0 / 0                 0 / 7                 0 / 7           ops/s
[13570.316s][info][gc,stats    ]    Critical: Allocation Stall                                  0 / 0                 0 / 0                 0 / 827               0 / 827         ops/s
[13570.316s][info][gc,stats    ]    Critical: Allocation Stall                              0.000 / 0.000         0.000 / 0.000       146.230 / 487.490     146.230 / 487.490     ms
[13570.316s][info][gc,stats    ]    Critical: GC Locker Stall                                   0 / 0                 0 / 0                 0 / 2                 0 / 2           ops/s
[13570.316s][info][gc,stats    ]    Critical: GC Locker Stall                               0.000 / 0.000         0.000 / 0.000         0.167 / 4.787         0.167 / 4.787       ms
[13570.316s][info][gc,stats    ]    Critical: Relocation Stall                                  0 / 0                 0 / 0                 0 / 103               0 / 103         ops/s
[13570.316s][info][gc,stats    ]    Critical: Relocation Stall                              0.000 / 0.000         0.000 / 0.000        14.882 / 62.172       14.882 / 62.172      ms
[13570.316s][info][gc,stats    ]      Memory: Allocation Rate                                   0 / 0                 0 / 0               514 / 2790            514 / 2790        MB/s
[13570.316s][info][gc,stats    ]      Memory: Out Of Memory                                     0 / 0                 0 / 0                 0 / 0                 0 / 0           ops/s
[13570.316s][info][gc,stats    ]      Memory: Page Cache Flush                                  0 / 0                 0 / 0                 0 / 258               0 / 258         MB/s
[13570.316s][info][gc,stats    ]      Memory: Page Cache Hit L1                                 0 / 0                 0 / 0               250 / 1336            250 / 1336        ops/s
[13570.316s][info][gc,stats    ]      Memory: Page Cache Hit L2                                 0 / 0                 0 / 0                 0 / 0                 0 / 0           ops/s
[13570.316s][info][gc,stats    ]      Memory: Page Cache Hit L3                                 0 / 0                 0 / 0                 0 / 1028              0 / 1028        ops/s
[13570.316s][info][gc,stats    ]      Memory: Page Cache Miss                                   0 / 0                 0 / 0                 0 / 12                0 / 12          ops/s
[13570.316s][info][gc,stats    ]      Memory: Uncommit                                          0 / 0                 0 / 0                 0 / 0                 0 / 0           MB/s
[13570.316s][info][gc,stats    ]      Memory: Undo Object Allocation Failed                     0 / 0                 0 / 0                 0 / 5                 0 / 5           ops/s
[13570.316s][info][gc,stats    ]      Memory: Undo Object Allocation Succeeded                  0 / 0                 0 / 0                17 / 6595             17 / 6595        ops/s
[13570.316s][info][gc,stats    ]      Memory: Undo Page Allocation                              0 / 0                 0 / 0                 0 / 676               0 / 676         ops/s
[13570.316s][info][gc,stats    ]       Phase: Concurrent Mark                               0.000 / 0.000         0.000 / 0.000       571.218 / 3424.228    571.218 / 3424.228    ms
[13570.316s][info][gc,stats    ]       Phase: Concurrent Mark Continue                      0.000 / 0.000         0.000 / 0.000         0.000 / 0.000         0.000 / 0.000       ms
[13570.316s][info][gc,stats    ]       Phase: Concurrent Mark Free                          0.000 / 0.000         0.000 / 0.000         1.118 / 305.339       1.118 / 305.339     ms
[13570.316s][info][gc,stats    ]       Phase: Concurrent Process Non-Strong References      0.000 / 0.000         0.000 / 0.000        69.335 / 18388.762    69.335 / 18388.762   ms
[13570.316s][info][gc,stats    ]       Phase: Concurrent Relocate                           0.000 / 0.000         0.000 / 0.000        11.475 / 64.108       11.475 / 64.108      ms
[13570.316s][info][gc,stats    ]       Phase: Concurrent Reset Relocation Set               0.000 / 0.000         0.000 / 0.000         0.212 / 0.968         0.212 / 0.968       ms
[13570.316s][info][gc,stats    ]       Phase: Concurrent Select Relocation Set              0.000 / 0.000         0.000 / 0.000         6.722 / 623.697       6.722 / 623.697     ms
[13570.316s][info][gc,stats    ]       Phase: Pause Mark End                                0.000 / 0.000         0.000 / 0.000         0.094 / 0.434         0.094 / 0.434       ms
[13570.316s][info][gc,stats    ]       Phase: Pause Mark Start                              0.000 / 0.000         0.000 / 0.000         0.023 / 0.223         0.023 / 0.223       ms
[13570.316s][info][gc,stats    ]       Phase: Pause Relocate Start                          0.000 / 0.000         0.000 / 0.000         0.045 / 0.309         0.045 / 0.309       ms
[13570.316s][info][gc,stats    ]    Subphase: Concurrent Classes Purge                      0.000 / 0.000         0.000 / 0.000         0.518 / 3.157         0.518 / 3.157       ms
[13570.316s][info][gc,stats    ]    Subphase: Concurrent Classes Unlink                     0.000 / 0.000         0.000 / 0.000        64.039 / 18382.834    64.039 / 18382.834   ms
[13570.316s][info][gc,stats    ]    Subphase: Concurrent Mark                               0.000 / 0.000         0.000 / 0.000       450.151 / 3398.532    450.151 / 3398.532    ms
[13570.316s][info][gc,stats    ]    Subphase: Concurrent Mark Try Flush                     0.000 / 0.000         0.000 / 0.000         1.565 / 934.939       1.565 / 934.939     ms
[13570.316s][info][gc,stats    ]    Subphase: Concurrent Mark Try Terminate                 0.000 / 0.000         0.000 / 0.000         1.072 / 934.940       1.072 / 934.940     ms
[13570.316s][info][gc,stats    ]    Subphase: Concurrent References Enqueue                 0.000 / 0.000         0.000 / 0.000         0.009 / 0.091         0.009 / 0.091       ms
[13570.316s][info][gc,stats    ]    Subphase: Concurrent References Process                 0.000 / 0.000         0.000 / 0.000         0.881 / 3.992         0.881 / 3.992       ms
[13570.316s][info][gc,stats    ]    Subphase: Concurrent Roots ClassLoaderDataGraph         0.000 / 0.000         0.000 / 0.000         0.833 / 3.889         0.833 / 3.889       ms
[13570.316s][info][gc,stats    ]    Subphase: Concurrent Roots CodeCache                    0.000 / 0.000         0.000 / 0.000         0.000 / 0.000         0.000 / 0.000       ms
[13570.316s][info][gc,stats    ]    Subphase: Concurrent Roots JavaThreads                  0.000 / 0.000         0.000 / 0.000         4.665 / 969.487       4.665 / 969.487     ms
[13570.316s][info][gc,stats    ]    Subphase: Concurrent Roots OopStorageSet                0.000 / 0.000         0.000 / 0.000         0.083 / 2.218         0.083 / 2.218       ms
[13570.316s][info][gc,stats    ]    Subphase: Concurrent Weak Roots OopStorageSet           0.000 / 0.000         0.000 / 0.000         1.501 / 13.633        1.501 / 13.633      ms
[13570.316s][info][gc,stats    ]    Subphase: Pause Mark Try Complete                       0.000 / 0.000         0.000 / 0.000         0.001 / 0.031         0.001 / 0.031       ms
[13570.316s][info][gc,stats    ]      System: Java Threads                                      0 / 0                 0 / 0              1929 / 4684           1929 / 4684        threads
[13570.316s][info][gc,stats    ] =========================================================================================================================================================
[13580.316s][info][gc,stats    ] === Garbage Collection Statistics =======================================================================================================================
[13580.316s][info][gc,stats    ]                                                              Last 10s              Last 10m              Last 10h                Total
[13580.316s][info][gc,stats    ]                                                              Avg / Max             Avg / Max             Avg / Max             Avg / Max
[13580.316s][info][gc,stats    ]   Collector: Garbage Collection Cycle                      0.000 / 0.000         0.000 / 0.000       665.978 / 19032.234   665.978 / 19032.234   ms
[13580.316s][info][gc,stats    ]  Contention: Mark Segment Reset Contention                     0 / 0                 0 / 0                 2 / 104               2 / 104         ops/s
[13580.316s][info][gc,stats    ]  Contention: Mark SeqNum Reset Contention                      0 / 0                 0 / 0                 0 / 7                 0 / 7           ops/s
[13580.316s][info][gc,stats    ]    Critical: Allocation Stall                                  0 / 0                 0 / 0                 0 / 827               0 / 827         ops/s
[13580.316s][info][gc,stats    ]    Critical: Allocation Stall                              0.000 / 0.000         0.000 / 0.000       146.230 / 487.490     146.230 / 487.490     ms
[13580.316s][info][gc,stats    ]    Critical: GC Locker Stall                                   0 / 0                 0 / 0                 0 / 2                 0 / 2           ops/s
[13580.316s][info][gc,stats    ]    Critical: GC Locker Stall                               0.000 / 0.000         0.000 / 0.000         0.167 / 4.787         0.167 / 4.787       ms
[13580.316s][info][gc,stats    ]    Critical: Relocation Stall                                  0 / 0                 0 / 0                 0 / 103               0 / 103         ops/s
[13580.316s][info][gc,stats    ]    Critical: Relocation Stall                              0.000 / 0.000         0.000 / 0.000        14.882 / 62.172       14.882 / 62.172      ms
[13580.316s][info][gc,stats    ]      Memory: Allocation Rate                                   0 / 0                 0 / 0               513 / 2790            513 / 2790        MB/s
[13580.316s][info][gc,stats    ]      Memory: Out Of Memory                                     0 / 0                 0 / 0                 0 / 0                 0 / 0           ops/s
[13580.316s][info][gc,stats    ]      Memory: Page Cache Flush                                  0 / 0                 0 / 0                 0 / 258               0 / 258         MB/s
[13580.316s][info][gc,stats    ]      Memory: Page Cache Hit L1                                 0 / 0                 0 / 0               250 / 1336            250 / 1336        ops/s
[13580.316s][info][gc,stats    ]      Memory: Page Cache Hit L2                                 0 / 0                 0 / 0                 0 / 0                 0 / 0           ops/s
[13580.316s][info][gc,stats    ]      Memory: Page Cache Hit L3                                 0 / 0                 0 / 0                 0 / 1028              0 / 1028        ops/s
[13580.316s][info][gc,stats    ]      Memory: Page Cache Miss                                   0 / 0                 0 / 0                 0 / 12                0 / 12          ops/s
[13580.316s][info][gc,stats    ]      Memory: Uncommit                                          0 / 0                 0 / 0                 0 / 0                 0 / 0           MB/s
[13580.316s][info][gc,stats    ]      Memory: Undo Object Allocation Failed                     0 / 0                 0 / 0                 0 / 5                 0 / 5           ops/s
[13580.316s][info][gc,stats    ]      Memory: Undo Object Allocation Succeeded                  0 / 0                 0 / 0                17 / 6595             17 / 6595        ops/s
[13580.316s][info][gc,stats    ]      Memory: Undo Page Allocation                              0 / 0                 0 / 0                 0 / 676               0 / 676         ops/s
[13580.316s][info][gc,stats    ]       Phase: Concurrent Mark                               0.000 / 0.000         0.000 / 0.000       571.218 / 3424.228    571.218 / 3424.228    ms
[13580.316s][info][gc,stats    ]       Phase: Concurrent Mark Continue                      0.000 / 0.000         0.000 / 0.000         0.000 / 0.000         0.000 / 0.000       ms
[13580.316s][info][gc,stats    ]       Phase: Concurrent Mark Free                          0.000 / 0.000         0.000 / 0.000         1.118 / 305.339       1.118 / 305.339     ms
[13580.316s][info][gc,stats    ]       Phase: Concurrent Process Non-Strong References      0.000 / 0.000         0.000 / 0.000        69.335 / 18388.762    69.335 / 18388.762   ms
[13580.316s][info][gc,stats    ]       Phase: Concurrent Relocate                           0.000 / 0.000         0.000 / 0.000        11.475 / 64.108       11.475 / 64.108      ms
[13580.316s][info][gc,stats    ]       Phase: Concurrent Reset Relocation Set               0.000 / 0.000         0.000 / 0.000         0.212 / 0.968         0.212 / 0.968       ms
[13580.316s][info][gc,stats    ]       Phase: Concurrent Select Relocation Set              0.000 / 0.000         0.000 / 0.000         6.722 / 623.697       6.722 / 623.697     ms
[13580.316s][info][gc,stats    ]       Phase: Pause Mark End                                0.000 / 0.000         0.000 / 0.000         0.094 / 0.434         0.094 / 0.434       ms
[13580.316s][info][gc,stats    ]       Phase: Pause Mark Start                              0.000 / 0.000         0.000 / 0.000         0.023 / 0.223         0.023 / 0.223       ms
[13580.316s][info][gc,stats    ]       Phase: Pause Relocate Start                          0.000 / 0.000         0.000 / 0.000         0.045 / 0.309         0.045 / 0.309       ms
[13580.316s][info][gc,stats    ]    Subphase: Concurrent Classes Purge                      0.000 / 0.000         0.000 / 0.000         0.518 / 3.157         0.518 / 3.157       ms
[13580.316s][info][gc,stats    ]    Subphase: Concurrent Classes Unlink                     0.000 / 0.000         0.000 / 0.000        64.039 / 18382.834    64.039 / 18382.834   ms
[13580.316s][info][gc,stats    ]    Subphase: Concurrent Mark                               0.000 / 0.000         0.000 / 0.000       450.151 / 3398.532    450.151 / 3398.532    ms
[13580.316s][info][gc,stats    ]    Subphase: Concurrent Mark Try Flush                     0.000 / 0.000         0.000 / 0.000         1.565 / 934.939       1.565 / 934.939     ms
[13580.316s][info][gc,stats    ]    Subphase: Concurrent Mark Try Terminate                 0.000 / 0.000         0.000 / 0.000         1.072 / 934.940       1.072 / 934.940     ms
[13580.316s][info][gc,stats    ]    Subphase: Concurrent References Enqueue                 0.000 / 0.000         0.000 / 0.000         0.009 / 0.091         0.009 / 0.091       ms
[13580.316s][info][gc,stats    ]    Subphase: Concurrent References Process                 0.000 / 0.000         0.000 / 0.000         0.881 / 3.992         0.881 / 3.992       ms
[13580.316s][info][gc,stats    ]    Subphase: Concurrent Roots ClassLoaderDataGraph         0.000 / 0.000         0.000 / 0.000         0.833 / 3.889         0.833 / 3.889       ms
[13580.316s][info][gc,stats    ]    Subphase: Concurrent Roots CodeCache                    0.000 / 0.000         0.000 / 0.000         0.000 / 0.000         0.000 / 0.000       ms
[13580.316s][info][gc,stats    ]    Subphase: Concurrent Roots JavaThreads                  0.000 / 0.000         0.000 / 0.000         4.665 / 969.487       4.665 / 969.487     ms
[13580.316s][info][gc,stats    ]    Subphase: Concurrent Roots OopStorageSet                0.000 / 0.000         0.000 / 0.000         0.083 / 2.218         0.083 / 2.218       ms
[13580.316s][info][gc,stats    ]    Subphase: Concurrent Weak Roots OopStorageSet           0.000 / 0.000         0.000 / 0.000         1.501 / 13.633        1.501 / 13.633      ms
[13580.316s][info][gc,stats    ]    Subphase: Pause Mark Try Complete                       0.000 / 0.000         0.000 / 0.000         0.001 / 0.031         0.001 / 0.031       ms
[13580.316s][info][gc,stats    ]      System: Java Threads                                      0 / 0                 0 / 0              1929 / 4684           1929 / 4684        threads
[13580.316s][info][gc,stats    ] =========================================================================================================================================================
[13590.316s][info][gc,stats    ] === Garbage Collection Statistics =======================================================================================================================
[13590.316s][info][gc,stats    ]                                                              Last 10s              Last 10m              Last 10h                Total
[13590.316s][info][gc,stats    ]                                                              Avg / Max             Avg / Max             Avg / Max             Avg / Max
[13590.316s][info][gc,stats    ]   Collector: Garbage Collection Cycle                      0.000 / 0.000         0.000 / 0.000       665.978 / 19032.234   665.978 / 19032.234   ms
[13590.316s][info][gc,stats    ]  Contention: Mark Segment Reset Contention                     0 / 0                 0 / 0                 2 / 104               2 / 104         ops/s
[13590.316s][info][gc,stats    ]  Contention: Mark SeqNum Reset Contention                      0 / 0                 0 / 0                 0 / 7                 0 / 7           ops/s
[13590.316s][info][gc,stats    ]    Critical: Allocation Stall                                  0 / 0                 0 / 0                 0 / 827               0 / 827         ops/s
[13590.316s][info][gc,stats    ]    Critical: Allocation Stall                              0.000 / 0.000         0.000 / 0.000       146.230 / 487.490     146.230 / 487.490     ms
[13590.316s][info][gc,stats    ]    Critical: GC Locker Stall                                   0 / 0                 0 / 0                 0 / 2                 0 / 2           ops/s
[13590.316s][info][gc,stats    ]    Critical: GC Locker Stall                               0.000 / 0.000         0.000 / 0.000         0.167 / 4.787         0.167 / 4.787       ms
[13590.316s][info][gc,stats    ]    Critical: Relocation Stall                                  0 / 0                 0 / 0                 0 / 103               0 / 103         ops/s
[13590.316s][info][gc,stats    ]    Critical: Relocation Stall                              0.000 / 0.000         0.000 / 0.000        14.882 / 62.172       14.882 / 62.172      ms
[13590.316s][info][gc,stats    ]      Memory: Allocation Rate                                   0 / 0                 0 / 0               513 / 2790            513 / 2790        MB/s
[13590.316s][info][gc,stats    ]      Memory: Out Of Memory                                     0 / 0                 0 / 0                 0 / 0                 0 / 0           ops/s
[13590.316s][info][gc,stats    ]      Memory: Page Cache Flush                                  0 / 0                 0 / 0                 0 / 258               0 / 258         MB/s
[13590.316s][info][gc,stats    ]      Memory: Page Cache Hit L1                                 0 / 0                 0 / 0               250 / 1336            250 / 1336        ops/s
[13590.316s][info][gc,stats    ]      Memory: Page Cache Hit L2                                 0 / 0                 0 / 0                 0 / 0                 0 / 0           ops/s
[13590.316s][info][gc,stats    ]      Memory: Page Cache Hit L3                                 0 / 0                 0 / 0                 0 / 1028              0 / 1028        ops/s
[13590.316s][info][gc,stats    ]      Memory: Page Cache Miss                                   0 / 0                 0 / 0                 0 / 12                0 / 12          ops/s
[13590.316s][info][gc,stats    ]      Memory: Uncommit                                          0 / 0                 0 / 0                 0 / 0                 0 / 0           MB/s
[13590.316s][info][gc,stats    ]      Memory: Undo Object Allocation Failed                     0 / 0                 0 / 0                 0 / 5                 0 / 5           ops/s
[13590.316s][info][gc,stats    ]      Memory: Undo Object Allocation Succeeded                  0 / 0                 0 / 0                17 / 6595             17 / 6595        ops/s
[13590.316s][info][gc,stats    ]      Memory: Undo Page Allocation                              0 / 0                 0 / 0                 0 / 676               0 / 676         ops/s
[13590.316s][info][gc,stats    ]       Phase: Concurrent Mark                               0.000 / 0.000         0.000 / 0.000       571.218 / 3424.228    571.218 / 3424.228    ms
[13590.316s][info][gc,stats    ]       Phase: Concurrent Mark Continue                      0.000 / 0.000         0.000 / 0.000         0.000 / 0.000         0.000 / 0.000       ms
[13590.316s][info][gc,stats    ]       Phase: Concurrent Mark Free                          0.000 / 0.000         0.000 / 0.000         1.118 / 305.339       1.118 / 305.339     ms
[13590.316s][info][gc,stats    ]       Phase: Concurrent Process Non-Strong References      0.000 / 0.000         0.000 / 0.000        69.335 / 18388.762    69.335 / 18388.762   ms
[13590.316s][info][gc,stats    ]       Phase: Concurrent Relocate                           0.000 / 0.000         0.000 / 0.000        11.475 / 64.108       11.475 / 64.108      ms
[13590.316s][info][gc,stats    ]       Phase: Concurrent Reset Relocation Set               0.000 / 0.000         0.000 / 0.000         0.212 / 0.968         0.212 / 0.968       ms
[13590.316s][info][gc,stats    ]       Phase: Concurrent Select Relocation Set              0.000 / 0.000         0.000 / 0.000         6.722 / 623.697       6.722 / 623.697     ms
[13590.316s][info][gc,stats    ]       Phase: Pause Mark End                                0.000 / 0.000         0.000 / 0.000         0.094 / 0.434         0.094 / 0.434       ms
[13590.316s][info][gc,stats    ]       Phase: Pause Mark Start                              0.000 / 0.000         0.000 / 0.000         0.023 / 0.223         0.023 / 0.223       ms
[13590.316s][info][gc,stats    ]       Phase: Pause Relocate Start                          0.000 / 0.000         0.000 / 0.000         0.045 / 0.309         0.045 / 0.309       ms
[13590.316s][info][gc,stats    ]    Subphase: Concurrent Classes Purge                      0.000 / 0.000         0.000 / 0.000         0.518 / 3.157         0.518 / 3.157       ms
[13590.316s][info][gc,stats    ]    Subphase: Concurrent Classes Unlink                     0.000 / 0.000         0.000 / 0.000        64.039 / 18382.834    64.039 / 18382.834   ms
[13590.316s][info][gc,stats    ]    Subphase: Concurrent Mark                               0.000 / 0.000         0.000 / 0.000       450.151 / 3398.532    450.151 / 3398.532    ms
[13590.316s][info][gc,stats    ]    Subphase: Concurrent Mark Try Flush                     0.000 / 0.000         0.000 / 0.000         1.565 / 934.939       1.565 / 934.939     ms
[13590.316s][info][gc,stats    ]    Subphase: Concurrent Mark Try Terminate                 0.000 / 0.000         0.000 / 0.000         1.072 / 934.940       1.072 / 934.940     ms
[13590.316s][info][gc,stats    ]    Subphase: Concurrent References Enqueue                 0.000 / 0.000         0.000 / 0.000         0.009 / 0.091         0.009 / 0.091       ms
[13590.316s][info][gc,stats    ]    Subphase: Concurrent References Process                 0.000 / 0.000         0.000 / 0.000         0.881 / 3.992         0.881 / 3.992       ms
[13590.316s][info][gc,stats    ]    Subphase: Concurrent Roots ClassLoaderDataGraph         0.000 / 0.000         0.000 / 0.000         0.833 / 3.889         0.833 / 3.889       ms
[13590.316s][info][gc,stats    ]    Subphase: Concurrent Roots CodeCache                    0.000 / 0.000         0.000 / 0.000         0.000 / 0.000         0.000 / 0.000       ms
[13590.316s][info][gc,stats    ]    Subphase: Concurrent Roots JavaThreads                  0.000 / 0.000         0.000 / 0.000         4.665 / 969.487       4.665 / 969.487     ms
[13590.316s][info][gc,stats    ]    Subphase: Concurrent Roots OopStorageSet                0.000 / 0.000         0.000 / 0.000         0.083 / 2.218         0.083 / 2.218       ms
[13590.316s][info][gc,stats    ]    Subphase: Concurrent Weak Roots OopStorageSet           0.000 / 0.000         0.000 / 0.000         1.501 / 13.633        1.501 / 13.633      ms
[13590.316s][info][gc,stats    ]    Subphase: Pause Mark Try Complete                       0.000 / 0.000         0.000 / 0.000         0.001 / 0.031         0.001 / 0.031       ms
[13590.316s][info][gc,stats    ]      System: Java Threads                                      0 / 0                 0 / 0              1929 / 4684           1929 / 4684        threads
[13590.316s][info][gc,stats    ] =========================================================================================================================================================
[13600.316s][info][gc,stats    ] === Garbage Collection Statistics =======================================================================================================================
[13600.316s][info][gc,stats    ]                                                              Last 10s              Last 10m              Last 10h                Total
[13600.316s][info][gc,stats    ]                                                              Avg / Max             Avg / Max             Avg / Max             Avg / Max
[13600.316s][info][gc,stats    ]   Collector: Garbage Collection Cycle                      0.000 / 0.000         0.000 / 0.000       665.978 / 19032.234   665.978 / 19032.234   ms
[13600.316s][info][gc,stats    ]  Contention: Mark Segment Reset Contention                     0 / 0                 0 / 0                 2 / 104               2 / 104         ops/s
[13600.316s][info][gc,stats    ]  Contention: Mark SeqNum Reset Contention                      0 / 0                 0 / 0                 0 / 7                 0 / 7           ops/s
[13600.316s][info][gc,stats    ]    Critical: Allocation Stall                                  0 / 0                 0 / 0                 0 / 827               0 / 827         ops/s
[13600.316s][info][gc,stats    ]    Critical: Allocation Stall                              0.000 / 0.000         0.000 / 0.000       146.230 / 487.490     146.230 / 487.490     ms
[13600.316s][info][gc,stats    ]    Critical: GC Locker Stall                                   0 / 0                 0 / 0                 0 / 2                 0 / 2           ops/s
[13600.316s][info][gc,stats    ]    Critical: GC Locker Stall                               0.000 / 0.000         0.000 / 0.000         0.167 / 4.787         0.167 / 4.787       ms
[13600.316s][info][gc,stats    ]    Critical: Relocation Stall                                  0 / 0                 0 / 0                 0 / 103               0 / 103         ops/s
[13600.316s][info][gc,stats    ]    Critical: Relocation Stall                              0.000 / 0.000         0.000 / 0.000        14.882 / 62.172       14.882 / 62.172      ms
[13600.316s][info][gc,stats    ]      Memory: Allocation Rate                                   0 / 0                 0 / 0               513 / 2790            513 / 2790        MB/s
[13600.316s][info][gc,stats    ]      Memory: Out Of Memory                                     0 / 0                 0 / 0                 0 / 0                 0 / 0           ops/s
[13600.316s][info][gc,stats    ]      Memory: Page Cache Flush                                  0 / 0                 0 / 0                 0 / 258               0 / 258         MB/s
[13600.316s][info][gc,stats    ]      Memory: Page Cache Hit L1                                 0 / 0                 0 / 0               249 / 1336            249 / 1336        ops/s
[13600.316s][info][gc,stats    ]      Memory: Page Cache Hit L2                                 0 / 0                 0 / 0                 0 / 0                 0 / 0           ops/s
[13600.316s][info][gc,stats    ]      Memory: Page Cache Hit L3                                 0 / 0                 0 / 0                 0 / 1028              0 / 1028        ops/s
[13600.316s][info][gc,stats    ]      Memory: Page Cache Miss                                   0 / 0                 0 / 0                 0 / 12                0 / 12          ops/s
[13600.316s][info][gc,stats    ]      Memory: Uncommit                                          0 / 0                 0 / 0                 0 / 0                 0 / 0           MB/s
[13600.316s][info][gc,stats    ]      Memory: Undo Object Allocation Failed                     0 / 0                 0 / 0                 0 / 5                 0 / 5           ops/s
[13600.316s][info][gc,stats    ]      Memory: Undo Object Allocation Succeeded                  0 / 0                 0 / 0                17 / 6595             17 / 6595        ops/s
[13600.316s][info][gc,stats    ]      Memory: Undo Page Allocation                              0 / 0                 0 / 0                 0 / 676               0 / 676         ops/s
[13600.316s][info][gc,stats    ]       Phase: Concurrent Mark                               0.000 / 0.000         0.000 / 0.000       571.218 / 3424.228    571.218 / 3424.228    ms
[13600.316s][info][gc,stats    ]       Phase: Concurrent Mark Continue                      0.000 / 0.000         0.000 / 0.000         0.000 / 0.000         0.000 / 0.000       ms
[13600.316s][info][gc,stats    ]       Phase: Concurrent Mark Free                          0.000 / 0.000         0.000 / 0.000         1.118 / 305.339       1.118 / 305.339     ms
[13600.316s][info][gc,stats    ]       Phase: Concurrent Process Non-Strong References      0.000 / 0.000         0.000 / 0.000        69.335 / 18388.762    69.335 / 18388.762   ms
[13600.316s][info][gc,stats    ]       Phase: Concurrent Relocate                           0.000 / 0.000         0.000 / 0.000        11.475 / 64.108       11.475 / 64.108      ms
[13600.316s][info][gc,stats    ]       Phase: Concurrent Reset Relocation Set               0.000 / 0.000         0.000 / 0.000         0.212 / 0.968         0.212 / 0.968       ms
[13600.316s][info][gc,stats    ]       Phase: Concurrent Select Relocation Set              0.000 / 0.000         0.000 / 0.000         6.722 / 623.697       6.722 / 623.697     ms
[13600.316s][info][gc,stats    ]       Phase: Pause Mark End                                0.000 / 0.000         0.000 / 0.000         0.094 / 0.434         0.094 / 0.434       ms
[13600.316s][info][gc,stats    ]       Phase: Pause Mark Start                              0.000 / 0.000         0.000 / 0.000         0.023 / 0.223         0.023 / 0.223       ms
[13600.316s][info][gc,stats    ]       Phase: Pause Relocate Start                          0.000 / 0.000         0.000 / 0.000         0.045 / 0.309         0.045 / 0.309       ms
[13600.316s][info][gc,stats    ]    Subphase: Concurrent Classes Purge                      0.000 / 0.000         0.000 / 0.000         0.518 / 3.157         0.518 / 3.157       ms
[13600.316s][info][gc,stats    ]    Subphase: Concurrent Classes Unlink                     0.000 / 0.000         0.000 / 0.000        64.039 / 18382.834    64.039 / 18382.834   ms
[13600.316s][info][gc,stats    ]    Subphase: Concurrent Mark                               0.000 / 0.000         0.000 / 0.000       450.151 / 3398.532    450.151 / 3398.532    ms
[13600.316s][info][gc,stats    ]    Subphase: Concurrent Mark Try Flush                     0.000 / 0.000         0.000 / 0.000         1.565 / 934.939       1.565 / 934.939     ms
[13600.316s][info][gc,stats    ]    Subphase: Concurrent Mark Try Terminate                 0.000 / 0.000         0.000 / 0.000         1.072 / 934.940       1.072 / 934.940     ms
[13600.316s][info][gc,stats    ]    Subphase: Concurrent References Enqueue                 0.000 / 0.000         0.000 / 0.000         0.009 / 0.091         0.009 / 0.091       ms
[13600.316s][info][gc,stats    ]    Subphase: Concurrent References Process                 0.000 / 0.000         0.000 / 0.000         0.881 / 3.992         0.881 / 3.992       ms
[13600.316s][info][gc,stats    ]    Subphase: Concurrent Roots ClassLoaderDataGraph         0.000 / 0.000         0.000 / 0.000         0.833 / 3.889         0.833 / 3.889       ms
[13600.316s][info][gc,stats    ]    Subphase: Concurrent Roots CodeCache                    0.000 / 0.000         0.000 / 0.000         0.000 / 0.000         0.000 / 0.000       ms
[13600.316s][info][gc,stats    ]    Subphase: Concurrent Roots JavaThreads                  0.000 / 0.000         0.000 / 0.000         4.665 / 969.487       4.665 / 969.487     ms
[13600.316s][info][gc,stats    ]    Subphase: Concurrent Roots OopStorageSet                0.000 / 0.000         0.000 / 0.000         0.083 / 2.218         0.083 / 2.218       ms
[13600.316s][info][gc,stats    ]    Subphase: Concurrent Weak Roots OopStorageSet           0.000 / 0.000         0.000 / 0.000         1.501 / 13.633        1.501 / 13.633      ms
[13600.316s][info][gc,stats    ]    Subphase: Pause Mark Try Complete                       0.000 / 0.000         0.000 / 0.000         0.001 / 0.031         0.001 / 0.031       ms
[13600.316s][info][gc,stats    ]      System: Java Threads                                      0 / 0                 0 / 0              1929 / 4684           1929 / 4684        threads
[13600.316s][info][gc,stats    ] =========================================================================================================================================================
[13610.315s][info][gc,stats    ] === Garbage Collection Statistics =======================================================================================================================
[13610.316s][info][gc,stats    ]                                                              Last 10s              Last 10m              Last 10h                Total
[13610.316s][info][gc,stats    ]                                                              Avg / Max             Avg / Max             Avg / Max             Avg / Max
[13610.316s][info][gc,stats    ]   Collector: Garbage Collection Cycle                      0.000 / 0.000         0.000 / 0.000       665.978 / 19032.234   665.978 / 19032.234   ms
[13610.316s][info][gc,stats    ]  Contention: Mark Segment Reset Contention                     0 / 0                 0 / 0                 2 / 104               2 / 104         ops/s
[13610.316s][info][gc,stats    ]  Contention: Mark SeqNum Reset Contention                      0 / 0                 0 / 0                 0 / 7                 0 / 7           ops/s
[13610.316s][info][gc,stats    ]    Critical: Allocation Stall                                  0 / 0                 0 / 0                 0 / 827               0 / 827         ops/s
[13610.316s][info][gc,stats    ]    Critical: Allocation Stall                              0.000 / 0.000         0.000 / 0.000       146.230 / 487.490     146.230 / 487.490     ms
[13610.316s][info][gc,stats    ]    Critical: GC Locker Stall                                   0 / 0                 0 / 0                 0 / 2                 0 / 2           ops/s
[13610.316s][info][gc,stats    ]    Critical: GC Locker Stall                               0.000 / 0.000         0.000 / 0.000         0.167 / 4.787         0.167 / 4.787       ms
[13610.316s][info][gc,stats    ]    Critical: Relocation Stall                                  0 / 0                 0 / 0                 0 / 103               0 / 103         ops/s
[13610.316s][info][gc,stats    ]    Critical: Relocation Stall                              0.000 / 0.000         0.000 / 0.000        14.882 / 62.172       14.882 / 62.172      ms
[13610.316s][info][gc,stats    ]      Memory: Allocation Rate                                   0 / 0                 0 / 0               512 / 2790            512 / 2790        MB/s
[13610.316s][info][gc,stats    ]      Memory: Out Of Memory                                     0 / 0                 0 / 0                 0 / 0                 0 / 0           ops/s
[13610.316s][info][gc,stats    ]      Memory: Page Cache Flush                                  0 / 0                 0 / 0                 0 / 258               0 / 258         MB/s
[13610.316s][info][gc,stats    ]      Memory: Page Cache Hit L1                                 0 / 0                 0 / 0               249 / 1336            249 / 1336        ops/s
[13610.316s][info][gc,stats    ]      Memory: Page Cache Hit L2                                 0 / 0                 0 / 0                 0 / 0                 0 / 0           ops/s
[13610.316s][info][gc,stats    ]      Memory: Page Cache Hit L3                                 0 / 0                 0 / 0                 0 / 1028              0 / 1028        ops/s
[13610.316s][info][gc,stats    ]      Memory: Page Cache Miss                                   0 / 0                 0 / 0                 0 / 12                0 / 12          ops/s
[13610.316s][info][gc,stats    ]      Memory: Uncommit                                          0 / 0                 0 / 0                 0 / 0                 0 / 0           MB/s
[13610.316s][info][gc,stats    ]      Memory: Undo Object Allocation Failed                     0 / 0                 0 / 0                 0 / 5                 0 / 5           ops/s
[13610.316s][info][gc,stats    ]      Memory: Undo Object Allocation Succeeded                  0 / 0                 0 / 0                17 / 6595             17 / 6595        ops/s
[13610.316s][info][gc,stats    ]      Memory: Undo Page Allocation                              0 / 0                 0 / 0                 0 / 676               0 / 676         ops/s
[13610.316s][info][gc,stats    ]       Phase: Concurrent Mark                               0.000 / 0.000         0.000 / 0.000       571.218 / 3424.228    571.218 / 3424.228    ms
[13610.316s][info][gc,stats    ]       Phase: Concurrent Mark Continue                      0.000 / 0.000         0.000 / 0.000         0.000 / 0.000         0.000 / 0.000       ms
[13610.316s][info][gc,stats    ]       Phase: Concurrent Mark Free                          0.000 / 0.000         0.000 / 0.000         1.118 / 305.339       1.118 / 305.339     ms
[13610.316s][info][gc,stats    ]       Phase: Concurrent Process Non-Strong References      0.000 / 0.000         0.000 / 0.000        69.335 / 18388.762    69.335 / 18388.762   ms
[13610.316s][info][gc,stats    ]       Phase: Concurrent Relocate                           0.000 / 0.000         0.000 / 0.000        11.475 / 64.108       11.475 / 64.108      ms
[13610.316s][info][gc,stats    ]       Phase: Concurrent Reset Relocation Set               0.000 / 0.000         0.000 / 0.000         0.212 / 0.968         0.212 / 0.968       ms
[13610.316s][info][gc,stats    ]       Phase: Concurrent Select Relocation Set              0.000 / 0.000         0.000 / 0.000         6.722 / 623.697       6.722 / 623.697     ms
[13610.316s][info][gc,stats    ]       Phase: Pause Mark End                                0.000 / 0.000         0.000 / 0.000         0.094 / 0.434         0.094 / 0.434       ms
[13610.316s][info][gc,stats    ]       Phase: Pause Mark Start                              0.000 / 0.000         0.000 / 0.000         0.023 / 0.223         0.023 / 0.223       ms
[13610.316s][info][gc,stats    ]       Phase: Pause Relocate Start                          0.000 / 0.000         0.000 / 0.000         0.045 / 0.309         0.045 / 0.309       ms
[13610.316s][info][gc,stats    ]    Subphase: Concurrent Classes Purge                      0.000 / 0.000         0.000 / 0.000         0.518 / 3.157         0.518 / 3.157       ms
[13610.316s][info][gc,stats    ]    Subphase: Concurrent Classes Unlink                     0.000 / 0.000         0.000 / 0.000        64.039 / 18382.834    64.039 / 18382.834   ms
[13610.316s][info][gc,stats    ]    Subphase: Concurrent Mark                               0.000 / 0.000         0.000 / 0.000       450.151 / 3398.532    450.151 / 3398.532    ms
[13610.316s][info][gc,stats    ]    Subphase: Concurrent Mark Try Flush                     0.000 / 0.000         0.000 / 0.000         1.565 / 934.939       1.565 / 934.939     ms
[13610.316s][info][gc,stats    ]    Subphase: Concurrent Mark Try Terminate                 0.000 / 0.000         0.000 / 0.000         1.072 / 934.940       1.072 / 934.940     ms
[13610.316s][info][gc,stats    ]    Subphase: Concurrent References Enqueue                 0.000 / 0.000         0.000 / 0.000         0.009 / 0.091         0.009 / 0.091       ms
[13610.316s][info][gc,stats    ]    Subphase: Concurrent References Process                 0.000 / 0.000         0.000 / 0.000         0.881 / 3.992         0.881 / 3.992       ms
[13610.316s][info][gc,stats    ]    Subphase: Concurrent Roots ClassLoaderDataGraph         0.000 / 0.000         0.000 / 0.000         0.833 / 3.889         0.833 / 3.889       ms
[13610.316s][info][gc,stats    ]    Subphase: Concurrent Roots CodeCache                    0.000 / 0.000         0.000 / 0.000         0.000 / 0.000         0.000 / 0.000       ms
[13610.316s][info][gc,stats    ]    Subphase: Concurrent Roots JavaThreads                  0.000 / 0.000         0.000 / 0.000         4.665 / 969.487       4.665 / 969.487     ms
[13610.316s][info][gc,stats    ]    Subphase: Concurrent Roots OopStorageSet                0.000 / 0.000         0.000 / 0.000         0.083 / 2.218         0.083 / 2.218       ms
[13610.316s][info][gc,stats    ]    Subphase: Concurrent Weak Roots OopStorageSet           0.000 / 0.000         0.000 / 0.000         1.501 / 13.633        1.501 / 13.633      ms
[13610.316s][info][gc,stats    ]    Subphase: Pause Mark Try Complete                       0.000 / 0.000         0.000 / 0.000         0.001 / 0.031         0.001 / 0.031       ms
[13610.316s][info][gc,stats    ]      System: Java Threads                                      0 / 0                 0 / 0              1929 / 4684           1929 / 4684        threads
[13610.316s][info][gc,stats    ] =========================================================================================================================================================
[13620.315s][info][gc,stats    ] === Garbage Collection Statistics =======================================================================================================================
[13620.315s][info][gc,stats    ]                                                              Last 10s              Last 10m              Last 10h                Total
[13620.315s][info][gc,stats    ]                                                              Avg / Max             Avg / Max             Avg / Max             Avg / Max
[13620.315s][info][gc,stats    ]   Collector: Garbage Collection Cycle                      0.000 / 0.000         0.000 / 0.000       665.978 / 19032.234   665.978 / 19032.234   ms
[13620.315s][info][gc,stats    ]  Contention: Mark Segment Reset Contention                     0 / 0                 0 / 0                 2 / 104               2 / 104         ops/s
[13620.315s][info][gc,stats    ]  Contention: Mark SeqNum Reset Contention                      0 / 0                 0 / 0                 0 / 7                 0 / 7           ops/s
[13620.315s][info][gc,stats    ]    Critical: Allocation Stall                                  0 / 0                 0 / 0                 0 / 827               0 / 827         ops/s
[13620.315s][info][gc,stats    ]    Critical: Allocation Stall                              0.000 / 0.000         0.000 / 0.000       146.230 / 487.490     146.230 / 487.490     ms
[13620.315s][info][gc,stats    ]    Critical: GC Locker Stall                                   0 / 0                 0 / 0                 0 / 2                 0 / 2           ops/s
[13620.315s][info][gc,stats    ]    Critical: GC Locker Stall                               0.000 / 0.000         0.000 / 0.000         0.167 / 4.787         0.167 / 4.787       ms
[13620.315s][info][gc,stats    ]    Critical: Relocation Stall                                  0 / 0                 0 / 0                 0 / 103               0 / 103         ops/s
[13620.315s][info][gc,stats    ]    Critical: Relocation Stall                              0.000 / 0.000         0.000 / 0.000        14.882 / 62.172       14.882 / 62.172      ms
[13620.315s][info][gc,stats    ]      Memory: Allocation Rate                                   0 / 0                 0 / 0               512 / 2790            512 / 2790        MB/s
[13620.316s][info][gc,stats    ]      Memory: Out Of Memory                                     0 / 0                 0 / 0                 0 / 0                 0 / 0           ops/s
[13620.316s][info][gc,stats    ]      Memory: Page Cache Flush                                  0 / 0                 0 / 0                 0 / 258               0 / 258         MB/s
[13620.316s][info][gc,stats    ]      Memory: Page Cache Hit L1                                 0 / 0                 0 / 0               249 / 1336            249 / 1336        ops/s
[13620.316s][info][gc,stats    ]      Memory: Page Cache Hit L2                                 0 / 0                 0 / 0                 0 / 0                 0 / 0           ops/s
[13620.316s][info][gc,stats    ]      Memory: Page Cache Hit L3                                 0 / 0                 0 / 0                 0 / 1028              0 / 1028        ops/s
[13620.316s][info][gc,stats    ]      Memory: Page Cache Miss                                   0 / 0                 0 / 0                 0 / 12                0 / 12          ops/s
[13620.316s][info][gc,stats    ]      Memory: Uncommit                                          0 / 0                 0 / 0                 0 / 0                 0 / 0           MB/s
[13620.316s][info][gc,stats    ]      Memory: Undo Object Allocation Failed                     0 / 0                 0 / 0                 0 / 5                 0 / 5           ops/s
[13620.316s][info][gc,stats    ]      Memory: Undo Object Allocation Succeeded                  0 / 0                 0 / 0                17 / 6595             17 / 6595        ops/s
[13620.316s][info][gc,stats    ]      Memory: Undo Page Allocation                              0 / 0                 0 / 0                 0 / 676               0 / 676         ops/s
[13620.316s][info][gc,stats    ]       Phase: Concurrent Mark                               0.000 / 0.000         0.000 / 0.000       571.218 / 3424.228    571.218 / 3424.228    ms
[13620.316s][info][gc,stats    ]       Phase: Concurrent Mark Continue                      0.000 / 0.000         0.000 / 0.000         0.000 / 0.000         0.000 / 0.000       ms
[13620.316s][info][gc,stats    ]       Phase: Concurrent Mark Free                          0.000 / 0.000         0.000 / 0.000         1.118 / 305.339       1.118 / 305.339     ms
[13620.316s][info][gc,stats    ]       Phase: Concurrent Process Non-Strong References      0.000 / 0.000         0.000 / 0.000        69.335 / 18388.762    69.335 / 18388.762   ms
[13620.316s][info][gc,stats    ]       Phase: Concurrent Relocate                           0.000 / 0.000         0.000 / 0.000        11.475 / 64.108       11.475 / 64.108      ms
[13620.316s][info][gc,stats    ]       Phase: Concurrent Reset Relocation Set               0.000 / 0.000         0.000 / 0.000         0.212 / 0.968         0.212 / 0.968       ms
[13620.316s][info][gc,stats    ]       Phase: Concurrent Select Relocation Set              0.000 / 0.000         0.000 / 0.000         6.722 / 623.697       6.722 / 623.697     ms
[13620.316s][info][gc,stats    ]       Phase: Pause Mark End                                0.000 / 0.000         0.000 / 0.000         0.094 / 0.434         0.094 / 0.434       ms
[13620.316s][info][gc,stats    ]       Phase: Pause Mark Start                              0.000 / 0.000         0.000 / 0.000         0.023 / 0.223         0.023 / 0.223       ms
[13620.316s][info][gc,stats    ]       Phase: Pause Relocate Start                          0.000 / 0.000         0.000 / 0.000         0.045 / 0.309         0.045 / 0.309       ms
[13620.316s][info][gc,stats    ]    Subphase: Concurrent Classes Purge                      0.000 / 0.000         0.000 / 0.000         0.518 / 3.157         0.518 / 3.157       ms
[13620.316s][info][gc,stats    ]    Subphase: Concurrent Classes Unlink                     0.000 / 0.000         0.000 / 0.000        64.039 / 18382.834    64.039 / 18382.834   ms
[13620.316s][info][gc,stats    ]    Subphase: Concurrent Mark                               0.000 / 0.000         0.000 / 0.000       450.151 / 3398.532    450.151 / 3398.532    ms
[13620.316s][info][gc,stats    ]    Subphase: Concurrent Mark Try Flush                     0.000 / 0.000         0.000 / 0.000         1.565 / 934.939       1.565 / 934.939     ms
[13620.316s][info][gc,stats    ]    Subphase: Concurrent Mark Try Terminate                 0.000 / 0.000         0.000 / 0.000         1.072 / 934.940       1.072 / 934.940     ms
[13620.316s][info][gc,stats    ]    Subphase: Concurrent References Enqueue                 0.000 / 0.000         0.000 / 0.000         0.009 / 0.091         0.009 / 0.091       ms
[13620.316s][info][gc,stats    ]    Subphase: Concurrent References Process                 0.000 / 0.000         0.000 / 0.000         0.881 / 3.992         0.881 / 3.992       ms
[13620.316s][info][gc,stats    ]    Subphase: Concurrent Roots ClassLoaderDataGraph         0.000 / 0.000         0.000 / 0.000         0.833 / 3.889         0.833 / 3.889       ms
[13620.316s][info][gc,stats    ]    Subphase: Concurrent Roots CodeCache                    0.000 / 0.000         0.000 / 0.000         0.000 / 0.000         0.000 / 0.000       ms
[13620.316s][info][gc,stats    ]    Subphase: Concurrent Roots JavaThreads                  0.000 / 0.000         0.000 / 0.000         4.665 / 969.487       4.665 / 969.487     ms
[13620.316s][info][gc,stats    ]    Subphase: Concurrent Roots OopStorageSet                0.000 / 0.000         0.000 / 0.000         0.083 / 2.218         0.083 / 2.218       ms
[13620.316s][info][gc,stats    ]    Subphase: Concurrent Weak Roots OopStorageSet           0.000 / 0.000         0.000 / 0.000         1.501 / 13.633        1.501 / 13.633      ms
[13620.316s][info][gc,stats    ]    Subphase: Pause Mark Try Complete                       0.000 / 0.000         0.000 / 0.000         0.001 / 0.031         0.001 / 0.031       ms
[13620.316s][info][gc,stats    ]      System: Java Threads                                      0 / 0                 0 / 0              1929 / 4684           1929 / 4684        threads
[13620.316s][info][gc,stats    ] =========================================================================================================================================================
[13630.316s][info][gc,stats    ] === Garbage Collection Statistics =======================================================================================================================
[13630.316s][info][gc,stats    ]                                                              Last 10s              Last 10m              Last 10h                Total
[13630.316s][info][gc,stats    ]                                                              Avg / Max             Avg / Max             Avg / Max             Avg / Max
[13630.316s][info][gc,stats    ]   Collector: Garbage Collection Cycle                      0.000 / 0.000         0.000 / 0.000       665.978 / 19032.234   665.978 / 19032.234   ms
[13630.316s][info][gc,stats    ]  Contention: Mark Segment Reset Contention                     0 / 0                 0 / 0                 2 / 104               2 / 104         ops/s
[13630.316s][info][gc,stats    ]  Contention: Mark SeqNum Reset Contention                      0 / 0                 0 / 0                 0 / 7                 0 / 7           ops/s
[13630.316s][info][gc,stats    ]    Critical: Allocation Stall                                  0 / 0                 0 / 0                 0 / 827               0 / 827         ops/s
[13630.316s][info][gc,stats    ]    Critical: Allocation Stall                              0.000 / 0.000         0.000 / 0.000       146.230 / 487.490     146.230 / 487.490     ms
[13630.316s][info][gc,stats    ]    Critical: GC Locker Stall                                   0 / 0                 0 / 0                 0 / 2                 0 / 2           ops/s
[13630.316s][info][gc,stats    ]    Critical: GC Locker Stall                               0.000 / 0.000         0.000 / 0.000         0.167 / 4.787         0.167 / 4.787       ms
[13630.316s][info][gc,stats    ]    Critical: Relocation Stall                                  0 / 0                 0 / 0                 0 / 103               0 / 103         ops/s
[13630.316s][info][gc,stats    ]    Critical: Relocation Stall                              0.000 / 0.000         0.000 / 0.000        14.882 / 62.172       14.882 / 62.172      ms
[13630.316s][info][gc,stats    ]      Memory: Allocation Rate                                   0 / 0                 0 / 0               511 / 2790            511 / 2790        MB/s
[13630.316s][info][gc,stats    ]      Memory: Out Of Memory                                     0 / 0                 0 / 0                 0 / 0                 0 / 0           ops/s
[13630.316s][info][gc,stats    ]      Memory: Page Cache Flush                                  0 / 0                 0 / 0                 0 / 258               0 / 258         MB/s
[13630.316s][info][gc,stats    ]      Memory: Page Cache Hit L1                                 0 / 0                 0 / 0               249 / 1336            249 / 1336        ops/s
[13630.316s][info][gc,stats    ]      Memory: Page Cache Hit L2                                 0 / 0                 0 / 0                 0 / 0                 0 / 0           ops/s
[13630.316s][info][gc,stats    ]      Memory: Page Cache Hit L3                                 0 / 0                 0 / 0                 0 / 1028              0 / 1028        ops/s
[13630.316s][info][gc,stats    ]      Memory: Page Cache Miss                                   0 / 0                 0 / 0                 0 / 12                0 / 12          ops/s
[13630.316s][info][gc,stats    ]      Memory: Uncommit                                          0 / 0                 0 / 0                 0 / 0                 0 / 0           MB/s
[13630.316s][info][gc,stats    ]      Memory: Undo Object Allocation Failed                     0 / 0                 0 / 0                 0 / 5                 0 / 5           ops/s
[13630.316s][info][gc,stats    ]      Memory: Undo Object Allocation Succeeded                  0 / 0                 0 / 0                17 / 6595             17 / 6595        ops/s
[13630.316s][info][gc,stats    ]      Memory: Undo Page Allocation                              0 / 0                 0 / 0                 0 / 676               0 / 676         ops/s
[13630.316s][info][gc,stats    ]       Phase: Concurrent Mark                               0.000 / 0.000         0.000 / 0.000       571.218 / 3424.228    571.218 / 3424.228    ms
[13630.316s][info][gc,stats    ]       Phase: Concurrent Mark Continue                      0.000 / 0.000         0.000 / 0.000         0.000 / 0.000         0.000 / 0.000       ms
[13630.316s][info][gc,stats    ]       Phase: Concurrent Mark Free                          0.000 / 0.000         0.000 / 0.000         1.118 / 305.339       1.118 / 305.339     ms
[13630.316s][info][gc,stats    ]       Phase: Concurrent Process Non-Strong References      0.000 / 0.000         0.000 / 0.000        69.335 / 18388.762    69.335 / 18388.762   ms
[13630.316s][info][gc,stats    ]       Phase: Concurrent Relocate                           0.000 / 0.000         0.000 / 0.000        11.475 / 64.108       11.475 / 64.108      ms
[13630.316s][info][gc,stats    ]       Phase: Concurrent Reset Relocation Set               0.000 / 0.000         0.000 / 0.000         0.212 / 0.968         0.212 / 0.968       ms
[13630.316s][info][gc,stats    ]       Phase: Concurrent Select Relocation Set              0.000 / 0.000         0.000 / 0.000         6.722 / 623.697       6.722 / 623.697     ms
[13630.316s][info][gc,stats    ]       Phase: Pause Mark End                                0.000 / 0.000         0.000 / 0.000         0.094 / 0.434         0.094 / 0.434       ms
[13630.316s][info][gc,stats    ]       Phase: Pause Mark Start                              0.000 / 0.000         0.000 / 0.000         0.023 / 0.223         0.023 / 0.223       ms
[13630.316s][info][gc,stats    ]       Phase: Pause Relocate Start                          0.000 / 0.000         0.000 / 0.000         0.045 / 0.309         0.045 / 0.309       ms
[13630.316s][info][gc,stats    ]    Subphase: Concurrent Classes Purge                      0.000 / 0.000         0.000 / 0.000         0.518 / 3.157         0.518 / 3.157       ms
[13630.316s][info][gc,stats    ]    Subphase: Concurrent Classes Unlink                     0.000 / 0.000         0.000 / 0.000        64.039 / 18382.834    64.039 / 18382.834   ms
[13630.316s][info][gc,stats    ]    Subphase: Concurrent Mark                               0.000 / 0.000         0.000 / 0.000       450.151 / 3398.532    450.151 / 3398.532    ms
[13630.317s][info][gc,stats    ]    Subphase: Concurrent Mark Try Flush                     0.000 / 0.000         0.000 / 0.000         1.565 / 934.939       1.565 / 934.939     ms
[13630.317s][info][gc,stats    ]    Subphase: Concurrent Mark Try Terminate                 0.000 / 0.000         0.000 / 0.000         1.072 / 934.940       1.072 / 934.940     ms
[13630.317s][info][gc,stats    ]    Subphase: Concurrent References Enqueue                 0.000 / 0.000         0.000 / 0.000         0.009 / 0.091         0.009 / 0.091       ms
[13630.317s][info][gc,stats    ]    Subphase: Concurrent References Process                 0.000 / 0.000         0.000 / 0.000         0.881 / 3.992         0.881 / 3.992       ms
[13630.317s][info][gc,stats    ]    Subphase: Concurrent Roots ClassLoaderDataGraph         0.000 / 0.000         0.000 / 0.000         0.833 / 3.889         0.833 / 3.889       ms
[13630.317s][info][gc,stats    ]    Subphase: Concurrent Roots CodeCache                    0.000 / 0.000         0.000 / 0.000         0.000 / 0.000         0.000 / 0.000       ms
[13630.317s][info][gc,stats    ]    Subphase: Concurrent Roots JavaThreads                  0.000 / 0.000         0.000 / 0.000         4.665 / 969.487       4.665 / 969.487     ms
[13630.317s][info][gc,stats    ]    Subphase: Concurrent Roots OopStorageSet                0.000 / 0.000         0.000 / 0.000         0.083 / 2.218         0.083 / 2.218       ms
[13630.317s][info][gc,stats    ]    Subphase: Concurrent Weak Roots OopStorageSet           0.000 / 0.000         0.000 / 0.000         1.501 / 13.633        1.501 / 13.633      ms
[13630.317s][info][gc,stats    ]    Subphase: Pause Mark Try Complete                       0.000 / 0.000         0.000 / 0.000         0.001 / 0.031         0.001 / 0.031       ms
[13630.317s][info][gc,stats    ]      System: Java Threads                                      0 / 0                 0 / 0              1929 / 4684           1929 / 4684        threads
[13630.317s][info][gc,stats    ] =========================================================================================================================================================
[13640.316s][info][gc,stats    ] === Garbage Collection Statistics =======================================================================================================================
[13640.316s][info][gc,stats    ]                                                              Last 10s              Last 10m              Last 10h                Total
[13640.316s][info][gc,stats    ]                                                              Avg / Max             Avg / Max             Avg / Max             Avg / Max
[13640.316s][info][gc,stats    ]   Collector: Garbage Collection Cycle                      0.000 / 0.000         0.000 / 0.000       665.978 / 19032.234   665.978 / 19032.234   ms
[13640.316s][info][gc,stats    ]  Contention: Mark Segment Reset Contention                     0 / 0                 0 / 0                 2 / 104               2 / 104         ops/s
[13640.316s][info][gc,stats    ]  Contention: Mark SeqNum Reset Contention                      0 / 0                 0 / 0                 0 / 7                 0 / 7           ops/s
[13640.316s][info][gc,stats    ]    Critical: Allocation Stall                                  0 / 0                 0 / 0                 0 / 827               0 / 827         ops/s
[13640.316s][info][gc,stats    ]    Critical: Allocation Stall                              0.000 / 0.000         0.000 / 0.000       146.230 / 487.490     146.230 / 487.490     ms
[13640.316s][info][gc,stats    ]    Critical: GC Locker Stall                                   0 / 0                 0 / 0                 0 / 2                 0 / 2           ops/s
[13640.316s][info][gc,stats    ]    Critical: GC Locker Stall                               0.000 / 0.000         0.000 / 0.000         0.167 / 4.787         0.167 / 4.787       ms
[13640.316s][info][gc,stats    ]    Critical: Relocation Stall                                  0 / 0                 0 / 0                 0 / 103               0 / 103         ops/s
[13640.316s][info][gc,stats    ]    Critical: Relocation Stall                              0.000 / 0.000         0.000 / 0.000        14.882 / 62.172       14.882 / 62.172      ms
[13640.316s][info][gc,stats    ]      Memory: Allocation Rate                                   0 / 0                 0 / 0               511 / 2790            511 / 2790        MB/s
[13640.316s][info][gc,stats    ]      Memory: Out Of Memory                                     0 / 0                 0 / 0                 0 / 0                 0 / 0           ops/s
[13640.316s][info][gc,stats    ]      Memory: Page Cache Flush                                  0 / 0                 0 / 0                 0 / 258               0 / 258         MB/s
[13640.316s][info][gc,stats    ]      Memory: Page Cache Hit L1                                 0 / 0                 0 / 0               249 / 1336            249 / 1336        ops/s
[13640.316s][info][gc,stats    ]      Memory: Page Cache Hit L2                                 0 / 0                 0 / 0                 0 / 0                 0 / 0           ops/s
[13640.316s][info][gc,stats    ]      Memory: Page Cache Hit L3                                 0 / 0                 0 / 0                 0 / 1028              0 / 1028        ops/s
[13640.316s][info][gc,stats    ]      Memory: Page Cache Miss                                   0 / 0                 0 / 0                 0 / 12                0 / 12          ops/s
[13640.316s][info][gc,stats    ]      Memory: Uncommit                                          0 / 0                 0 / 0                 0 / 0                 0 / 0           MB/s
[13640.316s][info][gc,stats    ]      Memory: Undo Object Allocation Failed                     0 / 0                 0 / 0                 0 / 5                 0 / 5           ops/s
[13640.316s][info][gc,stats    ]      Memory: Undo Object Allocation Succeeded                  0 / 0                 0 / 0                17 / 6595             17 / 6595        ops/s
[13640.316s][info][gc,stats    ]      Memory: Undo Page Allocation                              0 / 0                 0 / 0                 0 / 676               0 / 676         ops/s
[13640.316s][info][gc,stats    ]       Phase: Concurrent Mark                               0.000 / 0.000         0.000 / 0.000       571.218 / 3424.228    571.218 / 3424.228    ms
[13640.316s][info][gc,stats    ]       Phase: Concurrent Mark Continue                      0.000 / 0.000         0.000 / 0.000         0.000 / 0.000         0.000 / 0.000       ms
[13640.316s][info][gc,stats    ]       Phase: Concurrent Mark Free                          0.000 / 0.000         0.000 / 0.000         1.118 / 305.339       1.118 / 305.339     ms
[13640.316s][info][gc,stats    ]       Phase: Concurrent Process Non-Strong References      0.000 / 0.000         0.000 / 0.000        69.335 / 18388.762    69.335 / 18388.762   ms
[13640.316s][info][gc,stats    ]       Phase: Concurrent Relocate                           0.000 / 0.000         0.000 / 0.000        11.475 / 64.108       11.475 / 64.108      ms
[13640.316s][info][gc,stats    ]       Phase: Concurrent Reset Relocation Set               0.000 / 0.000         0.000 / 0.000         0.212 / 0.968         0.212 / 0.968       ms
[13640.316s][info][gc,stats    ]       Phase: Concurrent Select Relocation Set              0.000 / 0.000         0.000 / 0.000         6.722 / 623.697       6.722 / 623.697     ms
[13640.316s][info][gc,stats    ]       Phase: Pause Mark End                                0.000 / 0.000         0.000 / 0.000         0.094 / 0.434         0.094 / 0.434       ms
[13640.316s][info][gc,stats    ]       Phase: Pause Mark Start                              0.000 / 0.000         0.000 / 0.000         0.023 / 0.223         0.023 / 0.223       ms
[13640.316s][info][gc,stats    ]       Phase: Pause Relocate Start                          0.000 / 0.000         0.000 / 0.000         0.045 / 0.309         0.045 / 0.309       ms
[13640.316s][info][gc,stats    ]    Subphase: Concurrent Classes Purge                      0.000 / 0.000         0.000 / 0.000         0.518 / 3.157         0.518 / 3.157       ms
[13640.316s][info][gc,stats    ]    Subphase: Concurrent Classes Unlink                     0.000 / 0.000         0.000 / 0.000        64.039 / 18382.834    64.039 / 18382.834   ms
[13640.316s][info][gc,stats    ]    Subphase: Concurrent Mark                               0.000 / 0.000         0.000 / 0.000       450.151 / 3398.532    450.151 / 3398.532    ms
[13640.316s][info][gc,stats    ]    Subphase: Concurrent Mark Try Flush                     0.000 / 0.000         0.000 / 0.000         1.565 / 934.939       1.565 / 934.939     ms
[13640.316s][info][gc,stats    ]    Subphase: Concurrent Mark Try Terminate                 0.000 / 0.000         0.000 / 0.000         1.072 / 934.940       1.072 / 934.940     ms
[13640.316s][info][gc,stats    ]    Subphase: Concurrent References Enqueue                 0.000 / 0.000         0.000 / 0.000         0.009 / 0.091         0.009 / 0.091       ms
[13640.316s][info][gc,stats    ]    Subphase: Concurrent References Process                 0.000 / 0.000         0.000 / 0.000         0.881 / 3.992         0.881 / 3.992       ms
[13640.316s][info][gc,stats    ]    Subphase: Concurrent Roots ClassLoaderDataGraph         0.000 / 0.000         0.000 / 0.000         0.833 / 3.889         0.833 / 3.889       ms
[13640.316s][info][gc,stats    ]    Subphase: Concurrent Roots CodeCache                    0.000 / 0.000         0.000 / 0.000         0.000 / 0.000         0.000 / 0.000       ms
[13640.316s][info][gc,stats    ]    Subphase: Concurrent Roots JavaThreads                  0.000 / 0.000         0.000 / 0.000         4.665 / 969.487       4.665 / 969.487     ms
[13640.316s][info][gc,stats    ]    Subphase: Concurrent Roots OopStorageSet                0.000 / 0.000         0.000 / 0.000         0.083 / 2.218         0.083 / 2.218       ms
[13640.316s][info][gc,stats    ]    Subphase: Concurrent Weak Roots OopStorageSet           0.000 / 0.000         0.000 / 0.000         1.501 / 13.633        1.501 / 13.633      ms
[13640.316s][info][gc,stats    ]    Subphase: Pause Mark Try Complete                       0.000 / 0.000         0.000 / 0.000         0.001 / 0.031         0.001 / 0.031       ms
[13640.316s][info][gc,stats    ]      System: Java Threads                                      0 / 0                 0 / 0              1929 / 4684           1929 / 4684        threads
[13640.316s][info][gc,stats    ] =========================================================================================================================================================
[13650.316s][info][gc,stats    ] === Garbage Collection Statistics =======================================================================================================================
[13650.316s][info][gc,stats    ]                                                              Last 10s              Last 10m              Last 10h                Total
[13650.316s][info][gc,stats    ]                                                              Avg / Max             Avg / Max             Avg / Max             Avg / Max
[13650.316s][info][gc,stats    ]   Collector: Garbage Collection Cycle                      0.000 / 0.000         0.000 / 0.000       665.978 / 19032.234   665.978 / 19032.234   ms
[13650.316s][info][gc,stats    ]  Contention: Mark Segment Reset Contention                     0 / 0                 0 / 0                 2 / 104               2 / 104         ops/s
[13650.316s][info][gc,stats    ]  Contention: Mark SeqNum Reset Contention                      0 / 0                 0 / 0                 0 / 7                 0 / 7           ops/s
[13650.316s][info][gc,stats    ]    Critical: Allocation Stall                                  0 / 0                 0 / 0                 0 / 827               0 / 827         ops/s
[13650.316s][info][gc,stats    ]    Critical: Allocation Stall                              0.000 / 0.000         0.000 / 0.000       146.230 / 487.490     146.230 / 487.490     ms
[13650.316s][info][gc,stats    ]    Critical: GC Locker Stall                                   0 / 0                 0 / 0                 0 / 2                 0 / 2           ops/s
[13650.316s][info][gc,stats    ]    Critical: GC Locker Stall                               0.000 / 0.000         0.000 / 0.000         0.167 / 4.787         0.167 / 4.787       ms
[13650.316s][info][gc,stats    ]    Critical: Relocation Stall                                  0 / 0                 0 / 0                 0 / 103               0 / 103         ops/s
[13650.316s][info][gc,stats    ]    Critical: Relocation Stall                              0.000 / 0.000         0.000 / 0.000        14.882 / 62.172       14.882 / 62.172      ms
[13650.316s][info][gc,stats    ]      Memory: Allocation Rate                                   0 / 0                 0 / 0               511 / 2790            511 / 2790        MB/s
[13650.316s][info][gc,stats    ]      Memory: Out Of Memory                                     0 / 0                 0 / 0                 0 / 0                 0 / 0           ops/s
[13650.316s][info][gc,stats    ]      Memory: Page Cache Flush                                  0 / 0                 0 / 0                 0 / 258               0 / 258         MB/s
[13650.316s][info][gc,stats    ]      Memory: Page Cache Hit L1                                 0 / 0                 0 / 0               248 / 1336            248 / 1336        ops/s
[13650.316s][info][gc,stats    ]      Memory: Page Cache Hit L2                                 0 / 0                 0 / 0                 0 / 0                 0 / 0           ops/s
[13650.316s][info][gc,stats    ]      Memory: Page Cache Hit L3                                 0 / 0                 0 / 0                 0 / 1028              0 / 1028        ops/s
[13650.316s][info][gc,stats    ]      Memory: Page Cache Miss                                   0 / 0                 0 / 0                 0 / 12                0 / 12          ops/s
[13650.316s][info][gc,stats    ]      Memory: Uncommit                                          0 / 0                 0 / 0                 0 / 0                 0 / 0           MB/s
[13650.316s][info][gc,stats    ]      Memory: Undo Object Allocation Failed                     0 / 0                 0 / 0                 0 / 5                 0 / 5           ops/s
[13650.316s][info][gc,stats    ]      Memory: Undo Object Allocation Succeeded                  0 / 0                 0 / 0                17 / 6595             17 / 6595        ops/s
[13650.316s][info][gc,stats    ]      Memory: Undo Page Allocation                              0 / 0                 0 / 0                 0 / 676               0 / 676         ops/s
[13650.316s][info][gc,stats    ]       Phase: Concurrent Mark                               0.000 / 0.000         0.000 / 0.000       571.218 / 3424.228    571.218 / 3424.228    ms
[13650.316s][info][gc,stats    ]       Phase: Concurrent Mark Continue                      0.000 / 0.000         0.000 / 0.000         0.000 / 0.000         0.000 / 0.000       ms
[13650.316s][info][gc,stats    ]       Phase: Concurrent Mark Free                          0.000 / 0.000         0.000 / 0.000         1.118 / 305.339       1.118 / 305.339     ms
[13650.316s][info][gc,stats    ]       Phase: Concurrent Process Non-Strong References      0.000 / 0.000         0.000 / 0.000        69.335 / 18388.762    69.335 / 18388.762   ms
[13650.316s][info][gc,stats    ]       Phase: Concurrent Relocate                           0.000 / 0.000         0.000 / 0.000        11.475 / 64.108       11.475 / 64.108      ms
[13650.316s][info][gc,stats    ]       Phase: Concurrent Reset Relocation Set               0.000 / 0.000         0.000 / 0.000         0.212 / 0.968         0.212 / 0.968       ms
[13650.316s][info][gc,stats    ]       Phase: Concurrent Select Relocation Set              0.000 / 0.000         0.000 / 0.000         6.722 / 623.697       6.722 / 623.697     ms
[13650.316s][info][gc,stats    ]       Phase: Pause Mark End                                0.000 / 0.000         0.000 / 0.000         0.094 / 0.434         0.094 / 0.434       ms
[13650.316s][info][gc,stats    ]       Phase: Pause Mark Start                              0.000 / 0.000         0.000 / 0.000         0.023 / 0.223         0.023 / 0.223       ms
[13650.316s][info][gc,stats    ]       Phase: Pause Relocate Start                          0.000 / 0.000         0.000 / 0.000         0.045 / 0.309         0.045 / 0.309       ms
[13650.316s][info][gc,stats    ]    Subphase: Concurrent Classes Purge                      0.000 / 0.000         0.000 / 0.000         0.518 / 3.157         0.518 / 3.157       ms
[13650.316s][info][gc,stats    ]    Subphase: Concurrent Classes Unlink                     0.000 / 0.000         0.000 / 0.000        64.039 / 18382.834    64.039 / 18382.834   ms
[13650.316s][info][gc,stats    ]    Subphase: Concurrent Mark                               0.000 / 0.000         0.000 / 0.000       450.151 / 3398.532    450.151 / 3398.532    ms
[13650.316s][info][gc,stats    ]    Subphase: Concurrent Mark Try Flush                     0.000 / 0.000         0.000 / 0.000         1.565 / 934.939       1.565 / 934.939     ms
[13650.316s][info][gc,stats    ]    Subphase: Concurrent Mark Try Terminate                 0.000 / 0.000         0.000 / 0.000         1.072 / 934.940       1.072 / 934.940     ms
[13650.316s][info][gc,stats    ]    Subphase: Concurrent References Enqueue                 0.000 / 0.000         0.000 / 0.000         0.009 / 0.091         0.009 / 0.091       ms
[13650.316s][info][gc,stats    ]    Subphase: Concurrent References Process                 0.000 / 0.000         0.000 / 0.000         0.881 / 3.992         0.881 / 3.992       ms
[13650.316s][info][gc,stats    ]    Subphase: Concurrent Roots ClassLoaderDataGraph         0.000 / 0.000         0.000 / 0.000         0.833 / 3.889         0.833 / 3.889       ms
[13650.316s][info][gc,stats    ]    Subphase: Concurrent Roots CodeCache                    0.000 / 0.000         0.000 / 0.000         0.000 / 0.000         0.000 / 0.000       ms
[13650.316s][info][gc,stats    ]    Subphase: Concurrent Roots JavaThreads                  0.000 / 0.000         0.000 / 0.000         4.665 / 969.487       4.665 / 969.487     ms
[13650.316s][info][gc,stats    ]    Subphase: Concurrent Roots OopStorageSet                0.000 / 0.000         0.000 / 0.000         0.083 / 2.218         0.083 / 2.218       ms
[13650.316s][info][gc,stats    ]    Subphase: Concurrent Weak Roots OopStorageSet           0.000 / 0.000         0.000 / 0.000         1.501 / 13.633        1.501 / 13.633      ms
[13650.316s][info][gc,stats    ]    Subphase: Pause Mark Try Complete                       0.000 / 0.000         0.000 / 0.000         0.001 / 0.031         0.001 / 0.031       ms
[13650.316s][info][gc,stats    ]      System: Java Threads                                      0 / 0                 0 / 0              1929 / 4684           1929 / 4684        threads
[13650.316s][info][gc,stats    ] =========================================================================================================================================================
[13660.315s][info][gc,stats    ] === Garbage Collection Statistics =======================================================================================================================
[13660.315s][info][gc,stats    ]                                                              Last 10s              Last 10m              Last 10h                Total
[13660.315s][info][gc,stats    ]                                                              Avg / Max             Avg / Max             Avg / Max             Avg / Max
[13660.315s][info][gc,stats    ]   Collector: Garbage Collection Cycle                      0.000 / 0.000         0.000 / 0.000       665.978 / 19032.234   665.978 / 19032.234   ms
[13660.315s][info][gc,stats    ]  Contention: Mark Segment Reset Contention                     0 / 0                 0 / 0                 2 / 104               2 / 104         ops/s
[13660.315s][info][gc,stats    ]  Contention: Mark SeqNum Reset Contention                      0 / 0                 0 / 0                 0 / 7                 0 / 7           ops/s
[13660.315s][info][gc,stats    ]    Critical: Allocation Stall                                  0 / 0                 0 / 0                 0 / 827               0 / 827         ops/s
[13660.315s][info][gc,stats    ]    Critical: Allocation Stall                              0.000 / 0.000         0.000 / 0.000       146.230 / 487.490     146.230 / 487.490     ms
[13660.315s][info][gc,stats    ]    Critical: GC Locker Stall                                   0 / 0                 0 / 0                 0 / 2                 0 / 2           ops/s
[13660.315s][info][gc,stats    ]    Critical: GC Locker Stall                               0.000 / 0.000         0.000 / 0.000         0.167 / 4.787         0.167 / 4.787       ms
[13660.315s][info][gc,stats    ]    Critical: Relocation Stall                                  0 / 0                 0 / 0                 0 / 103               0 / 103         ops/s
[13660.316s][info][gc,stats    ]    Critical: Relocation Stall                              0.000 / 0.000         0.000 / 0.000        14.882 / 62.172       14.882 / 62.172      ms
[13660.316s][info][gc,stats    ]      Memory: Allocation Rate                                   0 / 0                 0 / 0               510 / 2790            510 / 2790        MB/s
[13660.316s][info][gc,stats    ]      Memory: Out Of Memory                                     0 / 0                 0 / 0                 0 / 0                 0 / 0           ops/s
[13660.316s][info][gc,stats    ]      Memory: Page Cache Flush                                  0 / 0                 0 / 0                 0 / 258               0 / 258         MB/s
[13660.316s][info][gc,stats    ]      Memory: Page Cache Hit L1                                 0 / 0                 0 / 0               248 / 1336            248 / 1336        ops/s
[13660.316s][info][gc,stats    ]      Memory: Page Cache Hit L2                                 0 / 0                 0 / 0                 0 / 0                 0 / 0           ops/s
[13660.316s][info][gc,stats    ]      Memory: Page Cache Hit L3                                 0 / 0                 0 / 0                 0 / 1028              0 / 1028        ops/s
[13660.316s][info][gc,stats    ]      Memory: Page Cache Miss                                   0 / 0                 0 / 0                 0 / 12                0 / 12          ops/s
[13660.316s][info][gc,stats    ]      Memory: Uncommit                                          0 / 0                 0 / 0                 0 / 0                 0 / 0           MB/s
[13660.316s][info][gc,stats    ]      Memory: Undo Object Allocation Failed                     0 / 0                 0 / 0                 0 / 5                 0 / 5           ops/s
[13660.316s][info][gc,stats    ]      Memory: Undo Object Allocation Succeeded                  0 / 0                 0 / 0                17 / 6595             17 / 6595        ops/s
[13660.316s][info][gc,stats    ]      Memory: Undo Page Allocation                              0 / 0                 0 / 0                 0 / 676               0 / 676         ops/s
[13660.316s][info][gc,stats    ]       Phase: Concurrent Mark                               0.000 / 0.000         0.000 / 0.000       571.218 / 3424.228    571.218 / 3424.228    ms
[13660.316s][info][gc,stats    ]       Phase: Concurrent Mark Continue                      0.000 / 0.000         0.000 / 0.000         0.000 / 0.000         0.000 / 0.000       ms
[13660.316s][info][gc,stats    ]       Phase: Concurrent Mark Free                          0.000 / 0.000         0.000 / 0.000         1.118 / 305.339       1.118 / 305.339     ms
[13660.316s][info][gc,stats    ]       Phase: Concurrent Process Non-Strong References      0.000 / 0.000         0.000 / 0.000        69.335 / 18388.762    69.335 / 18388.762   ms
[13660.316s][info][gc,stats    ]       Phase: Concurrent Relocate                           0.000 / 0.000         0.000 / 0.000        11.475 / 64.108       11.475 / 64.108      ms
[13660.316s][info][gc,stats    ]       Phase: Concurrent Reset Relocation Set               0.000 / 0.000         0.000 / 0.000         0.212 / 0.968         0.212 / 0.968       ms
[13660.316s][info][gc,stats    ]       Phase: Concurrent Select Relocation Set              0.000 / 0.000         0.000 / 0.000         6.722 / 623.697       6.722 / 623.697     ms
[13660.316s][info][gc,stats    ]       Phase: Pause Mark End                                0.000 / 0.000         0.000 / 0.000         0.094 / 0.434         0.094 / 0.434       ms
[13660.316s][info][gc,stats    ]       Phase: Pause Mark Start                              0.000 / 0.000         0.000 / 0.000         0.023 / 0.223         0.023 / 0.223       ms
[13660.316s][info][gc,stats    ]       Phase: Pause Relocate Start                          0.000 / 0.000         0.000 / 0.000         0.045 / 0.309         0.045 / 0.309       ms
[13660.316s][info][gc,stats    ]    Subphase: Concurrent Classes Purge                      0.000 / 0.000         0.000 / 0.000         0.518 / 3.157         0.518 / 3.157       ms
[13660.316s][info][gc,stats    ]    Subphase: Concurrent Classes Unlink                     0.000 / 0.000         0.000 / 0.000        64.039 / 18382.834    64.039 / 18382.834   ms
[13660.316s][info][gc,stats    ]    Subphase: Concurrent Mark                               0.000 / 0.000         0.000 / 0.000       450.151 / 3398.532    450.151 / 3398.532    ms
[13660.316s][info][gc,stats    ]    Subphase: Concurrent Mark Try Flush                     0.000 / 0.000         0.000 / 0.000         1.565 / 934.939       1.565 / 934.939     ms
[13660.316s][info][gc,stats    ]    Subphase: Concurrent Mark Try Terminate                 0.000 / 0.000         0.000 / 0.000         1.072 / 934.940       1.072 / 934.940     ms
[13660.316s][info][gc,stats    ]    Subphase: Concurrent References Enqueue                 0.000 / 0.000         0.000 / 0.000         0.009 / 0.091         0.009 / 0.091       ms
[13660.316s][info][gc,stats    ]    Subphase: Concurrent References Process                 0.000 / 0.000         0.000 / 0.000         0.881 / 3.992         0.881 / 3.992       ms
[13660.316s][info][gc,stats    ]    Subphase: Concurrent Roots ClassLoaderDataGraph         0.000 / 0.000         0.000 / 0.000         0.833 / 3.889         0.833 / 3.889       ms
[13660.316s][info][gc,stats    ]    Subphase: Concurrent Roots CodeCache                    0.000 / 0.000         0.000 / 0.000         0.000 / 0.000         0.000 / 0.000       ms
[13660.316s][info][gc,stats    ]    Subphase: Concurrent Roots JavaThreads                  0.000 / 0.000         0.000 / 0.000         4.665 / 969.487       4.665 / 969.487     ms
[13660.316s][info][gc,stats    ]    Subphase: Concurrent Roots OopStorageSet                0.000 / 0.000         0.000 / 0.000         0.083 / 2.218         0.083 / 2.218       ms
[13660.316s][info][gc,stats    ]    Subphase: Concurrent Weak Roots OopStorageSet           0.000 / 0.000         0.000 / 0.000         1.501 / 13.633        1.501 / 13.633      ms
[13660.316s][info][gc,stats    ]    Subphase: Pause Mark Try Complete                       0.000 / 0.000         0.000 / 0.000         0.001 / 0.031         0.001 / 0.031       ms
[13660.316s][info][gc,stats    ]      System: Java Threads                                      0 / 0                 0 / 0              1929 / 4684           1929 / 4684        threads
[13660.316s][info][gc,stats    ] =========================================================================================================================================================
[13670.315s][info][gc,stats    ] === Garbage Collection Statistics =======================================================================================================================
[13670.315s][info][gc,stats    ]                                                              Last 10s              Last 10m              Last 10h                Total
[13670.315s][info][gc,stats    ]                                                              Avg / Max             Avg / Max             Avg / Max             Avg / Max
[13670.315s][info][gc,stats    ]   Collector: Garbage Collection Cycle                      0.000 / 0.000         0.000 / 0.000       665.978 / 19032.234   665.978 / 19032.234   ms
[13670.315s][info][gc,stats    ]  Contention: Mark Segment Reset Contention                     0 / 0                 0 / 0                 2 / 104               2 / 104         ops/s
[13670.315s][info][gc,stats    ]  Contention: Mark SeqNum Reset Contention                      0 / 0                 0 / 0                 0 / 7                 0 / 7           ops/s
[13670.315s][info][gc,stats    ]    Critical: Allocation Stall                                  0 / 0                 0 / 0                 0 / 827               0 / 827         ops/s
[13670.315s][info][gc,stats    ]    Critical: Allocation Stall                              0.000 / 0.000         0.000 / 0.000       146.230 / 487.490     146.230 / 487.490     ms
[13670.315s][info][gc,stats    ]    Critical: GC Locker Stall                                   0 / 0                 0 / 0                 0 / 2                 0 / 2           ops/s
[13670.315s][info][gc,stats    ]    Critical: GC Locker Stall                               0.000 / 0.000         0.000 / 0.000         0.167 / 4.787         0.167 / 4.787       ms
[13670.315s][info][gc,stats    ]    Critical: Relocation Stall                                  0 / 0                 0 / 0                 0 / 103               0 / 103         ops/s
[13670.315s][info][gc,stats    ]    Critical: Relocation Stall                              0.000 / 0.000         0.000 / 0.000        14.882 / 62.172       14.882 / 62.172      ms
[13670.315s][info][gc,stats    ]      Memory: Allocation Rate                                   0 / 0                 0 / 0               510 / 2790            510 / 2790        MB/s
[13670.315s][info][gc,stats    ]      Memory: Out Of Memory                                     0 / 0                 0 / 0                 0 / 0                 0 / 0           ops/s
[13670.315s][info][gc,stats    ]      Memory: Page Cache Flush                                  0 / 0                 0 / 0                 0 / 258               0 / 258         MB/s
[13670.315s][info][gc,stats    ]      Memory: Page Cache Hit L1                                 0 / 0                 0 / 0               248 / 1336            248 / 1336        ops/s
[13670.315s][info][gc,stats    ]      Memory: Page Cache Hit L2                                 0 / 0                 0 / 0                 0 / 0                 0 / 0           ops/s
[13670.315s][info][gc,stats    ]      Memory: Page Cache Hit L3                                 0 / 0                 0 / 0                 0 / 1028              0 / 1028        ops/s
[13670.315s][info][gc,stats    ]      Memory: Page Cache Miss                                   0 / 0                 0 / 0                 0 / 12                0 / 12          ops/s
[13670.315s][info][gc,stats    ]      Memory: Uncommit                                          0 / 0                 0 / 0                 0 / 0                 0 / 0           MB/s
[13670.315s][info][gc,stats    ]      Memory: Undo Object Allocation Failed                     0 / 0                 0 / 0                 0 / 5                 0 / 5           ops/s
[13670.315s][info][gc,stats    ]      Memory: Undo Object Allocation Succeeded                  0 / 0                 0 / 0                17 / 6595             17 / 6595        ops/s
[13670.315s][info][gc,stats    ]      Memory: Undo Page Allocation                              0 / 0                 0 / 0                 0 / 676               0 / 676         ops/s
[13670.315s][info][gc,stats    ]       Phase: Concurrent Mark                               0.000 / 0.000         0.000 / 0.000       571.218 / 3424.228    571.218 / 3424.228    ms
[13670.315s][info][gc,stats    ]       Phase: Concurrent Mark Continue                      0.000 / 0.000         0.000 / 0.000         0.000 / 0.000         0.000 / 0.000       ms
[13670.315s][info][gc,stats    ]       Phase: Concurrent Mark Free                          0.000 / 0.000         0.000 / 0.000         1.118 / 305.339       1.118 / 305.339     ms
[13670.315s][info][gc,stats    ]       Phase: Concurrent Process Non-Strong References      0.000 / 0.000         0.000 / 0.000        69.335 / 18388.762    69.335 / 18388.762   ms
[13670.315s][info][gc,stats    ]       Phase: Concurrent Relocate                           0.000 / 0.000         0.000 / 0.000        11.475 / 64.108       11.475 / 64.108      ms
[13670.316s][info][gc,stats    ]       Phase: Concurrent Reset Relocation Set               0.000 / 0.000         0.000 / 0.000         0.212 / 0.968         0.212 / 0.968       ms
[13670.316s][info][gc,stats    ]       Phase: Concurrent Select Relocation Set              0.000 / 0.000         0.000 / 0.000         6.722 / 623.697       6.722 / 623.697     ms
[13670.316s][info][gc,stats    ]       Phase: Pause Mark End                                0.000 / 0.000         0.000 / 0.000         0.094 / 0.434         0.094 / 0.434       ms
[13670.316s][info][gc,stats    ]       Phase: Pause Mark Start                              0.000 / 0.000         0.000 / 0.000         0.023 / 0.223         0.023 / 0.223       ms
[13670.316s][info][gc,stats    ]       Phase: Pause Relocate Start                          0.000 / 0.000         0.000 / 0.000         0.045 / 0.309         0.045 / 0.309       ms
[13670.316s][info][gc,stats    ]    Subphase: Concurrent Classes Purge                      0.000 / 0.000         0.000 / 0.000         0.518 / 3.157         0.518 / 3.157       ms
[13670.316s][info][gc,stats    ]    Subphase: Concurrent Classes Unlink                     0.000 / 0.000         0.000 / 0.000        64.039 / 18382.834    64.039 / 18382.834   ms
[13670.316s][info][gc,stats    ]    Subphase: Concurrent Mark                               0.000 / 0.000         0.000 / 0.000       450.151 / 3398.532    450.151 / 3398.532    ms
[13670.316s][info][gc,stats    ]    Subphase: Concurrent Mark Try Flush                     0.000 / 0.000         0.000 / 0.000         1.565 / 934.939       1.565 / 934.939     ms
[13670.316s][info][gc,stats    ]    Subphase: Concurrent Mark Try Terminate                 0.000 / 0.000         0.000 / 0.000         1.072 / 934.940       1.072 / 934.940     ms
[13670.316s][info][gc,stats    ]    Subphase: Concurrent References Enqueue                 0.000 / 0.000         0.000 / 0.000         0.009 / 0.091         0.009 / 0.091       ms
[13670.316s][info][gc,stats    ]    Subphase: Concurrent References Process                 0.000 / 0.000         0.000 / 0.000         0.881 / 3.992         0.881 / 3.992       ms
[13670.316s][info][gc,stats    ]    Subphase: Concurrent Roots ClassLoaderDataGraph         0.000 / 0.000         0.000 / 0.000         0.833 / 3.889         0.833 / 3.889       ms
[13670.316s][info][gc,stats    ]    Subphase: Concurrent Roots CodeCache                    0.000 / 0.000         0.000 / 0.000         0.000 / 0.000         0.000 / 0.000       ms
[13670.316s][info][gc,stats    ]    Subphase: Concurrent Roots JavaThreads                  0.000 / 0.000         0.000 / 0.000         4.665 / 969.487       4.665 / 969.487     ms
[13670.316s][info][gc,stats    ]    Subphase: Concurrent Roots OopStorageSet                0.000 / 0.000         0.000 / 0.000         0.083 / 2.218         0.083 / 2.218       ms
[13670.316s][info][gc,stats    ]    Subphase: Concurrent Weak Roots OopStorageSet           0.000 / 0.000         0.000 / 0.000         1.501 / 13.633        1.501 / 13.633      ms
[13670.316s][info][gc,stats    ]    Subphase: Pause Mark Try Complete                       0.000 / 0.000         0.000 / 0.000         0.001 / 0.031         0.001 / 0.031       ms
[13670.316s][info][gc,stats    ]      System: Java Threads                                      0 / 0                 0 / 0              1929 / 4684           1929 / 4684        threads
[13670.316s][info][gc,stats    ] =========================================================================================================================================================
[13680.316s][info][gc,stats    ] === Garbage Collection Statistics =======================================================================================================================
[13680.316s][info][gc,stats    ]                                                              Last 10s              Last 10m              Last 10h                Total
[13680.316s][info][gc,stats    ]                                                              Avg / Max             Avg / Max             Avg / Max             Avg / Max
[13680.316s][info][gc,stats    ]   Collector: Garbage Collection Cycle                      0.000 / 0.000         0.000 / 0.000       665.978 / 19032.234   665.978 / 19032.234   ms
[13680.316s][info][gc,stats    ]  Contention: Mark Segment Reset Contention                     0 / 0                 0 / 0                 2 / 104               2 / 104         ops/s
[13680.316s][info][gc,stats    ]  Contention: Mark SeqNum Reset Contention                      0 / 0                 0 / 0                 0 / 7                 0 / 7           ops/s
[13680.316s][info][gc,stats    ]    Critical: Allocation Stall                                  0 / 0                 0 / 0                 0 / 827               0 / 827         ops/s
[13680.316s][info][gc,stats    ]    Critical: Allocation Stall                              0.000 / 0.000         0.000 / 0.000       146.230 / 487.490     146.230 / 487.490     ms
[13680.316s][info][gc,stats    ]    Critical: GC Locker Stall                                   0 / 0                 0 / 0                 0 / 2                 0 / 2           ops/s
[13680.316s][info][gc,stats    ]    Critical: GC Locker Stall                               0.000 / 0.000         0.000 / 0.000         0.167 / 4.787         0.167 / 4.787       ms
[13680.316s][info][gc,stats    ]    Critical: Relocation Stall                                  0 / 0                 0 / 0                 0 / 103               0 / 103         ops/s
[13680.316s][info][gc,stats    ]    Critical: Relocation Stall                              0.000 / 0.000         0.000 / 0.000        14.882 / 62.172       14.882 / 62.172      ms
[13680.316s][info][gc,stats    ]      Memory: Allocation Rate                                   0 / 0                 0 / 0               510 / 2790            510 / 2790        MB/s
[13680.316s][info][gc,stats    ]      Memory: Out Of Memory                                     0 / 0                 0 / 0                 0 / 0                 0 / 0           ops/s
[13680.316s][info][gc,stats    ]      Memory: Page Cache Flush                                  0 / 0                 0 / 0                 0 / 258               0 / 258         MB/s
[13680.316s][info][gc,stats    ]      Memory: Page Cache Hit L1                                 0 / 0                 0 / 0               248 / 1336            248 / 1336        ops/s
[13680.316s][info][gc,stats    ]      Memory: Page Cache Hit L2                                 0 / 0                 0 / 0                 0 / 0                 0 / 0           ops/s
[13680.316s][info][gc,stats    ]      Memory: Page Cache Hit L3                                 0 / 0                 0 / 0                 0 / 1028              0 / 1028        ops/s
[13680.316s][info][gc,stats    ]      Memory: Page Cache Miss                                   0 / 0                 0 / 0                 0 / 12                0 / 12          ops/s
[13680.316s][info][gc,stats    ]      Memory: Uncommit                                          0 / 0                 0 / 0                 0 / 0                 0 / 0           MB/s
[13680.316s][info][gc,stats    ]      Memory: Undo Object Allocation Failed                     0 / 0                 0 / 0                 0 / 5                 0 / 5           ops/s
[13680.316s][info][gc,stats    ]      Memory: Undo Object Allocation Succeeded                  0 / 0                 0 / 0                17 / 6595             17 / 6595        ops/s
[13680.316s][info][gc,stats    ]      Memory: Undo Page Allocation                              0 / 0                 0 / 0                 0 / 676               0 / 676         ops/s
[13680.316s][info][gc,stats    ]       Phase: Concurrent Mark                               0.000 / 0.000         0.000 / 0.000       571.218 / 3424.228    571.218 / 3424.228    ms
[13680.316s][info][gc,stats    ]       Phase: Concurrent Mark Continue                      0.000 / 0.000         0.000 / 0.000         0.000 / 0.000         0.000 / 0.000       ms
[13680.316s][info][gc,stats    ]       Phase: Concurrent Mark Free                          0.000 / 0.000         0.000 / 0.000         1.118 / 305.339       1.118 / 305.339     ms
[13680.316s][info][gc,stats    ]       Phase: Concurrent Process Non-Strong References      0.000 / 0.000         0.000 / 0.000        69.335 / 18388.762    69.335 / 18388.762   ms
[13680.316s][info][gc,stats    ]       Phase: Concurrent Relocate                           0.000 / 0.000         0.000 / 0.000        11.475 / 64.108       11.475 / 64.108      ms
[13680.316s][info][gc,stats    ]       Phase: Concurrent Reset Relocation Set               0.000 / 0.000         0.000 / 0.000         0.212 / 0.968         0.212 / 0.968       ms
[13680.316s][info][gc,stats    ]       Phase: Concurrent Select Relocation Set              0.000 / 0.000         0.000 / 0.000         6.722 / 623.697       6.722 / 623.697     ms
[13680.316s][info][gc,stats    ]       Phase: Pause Mark End                                0.000 / 0.000         0.000 / 0.000         0.094 / 0.434         0.094 / 0.434       ms
[13680.316s][info][gc,stats    ]       Phase: Pause Mark Start                              0.000 / 0.000         0.000 / 0.000         0.023 / 0.223         0.023 / 0.223       ms
[13680.316s][info][gc,stats    ]       Phase: Pause Relocate Start                          0.000 / 0.000         0.000 / 0.000         0.045 / 0.309         0.045 / 0.309       ms
[13680.316s][info][gc,stats    ]    Subphase: Concurrent Classes Purge                      0.000 / 0.000         0.000 / 0.000         0.518 / 3.157         0.518 / 3.157       ms
[13680.316s][info][gc,stats    ]    Subphase: Concurrent Classes Unlink                     0.000 / 0.000         0.000 / 0.000        64.039 / 18382.834    64.039 / 18382.834   ms
[13680.316s][info][gc,stats    ]    Subphase: Concurrent Mark                               0.000 / 0.000         0.000 / 0.000       450.151 / 3398.532    450.151 / 3398.532    ms
[13680.316s][info][gc,stats    ]    Subphase: Concurrent Mark Try Flush                     0.000 / 0.000         0.000 / 0.000         1.565 / 934.939       1.565 / 934.939     ms
[13680.316s][info][gc,stats    ]    Subphase: Concurrent Mark Try Terminate                 0.000 / 0.000         0.000 / 0.000         1.072 / 934.940       1.072 / 934.940     ms
[13680.316s][info][gc,stats    ]    Subphase: Concurrent References Enqueue                 0.000 / 0.000         0.000 / 0.000         0.009 / 0.091         0.009 / 0.091       ms
[13680.316s][info][gc,stats    ]    Subphase: Concurrent References Process                 0.000 / 0.000         0.000 / 0.000         0.881 / 3.992         0.881 / 3.992       ms
[13680.316s][info][gc,stats    ]    Subphase: Concurrent Roots ClassLoaderDataGraph         0.000 / 0.000         0.000 / 0.000         0.833 / 3.889         0.833 / 3.889       ms
[13680.316s][info][gc,stats    ]    Subphase: Concurrent Roots CodeCache                    0.000 / 0.000         0.000 / 0.000         0.000 / 0.000         0.000 / 0.000       ms
[13680.316s][info][gc,stats    ]    Subphase: Concurrent Roots JavaThreads                  0.000 / 0.000         0.000 / 0.000         4.665 / 969.487       4.665 / 969.487     ms
[13680.317s][info][gc,stats    ]    Subphase: Concurrent Roots OopStorageSet                0.000 / 0.000         0.000 / 0.000         0.083 / 2.218         0.083 / 2.218       ms
[13680.317s][info][gc,stats    ]    Subphase: Concurrent Weak Roots OopStorageSet           0.000 / 0.000         0.000 / 0.000         1.501 / 13.633        1.501 / 13.633      ms
[13680.317s][info][gc,stats    ]    Subphase: Pause Mark Try Complete                       0.000 / 0.000         0.000 / 0.000         0.001 / 0.031         0.001 / 0.031       ms
[13680.317s][info][gc,stats    ]      System: Java Threads                                      0 / 0                 0 / 0              1929 / 4684           1929 / 4684        threads
[13680.317s][info][gc,stats    ] =========================================================================================================================================================
[13690.316s][info][gc,stats    ] === Garbage Collection Statistics =======================================================================================================================
[13690.316s][info][gc,stats    ]                                                              Last 10s              Last 10m              Last 10h                Total
[13690.316s][info][gc,stats    ]                                                              Avg / Max             Avg / Max             Avg / Max             Avg / Max
[13690.316s][info][gc,stats    ]   Collector: Garbage Collection Cycle                      0.000 / 0.000         0.000 / 0.000       665.978 / 19032.234   665.978 / 19032.234   ms
[13690.316s][info][gc,stats    ]  Contention: Mark Segment Reset Contention                     0 / 0                 0 / 0                 2 / 104               2 / 104         ops/s
[13690.316s][info][gc,stats    ]  Contention: Mark SeqNum Reset Contention                      0 / 0                 0 / 0                 0 / 7                 0 / 7           ops/s
[13690.316s][info][gc,stats    ]    Critical: Allocation Stall                                  0 / 0                 0 / 0                 0 / 827               0 / 827         ops/s
[13690.316s][info][gc,stats    ]    Critical: Allocation Stall                              0.000 / 0.000         0.000 / 0.000       146.230 / 487.490     146.230 / 487.490     ms
[13690.316s][info][gc,stats    ]    Critical: GC Locker Stall                                   0 / 0                 0 / 0                 0 / 2                 0 / 2           ops/s
[13690.316s][info][gc,stats    ]    Critical: GC Locker Stall                               0.000 / 0.000         0.000 / 0.000         0.167 / 4.787         0.167 / 4.787       ms
[13690.316s][info][gc,stats    ]    Critical: Relocation Stall                                  0 / 0                 0 / 0                 0 / 103               0 / 103         ops/s
[13690.316s][info][gc,stats    ]    Critical: Relocation Stall                              0.000 / 0.000         0.000 / 0.000        14.882 / 62.172       14.882 / 62.172      ms
[13690.316s][info][gc,stats    ]      Memory: Allocation Rate                                   0 / 0                 0 / 0               509 / 2790            509 / 2790        MB/s
[13690.316s][info][gc,stats    ]      Memory: Out Of Memory                                     0 / 0                 0 / 0                 0 / 0                 0 / 0           ops/s
[13690.316s][info][gc,stats    ]      Memory: Page Cache Flush                                  0 / 0                 0 / 0                 0 / 258               0 / 258         MB/s
[13690.316s][info][gc,stats    ]      Memory: Page Cache Hit L1                                 0 / 0                 0 / 0               248 / 1336            248 / 1336        ops/s
[13690.316s][info][gc,stats    ]      Memory: Page Cache Hit L2                                 0 / 0                 0 / 0                 0 / 0                 0 / 0           ops/s
[13690.316s][info][gc,stats    ]      Memory: Page Cache Hit L3                                 0 / 0                 0 / 0                 0 / 1028              0 / 1028        ops/s
[13690.316s][info][gc,stats    ]      Memory: Page Cache Miss                                   0 / 0                 0 / 0                 0 / 12                0 / 12          ops/s
[13690.316s][info][gc,stats    ]      Memory: Uncommit                                          0 / 0                 0 / 0                 0 / 0                 0 / 0           MB/s
[13690.316s][info][gc,stats    ]      Memory: Undo Object Allocation Failed                     0 / 0                 0 / 0                 0 / 5                 0 / 5           ops/s
[13690.316s][info][gc,stats    ]      Memory: Undo Object Allocation Succeeded                  0 / 0                 0 / 0                17 / 6595             17 / 6595        ops/s
[13690.316s][info][gc,stats    ]      Memory: Undo Page Allocation                              0 / 0                 0 / 0                 0 / 676               0 / 676         ops/s
[13690.316s][info][gc,stats    ]       Phase: Concurrent Mark                               0.000 / 0.000         0.000 / 0.000       571.218 / 3424.228    571.218 / 3424.228    ms
[13690.316s][info][gc,stats    ]       Phase: Concurrent Mark Continue                      0.000 / 0.000         0.000 / 0.000         0.000 / 0.000         0.000 / 0.000       ms
[13690.316s][info][gc,stats    ]       Phase: Concurrent Mark Free                          0.000 / 0.000         0.000 / 0.000         1.118 / 305.339       1.118 / 305.339     ms
[13690.316s][info][gc,stats    ]       Phase: Concurrent Process Non-Strong References      0.000 / 0.000         0.000 / 0.000        69.335 / 18388.762    69.335 / 18388.762   ms
[13690.316s][info][gc,stats    ]       Phase: Concurrent Relocate                           0.000 / 0.000         0.000 / 0.000        11.475 / 64.108       11.475 / 64.108      ms
[13690.316s][info][gc,stats    ]       Phase: Concurrent Reset Relocation Set               0.000 / 0.000         0.000 / 0.000         0.212 / 0.968         0.212 / 0.968       ms
[13690.316s][info][gc,stats    ]       Phase: Concurrent Select Relocation Set              0.000 / 0.000         0.000 / 0.000         6.722 / 623.697       6.722 / 623.697     ms
[13690.316s][info][gc,stats    ]       Phase: Pause Mark End                                0.000 / 0.000         0.000 / 0.000         0.094 / 0.434         0.094 / 0.434       ms
[13690.316s][info][gc,stats    ]       Phase: Pause Mark Start                              0.000 / 0.000         0.000 / 0.000         0.023 / 0.223         0.023 / 0.223       ms
[13690.316s][info][gc,stats    ]       Phase: Pause Relocate Start                          0.000 / 0.000         0.000 / 0.000         0.045 / 0.309         0.045 / 0.309       ms
[13690.316s][info][gc,stats    ]    Subphase: Concurrent Classes Purge                      0.000 / 0.000         0.000 / 0.000         0.518 / 3.157         0.518 / 3.157       ms
[13690.316s][info][gc,stats    ]    Subphase: Concurrent Classes Unlink                     0.000 / 0.000         0.000 / 0.000        64.039 / 18382.834    64.039 / 18382.834   ms
[13690.316s][info][gc,stats    ]    Subphase: Concurrent Mark                               0.000 / 0.000         0.000 / 0.000       450.151 / 3398.532    450.151 / 3398.532    ms
[13690.316s][info][gc,stats    ]    Subphase: Concurrent Mark Try Flush                     0.000 / 0.000         0.000 / 0.000         1.565 / 934.939       1.565 / 934.939     ms
[13690.316s][info][gc,stats    ]    Subphase: Concurrent Mark Try Terminate                 0.000 / 0.000         0.000 / 0.000         1.072 / 934.940       1.072 / 934.940     ms
[13690.316s][info][gc,stats    ]    Subphase: Concurrent References Enqueue                 0.000 / 0.000         0.000 / 0.000         0.009 / 0.091         0.009 / 0.091       ms
[13690.316s][info][gc,stats    ]    Subphase: Concurrent References Process                 0.000 / 0.000         0.000 / 0.000         0.881 / 3.992         0.881 / 3.992       ms
[13690.316s][info][gc,stats    ]    Subphase: Concurrent Roots ClassLoaderDataGraph         0.000 / 0.000         0.000 / 0.000         0.833 / 3.889         0.833 / 3.889       ms
[13690.316s][info][gc,stats    ]    Subphase: Concurrent Roots CodeCache                    0.000 / 0.000         0.000 / 0.000         0.000 / 0.000         0.000 / 0.000       ms
[13690.316s][info][gc,stats    ]    Subphase: Concurrent Roots JavaThreads                  0.000 / 0.000         0.000 / 0.000         4.665 / 969.487       4.665 / 969.487     ms
[13690.316s][info][gc,stats    ]    Subphase: Concurrent Roots OopStorageSet                0.000 / 0.000         0.000 / 0.000         0.083 / 2.218         0.083 / 2.218       ms
[13690.316s][info][gc,stats    ]    Subphase: Concurrent Weak Roots OopStorageSet           0.000 / 0.000         0.000 / 0.000         1.501 / 13.633        1.501 / 13.633      ms
[13690.316s][info][gc,stats    ]    Subphase: Pause Mark Try Complete                       0.000 / 0.000         0.000 / 0.000         0.001 / 0.031         0.001 / 0.031       ms
[13690.316s][info][gc,stats    ]      System: Java Threads                                      0 / 0                 0 / 0              1929 / 4684           1929 / 4684        threads
[13690.316s][info][gc,stats    ] =========================================================================================================================================================
[13700.316s][info][gc,stats    ] === Garbage Collection Statistics =======================================================================================================================
[13700.316s][info][gc,stats    ]                                                              Last 10s              Last 10m              Last 10h                Total
[13700.316s][info][gc,stats    ]                                                              Avg / Max             Avg / Max             Avg / Max             Avg / Max
[13700.316s][info][gc,stats    ]   Collector: Garbage Collection Cycle                      0.000 / 0.000         0.000 / 0.000       665.978 / 19032.234   665.978 / 19032.234   ms
[13700.316s][info][gc,stats    ]  Contention: Mark Segment Reset Contention                     0 / 0                 0 / 0                 2 / 104               2 / 104         ops/s
[13700.316s][info][gc,stats    ]  Contention: Mark SeqNum Reset Contention                      0 / 0                 0 / 0                 0 / 7                 0 / 7           ops/s
[13700.316s][info][gc,stats    ]    Critical: Allocation Stall                                  0 / 0                 0 / 0                 0 / 827               0 / 827         ops/s
[13700.316s][info][gc,stats    ]    Critical: Allocation Stall                              0.000 / 0.000         0.000 / 0.000       146.230 / 487.490     146.230 / 487.490     ms
[13700.316s][info][gc,stats    ]    Critical: GC Locker Stall                                   0 / 0                 0 / 0                 0 / 2                 0 / 2           ops/s
[13700.316s][info][gc,stats    ]    Critical: GC Locker Stall                               0.000 / 0.000         0.000 / 0.000         0.167 / 4.787         0.167 / 4.787       ms
[13700.316s][info][gc,stats    ]    Critical: Relocation Stall                                  0 / 0                 0 / 0                 0 / 103               0 / 103         ops/s
[13700.316s][info][gc,stats    ]    Critical: Relocation Stall                              0.000 / 0.000         0.000 / 0.000        14.882 / 62.172       14.882 / 62.172      ms
[13700.316s][info][gc,stats    ]      Memory: Allocation Rate                                   0 / 0                 0 / 0               509 / 2790            509 / 2790        MB/s
[13700.316s][info][gc,stats    ]      Memory: Out Of Memory                                     0 / 0                 0 / 0                 0 / 0                 0 / 0           ops/s
[13700.316s][info][gc,stats    ]      Memory: Page Cache Flush                                  0 / 0                 0 / 0                 0 / 258               0 / 258         MB/s
[13700.316s][info][gc,stats    ]      Memory: Page Cache Hit L1                                 0 / 0                 0 / 0               248 / 1336            248 / 1336        ops/s
[13700.316s][info][gc,stats    ]      Memory: Page Cache Hit L2                                 0 / 0                 0 / 0                 0 / 0                 0 / 0           ops/s
[13700.316s][info][gc,stats    ]      Memory: Page Cache Hit L3                                 0 / 0                 0 / 0                 0 / 1028              0 / 1028        ops/s
[13700.316s][info][gc,stats    ]      Memory: Page Cache Miss                                   0 / 0                 0 / 0                 0 / 12                0 / 12          ops/s
[13700.316s][info][gc,stats    ]      Memory: Uncommit                                          0 / 0                 0 / 0                 0 / 0                 0 / 0           MB/s
[13700.316s][info][gc,stats    ]      Memory: Undo Object Allocation Failed                     0 / 0                 0 / 0                 0 / 5                 0 / 5           ops/s
[13700.316s][info][gc,stats    ]      Memory: Undo Object Allocation Succeeded                  0 / 0                 0 / 0                17 / 6595             17 / 6595        ops/s
[13700.316s][info][gc,stats    ]      Memory: Undo Page Allocation                              0 / 0                 0 / 0                 0 / 676               0 / 676         ops/s
[13700.316s][info][gc,stats    ]       Phase: Concurrent Mark                               0.000 / 0.000         0.000 / 0.000       571.218 / 3424.228    571.218 / 3424.228    ms
[13700.316s][info][gc,stats    ]       Phase: Concurrent Mark Continue                      0.000 / 0.000         0.000 / 0.000         0.000 / 0.000         0.000 / 0.000       ms
[13700.316s][info][gc,stats    ]       Phase: Concurrent Mark Free                          0.000 / 0.000         0.000 / 0.000         1.118 / 305.339       1.118 / 305.339     ms
[13700.316s][info][gc,stats    ]       Phase: Concurrent Process Non-Strong References      0.000 / 0.000         0.000 / 0.000        69.335 / 18388.762    69.335 / 18388.762   ms
[13700.316s][info][gc,stats    ]       Phase: Concurrent Relocate                           0.000 / 0.000         0.000 / 0.000        11.475 / 64.108       11.475 / 64.108      ms
[13700.316s][info][gc,stats    ]       Phase: Concurrent Reset Relocation Set               0.000 / 0.000         0.000 / 0.000         0.212 / 0.968         0.212 / 0.968       ms
[13700.316s][info][gc,stats    ]       Phase: Concurrent Select Relocation Set              0.000 / 0.000         0.000 / 0.000         6.722 / 623.697       6.722 / 623.697     ms
[13700.316s][info][gc,stats    ]       Phase: Pause Mark End                                0.000 / 0.000         0.000 / 0.000         0.094 / 0.434         0.094 / 0.434       ms
[13700.316s][info][gc,stats    ]       Phase: Pause Mark Start                              0.000 / 0.000         0.000 / 0.000         0.023 / 0.223         0.023 / 0.223       ms
[13700.316s][info][gc,stats    ]       Phase: Pause Relocate Start                          0.000 / 0.000         0.000 / 0.000         0.045 / 0.309         0.045 / 0.309       ms
[13700.316s][info][gc,stats    ]    Subphase: Concurrent Classes Purge                      0.000 / 0.000         0.000 / 0.000         0.518 / 3.157         0.518 / 3.157       ms
[13700.316s][info][gc,stats    ]    Subphase: Concurrent Classes Unlink                     0.000 / 0.000         0.000 / 0.000        64.039 / 18382.834    64.039 / 18382.834   ms
[13700.316s][info][gc,stats    ]    Subphase: Concurrent Mark                               0.000 / 0.000         0.000 / 0.000       450.151 / 3398.532    450.151 / 3398.532    ms
[13700.316s][info][gc,stats    ]    Subphase: Concurrent Mark Try Flush                     0.000 / 0.000         0.000 / 0.000         1.565 / 934.939       1.565 / 934.939     ms
[13700.316s][info][gc,stats    ]    Subphase: Concurrent Mark Try Terminate                 0.000 / 0.000         0.000 / 0.000         1.072 / 934.940       1.072 / 934.940     ms
[13700.316s][info][gc,stats    ]    Subphase: Concurrent References Enqueue                 0.000 / 0.000         0.000 / 0.000         0.009 / 0.091         0.009 / 0.091       ms
[13700.316s][info][gc,stats    ]    Subphase: Concurrent References Process                 0.000 / 0.000         0.000 / 0.000         0.881 / 3.992         0.881 / 3.992       ms
[13700.316s][info][gc,stats    ]    Subphase: Concurrent Roots ClassLoaderDataGraph         0.000 / 0.000         0.000 / 0.000         0.833 / 3.889         0.833 / 3.889       ms
[13700.316s][info][gc,stats    ]    Subphase: Concurrent Roots CodeCache                    0.000 / 0.000         0.000 / 0.000         0.000 / 0.000         0.000 / 0.000       ms
[13700.316s][info][gc,stats    ]    Subphase: Concurrent Roots JavaThreads                  0.000 / 0.000         0.000 / 0.000         4.665 / 969.487       4.665 / 969.487     ms
[13700.316s][info][gc,stats    ]    Subphase: Concurrent Roots OopStorageSet                0.000 / 0.000         0.000 / 0.000         0.083 / 2.218         0.083 / 2.218       ms
[13700.316s][info][gc,stats    ]    Subphase: Concurrent Weak Roots OopStorageSet           0.000 / 0.000         0.000 / 0.000         1.501 / 13.633        1.501 / 13.633      ms
[13700.316s][info][gc,stats    ]    Subphase: Pause Mark Try Complete                       0.000 / 0.000         0.000 / 0.000         0.001 / 0.031         0.001 / 0.031       ms
[13700.316s][info][gc,stats    ]      System: Java Threads                                      0 / 0                 0 / 0              1929 / 4684           1929 / 4684        threads
[13700.316s][info][gc,stats    ] =========================================================================================================================================================
[13710.315s][info][gc,stats    ] === Garbage Collection Statistics =======================================================================================================================
[13710.315s][info][gc,stats    ]                                                              Last 10s              Last 10m              Last 10h                Total
[13710.315s][info][gc,stats    ]                                                              Avg / Max             Avg / Max             Avg / Max             Avg / Max
[13710.315s][info][gc,stats    ]   Collector: Garbage Collection Cycle                      0.000 / 0.000         0.000 / 0.000       665.978 / 19032.234   665.978 / 19032.234   ms
[13710.315s][info][gc,stats    ]  Contention: Mark Segment Reset Contention                     0 / 0                 0 / 0                 2 / 104               2 / 104         ops/s
[13710.315s][info][gc,stats    ]  Contention: Mark SeqNum Reset Contention                      0 / 0                 0 / 0                 0 / 7                 0 / 7           ops/s
[13710.315s][info][gc,stats    ]    Critical: Allocation Stall                                  0 / 0                 0 / 0                 0 / 827               0 / 827         ops/s
[13710.316s][info][gc,stats    ]    Critical: Allocation Stall                              0.000 / 0.000         0.000 / 0.000       146.230 / 487.490     146.230 / 487.490     ms
[13710.316s][info][gc,stats    ]    Critical: GC Locker Stall                                   0 / 0                 0 / 0                 0 / 2                 0 / 2           ops/s
[13710.316s][info][gc,stats    ]    Critical: GC Locker Stall                               0.000 / 0.000         0.000 / 0.000         0.167 / 4.787         0.167 / 4.787       ms
[13710.316s][info][gc,stats    ]    Critical: Relocation Stall                                  0 / 0                 0 / 0                 0 / 103               0 / 103         ops/s
[13710.316s][info][gc,stats    ]    Critical: Relocation Stall                              0.000 / 0.000         0.000 / 0.000        14.882 / 62.172       14.882 / 62.172      ms
[13710.316s][info][gc,stats    ]      Memory: Allocation Rate                                   0 / 0                 0 / 0               508 / 2790            508 / 2790        MB/s
[13710.316s][info][gc,stats    ]      Memory: Out Of Memory                                     0 / 0                 0 / 0                 0 / 0                 0 / 0           ops/s
[13710.316s][info][gc,stats    ]      Memory: Page Cache Flush                                  0 / 0                 0 / 0                 0 / 258               0 / 258         MB/s
[13710.316s][info][gc,stats    ]      Memory: Page Cache Hit L1                                 0 / 0                 0 / 0               247 / 1336            247 / 1336        ops/s
[13710.316s][info][gc,stats    ]      Memory: Page Cache Hit L2                                 0 / 0                 0 / 0                 0 / 0                 0 / 0           ops/s
[13710.316s][info][gc,stats    ]      Memory: Page Cache Hit L3                                 0 / 0                 0 / 0                 0 / 1028              0 / 1028        ops/s
[13710.316s][info][gc,stats    ]      Memory: Page Cache Miss                                   0 / 0                 0 / 0                 0 / 12                0 / 12          ops/s
[13710.316s][info][gc,stats    ]      Memory: Uncommit                                          0 / 0                 0 / 0                 0 / 0                 0 / 0           MB/s
[13710.316s][info][gc,stats    ]      Memory: Undo Object Allocation Failed                     0 / 0                 0 / 0                 0 / 5                 0 / 5           ops/s
[13710.316s][info][gc,stats    ]      Memory: Undo Object Allocation Succeeded                  0 / 0                 0 / 0                17 / 6595             17 / 6595        ops/s
[13710.316s][info][gc,stats    ]      Memory: Undo Page Allocation                              0 / 0                 0 / 0                 0 / 676               0 / 676         ops/s
[13710.316s][info][gc,stats    ]       Phase: Concurrent Mark                               0.000 / 0.000         0.000 / 0.000       571.218 / 3424.228    571.218 / 3424.228    ms
[13710.316s][info][gc,stats    ]       Phase: Concurrent Mark Continue                      0.000 / 0.000         0.000 / 0.000         0.000 / 0.000         0.000 / 0.000       ms
[13710.316s][info][gc,stats    ]       Phase: Concurrent Mark Free                          0.000 / 0.000         0.000 / 0.000         1.118 / 305.339       1.118 / 305.339     ms
[13710.316s][info][gc,stats    ]       Phase: Concurrent Process Non-Strong References      0.000 / 0.000         0.000 / 0.000        69.335 / 18388.762    69.335 / 18388.762   ms
[13710.316s][info][gc,stats    ]       Phase: Concurrent Relocate                           0.000 / 0.000         0.000 / 0.000        11.475 / 64.108       11.475 / 64.108      ms
[13710.316s][info][gc,stats    ]       Phase: Concurrent Reset Relocation Set               0.000 / 0.000         0.000 / 0.000         0.212 / 0.968         0.212 / 0.968       ms
[13710.316s][info][gc,stats    ]       Phase: Concurrent Select Relocation Set              0.000 / 0.000         0.000 / 0.000         6.722 / 623.697       6.722 / 623.697     ms
[13710.316s][info][gc,stats    ]       Phase: Pause Mark End                                0.000 / 0.000         0.000 / 0.000         0.094 / 0.434         0.094 / 0.434       ms
[13710.316s][info][gc,stats    ]       Phase: Pause Mark Start                              0.000 / 0.000         0.000 / 0.000         0.023 / 0.223         0.023 / 0.223       ms
[13710.316s][info][gc,stats    ]       Phase: Pause Relocate Start                          0.000 / 0.000         0.000 / 0.000         0.045 / 0.309         0.045 / 0.309       ms
[13710.316s][info][gc,stats    ]    Subphase: Concurrent Classes Purge                      0.000 / 0.000         0.000 / 0.000         0.518 / 3.157         0.518 / 3.157       ms
[13710.316s][info][gc,stats    ]    Subphase: Concurrent Classes Unlink                     0.000 / 0.000         0.000 / 0.000        64.039 / 18382.834    64.039 / 18382.834   ms
[13710.316s][info][gc,stats    ]    Subphase: Concurrent Mark                               0.000 / 0.000         0.000 / 0.000       450.151 / 3398.532    450.151 / 3398.532    ms
[13710.316s][info][gc,stats    ]    Subphase: Concurrent Mark Try Flush                     0.000 / 0.000         0.000 / 0.000         1.565 / 934.939       1.565 / 934.939     ms
[13710.316s][info][gc,stats    ]    Subphase: Concurrent Mark Try Terminate                 0.000 / 0.000         0.000 / 0.000         1.072 / 934.940       1.072 / 934.940     ms
[13710.316s][info][gc,stats    ]    Subphase: Concurrent References Enqueue                 0.000 / 0.000         0.000 / 0.000         0.009 / 0.091         0.009 / 0.091       ms
[13710.316s][info][gc,stats    ]    Subphase: Concurrent References Process                 0.000 / 0.000         0.000 / 0.000         0.881 / 3.992         0.881 / 3.992       ms
[13710.316s][info][gc,stats    ]    Subphase: Concurrent Roots ClassLoaderDataGraph         0.000 / 0.000         0.000 / 0.000         0.833 / 3.889         0.833 / 3.889       ms
[13710.316s][info][gc,stats    ]    Subphase: Concurrent Roots CodeCache                    0.000 / 0.000         0.000 / 0.000         0.000 / 0.000         0.000 / 0.000       ms
[13710.316s][info][gc,stats    ]    Subphase: Concurrent Roots JavaThreads                  0.000 / 0.000         0.000 / 0.000         4.665 / 969.487       4.665 / 969.487     ms
[13710.316s][info][gc,stats    ]    Subphase: Concurrent Roots OopStorageSet                0.000 / 0.000         0.000 / 0.000         0.083 / 2.218         0.083 / 2.218       ms
[13710.316s][info][gc,stats    ]    Subphase: Concurrent Weak Roots OopStorageSet           0.000 / 0.000         0.000 / 0.000         1.501 / 13.633        1.501 / 13.633      ms
[13710.316s][info][gc,stats    ]    Subphase: Pause Mark Try Complete                       0.000 / 0.000         0.000 / 0.000         0.001 / 0.031         0.001 / 0.031       ms
[13710.316s][info][gc,stats    ]      System: Java Threads                                      0 / 0                 0 / 0              1929 / 4684           1929 / 4684        threads
[13710.316s][info][gc,stats    ] =========================================================================================================================================================
[13720.315s][info][gc,stats    ] === Garbage Collection Statistics =======================================================================================================================
[13720.315s][info][gc,stats    ]                                                              Last 10s              Last 10m              Last 10h                Total
[13720.315s][info][gc,stats    ]                                                              Avg / Max             Avg / Max             Avg / Max             Avg / Max
[13720.315s][info][gc,stats    ]   Collector: Garbage Collection Cycle                      0.000 / 0.000         0.000 / 0.000       665.978 / 19032.234   665.978 / 19032.234   ms
[13720.315s][info][gc,stats    ]  Contention: Mark Segment Reset Contention                     0 / 0                 0 / 0                 2 / 104               2 / 104         ops/s
[13720.315s][info][gc,stats    ]  Contention: Mark SeqNum Reset Contention                      0 / 0                 0 / 0                 0 / 7                 0 / 7           ops/s
[13720.315s][info][gc,stats    ]    Critical: Allocation Stall                                  0 / 0                 0 / 0                 0 / 827               0 / 827         ops/s
[13720.315s][info][gc,stats    ]    Critical: Allocation Stall                              0.000 / 0.000         0.000 / 0.000       146.230 / 487.490     146.230 / 487.490     ms
[13720.315s][info][gc,stats    ]    Critical: GC Locker Stall                                   0 / 0                 0 / 0                 0 / 2                 0 / 2           ops/s
[13720.315s][info][gc,stats    ]    Critical: GC Locker Stall                               0.000 / 0.000         0.000 / 0.000         0.167 / 4.787         0.167 / 4.787       ms
[13720.315s][info][gc,stats    ]    Critical: Relocation Stall                                  0 / 0                 0 / 0                 0 / 103               0 / 103         ops/s
[13720.315s][info][gc,stats    ]    Critical: Relocation Stall                              0.000 / 0.000         0.000 / 0.000        14.882 / 62.172       14.882 / 62.172      ms
[13720.315s][info][gc,stats    ]      Memory: Allocation Rate                                   0 / 0                 0 / 0               508 / 2790            508 / 2790        MB/s
[13720.315s][info][gc,stats    ]      Memory: Out Of Memory                                     0 / 0                 0 / 0                 0 / 0                 0 / 0           ops/s
[13720.315s][info][gc,stats    ]      Memory: Page Cache Flush                                  0 / 0                 0 / 0                 0 / 258               0 / 258         MB/s
[13720.315s][info][gc,stats    ]      Memory: Page Cache Hit L1                                 0 / 0                 0 / 0               247 / 1336            247 / 1336        ops/s
[13720.315s][info][gc,stats    ]      Memory: Page Cache Hit L2                                 0 / 0                 0 / 0                 0 / 0                 0 / 0           ops/s
[13720.315s][info][gc,stats    ]      Memory: Page Cache Hit L3                                 0 / 0                 0 / 0                 0 / 1028              0 / 1028        ops/s
[13720.315s][info][gc,stats    ]      Memory: Page Cache Miss                                   0 / 0                 0 / 0                 0 / 12                0 / 12          ops/s
[13720.315s][info][gc,stats    ]      Memory: Uncommit                                          0 / 0                 0 / 0                 0 / 0                 0 / 0           MB/s
[13720.315s][info][gc,stats    ]      Memory: Undo Object Allocation Failed                     0 / 0                 0 / 0                 0 / 5                 0 / 5           ops/s
[13720.315s][info][gc,stats    ]      Memory: Undo Object Allocation Succeeded                  0 / 0                 0 / 0                17 / 6595             17 / 6595        ops/s
[13720.315s][info][gc,stats    ]      Memory: Undo Page Allocation                              0 / 0                 0 / 0                 0 / 676               0 / 676         ops/s
[13720.315s][info][gc,stats    ]       Phase: Concurrent Mark                               0.000 / 0.000         0.000 / 0.000       571.218 / 3424.228    571.218 / 3424.228    ms
[13720.315s][info][gc,stats    ]       Phase: Concurrent Mark Continue                      0.000 / 0.000         0.000 / 0.000         0.000 / 0.000         0.000 / 0.000       ms
[13720.315s][info][gc,stats    ]       Phase: Concurrent Mark Free                          0.000 / 0.000         0.000 / 0.000         1.118 / 305.339       1.118 / 305.339     ms
[13720.316s][info][gc,stats    ]       Phase: Concurrent Process Non-Strong References      0.000 / 0.000         0.000 / 0.000        69.335 / 18388.762    69.335 / 18388.762   ms
[13720.316s][info][gc,stats    ]       Phase: Concurrent Relocate                           0.000 / 0.000         0.000 / 0.000        11.475 / 64.108       11.475 / 64.108      ms
[13720.316s][info][gc,stats    ]       Phase: Concurrent Reset Relocation Set               0.000 / 0.000         0.000 / 0.000         0.212 / 0.968         0.212 / 0.968       ms
[13720.316s][info][gc,stats    ]       Phase: Concurrent Select Relocation Set              0.000 / 0.000         0.000 / 0.000         6.722 / 623.697       6.722 / 623.697     ms
[13720.316s][info][gc,stats    ]       Phase: Pause Mark End                                0.000 / 0.000         0.000 / 0.000         0.094 / 0.434         0.094 / 0.434       ms
[13720.316s][info][gc,stats    ]       Phase: Pause Mark Start                              0.000 / 0.000         0.000 / 0.000         0.023 / 0.223         0.023 / 0.223       ms
[13720.316s][info][gc,stats    ]       Phase: Pause Relocate Start                          0.000 / 0.000         0.000 / 0.000         0.045 / 0.309         0.045 / 0.309       ms
[13720.316s][info][gc,stats    ]    Subphase: Concurrent Classes Purge                      0.000 / 0.000         0.000 / 0.000         0.518 / 3.157         0.518 / 3.157       ms
[13720.316s][info][gc,stats    ]    Subphase: Concurrent Classes Unlink                     0.000 / 0.000         0.000 / 0.000        64.039 / 18382.834    64.039 / 18382.834   ms
[13720.316s][info][gc,stats    ]    Subphase: Concurrent Mark                               0.000 / 0.000         0.000 / 0.000       450.151 / 3398.532    450.151 / 3398.532    ms
[13720.316s][info][gc,stats    ]    Subphase: Concurrent Mark Try Flush                     0.000 / 0.000         0.000 / 0.000         1.565 / 934.939       1.565 / 934.939     ms
[13720.316s][info][gc,stats    ]    Subphase: Concurrent Mark Try Terminate                 0.000 / 0.000         0.000 / 0.000         1.072 / 934.940       1.072 / 934.940     ms
[13720.316s][info][gc,stats    ]    Subphase: Concurrent References Enqueue                 0.000 / 0.000         0.000 / 0.000         0.009 / 0.091         0.009 / 0.091       ms
[13720.316s][info][gc,stats    ]    Subphase: Concurrent References Process                 0.000 / 0.000         0.000 / 0.000         0.881 / 3.992         0.881 / 3.992       ms
[13720.316s][info][gc,stats    ]    Subphase: Concurrent Roots ClassLoaderDataGraph         0.000 / 0.000         0.000 / 0.000         0.833 / 3.889         0.833 / 3.889       ms
[13720.316s][info][gc,stats    ]    Subphase: Concurrent Roots CodeCache                    0.000 / 0.000         0.000 / 0.000         0.000 / 0.000         0.000 / 0.000       ms
[13720.316s][info][gc,stats    ]    Subphase: Concurrent Roots JavaThreads                  0.000 / 0.000         0.000 / 0.000         4.665 / 969.487       4.665 / 969.487     ms
[13720.316s][info][gc,stats    ]    Subphase: Concurrent Roots OopStorageSet                0.000 / 0.000         0.000 / 0.000         0.083 / 2.218         0.083 / 2.218       ms
[13720.316s][info][gc,stats    ]    Subphase: Concurrent Weak Roots OopStorageSet           0.000 / 0.000         0.000 / 0.000         1.501 / 13.633        1.501 / 13.633      ms
[13720.316s][info][gc,stats    ]    Subphase: Pause Mark Try Complete                       0.000 / 0.000         0.000 / 0.000         0.001 / 0.031         0.001 / 0.031       ms
[13720.316s][info][gc,stats    ]      System: Java Threads                                      0 / 0                 0 / 0              1929 / 4684           1929 / 4684        threads
[13720.316s][info][gc,stats    ] =========================================================================================================================================================
[13730.316s][info][gc,stats    ] === Garbage Collection Statistics =======================================================================================================================
[13730.316s][info][gc,stats    ]                                                              Last 10s              Last 10m              Last 10h                Total
[13730.316s][info][gc,stats    ]                                                              Avg / Max             Avg / Max             Avg / Max             Avg / Max
[13730.316s][info][gc,stats    ]   Collector: Garbage Collection Cycle                      0.000 / 0.000         0.000 / 0.000       665.978 / 19032.234   665.978 / 19032.234   ms
[13730.316s][info][gc,stats    ]  Contention: Mark Segment Reset Contention                     0 / 0                 0 / 0                 2 / 104               2 / 104         ops/s
[13730.316s][info][gc,stats    ]  Contention: Mark SeqNum Reset Contention                      0 / 0                 0 / 0                 0 / 7                 0 / 7           ops/s
[13730.316s][info][gc,stats    ]    Critical: Allocation Stall                                  0 / 0                 0 / 0                 0 / 827               0 / 827         ops/s
[13730.316s][info][gc,stats    ]    Critical: Allocation Stall                              0.000 / 0.000         0.000 / 0.000       146.230 / 487.490     146.230 / 487.490     ms
[13730.316s][info][gc,stats    ]    Critical: GC Locker Stall                                   0 / 0                 0 / 0                 0 / 2                 0 / 2           ops/s
[13730.316s][info][gc,stats    ]    Critical: GC Locker Stall                               0.000 / 0.000         0.000 / 0.000         0.167 / 4.787         0.167 / 4.787       ms
[13730.316s][info][gc,stats    ]    Critical: Relocation Stall                                  0 / 0                 0 / 0                 0 / 103               0 / 103         ops/s
[13730.316s][info][gc,stats    ]    Critical: Relocation Stall                              0.000 / 0.000         0.000 / 0.000        14.882 / 62.172       14.882 / 62.172      ms
[13730.316s][info][gc,stats    ]      Memory: Allocation Rate                                   0 / 0                 0 / 0               508 / 2790            508 / 2790        MB/s
[13730.316s][info][gc,stats    ]      Memory: Out Of Memory                                     0 / 0                 0 / 0                 0 / 0                 0 / 0           ops/s
[13730.316s][info][gc,stats    ]      Memory: Page Cache Flush                                  0 / 0                 0 / 0                 0 / 258               0 / 258         MB/s
[13730.316s][info][gc,stats    ]      Memory: Page Cache Hit L1                                 0 / 0                 0 / 0               247 / 1336            247 / 1336        ops/s
[13730.316s][info][gc,stats    ]      Memory: Page Cache Hit L2                                 0 / 0                 0 / 0                 0 / 0                 0 / 0           ops/s
[13730.316s][info][gc,stats    ]      Memory: Page Cache Hit L3                                 0 / 0                 0 / 0                 0 / 1028              0 / 1028        ops/s
[13730.316s][info][gc,stats    ]      Memory: Page Cache Miss                                   0 / 0                 0 / 0                 0 / 12                0 / 12          ops/s
[13730.316s][info][gc,stats    ]      Memory: Uncommit                                          0 / 0                 0 / 0                 0 / 0                 0 / 0           MB/s
[13730.316s][info][gc,stats    ]      Memory: Undo Object Allocation Failed                     0 / 0                 0 / 0                 0 / 5                 0 / 5           ops/s
[13730.316s][info][gc,stats    ]      Memory: Undo Object Allocation Succeeded                  0 / 0                 0 / 0                17 / 6595             17 / 6595        ops/s
[13730.316s][info][gc,stats    ]      Memory: Undo Page Allocation                              0 / 0                 0 / 0                 0 / 676               0 / 676         ops/s
[13730.316s][info][gc,stats    ]       Phase: Concurrent Mark                               0.000 / 0.000         0.000 / 0.000       571.218 / 3424.228    571.218 / 3424.228    ms
[13730.316s][info][gc,stats    ]       Phase: Concurrent Mark Continue                      0.000 / 0.000         0.000 / 0.000         0.000 / 0.000         0.000 / 0.000       ms
[13730.316s][info][gc,stats    ]       Phase: Concurrent Mark Free                          0.000 / 0.000         0.000 / 0.000         1.118 / 305.339       1.118 / 305.339     ms
[13730.316s][info][gc,stats    ]       Phase: Concurrent Process Non-Strong References      0.000 / 0.000         0.000 / 0.000        69.335 / 18388.762    69.335 / 18388.762   ms
[13730.316s][info][gc,stats    ]       Phase: Concurrent Relocate                           0.000 / 0.000         0.000 / 0.000        11.475 / 64.108       11.475 / 64.108      ms
[13730.316s][info][gc,stats    ]       Phase: Concurrent Reset Relocation Set               0.000 / 0.000         0.000 / 0.000         0.212 / 0.968         0.212 / 0.968       ms
[13730.316s][info][gc,stats    ]       Phase: Concurrent Select Relocation Set              0.000 / 0.000         0.000 / 0.000         6.722 / 623.697       6.722 / 623.697     ms
[13730.316s][info][gc,stats    ]       Phase: Pause Mark End                                0.000 / 0.000         0.000 / 0.000         0.094 / 0.434         0.094 / 0.434       ms
[13730.316s][info][gc,stats    ]       Phase: Pause Mark Start                              0.000 / 0.000         0.000 / 0.000         0.023 / 0.223         0.023 / 0.223       ms
[13730.316s][info][gc,stats    ]       Phase: Pause Relocate Start                          0.000 / 0.000         0.000 / 0.000         0.045 / 0.309         0.045 / 0.309       ms
[13730.316s][info][gc,stats    ]    Subphase: Concurrent Classes Purge                      0.000 / 0.000         0.000 / 0.000         0.518 / 3.157         0.518 / 3.157       ms
[13730.316s][info][gc,stats    ]    Subphase: Concurrent Classes Unlink                     0.000 / 0.000         0.000 / 0.000        64.039 / 18382.834    64.039 / 18382.834   ms
[13730.316s][info][gc,stats    ]    Subphase: Concurrent Mark                               0.000 / 0.000         0.000 / 0.000       450.151 / 3398.532    450.151 / 3398.532    ms
[13730.316s][info][gc,stats    ]    Subphase: Concurrent Mark Try Flush                     0.000 / 0.000         0.000 / 0.000         1.565 / 934.939       1.565 / 934.939     ms
[13730.316s][info][gc,stats    ]    Subphase: Concurrent Mark Try Terminate                 0.000 / 0.000         0.000 / 0.000         1.072 / 934.940       1.072 / 934.940     ms
[13730.316s][info][gc,stats    ]    Subphase: Concurrent References Enqueue                 0.000 / 0.000         0.000 / 0.000         0.009 / 0.091         0.009 / 0.091       ms
[13730.316s][info][gc,stats    ]    Subphase: Concurrent References Process                 0.000 / 0.000         0.000 / 0.000         0.881 / 3.992         0.881 / 3.992       ms
[13730.316s][info][gc,stats    ]    Subphase: Concurrent Roots ClassLoaderDataGraph         0.000 / 0.000         0.000 / 0.000         0.833 / 3.889         0.833 / 3.889       ms
[13730.316s][info][gc,stats    ]    Subphase: Concurrent Roots CodeCache                    0.000 / 0.000         0.000 / 0.000         0.000 / 0.000         0.000 / 0.000       ms
[13730.316s][info][gc,stats    ]    Subphase: Concurrent Roots JavaThreads                  0.000 / 0.000         0.000 / 0.000         4.665 / 969.487       4.665 / 969.487     ms
[13730.316s][info][gc,stats    ]    Subphase: Concurrent Roots OopStorageSet                0.000 / 0.000         0.000 / 0.000         0.083 / 2.218         0.083 / 2.218       ms
[13730.316s][info][gc,stats    ]    Subphase: Concurrent Weak Roots OopStorageSet           0.000 / 0.000         0.000 / 0.000         1.501 / 13.633        1.501 / 13.633      ms
[13730.316s][info][gc,stats    ]    Subphase: Pause Mark Try Complete                       0.000 / 0.000         0.000 / 0.000         0.001 / 0.031         0.001 / 0.031       ms
[13730.316s][info][gc,stats    ]      System: Java Threads                                      0 / 0                 0 / 0              1929 / 4684           1929 / 4684        threads
[13730.316s][info][gc,stats    ] =========================================================================================================================================================
[13740.316s][info][gc,stats    ] === Garbage Collection Statistics =======================================================================================================================
[13740.316s][info][gc,stats    ]                                                              Last 10s              Last 10m              Last 10h                Total
[13740.316s][info][gc,stats    ]                                                              Avg / Max             Avg / Max             Avg / Max             Avg / Max
[13740.316s][info][gc,stats    ]   Collector: Garbage Collection Cycle                      0.000 / 0.000         0.000 / 0.000       665.978 / 19032.234   665.978 / 19032.234   ms
[13740.316s][info][gc,stats    ]  Contention: Mark Segment Reset Contention                     0 / 0                 0 / 0                 2 / 104               2 / 104         ops/s
[13740.316s][info][gc,stats    ]  Contention: Mark SeqNum Reset Contention                      0 / 0                 0 / 0                 0 / 7                 0 / 7           ops/s
[13740.316s][info][gc,stats    ]    Critical: Allocation Stall                                  0 / 0                 0 / 0                 0 / 827               0 / 827         ops/s
[13740.316s][info][gc,stats    ]    Critical: Allocation Stall                              0.000 / 0.000         0.000 / 0.000       146.230 / 487.490     146.230 / 487.490     ms
[13740.316s][info][gc,stats    ]    Critical: GC Locker Stall                                   0 / 0                 0 / 0                 0 / 2                 0 / 2           ops/s
[13740.316s][info][gc,stats    ]    Critical: GC Locker Stall                               0.000 / 0.000         0.000 / 0.000         0.167 / 4.787         0.167 / 4.787       ms
[13740.316s][info][gc,stats    ]    Critical: Relocation Stall                                  0 / 0                 0 / 0                 0 / 103               0 / 103         ops/s
[13740.316s][info][gc,stats    ]    Critical: Relocation Stall                              0.000 / 0.000         0.000 / 0.000        14.882 / 62.172       14.882 / 62.172      ms
[13740.316s][info][gc,stats    ]      Memory: Allocation Rate                                   0 / 0                 0 / 0               507 / 2790            507 / 2790        MB/s
[13740.316s][info][gc,stats    ]      Memory: Out Of Memory                                     0 / 0                 0 / 0                 0 / 0                 0 / 0           ops/s
[13740.316s][info][gc,stats    ]      Memory: Page Cache Flush                                  0 / 0                 0 / 0                 0 / 258               0 / 258         MB/s
[13740.316s][info][gc,stats    ]      Memory: Page Cache Hit L1                                 0 / 0                 0 / 0               247 / 1336            247 / 1336        ops/s
[13740.316s][info][gc,stats    ]      Memory: Page Cache Hit L2                                 0 / 0                 0 / 0                 0 / 0                 0 / 0           ops/s
[13740.316s][info][gc,stats    ]      Memory: Page Cache Hit L3                                 0 / 0                 0 / 0                 0 / 1028              0 / 1028        ops/s
[13740.316s][info][gc,stats    ]      Memory: Page Cache Miss                                   0 / 0                 0 / 0                 0 / 12                0 / 12          ops/s
[13740.316s][info][gc,stats    ]      Memory: Uncommit                                          0 / 0                 0 / 0                 0 / 0                 0 / 0           MB/s
[13740.316s][info][gc,stats    ]      Memory: Undo Object Allocation Failed                     0 / 0                 0 / 0                 0 / 5                 0 / 5           ops/s
[13740.316s][info][gc,stats    ]      Memory: Undo Object Allocation Succeeded                  0 / 0                 0 / 0                17 / 6595             17 / 6595        ops/s
[13740.316s][info][gc,stats    ]      Memory: Undo Page Allocation                              0 / 0                 0 / 0                 0 / 676               0 / 676         ops/s
[13740.316s][info][gc,stats    ]       Phase: Concurrent Mark                               0.000 / 0.000         0.000 / 0.000       571.218 / 3424.228    571.218 / 3424.228    ms
[13740.316s][info][gc,stats    ]       Phase: Concurrent Mark Continue                      0.000 / 0.000         0.000 / 0.000         0.000 / 0.000         0.000 / 0.000       ms
[13740.316s][info][gc,stats    ]       Phase: Concurrent Mark Free                          0.000 / 0.000         0.000 / 0.000         1.118 / 305.339       1.118 / 305.339     ms
[13740.316s][info][gc,stats    ]       Phase: Concurrent Process Non-Strong References      0.000 / 0.000         0.000 / 0.000        69.335 / 18388.762    69.335 / 18388.762   ms
[13740.316s][info][gc,stats    ]       Phase: Concurrent Relocate                           0.000 / 0.000         0.000 / 0.000        11.475 / 64.108       11.475 / 64.108      ms
[13740.316s][info][gc,stats    ]       Phase: Concurrent Reset Relocation Set               0.000 / 0.000         0.000 / 0.000         0.212 / 0.968         0.212 / 0.968       ms
[13740.316s][info][gc,stats    ]       Phase: Concurrent Select Relocation Set              0.000 / 0.000         0.000 / 0.000         6.722 / 623.697       6.722 / 623.697     ms
[13740.316s][info][gc,stats    ]       Phase: Pause Mark End                                0.000 / 0.000         0.000 / 0.000         0.094 / 0.434         0.094 / 0.434       ms
[13740.316s][info][gc,stats    ]       Phase: Pause Mark Start                              0.000 / 0.000         0.000 / 0.000         0.023 / 0.223         0.023 / 0.223       ms
[13740.316s][info][gc,stats    ]       Phase: Pause Relocate Start                          0.000 / 0.000         0.000 / 0.000         0.045 / 0.309         0.045 / 0.309       ms
[13740.316s][info][gc,stats    ]    Subphase: Concurrent Classes Purge                      0.000 / 0.000         0.000 / 0.000         0.518 / 3.157         0.518 / 3.157       ms
[13740.316s][info][gc,stats    ]    Subphase: Concurrent Classes Unlink                     0.000 / 0.000         0.000 / 0.000        64.039 / 18382.834    64.039 / 18382.834   ms
[13740.316s][info][gc,stats    ]    Subphase: Concurrent Mark                               0.000 / 0.000         0.000 / 0.000       450.151 / 3398.532    450.151 / 3398.532    ms
[13740.316s][info][gc,stats    ]    Subphase: Concurrent Mark Try Flush                     0.000 / 0.000         0.000 / 0.000         1.565 / 934.939       1.565 / 934.939     ms
[13740.316s][info][gc,stats    ]    Subphase: Concurrent Mark Try Terminate                 0.000 / 0.000         0.000 / 0.000         1.072 / 934.940       1.072 / 934.940     ms
[13740.316s][info][gc,stats    ]    Subphase: Concurrent References Enqueue                 0.000 / 0.000         0.000 / 0.000         0.009 / 0.091         0.009 / 0.091       ms
[13740.316s][info][gc,stats    ]    Subphase: Concurrent References Process                 0.000 / 0.000         0.000 / 0.000         0.881 / 3.992         0.881 / 3.992       ms
[13740.316s][info][gc,stats    ]    Subphase: Concurrent Roots ClassLoaderDataGraph         0.000 / 0.000         0.000 / 0.000         0.833 / 3.889         0.833 / 3.889       ms
[13740.316s][info][gc,stats    ]    Subphase: Concurrent Roots CodeCache                    0.000 / 0.000         0.000 / 0.000         0.000 / 0.000         0.000 / 0.000       ms
[13740.316s][info][gc,stats    ]    Subphase: Concurrent Roots JavaThreads                  0.000 / 0.000         0.000 / 0.000         4.665 / 969.487       4.665 / 969.487     ms
[13740.316s][info][gc,stats    ]    Subphase: Concurrent Roots OopStorageSet                0.000 / 0.000         0.000 / 0.000         0.083 / 2.218         0.083 / 2.218       ms
[13740.316s][info][gc,stats    ]    Subphase: Concurrent Weak Roots OopStorageSet           0.000 / 0.000         0.000 / 0.000         1.501 / 13.633        1.501 / 13.633      ms
[13740.316s][info][gc,stats    ]    Subphase: Pause Mark Try Complete                       0.000 / 0.000         0.000 / 0.000         0.001 / 0.031         0.001 / 0.031       ms
[13740.316s][info][gc,stats    ]      System: Java Threads                                      0 / 0                 0 / 0              1929 / 4684           1929 / 4684        threads
[13740.316s][info][gc,stats    ] =========================================================================================================================================================
[13750.316s][info][gc,stats    ] === Garbage Collection Statistics =======================================================================================================================
[13750.316s][info][gc,stats    ]                                                              Last 10s              Last 10m              Last 10h                Total
[13750.316s][info][gc,stats    ]                                                              Avg / Max             Avg / Max             Avg / Max             Avg / Max
[13750.316s][info][gc,stats    ]   Collector: Garbage Collection Cycle                      0.000 / 0.000         0.000 / 0.000       665.978 / 19032.234   665.978 / 19032.234   ms
[13750.316s][info][gc,stats    ]  Contention: Mark Segment Reset Contention                     0 / 0                 0 / 0                 2 / 104               2 / 104         ops/s
[13750.316s][info][gc,stats    ]  Contention: Mark SeqNum Reset Contention                      0 / 0                 0 / 0                 0 / 7                 0 / 7           ops/s
[13750.316s][info][gc,stats    ]    Critical: Allocation Stall                                  0 / 0                 0 / 0                 0 / 827               0 / 827         ops/s
[13750.316s][info][gc,stats    ]    Critical: Allocation Stall                              0.000 / 0.000         0.000 / 0.000       146.230 / 487.490     146.230 / 487.490     ms
[13750.316s][info][gc,stats    ]    Critical: GC Locker Stall                                   0 / 0                 0 / 0                 0 / 2                 0 / 2           ops/s
[13750.316s][info][gc,stats    ]    Critical: GC Locker Stall                               0.000 / 0.000         0.000 / 0.000         0.167 / 4.787         0.167 / 4.787       ms
[13750.316s][info][gc,stats    ]    Critical: Relocation Stall                                  0 / 0                 0 / 0                 0 / 103               0 / 103         ops/s
[13750.316s][info][gc,stats    ]    Critical: Relocation Stall                              0.000 / 0.000         0.000 / 0.000        14.882 / 62.172       14.882 / 62.172      ms
[13750.316s][info][gc,stats    ]      Memory: Allocation Rate                                   0 / 0                 0 / 0               507 / 2790            507 / 2790        MB/s
[13750.316s][info][gc,stats    ]      Memory: Out Of Memory                                     0 / 0                 0 / 0                 0 / 0                 0 / 0           ops/s
[13750.316s][info][gc,stats    ]      Memory: Page Cache Flush                                  0 / 0                 0 / 0                 0 / 258               0 / 258         MB/s
[13750.316s][info][gc,stats    ]      Memory: Page Cache Hit L1                                 0 / 0                 0 / 0               247 / 1336            247 / 1336        ops/s
[13750.316s][info][gc,stats    ]      Memory: Page Cache Hit L2                                 0 / 0                 0 / 0                 0 / 0                 0 / 0           ops/s
[13750.316s][info][gc,stats    ]      Memory: Page Cache Hit L3                                 0 / 0                 0 / 0                 0 / 1028              0 / 1028        ops/s
[13750.316s][info][gc,stats    ]      Memory: Page Cache Miss                                   0 / 0                 0 / 0                 0 / 12                0 / 12          ops/s
[13750.316s][info][gc,stats    ]      Memory: Uncommit                                          0 / 0                 0 / 0                 0 / 0                 0 / 0           MB/s
[13750.316s][info][gc,stats    ]      Memory: Undo Object Allocation Failed                     0 / 0                 0 / 0                 0 / 5                 0 / 5           ops/s
[13750.316s][info][gc,stats    ]      Memory: Undo Object Allocation Succeeded                  0 / 0                 0 / 0                17 / 6595             17 / 6595        ops/s
[13750.316s][info][gc,stats    ]      Memory: Undo Page Allocation                              0 / 0                 0 / 0                 0 / 676               0 / 676         ops/s
[13750.316s][info][gc,stats    ]       Phase: Concurrent Mark                               0.000 / 0.000         0.000 / 0.000       571.218 / 3424.228    571.218 / 3424.228    ms
[13750.316s][info][gc,stats    ]       Phase: Concurrent Mark Continue                      0.000 / 0.000         0.000 / 0.000         0.000 / 0.000         0.000 / 0.000       ms
[13750.316s][info][gc,stats    ]       Phase: Concurrent Mark Free                          0.000 / 0.000         0.000 / 0.000         1.118 / 305.339       1.118 / 305.339     ms
[13750.316s][info][gc,stats    ]       Phase: Concurrent Process Non-Strong References      0.000 / 0.000         0.000 / 0.000        69.335 / 18388.762    69.335 / 18388.762   ms
[13750.316s][info][gc,stats    ]       Phase: Concurrent Relocate                           0.000 / 0.000         0.000 / 0.000        11.475 / 64.108       11.475 / 64.108      ms
[13750.316s][info][gc,stats    ]       Phase: Concurrent Reset Relocation Set               0.000 / 0.000         0.000 / 0.000         0.212 / 0.968         0.212 / 0.968       ms
[13750.316s][info][gc,stats    ]       Phase: Concurrent Select Relocation Set              0.000 / 0.000         0.000 / 0.000         6.722 / 623.697       6.722 / 623.697     ms
[13750.316s][info][gc,stats    ]       Phase: Pause Mark End                                0.000 / 0.000         0.000 / 0.000         0.094 / 0.434         0.094 / 0.434       ms
[13750.316s][info][gc,stats    ]       Phase: Pause Mark Start                              0.000 / 0.000         0.000 / 0.000         0.023 / 0.223         0.023 / 0.223       ms
[13750.316s][info][gc,stats    ]       Phase: Pause Relocate Start                          0.000 / 0.000         0.000 / 0.000         0.045 / 0.309         0.045 / 0.309       ms
[13750.316s][info][gc,stats    ]    Subphase: Concurrent Classes Purge                      0.000 / 0.000         0.000 / 0.000         0.518 / 3.157         0.518 / 3.157       ms
[13750.316s][info][gc,stats    ]    Subphase: Concurrent Classes Unlink                     0.000 / 0.000         0.000 / 0.000        64.039 / 18382.834    64.039 / 18382.834   ms
[13750.316s][info][gc,stats    ]    Subphase: Concurrent Mark                               0.000 / 0.000         0.000 / 0.000       450.151 / 3398.532    450.151 / 3398.532    ms
[13750.316s][info][gc,stats    ]    Subphase: Concurrent Mark Try Flush                     0.000 / 0.000         0.000 / 0.000         1.565 / 934.939       1.565 / 934.939     ms
[13750.316s][info][gc,stats    ]    Subphase: Concurrent Mark Try Terminate                 0.000 / 0.000         0.000 / 0.000         1.072 / 934.940       1.072 / 934.940     ms
[13750.316s][info][gc,stats    ]    Subphase: Concurrent References Enqueue                 0.000 / 0.000         0.000 / 0.000         0.009 / 0.091         0.009 / 0.091       ms
[13750.316s][info][gc,stats    ]    Subphase: Concurrent References Process                 0.000 / 0.000         0.000 / 0.000         0.881 / 3.992         0.881 / 3.992       ms
[13750.316s][info][gc,stats    ]    Subphase: Concurrent Roots ClassLoaderDataGraph         0.000 / 0.000         0.000 / 0.000         0.833 / 3.889         0.833 / 3.889       ms
[13750.316s][info][gc,stats    ]    Subphase: Concurrent Roots CodeCache                    0.000 / 0.000         0.000 / 0.000         0.000 / 0.000         0.000 / 0.000       ms
[13750.316s][info][gc,stats    ]    Subphase: Concurrent Roots JavaThreads                  0.000 / 0.000         0.000 / 0.000         4.665 / 969.487       4.665 / 969.487     ms
[13750.316s][info][gc,stats    ]    Subphase: Concurrent Roots OopStorageSet                0.000 / 0.000         0.000 / 0.000         0.083 / 2.218         0.083 / 2.218       ms
[13750.316s][info][gc,stats    ]    Subphase: Concurrent Weak Roots OopStorageSet           0.000 / 0.000         0.000 / 0.000         1.501 / 13.633        1.501 / 13.633      ms
[13750.316s][info][gc,stats    ]    Subphase: Pause Mark Try Complete                       0.000 / 0.000         0.000 / 0.000         0.001 / 0.031         0.001 / 0.031       ms
[13750.316s][info][gc,stats    ]      System: Java Threads                                      0 / 0                 0 / 0              1929 / 4684           1929 / 4684        threads
[13750.316s][info][gc,stats    ] =========================================================================================================================================================
[13760.316s][info][gc,stats    ] === Garbage Collection Statistics =======================================================================================================================
[13760.316s][info][gc,stats    ]                                                              Last 10s              Last 10m              Last 10h                Total
[13760.316s][info][gc,stats    ]                                                              Avg / Max             Avg / Max             Avg / Max             Avg / Max
[13760.316s][info][gc,stats    ]   Collector: Garbage Collection Cycle                      0.000 / 0.000         0.000 / 0.000       665.978 / 19032.234   665.978 / 19032.234   ms
[13760.316s][info][gc,stats    ]  Contention: Mark Segment Reset Contention                     0 / 0                 0 / 0                 2 / 104               2 / 104         ops/s
[13760.316s][info][gc,stats    ]  Contention: Mark SeqNum Reset Contention                      0 / 0                 0 / 0                 0 / 7                 0 / 7           ops/s
[13760.316s][info][gc,stats    ]    Critical: Allocation Stall                                  0 / 0                 0 / 0                 0 / 827               0 / 827         ops/s
[13760.316s][info][gc,stats    ]    Critical: Allocation Stall                              0.000 / 0.000         0.000 / 0.000       146.230 / 487.490     146.230 / 487.490     ms
[13760.316s][info][gc,stats    ]    Critical: GC Locker Stall                                   0 / 0                 0 / 0                 0 / 2                 0 / 2           ops/s
[13760.316s][info][gc,stats    ]    Critical: GC Locker Stall                               0.000 / 0.000         0.000 / 0.000         0.167 / 4.787         0.167 / 4.787       ms
[13760.316s][info][gc,stats    ]    Critical: Relocation Stall                                  0 / 0                 0 / 0                 0 / 103               0 / 103         ops/s
[13760.316s][info][gc,stats    ]    Critical: Relocation Stall                              0.000 / 0.000         0.000 / 0.000        14.882 / 62.172       14.882 / 62.172      ms
[13760.316s][info][gc,stats    ]      Memory: Allocation Rate                                   0 / 0                 0 / 0               507 / 2790            507 / 2790        MB/s
[13760.316s][info][gc,stats    ]      Memory: Out Of Memory                                     0 / 0                 0 / 0                 0 / 0                 0 / 0           ops/s
[13760.316s][info][gc,stats    ]      Memory: Page Cache Flush                                  0 / 0                 0 / 0                 0 / 258               0 / 258         MB/s
[13760.316s][info][gc,stats    ]      Memory: Page Cache Hit L1                                 0 / 0                 0 / 0               246 / 1336            246 / 1336        ops/s
[13760.316s][info][gc,stats    ]      Memory: Page Cache Hit L2                                 0 / 0                 0 / 0                 0 / 0                 0 / 0           ops/s
[13760.316s][info][gc,stats    ]      Memory: Page Cache Hit L3                                 0 / 0                 0 / 0                 0 / 1028              0 / 1028        ops/s
[13760.316s][info][gc,stats    ]      Memory: Page Cache Miss                                   0 / 0                 0 / 0                 0 / 12                0 / 12          ops/s
[13760.316s][info][gc,stats    ]      Memory: Uncommit                                          0 / 0                 0 / 0                 0 / 0                 0 / 0           MB/s
[13760.316s][info][gc,stats    ]      Memory: Undo Object Allocation Failed                     0 / 0                 0 / 0                 0 / 5                 0 / 5           ops/s
[13760.316s][info][gc,stats    ]      Memory: Undo Object Allocation Succeeded                  0 / 0                 0 / 0                17 / 6595             17 / 6595        ops/s
[13760.316s][info][gc,stats    ]      Memory: Undo Page Allocation                              0 / 0                 0 / 0                 0 / 676               0 / 676         ops/s
[13760.316s][info][gc,stats    ]       Phase: Concurrent Mark                               0.000 / 0.000         0.000 / 0.000       571.218 / 3424.228    571.218 / 3424.228    ms
[13760.316s][info][gc,stats    ]       Phase: Concurrent Mark Continue                      0.000 / 0.000         0.000 / 0.000         0.000 / 0.000         0.000 / 0.000       ms
[13760.316s][info][gc,stats    ]       Phase: Concurrent Mark Free                          0.000 / 0.000         0.000 / 0.000         1.118 / 305.339       1.118 / 305.339     ms
[13760.316s][info][gc,stats    ]       Phase: Concurrent Process Non-Strong References      0.000 / 0.000         0.000 / 0.000        69.335 / 18388.762    69.335 / 18388.762   ms
[13760.316s][info][gc,stats    ]       Phase: Concurrent Relocate                           0.000 / 0.000         0.000 / 0.000        11.475 / 64.108       11.475 / 64.108      ms
[13760.316s][info][gc,stats    ]       Phase: Concurrent Reset Relocation Set               0.000 / 0.000         0.000 / 0.000         0.212 / 0.968         0.212 / 0.968       ms
[13760.316s][info][gc,stats    ]       Phase: Concurrent Select Relocation Set              0.000 / 0.000         0.000 / 0.000         6.722 / 623.697       6.722 / 623.697     ms
[13760.316s][info][gc,stats    ]       Phase: Pause Mark End                                0.000 / 0.000         0.000 / 0.000         0.094 / 0.434         0.094 / 0.434       ms
[13760.316s][info][gc,stats    ]       Phase: Pause Mark Start                              0.000 / 0.000         0.000 / 0.000         0.023 / 0.223         0.023 / 0.223       ms
[13760.316s][info][gc,stats    ]       Phase: Pause Relocate Start                          0.000 / 0.000         0.000 / 0.000         0.045 / 0.309         0.045 / 0.309       ms
[13760.316s][info][gc,stats    ]    Subphase: Concurrent Classes Purge                      0.000 / 0.000         0.000 / 0.000         0.518 / 3.157         0.518 / 3.157       ms
[13760.316s][info][gc,stats    ]    Subphase: Concurrent Classes Unlink                     0.000 / 0.000         0.000 / 0.000        64.039 / 18382.834    64.039 / 18382.834   ms
[13760.316s][info][gc,stats    ]    Subphase: Concurrent Mark                               0.000 / 0.000         0.000 / 0.000       450.151 / 3398.532    450.151 / 3398.532    ms
[13760.316s][info][gc,stats    ]    Subphase: Concurrent Mark Try Flush                     0.000 / 0.000         0.000 / 0.000         1.565 / 934.939       1.565 / 934.939     ms
[13760.316s][info][gc,stats    ]    Subphase: Concurrent Mark Try Terminate                 0.000 / 0.000         0.000 / 0.000         1.072 / 934.940       1.072 / 934.940     ms
[13760.316s][info][gc,stats    ]    Subphase: Concurrent References Enqueue                 0.000 / 0.000         0.000 / 0.000         0.009 / 0.091         0.009 / 0.091       ms
[13760.316s][info][gc,stats    ]    Subphase: Concurrent References Process                 0.000 / 0.000         0.000 / 0.000         0.881 / 3.992         0.881 / 3.992       ms
[13760.316s][info][gc,stats    ]    Subphase: Concurrent Roots ClassLoaderDataGraph         0.000 / 0.000         0.000 / 0.000         0.833 / 3.889         0.833 / 3.889       ms
[13760.316s][info][gc,stats    ]    Subphase: Concurrent Roots CodeCache                    0.000 / 0.000         0.000 / 0.000         0.000 / 0.000         0.000 / 0.000       ms
[13760.316s][info][gc,stats    ]    Subphase: Concurrent Roots JavaThreads                  0.000 / 0.000         0.000 / 0.000         4.665 / 969.487       4.665 / 969.487     ms
[13760.316s][info][gc,stats    ]    Subphase: Concurrent Roots OopStorageSet                0.000 / 0.000         0.000 / 0.000         0.083 / 2.218         0.083 / 2.218       ms
[13760.316s][info][gc,stats    ]    Subphase: Concurrent Weak Roots OopStorageSet           0.000 / 0.000         0.000 / 0.000         1.501 / 13.633        1.501 / 13.633      ms
[13760.316s][info][gc,stats    ]    Subphase: Pause Mark Try Complete                       0.000 / 0.000         0.000 / 0.000         0.001 / 0.031         0.001 / 0.031       ms
[13760.316s][info][gc,stats    ]      System: Java Threads                                      0 / 0                 0 / 0              1929 / 4684           1929 / 4684        threads
[13760.316s][info][gc,stats    ] =========================================================================================================================================================
[13770.315s][info][gc,stats    ] === Garbage Collection Statistics =======================================================================================================================
[13770.315s][info][gc,stats    ]                                                              Last 10s              Last 10m              Last 10h                Total
[13770.315s][info][gc,stats    ]                                                              Avg / Max             Avg / Max             Avg / Max             Avg / Max
[13770.315s][info][gc,stats    ]   Collector: Garbage Collection Cycle                      0.000 / 0.000         0.000 / 0.000       665.978 / 19032.234   665.978 / 19032.234   ms
[13770.315s][info][gc,stats    ]  Contention: Mark Segment Reset Contention                     0 / 0                 0 / 0                 2 / 104               2 / 104         ops/s
[13770.315s][info][gc,stats    ]  Contention: Mark SeqNum Reset Contention                      0 / 0                 0 / 0                 0 / 7                 0 / 7           ops/s
[13770.315s][info][gc,stats    ]    Critical: Allocation Stall                                  0 / 0                 0 / 0                 0 / 827               0 / 827         ops/s
[13770.315s][info][gc,stats    ]    Critical: Allocation Stall                              0.000 / 0.000         0.000 / 0.000       146.230 / 487.490     146.230 / 487.490     ms
[13770.315s][info][gc,stats    ]    Critical: GC Locker Stall                                   0 / 0                 0 / 0                 0 / 2                 0 / 2           ops/s
[13770.315s][info][gc,stats    ]    Critical: GC Locker Stall                               0.000 / 0.000         0.000 / 0.000         0.167 / 4.787         0.167 / 4.787       ms
[13770.315s][info][gc,stats    ]    Critical: Relocation Stall                                  0 / 0                 0 / 0                 0 / 103               0 / 103         ops/s
[13770.315s][info][gc,stats    ]    Critical: Relocation Stall                              0.000 / 0.000         0.000 / 0.000        14.882 / 62.172       14.882 / 62.172      ms
[13770.315s][info][gc,stats    ]      Memory: Allocation Rate                                   0 / 0                 0 / 0               506 / 2790            506 / 2790        MB/s
[13770.315s][info][gc,stats    ]      Memory: Out Of Memory                                     0 / 0                 0 / 0                 0 / 0                 0 / 0           ops/s
[13770.315s][info][gc,stats    ]      Memory: Page Cache Flush                                  0 / 0                 0 / 0                 0 / 258               0 / 258         MB/s
[13770.315s][info][gc,stats    ]      Memory: Page Cache Hit L1                                 0 / 0                 0 / 0               246 / 1336            246 / 1336        ops/s
[13770.315s][info][gc,stats    ]      Memory: Page Cache Hit L2                                 0 / 0                 0 / 0                 0 / 0                 0 / 0           ops/s
[13770.315s][info][gc,stats    ]      Memory: Page Cache Hit L3                                 0 / 0                 0 / 0                 0 / 1028              0 / 1028        ops/s
[13770.315s][info][gc,stats    ]      Memory: Page Cache Miss                                   0 / 0                 0 / 0                 0 / 12                0 / 12          ops/s
[13770.315s][info][gc,stats    ]      Memory: Uncommit                                          0 / 0                 0 / 0                 0 / 0                 0 / 0           MB/s
[13770.315s][info][gc,stats    ]      Memory: Undo Object Allocation Failed                     0 / 0                 0 / 0                 0 / 5                 0 / 5           ops/s
[13770.316s][info][gc,stats    ]      Memory: Undo Object Allocation Succeeded                  0 / 0                 0 / 0                17 / 6595             17 / 6595        ops/s
[13770.316s][info][gc,stats    ]      Memory: Undo Page Allocation                              0 / 0                 0 / 0                 0 / 676               0 / 676         ops/s
[13770.316s][info][gc,stats    ]       Phase: Concurrent Mark                               0.000 / 0.000         0.000 / 0.000       571.218 / 3424.228    571.218 / 3424.228    ms
[13770.316s][info][gc,stats    ]       Phase: Concurrent Mark Continue                      0.000 / 0.000         0.000 / 0.000         0.000 / 0.000         0.000 / 0.000       ms
[13770.316s][info][gc,stats    ]       Phase: Concurrent Mark Free                          0.000 / 0.000         0.000 / 0.000         1.118 / 305.339       1.118 / 305.339     ms
[13770.316s][info][gc,stats    ]       Phase: Concurrent Process Non-Strong References      0.000 / 0.000         0.000 / 0.000        69.335 / 18388.762    69.335 / 18388.762   ms
[13770.316s][info][gc,stats    ]       Phase: Concurrent Relocate                           0.000 / 0.000         0.000 / 0.000        11.475 / 64.108       11.475 / 64.108      ms
[13770.316s][info][gc,stats    ]       Phase: Concurrent Reset Relocation Set               0.000 / 0.000         0.000 / 0.000         0.212 / 0.968         0.212 / 0.968       ms
[13770.316s][info][gc,stats    ]       Phase: Concurrent Select Relocation Set              0.000 / 0.000         0.000 / 0.000         6.722 / 623.697       6.722 / 623.697     ms
[13770.316s][info][gc,stats    ]       Phase: Pause Mark End                                0.000 / 0.000         0.000 / 0.000         0.094 / 0.434         0.094 / 0.434       ms
[13770.316s][info][gc,stats    ]       Phase: Pause Mark Start                              0.000 / 0.000         0.000 / 0.000         0.023 / 0.223         0.023 / 0.223       ms
[13770.316s][info][gc,stats    ]       Phase: Pause Relocate Start                          0.000 / 0.000         0.000 / 0.000         0.045 / 0.309         0.045 / 0.309       ms
[13770.316s][info][gc,stats    ]    Subphase: Concurrent Classes Purge                      0.000 / 0.000         0.000 / 0.000         0.518 / 3.157         0.518 / 3.157       ms
[13770.316s][info][gc,stats    ]    Subphase: Concurrent Classes Unlink                     0.000 / 0.000         0.000 / 0.000        64.039 / 18382.834    64.039 / 18382.834   ms
[13770.316s][info][gc,stats    ]    Subphase: Concurrent Mark                               0.000 / 0.000         0.000 / 0.000       450.151 / 3398.532    450.151 / 3398.532    ms
[13770.316s][info][gc,stats    ]    Subphase: Concurrent Mark Try Flush                     0.000 / 0.000         0.000 / 0.000         1.565 / 934.939       1.565 / 934.939     ms
[13770.316s][info][gc,stats    ]    Subphase: Concurrent Mark Try Terminate                 0.000 / 0.000         0.000 / 0.000         1.072 / 934.940       1.072 / 934.940     ms
[13770.316s][info][gc,stats    ]    Subphase: Concurrent References Enqueue                 0.000 / 0.000         0.000 / 0.000         0.009 / 0.091         0.009 / 0.091       ms
[13770.316s][info][gc,stats    ]    Subphase: Concurrent References Process                 0.000 / 0.000         0.000 / 0.000         0.881 / 3.992         0.881 / 3.992       ms
[13770.316s][info][gc,stats    ]    Subphase: Concurrent Roots ClassLoaderDataGraph         0.000 / 0.000         0.000 / 0.000         0.833 / 3.889         0.833 / 3.889       ms
[13770.316s][info][gc,stats    ]    Subphase: Concurrent Roots CodeCache                    0.000 / 0.000         0.000 / 0.000         0.000 / 0.000         0.000 / 0.000       ms
[13770.316s][info][gc,stats    ]    Subphase: Concurrent Roots JavaThreads                  0.000 / 0.000         0.000 / 0.000         4.665 / 969.487       4.665 / 969.487     ms
[13770.316s][info][gc,stats    ]    Subphase: Concurrent Roots OopStorageSet                0.000 / 0.000         0.000 / 0.000         0.083 / 2.218         0.083 / 2.218       ms
[13770.316s][info][gc,stats    ]    Subphase: Concurrent Weak Roots OopStorageSet           0.000 / 0.000         0.000 / 0.000         1.501 / 13.633        1.501 / 13.633      ms
[13770.316s][info][gc,stats    ]    Subphase: Pause Mark Try Complete                       0.000 / 0.000         0.000 / 0.000         0.001 / 0.031         0.001 / 0.031       ms
[13770.316s][info][gc,stats    ]      System: Java Threads                                      0 / 0                 0 / 0              1929 / 4684           1929 / 4684        threads
[13770.316s][info][gc,stats    ] =========================================================================================================================================================
[13780.316s][info][gc,stats    ] === Garbage Collection Statistics =======================================================================================================================
[13780.316s][info][gc,stats    ]                                                              Last 10s              Last 10m              Last 10h                Total
[13780.316s][info][gc,stats    ]                                                              Avg / Max             Avg / Max             Avg / Max             Avg / Max
[13780.316s][info][gc,stats    ]   Collector: Garbage Collection Cycle                      0.000 / 0.000         0.000 / 0.000       665.978 / 19032.234   665.978 / 19032.234   ms
[13780.316s][info][gc,stats    ]  Contention: Mark Segment Reset Contention                     0 / 0                 0 / 0                 2 / 104               2 / 104         ops/s
[13780.316s][info][gc,stats    ]  Contention: Mark SeqNum Reset Contention                      0 / 0                 0 / 0                 0 / 7                 0 / 7           ops/s
[13780.316s][info][gc,stats    ]    Critical: Allocation Stall                                  0 / 0                 0 / 0                 0 / 827               0 / 827         ops/s
[13780.316s][info][gc,stats    ]    Critical: Allocation Stall                              0.000 / 0.000         0.000 / 0.000       146.230 / 487.490     146.230 / 487.490     ms
[13780.316s][info][gc,stats    ]    Critical: GC Locker Stall                                   0 / 0                 0 / 0                 0 / 2                 0 / 2           ops/s
[13780.316s][info][gc,stats    ]    Critical: GC Locker Stall                               0.000 / 0.000         0.000 / 0.000         0.167 / 4.787         0.167 / 4.787       ms
[13780.316s][info][gc,stats    ]    Critical: Relocation Stall                                  0 / 0                 0 / 0                 0 / 103               0 / 103         ops/s
[13780.316s][info][gc,stats    ]    Critical: Relocation Stall                              0.000 / 0.000         0.000 / 0.000        14.882 / 62.172       14.882 / 62.172      ms
[13780.316s][info][gc,stats    ]      Memory: Allocation Rate                                   0 / 0                 0 / 0               506 / 2790            506 / 2790        MB/s
[13780.316s][info][gc,stats    ]      Memory: Out Of Memory                                     0 / 0                 0 / 0                 0 / 0                 0 / 0           ops/s
[13780.316s][info][gc,stats    ]      Memory: Page Cache Flush                                  0 / 0                 0 / 0                 0 / 258               0 / 258         MB/s
[13780.316s][info][gc,stats    ]      Memory: Page Cache Hit L1                                 0 / 0                 0 / 0               246 / 1336            246 / 1336        ops/s
[13780.316s][info][gc,stats    ]      Memory: Page Cache Hit L2                                 0 / 0                 0 / 0                 0 / 0                 0 / 0           ops/s
[13780.316s][info][gc,stats    ]      Memory: Page Cache Hit L3                                 0 / 0                 0 / 0                 0 / 1028              0 / 1028        ops/s
[13780.316s][info][gc,stats    ]      Memory: Page Cache Miss                                   0 / 0                 0 / 0                 0 / 12                0 / 12          ops/s
[13780.316s][info][gc,stats    ]      Memory: Uncommit                                          0 / 0                 0 / 0                 0 / 0                 0 / 0           MB/s
[13780.316s][info][gc,stats    ]      Memory: Undo Object Allocation Failed                     0 / 0                 0 / 0                 0 / 5                 0 / 5           ops/s
[13780.316s][info][gc,stats    ]      Memory: Undo Object Allocation Succeeded                  0 / 0                 0 / 0                17 / 6595             17 / 6595        ops/s
[13780.316s][info][gc,stats    ]      Memory: Undo Page Allocation                              0 / 0                 0 / 0                 0 / 676               0 / 676         ops/s
[13780.316s][info][gc,stats    ]       Phase: Concurrent Mark                               0.000 / 0.000         0.000 / 0.000       571.218 / 3424.228    571.218 / 3424.228    ms
[13780.316s][info][gc,stats    ]       Phase: Concurrent Mark Continue                      0.000 / 0.000         0.000 / 0.000         0.000 / 0.000         0.000 / 0.000       ms
[13780.316s][info][gc,stats    ]       Phase: Concurrent Mark Free                          0.000 / 0.000         0.000 / 0.000         1.118 / 305.339       1.118 / 305.339     ms
[13780.316s][info][gc,stats    ]       Phase: Concurrent Process Non-Strong References      0.000 / 0.000         0.000 / 0.000        69.335 / 18388.762    69.335 / 18388.762   ms
[13780.316s][info][gc,stats    ]       Phase: Concurrent Relocate                           0.000 / 0.000         0.000 / 0.000        11.475 / 64.108       11.475 / 64.108      ms
[13780.316s][info][gc,stats    ]       Phase: Concurrent Reset Relocation Set               0.000 / 0.000         0.000 / 0.000         0.212 / 0.968         0.212 / 0.968       ms
[13780.316s][info][gc,stats    ]       Phase: Concurrent Select Relocation Set              0.000 / 0.000         0.000 / 0.000         6.722 / 623.697       6.722 / 623.697     ms
[13780.316s][info][gc,stats    ]       Phase: Pause Mark End                                0.000 / 0.000         0.000 / 0.000         0.094 / 0.434         0.094 / 0.434       ms
[13780.316s][info][gc,stats    ]       Phase: Pause Mark Start                              0.000 / 0.000         0.000 / 0.000         0.023 / 0.223         0.023 / 0.223       ms
[13780.316s][info][gc,stats    ]       Phase: Pause Relocate Start                          0.000 / 0.000         0.000 / 0.000         0.045 / 0.309         0.045 / 0.309       ms
[13780.316s][info][gc,stats    ]    Subphase: Concurrent Classes Purge                      0.000 / 0.000         0.000 / 0.000         0.518 / 3.157         0.518 / 3.157       ms
[13780.316s][info][gc,stats    ]    Subphase: Concurrent Classes Unlink                     0.000 / 0.000         0.000 / 0.000        64.039 / 18382.834    64.039 / 18382.834   ms
[13780.316s][info][gc,stats    ]    Subphase: Concurrent Mark                               0.000 / 0.000         0.000 / 0.000       450.151 / 3398.532    450.151 / 3398.532    ms
[13780.316s][info][gc,stats    ]    Subphase: Concurrent Mark Try Flush                     0.000 / 0.000         0.000 / 0.000         1.565 / 934.939       1.565 / 934.939     ms
[13780.316s][info][gc,stats    ]    Subphase: Concurrent Mark Try Terminate                 0.000 / 0.000         0.000 / 0.000         1.072 / 934.940       1.072 / 934.940     ms
[13780.316s][info][gc,stats    ]    Subphase: Concurrent References Enqueue                 0.000 / 0.000         0.000 / 0.000         0.009 / 0.091         0.009 / 0.091       ms
[13780.316s][info][gc,stats    ]    Subphase: Concurrent References Process                 0.000 / 0.000         0.000 / 0.000         0.881 / 3.992         0.881 / 3.992       ms
[13780.316s][info][gc,stats    ]    Subphase: Concurrent Roots ClassLoaderDataGraph         0.000 / 0.000         0.000 / 0.000         0.833 / 3.889         0.833 / 3.889       ms
[13780.316s][info][gc,stats    ]    Subphase: Concurrent Roots CodeCache                    0.000 / 0.000         0.000 / 0.000         0.000 / 0.000         0.000 / 0.000       ms
[13780.316s][info][gc,stats    ]    Subphase: Concurrent Roots JavaThreads                  0.000 / 0.000         0.000 / 0.000         4.665 / 969.487       4.665 / 969.487     ms
[13780.316s][info][gc,stats    ]    Subphase: Concurrent Roots OopStorageSet                0.000 / 0.000         0.000 / 0.000         0.083 / 2.218         0.083 / 2.218       ms
[13780.316s][info][gc,stats    ]    Subphase: Concurrent Weak Roots OopStorageSet           0.000 / 0.000         0.000 / 0.000         1.501 / 13.633        1.501 / 13.633      ms
[13780.316s][info][gc,stats    ]    Subphase: Pause Mark Try Complete                       0.000 / 0.000         0.000 / 0.000         0.001 / 0.031         0.001 / 0.031       ms
[13780.316s][info][gc,stats    ]      System: Java Threads                                      0 / 0                 0 / 0              1929 / 4684           1929 / 4684        threads
[13780.316s][info][gc,stats    ] =========================================================================================================================================================
[13790.316s][info][gc,stats    ] === Garbage Collection Statistics =======================================================================================================================
[13790.316s][info][gc,stats    ]                                                              Last 10s              Last 10m              Last 10h                Total
[13790.316s][info][gc,stats    ]                                                              Avg / Max             Avg / Max             Avg / Max             Avg / Max
[13790.316s][info][gc,stats    ]   Collector: Garbage Collection Cycle                      0.000 / 0.000         0.000 / 0.000       665.978 / 19032.234   665.978 / 19032.234   ms
[13790.316s][info][gc,stats    ]  Contention: Mark Segment Reset Contention                     0 / 0                 0 / 0                 2 / 104               2 / 104         ops/s
[13790.316s][info][gc,stats    ]  Contention: Mark SeqNum Reset Contention                      0 / 0                 0 / 0                 0 / 7                 0 / 7           ops/s
[13790.316s][info][gc,stats    ]    Critical: Allocation Stall                                  0 / 0                 0 / 0                 0 / 827               0 / 827         ops/s
[13790.316s][info][gc,stats    ]    Critical: Allocation Stall                              0.000 / 0.000         0.000 / 0.000       146.230 / 487.490     146.230 / 487.490     ms
[13790.316s][info][gc,stats    ]    Critical: GC Locker Stall                                   0 / 0                 0 / 0                 0 / 2                 0 / 2           ops/s
[13790.316s][info][gc,stats    ]    Critical: GC Locker Stall                               0.000 / 0.000         0.000 / 0.000         0.167 / 4.787         0.167 / 4.787       ms
[13790.316s][info][gc,stats    ]    Critical: Relocation Stall                                  0 / 0                 0 / 0                 0 / 103               0 / 103         ops/s
[13790.316s][info][gc,stats    ]    Critical: Relocation Stall                              0.000 / 0.000         0.000 / 0.000        14.882 / 62.172       14.882 / 62.172      ms
[13790.316s][info][gc,stats    ]      Memory: Allocation Rate                                   0 / 0                 0 / 0               505 / 2790            505 / 2790        MB/s
[13790.316s][info][gc,stats    ]      Memory: Out Of Memory                                     0 / 0                 0 / 0                 0 / 0                 0 / 0           ops/s
[13790.316s][info][gc,stats    ]      Memory: Page Cache Flush                                  0 / 0                 0 / 0                 0 / 258               0 / 258         MB/s
[13790.316s][info][gc,stats    ]      Memory: Page Cache Hit L1                                 0 / 0                 0 / 0               246 / 1336            246 / 1336        ops/s
[13790.316s][info][gc,stats    ]      Memory: Page Cache Hit L2                                 0 / 0                 0 / 0                 0 / 0                 0 / 0           ops/s
[13790.316s][info][gc,stats    ]      Memory: Page Cache Hit L3                                 0 / 0                 0 / 0                 0 / 1028              0 / 1028        ops/s
[13790.316s][info][gc,stats    ]      Memory: Page Cache Miss                                   0 / 0                 0 / 0                 0 / 12                0 / 12          ops/s
[13790.316s][info][gc,stats    ]      Memory: Uncommit                                          0 / 0                 0 / 0                 0 / 0                 0 / 0           MB/s
[13790.316s][info][gc,stats    ]      Memory: Undo Object Allocation Failed                     0 / 0                 0 / 0                 0 / 5                 0 / 5           ops/s
[13790.316s][info][gc,stats    ]      Memory: Undo Object Allocation Succeeded                  0 / 0                 0 / 0                17 / 6595             17 / 6595        ops/s
[13790.316s][info][gc,stats    ]      Memory: Undo Page Allocation                              0 / 0                 0 / 0                 0 / 676               0 / 676         ops/s
[13790.316s][info][gc,stats    ]       Phase: Concurrent Mark                               0.000 / 0.000         0.000 / 0.000       571.218 / 3424.228    571.218 / 3424.228    ms
[13790.316s][info][gc,stats    ]       Phase: Concurrent Mark Continue                      0.000 / 0.000         0.000 / 0.000         0.000 / 0.000         0.000 / 0.000       ms
[13790.316s][info][gc,stats    ]       Phase: Concurrent Mark Free                          0.000 / 0.000         0.000 / 0.000         1.118 / 305.339       1.118 / 305.339     ms
[13790.316s][info][gc,stats    ]       Phase: Concurrent Process Non-Strong References      0.000 / 0.000         0.000 / 0.000        69.335 / 18388.762    69.335 / 18388.762   ms
[13790.316s][info][gc,stats    ]       Phase: Concurrent Relocate                           0.000 / 0.000         0.000 / 0.000        11.475 / 64.108       11.475 / 64.108      ms
[13790.316s][info][gc,stats    ]       Phase: Concurrent Reset Relocation Set               0.000 / 0.000         0.000 / 0.000         0.212 / 0.968         0.212 / 0.968       ms
[13790.316s][info][gc,stats    ]       Phase: Concurrent Select Relocation Set              0.000 / 0.000         0.000 / 0.000         6.722 / 623.697       6.722 / 623.697     ms
[13790.316s][info][gc,stats    ]       Phase: Pause Mark End                                0.000 / 0.000         0.000 / 0.000         0.094 / 0.434         0.094 / 0.434       ms
[13790.316s][info][gc,stats    ]       Phase: Pause Mark Start                              0.000 / 0.000         0.000 / 0.000         0.023 / 0.223         0.023 / 0.223       ms
[13790.316s][info][gc,stats    ]       Phase: Pause Relocate Start                          0.000 / 0.000         0.000 / 0.000         0.045 / 0.309         0.045 / 0.309       ms
[13790.316s][info][gc,stats    ]    Subphase: Concurrent Classes Purge                      0.000 / 0.000         0.000 / 0.000         0.518 / 3.157         0.518 / 3.157       ms
[13790.316s][info][gc,stats    ]    Subphase: Concurrent Classes Unlink                     0.000 / 0.000         0.000 / 0.000        64.039 / 18382.834    64.039 / 18382.834   ms
[13790.316s][info][gc,stats    ]    Subphase: Concurrent Mark                               0.000 / 0.000         0.000 / 0.000       450.151 / 3398.532    450.151 / 3398.532    ms
[13790.316s][info][gc,stats    ]    Subphase: Concurrent Mark Try Flush                     0.000 / 0.000         0.000 / 0.000         1.565 / 934.939       1.565 / 934.939     ms
[13790.316s][info][gc,stats    ]    Subphase: Concurrent Mark Try Terminate                 0.000 / 0.000         0.000 / 0.000         1.072 / 934.940       1.072 / 934.940     ms
[13790.316s][info][gc,stats    ]    Subphase: Concurrent References Enqueue                 0.000 / 0.000         0.000 / 0.000         0.009 / 0.091         0.009 / 0.091       ms
[13790.316s][info][gc,stats    ]    Subphase: Concurrent References Process                 0.000 / 0.000         0.000 / 0.000         0.881 / 3.992         0.881 / 3.992       ms
[13790.316s][info][gc,stats    ]    Subphase: Concurrent Roots ClassLoaderDataGraph         0.000 / 0.000         0.000 / 0.000         0.833 / 3.889         0.833 / 3.889       ms
[13790.316s][info][gc,stats    ]    Subphase: Concurrent Roots CodeCache                    0.000 / 0.000         0.000 / 0.000         0.000 / 0.000         0.000 / 0.000       ms
[13790.316s][info][gc,stats    ]    Subphase: Concurrent Roots JavaThreads                  0.000 / 0.000         0.000 / 0.000         4.665 / 969.487       4.665 / 969.487     ms
[13790.316s][info][gc,stats    ]    Subphase: Concurrent Roots OopStorageSet                0.000 / 0.000         0.000 / 0.000         0.083 / 2.218         0.083 / 2.218       ms
[13790.316s][info][gc,stats    ]    Subphase: Concurrent Weak Roots OopStorageSet           0.000 / 0.000         0.000 / 0.000         1.501 / 13.633        1.501 / 13.633      ms
[13790.316s][info][gc,stats    ]    Subphase: Pause Mark Try Complete                       0.000 / 0.000         0.000 / 0.000         0.001 / 0.031         0.001 / 0.031       ms
[13790.316s][info][gc,stats    ]      System: Java Threads                                      0 / 0                 0 / 0              1929 / 4684           1929 / 4684        threads
[13790.316s][info][gc,stats    ] =========================================================================================================================================================
[13800.315s][info][gc,stats    ] === Garbage Collection Statistics =======================================================================================================================
[13800.315s][info][gc,stats    ]                                                              Last 10s              Last 10m              Last 10h                Total
[13800.315s][info][gc,stats    ]                                                              Avg / Max             Avg / Max             Avg / Max             Avg / Max
[13800.315s][info][gc,stats    ]   Collector: Garbage Collection Cycle                      0.000 / 0.000         0.000 / 0.000       665.978 / 19032.234   665.978 / 19032.234   ms
[13800.315s][info][gc,stats    ]  Contention: Mark Segment Reset Contention                     0 / 0                 0 / 0                 2 / 104               2 / 104         ops/s
[13800.316s][info][gc,stats    ]  Contention: Mark SeqNum Reset Contention                      0 / 0                 0 / 0                 0 / 7                 0 / 7           ops/s
[13800.316s][info][gc,stats    ]    Critical: Allocation Stall                                  0 / 0                 0 / 0                 0 / 827               0 / 827         ops/s
[13800.316s][info][gc,stats    ]    Critical: Allocation Stall                              0.000 / 0.000         0.000 / 0.000       146.230 / 487.490     146.230 / 487.490     ms
[13800.316s][info][gc,stats    ]    Critical: GC Locker Stall                                   0 / 0                 0 / 0                 0 / 2                 0 / 2           ops/s
[13800.316s][info][gc,stats    ]    Critical: GC Locker Stall                               0.000 / 0.000         0.000 / 0.000         0.167 / 4.787         0.167 / 4.787       ms
[13800.316s][info][gc,stats    ]    Critical: Relocation Stall                                  0 / 0                 0 / 0                 0 / 103               0 / 103         ops/s
[13800.316s][info][gc,stats    ]    Critical: Relocation Stall                              0.000 / 0.000         0.000 / 0.000        14.882 / 62.172       14.882 / 62.172      ms
[13800.316s][info][gc,stats    ]      Memory: Allocation Rate                                   0 / 0                 0 / 0               505 / 2790            505 / 2790        MB/s
[13800.316s][info][gc,stats    ]      Memory: Out Of Memory                                     0 / 0                 0 / 0                 0 / 0                 0 / 0           ops/s
[13800.316s][info][gc,stats    ]      Memory: Page Cache Flush                                  0 / 0                 0 / 0                 0 / 258               0 / 258         MB/s
[13800.316s][info][gc,stats    ]      Memory: Page Cache Hit L1                                 0 / 0                 0 / 0               246 / 1336            246 / 1336        ops/s
[13800.316s][info][gc,stats    ]      Memory: Page Cache Hit L2                                 0 / 0                 0 / 0                 0 / 0                 0 / 0           ops/s
[13800.316s][info][gc,stats    ]      Memory: Page Cache Hit L3                                 0 / 0                 0 / 0                 0 / 1028              0 / 1028        ops/s
[13800.316s][info][gc,stats    ]      Memory: Page Cache Miss                                   0 / 0                 0 / 0                 0 / 12                0 / 12          ops/s
[13800.316s][info][gc,stats    ]      Memory: Uncommit                                          0 / 0                 0 / 0                 0 / 0                 0 / 0           MB/s
[13800.316s][info][gc,stats    ]      Memory: Undo Object Allocation Failed                     0 / 0                 0 / 0                 0 / 5                 0 / 5           ops/s
[13800.316s][info][gc,stats    ]      Memory: Undo Object Allocation Succeeded                  0 / 0                 0 / 0                17 / 6595             17 / 6595        ops/s
[13800.316s][info][gc,stats    ]      Memory: Undo Page Allocation                              0 / 0                 0 / 0                 0 / 676               0 / 676         ops/s
[13800.316s][info][gc,stats    ]       Phase: Concurrent Mark                               0.000 / 0.000         0.000 / 0.000       571.218 / 3424.228    571.218 / 3424.228    ms
[13800.316s][info][gc,stats    ]       Phase: Concurrent Mark Continue                      0.000 / 0.000         0.000 / 0.000         0.000 / 0.000         0.000 / 0.000       ms
[13800.316s][info][gc,stats    ]       Phase: Concurrent Mark Free                          0.000 / 0.000         0.000 / 0.000         1.118 / 305.339       1.118 / 305.339     ms
[13800.316s][info][gc,stats    ]       Phase: Concurrent Process Non-Strong References      0.000 / 0.000         0.000 / 0.000        69.335 / 18388.762    69.335 / 18388.762   ms
[13800.316s][info][gc,stats    ]       Phase: Concurrent Relocate                           0.000 / 0.000         0.000 / 0.000        11.475 / 64.108       11.475 / 64.108      ms
[13800.316s][info][gc,stats    ]       Phase: Concurrent Reset Relocation Set               0.000 / 0.000         0.000 / 0.000         0.212 / 0.968         0.212 / 0.968       ms
[13800.316s][info][gc,stats    ]       Phase: Concurrent Select Relocation Set              0.000 / 0.000         0.000 / 0.000         6.722 / 623.697       6.722 / 623.697     ms
[13800.316s][info][gc,stats    ]       Phase: Pause Mark End                                0.000 / 0.000         0.000 / 0.000         0.094 / 0.434         0.094 / 0.434       ms
[13800.316s][info][gc,stats    ]       Phase: Pause Mark Start                              0.000 / 0.000         0.000 / 0.000         0.023 / 0.223         0.023 / 0.223       ms
[13800.316s][info][gc,stats    ]       Phase: Pause Relocate Start                          0.000 / 0.000         0.000 / 0.000         0.045 / 0.309         0.045 / 0.309       ms
[13800.316s][info][gc,stats    ]    Subphase: Concurrent Classes Purge                      0.000 / 0.000         0.000 / 0.000         0.518 / 3.157         0.518 / 3.157       ms
[13800.316s][info][gc,stats    ]    Subphase: Concurrent Classes Unlink                     0.000 / 0.000         0.000 / 0.000        64.039 / 18382.834    64.039 / 18382.834   ms
[13800.316s][info][gc,stats    ]    Subphase: Concurrent Mark                               0.000 / 0.000         0.000 / 0.000       450.151 / 3398.532    450.151 / 3398.532    ms
[13800.316s][info][gc,stats    ]    Subphase: Concurrent Mark Try Flush                     0.000 / 0.000         0.000 / 0.000         1.565 / 934.939       1.565 / 934.939     ms
[13800.316s][info][gc,stats    ]    Subphase: Concurrent Mark Try Terminate                 0.000 / 0.000         0.000 / 0.000         1.072 / 934.940       1.072 / 934.940     ms
[13800.316s][info][gc,stats    ]    Subphase: Concurrent References Enqueue                 0.000 / 0.000         0.000 / 0.000         0.009 / 0.091         0.009 / 0.091       ms
[13800.316s][info][gc,stats    ]    Subphase: Concurrent References Process                 0.000 / 0.000         0.000 / 0.000         0.881 / 3.992         0.881 / 3.992       ms
[13800.316s][info][gc,stats    ]    Subphase: Concurrent Roots ClassLoaderDataGraph         0.000 / 0.000         0.000 / 0.000         0.833 / 3.889         0.833 / 3.889       ms
[13800.316s][info][gc,stats    ]    Subphase: Concurrent Roots CodeCache                    0.000 / 0.000         0.000 / 0.000         0.000 / 0.000         0.000 / 0.000       ms
[13800.316s][info][gc,stats    ]    Subphase: Concurrent Roots JavaThreads                  0.000 / 0.000         0.000 / 0.000         4.665 / 969.487       4.665 / 969.487     ms
[13800.316s][info][gc,stats    ]    Subphase: Concurrent Roots OopStorageSet                0.000 / 0.000         0.000 / 0.000         0.083 / 2.218         0.083 / 2.218       ms
[13800.316s][info][gc,stats    ]    Subphase: Concurrent Weak Roots OopStorageSet           0.000 / 0.000         0.000 / 0.000         1.501 / 13.633        1.501 / 13.633      ms
[13800.316s][info][gc,stats    ]    Subphase: Pause Mark Try Complete                       0.000 / 0.000         0.000 / 0.000         0.001 / 0.031         0.001 / 0.031       ms
[13800.316s][info][gc,stats    ]      System: Java Threads                                      0 / 0                 0 / 0              1929 / 4684           1929 / 4684        threads
[13800.316s][info][gc,stats    ] =========================================================================================================================================================
[13810.316s][info][gc,stats    ] === Garbage Collection Statistics =======================================================================================================================
[13810.316s][info][gc,stats    ]                                                              Last 10s              Last 10m              Last 10h                Total
[13810.316s][info][gc,stats    ]                                                              Avg / Max             Avg / Max             Avg / Max             Avg / Max
[13810.316s][info][gc,stats    ]   Collector: Garbage Collection Cycle                      0.000 / 0.000         0.000 / 0.000       665.978 / 19032.234   665.978 / 19032.234   ms
[13810.316s][info][gc,stats    ]  Contention: Mark Segment Reset Contention                     0 / 0                 0 / 0                 2 / 104               2 / 104         ops/s
[13810.316s][info][gc,stats    ]  Contention: Mark SeqNum Reset Contention                      0 / 0                 0 / 0                 0 / 7                 0 / 7           ops/s
[13810.316s][info][gc,stats    ]    Critical: Allocation Stall                                  0 / 0                 0 / 0                 0 / 827               0 / 827         ops/s
[13810.316s][info][gc,stats    ]    Critical: Allocation Stall                              0.000 / 0.000         0.000 / 0.000       146.230 / 487.490     146.230 / 487.490     ms
[13810.316s][info][gc,stats    ]    Critical: GC Locker Stall                                   0 / 0                 0 / 0                 0 / 2                 0 / 2           ops/s
[13810.316s][info][gc,stats    ]    Critical: GC Locker Stall                               0.000 / 0.000         0.000 / 0.000         0.167 / 4.787         0.167 / 4.787       ms
[13810.316s][info][gc,stats    ]    Critical: Relocation Stall                                  0 / 0                 0 / 0                 0 / 103               0 / 103         ops/s
[13810.316s][info][gc,stats    ]    Critical: Relocation Stall                              0.000 / 0.000         0.000 / 0.000        14.882 / 62.172       14.882 / 62.172      ms
[13810.316s][info][gc,stats    ]      Memory: Allocation Rate                                   0 / 0                 0 / 0               505 / 2790            505 / 2790        MB/s
[13810.316s][info][gc,stats    ]      Memory: Out Of Memory                                     0 / 0                 0 / 0                 0 / 0                 0 / 0           ops/s
[13810.316s][info][gc,stats    ]      Memory: Page Cache Flush                                  0 / 0                 0 / 0                 0 / 258               0 / 258         MB/s
[13810.316s][info][gc,stats    ]      Memory: Page Cache Hit L1                                 0 / 0                 0 / 0               246 / 1336            246 / 1336        ops/s
[13810.316s][info][gc,stats    ]      Memory: Page Cache Hit L2                                 0 / 0                 0 / 0                 0 / 0                 0 / 0           ops/s
[13810.316s][info][gc,stats    ]      Memory: Page Cache Hit L3                                 0 / 0                 0 / 0                 0 / 1028              0 / 1028        ops/s
[13810.316s][info][gc,stats    ]      Memory: Page Cache Miss                                   0 / 0                 0 / 0                 0 / 12                0 / 12          ops/s
[13810.316s][info][gc,stats    ]      Memory: Uncommit                                          0 / 0                 0 / 0                 0 / 0                 0 / 0           MB/s
[13810.316s][info][gc,stats    ]      Memory: Undo Object Allocation Failed                     0 / 0                 0 / 0                 0 / 5                 0 / 5           ops/s
[13810.316s][info][gc,stats    ]      Memory: Undo Object Allocation Succeeded                  0 / 0                 0 / 0                17 / 6595             17 / 6595        ops/s
[13810.316s][info][gc,stats    ]      Memory: Undo Page Allocation                              0 / 0                 0 / 0                 0 / 676               0 / 676         ops/s
[13810.316s][info][gc,stats    ]       Phase: Concurrent Mark                               0.000 / 0.000         0.000 / 0.000       571.218 / 3424.228    571.218 / 3424.228    ms
[13810.316s][info][gc,stats    ]       Phase: Concurrent Mark Continue                      0.000 / 0.000         0.000 / 0.000         0.000 / 0.000         0.000 / 0.000       ms
[13810.316s][info][gc,stats    ]       Phase: Concurrent Mark Free                          0.000 / 0.000         0.000 / 0.000         1.118 / 305.339       1.118 / 305.339     ms
[13810.316s][info][gc,stats    ]       Phase: Concurrent Process Non-Strong References      0.000 / 0.000         0.000 / 0.000        69.335 / 18388.762    69.335 / 18388.762   ms
[13810.316s][info][gc,stats    ]       Phase: Concurrent Relocate                           0.000 / 0.000         0.000 / 0.000        11.475 / 64.108       11.475 / 64.108      ms
[13810.316s][info][gc,stats    ]       Phase: Concurrent Reset Relocation Set               0.000 / 0.000         0.000 / 0.000         0.212 / 0.968         0.212 / 0.968       ms
[13810.316s][info][gc,stats    ]       Phase: Concurrent Select Relocation Set              0.000 / 0.000         0.000 / 0.000         6.722 / 623.697       6.722 / 623.697     ms
[13810.316s][info][gc,stats    ]       Phase: Pause Mark End                                0.000 / 0.000         0.000 / 0.000         0.094 / 0.434         0.094 / 0.434       ms
[13810.316s][info][gc,stats    ]       Phase: Pause Mark Start                              0.000 / 0.000         0.000 / 0.000         0.023 / 0.223         0.023 / 0.223       ms
[13810.316s][info][gc,stats    ]       Phase: Pause Relocate Start                          0.000 / 0.000         0.000 / 0.000         0.045 / 0.309         0.045 / 0.309       ms
[13810.316s][info][gc,stats    ]    Subphase: Concurrent Classes Purge                      0.000 / 0.000         0.000 / 0.000         0.518 / 3.157         0.518 / 3.157       ms
[13810.316s][info][gc,stats    ]    Subphase: Concurrent Classes Unlink                     0.000 / 0.000         0.000 / 0.000        64.039 / 18382.834    64.039 / 18382.834   ms
[13810.317s][info][gc,stats    ]    Subphase: Concurrent Mark                               0.000 / 0.000         0.000 / 0.000       450.151 / 3398.532    450.151 / 3398.532    ms
[13810.317s][info][gc,stats    ]    Subphase: Concurrent Mark Try Flush                     0.000 / 0.000         0.000 / 0.000         1.565 / 934.939       1.565 / 934.939     ms
[13810.317s][info][gc,stats    ]    Subphase: Concurrent Mark Try Terminate                 0.000 / 0.000         0.000 / 0.000         1.072 / 934.940       1.072 / 934.940     ms
[13810.317s][info][gc,stats    ]    Subphase: Concurrent References Enqueue                 0.000 / 0.000         0.000 / 0.000         0.009 / 0.091         0.009 / 0.091       ms
[13810.317s][info][gc,stats    ]    Subphase: Concurrent References Process                 0.000 / 0.000         0.000 / 0.000         0.881 / 3.992         0.881 / 3.992       ms
[13810.317s][info][gc,stats    ]    Subphase: Concurrent Roots ClassLoaderDataGraph         0.000 / 0.000         0.000 / 0.000         0.833 / 3.889         0.833 / 3.889       ms
[13810.317s][info][gc,stats    ]    Subphase: Concurrent Roots CodeCache                    0.000 / 0.000         0.000 / 0.000         0.000 / 0.000         0.000 / 0.000       ms
[13810.317s][info][gc,stats    ]    Subphase: Concurrent Roots JavaThreads                  0.000 / 0.000         0.000 / 0.000         4.665 / 969.487       4.665 / 969.487     ms
[13810.317s][info][gc,stats    ]    Subphase: Concurrent Roots OopStorageSet                0.000 / 0.000         0.000 / 0.000         0.083 / 2.218         0.083 / 2.218       ms
[13810.317s][info][gc,stats    ]    Subphase: Concurrent Weak Roots OopStorageSet           0.000 / 0.000         0.000 / 0.000         1.501 / 13.633        1.501 / 13.633      ms
[13810.317s][info][gc,stats    ]    Subphase: Pause Mark Try Complete                       0.000 / 0.000         0.000 / 0.000         0.001 / 0.031         0.001 / 0.031       ms
[13810.317s][info][gc,stats    ]      System: Java Threads                                      0 / 0                 0 / 0              1929 / 4684           1929 / 4684        threads
[13810.317s][info][gc,stats    ] =========================================================================================================================================================
[13820.316s][info][gc,stats    ] === Garbage Collection Statistics =======================================================================================================================
[13820.316s][info][gc,stats    ]                                                              Last 10s              Last 10m              Last 10h                Total
[13820.316s][info][gc,stats    ]                                                              Avg / Max             Avg / Max             Avg / Max             Avg / Max
[13820.316s][info][gc,stats    ]   Collector: Garbage Collection Cycle                      0.000 / 0.000         0.000 / 0.000       665.978 / 19032.234   665.978 / 19032.234   ms
[13820.316s][info][gc,stats    ]  Contention: Mark Segment Reset Contention                     0 / 0                 0 / 0                 2 / 104               2 / 104         ops/s
[13820.316s][info][gc,stats    ]  Contention: Mark SeqNum Reset Contention                      0 / 0                 0 / 0                 0 / 7                 0 / 7           ops/s
[13820.316s][info][gc,stats    ]    Critical: Allocation Stall                                  0 / 0                 0 / 0                 0 / 827               0 / 827         ops/s
[13820.316s][info][gc,stats    ]    Critical: Allocation Stall                              0.000 / 0.000         0.000 / 0.000       146.230 / 487.490     146.230 / 487.490     ms
[13820.316s][info][gc,stats    ]    Critical: GC Locker Stall                                   0 / 0                 0 / 0                 0 / 2                 0 / 2           ops/s
[13820.316s][info][gc,stats    ]    Critical: GC Locker Stall                               0.000 / 0.000         0.000 / 0.000         0.167 / 4.787         0.167 / 4.787       ms
[13820.316s][info][gc,stats    ]    Critical: Relocation Stall                                  0 / 0                 0 / 0                 0 / 103               0 / 103         ops/s
[13820.316s][info][gc,stats    ]    Critical: Relocation Stall                              0.000 / 0.000         0.000 / 0.000        14.882 / 62.172       14.882 / 62.172      ms
[13820.316s][info][gc,stats    ]      Memory: Allocation Rate                                   0 / 0                 0 / 0               504 / 2790            504 / 2790        MB/s
[13820.316s][info][gc,stats    ]      Memory: Out Of Memory                                     0 / 0                 0 / 0                 0 / 0                 0 / 0           ops/s
[13820.316s][info][gc,stats    ]      Memory: Page Cache Flush                                  0 / 0                 0 / 0                 0 / 258               0 / 258         MB/s
[13820.316s][info][gc,stats    ]      Memory: Page Cache Hit L1                                 0 / 0                 0 / 0               245 / 1336            245 / 1336        ops/s
[13820.316s][info][gc,stats    ]      Memory: Page Cache Hit L2                                 0 / 0                 0 / 0                 0 / 0                 0 / 0           ops/s
[13820.316s][info][gc,stats    ]      Memory: Page Cache Hit L3                                 0 / 0                 0 / 0                 0 / 1028              0 / 1028        ops/s
[13820.316s][info][gc,stats    ]      Memory: Page Cache Miss                                   0 / 0                 0 / 0                 0 / 12                0 / 12          ops/s
[13820.316s][info][gc,stats    ]      Memory: Uncommit                                          0 / 0                 0 / 0                 0 / 0                 0 / 0           MB/s
[13820.316s][info][gc,stats    ]      Memory: Undo Object Allocation Failed                     0 / 0                 0 / 0                 0 / 5                 0 / 5           ops/s
[13820.316s][info][gc,stats    ]      Memory: Undo Object Allocation Succeeded                  0 / 0                 0 / 0                17 / 6595             17 / 6595        ops/s
[13820.316s][info][gc,stats    ]      Memory: Undo Page Allocation                              0 / 0                 0 / 0                 0 / 676               0 / 676         ops/s
[13820.316s][info][gc,stats    ]       Phase: Concurrent Mark                               0.000 / 0.000         0.000 / 0.000       571.218 / 3424.228    571.218 / 3424.228    ms
[13820.316s][info][gc,stats    ]       Phase: Concurrent Mark Continue                      0.000 / 0.000         0.000 / 0.000         0.000 / 0.000         0.000 / 0.000       ms
[13820.316s][info][gc,stats    ]       Phase: Concurrent Mark Free                          0.000 / 0.000         0.000 / 0.000         1.118 / 305.339       1.118 / 305.339     ms
[13820.316s][info][gc,stats    ]       Phase: Concurrent Process Non-Strong References      0.000 / 0.000         0.000 / 0.000        69.335 / 18388.762    69.335 / 18388.762   ms
[13820.316s][info][gc,stats    ]       Phase: Concurrent Relocate                           0.000 / 0.000         0.000 / 0.000        11.475 / 64.108       11.475 / 64.108      ms
[13820.316s][info][gc,stats    ]       Phase: Concurrent Reset Relocation Set               0.000 / 0.000         0.000 / 0.000         0.212 / 0.968         0.212 / 0.968       ms
[13820.316s][info][gc,stats    ]       Phase: Concurrent Select Relocation Set              0.000 / 0.000         0.000 / 0.000         6.722 / 623.697       6.722 / 623.697     ms
[13820.316s][info][gc,stats    ]       Phase: Pause Mark End                                0.000 / 0.000         0.000 / 0.000         0.094 / 0.434         0.094 / 0.434       ms
[13820.316s][info][gc,stats    ]       Phase: Pause Mark Start                              0.000 / 0.000         0.000 / 0.000         0.023 / 0.223         0.023 / 0.223       ms
[13820.316s][info][gc,stats    ]       Phase: Pause Relocate Start                          0.000 / 0.000         0.000 / 0.000         0.045 / 0.309         0.045 / 0.309       ms
[13820.316s][info][gc,stats    ]    Subphase: Concurrent Classes Purge                      0.000 / 0.000         0.000 / 0.000         0.518 / 3.157         0.518 / 3.157       ms
[13820.316s][info][gc,stats    ]    Subphase: Concurrent Classes Unlink                     0.000 / 0.000         0.000 / 0.000        64.039 / 18382.834    64.039 / 18382.834   ms
[13820.316s][info][gc,stats    ]    Subphase: Concurrent Mark                               0.000 / 0.000         0.000 / 0.000       450.151 / 3398.532    450.151 / 3398.532    ms
[13820.316s][info][gc,stats    ]    Subphase: Concurrent Mark Try Flush                     0.000 / 0.000         0.000 / 0.000         1.565 / 934.939       1.565 / 934.939     ms
[13820.316s][info][gc,stats    ]    Subphase: Concurrent Mark Try Terminate                 0.000 / 0.000         0.000 / 0.000         1.072 / 934.940       1.072 / 934.940     ms
[13820.316s][info][gc,stats    ]    Subphase: Concurrent References Enqueue                 0.000 / 0.000         0.000 / 0.000         0.009 / 0.091         0.009 / 0.091       ms
[13820.316s][info][gc,stats    ]    Subphase: Concurrent References Process                 0.000 / 0.000         0.000 / 0.000         0.881 / 3.992         0.881 / 3.992       ms
[13820.316s][info][gc,stats    ]    Subphase: Concurrent Roots ClassLoaderDataGraph         0.000 / 0.000         0.000 / 0.000         0.833 / 3.889         0.833 / 3.889       ms
[13820.316s][info][gc,stats    ]    Subphase: Concurrent Roots CodeCache                    0.000 / 0.000         0.000 / 0.000         0.000 / 0.000         0.000 / 0.000       ms
[13820.316s][info][gc,stats    ]    Subphase: Concurrent Roots JavaThreads                  0.000 / 0.000         0.000 / 0.000         4.665 / 969.487       4.665 / 969.487     ms
[13820.316s][info][gc,stats    ]    Subphase: Concurrent Roots OopStorageSet                0.000 / 0.000         0.000 / 0.000         0.083 / 2.218         0.083 / 2.218       ms
[13820.316s][info][gc,stats    ]    Subphase: Concurrent Weak Roots OopStorageSet           0.000 / 0.000         0.000 / 0.000         1.501 / 13.633        1.501 / 13.633      ms
[13820.316s][info][gc,stats    ]    Subphase: Pause Mark Try Complete                       0.000 / 0.000         0.000 / 0.000         0.001 / 0.031         0.001 / 0.031       ms
[13820.316s][info][gc,stats    ]      System: Java Threads                                      0 / 0                 0 / 0              1929 / 4684           1929 / 4684        threads
[13820.316s][info][gc,stats    ] =========================================================================================================================================================
[13830.316s][info][gc,stats    ] === Garbage Collection Statistics =======================================================================================================================
[13830.316s][info][gc,stats    ]                                                              Last 10s              Last 10m              Last 10h                Total
[13830.316s][info][gc,stats    ]                                                              Avg / Max             Avg / Max             Avg / Max             Avg / Max
[13830.316s][info][gc,stats    ]   Collector: Garbage Collection Cycle                      0.000 / 0.000         0.000 / 0.000       665.978 / 19032.234   665.978 / 19032.234   ms
[13830.316s][info][gc,stats    ]  Contention: Mark Segment Reset Contention                     0 / 0                 0 / 0                 2 / 104               2 / 104         ops/s
[13830.316s][info][gc,stats    ]  Contention: Mark SeqNum Reset Contention                      0 / 0                 0 / 0                 0 / 7                 0 / 7           ops/s
[13830.316s][info][gc,stats    ]    Critical: Allocation Stall                                  0 / 0                 0 / 0                 0 / 827               0 / 827         ops/s
[13830.316s][info][gc,stats    ]    Critical: Allocation Stall                              0.000 / 0.000         0.000 / 0.000       146.230 / 487.490     146.230 / 487.490     ms
[13830.316s][info][gc,stats    ]    Critical: GC Locker Stall                                   0 / 0                 0 / 0                 0 / 2                 0 / 2           ops/s
[13830.316s][info][gc,stats    ]    Critical: GC Locker Stall                               0.000 / 0.000         0.000 / 0.000         0.167 / 4.787         0.167 / 4.787       ms
[13830.316s][info][gc,stats    ]    Critical: Relocation Stall                                  0 / 0                 0 / 0                 0 / 103               0 / 103         ops/s
[13830.316s][info][gc,stats    ]    Critical: Relocation Stall                              0.000 / 0.000         0.000 / 0.000        14.882 / 62.172       14.882 / 62.172      ms
[13830.316s][info][gc,stats    ]      Memory: Allocation Rate                                   0 / 0                 0 / 0               504 / 2790            504 / 2790        MB/s
[13830.316s][info][gc,stats    ]      Memory: Out Of Memory                                     0 / 0                 0 / 0                 0 / 0                 0 / 0           ops/s
[13830.316s][info][gc,stats    ]      Memory: Page Cache Flush                                  0 / 0                 0 / 0                 0 / 258               0 / 258         MB/s
[13830.316s][info][gc,stats    ]      Memory: Page Cache Hit L1                                 0 / 0                 0 / 0               245 / 1336            245 / 1336        ops/s
[13830.316s][info][gc,stats    ]      Memory: Page Cache Hit L2                                 0 / 0                 0 / 0                 0 / 0                 0 / 0           ops/s
[13830.316s][info][gc,stats    ]      Memory: Page Cache Hit L3                                 0 / 0                 0 / 0                 0 / 1028              0 / 1028        ops/s
[13830.316s][info][gc,stats    ]      Memory: Page Cache Miss                                   0 / 0                 0 / 0                 0 / 12                0 / 12          ops/s
[13830.316s][info][gc,stats    ]      Memory: Uncommit                                          0 / 0                 0 / 0                 0 / 0                 0 / 0           MB/s
[13830.316s][info][gc,stats    ]      Memory: Undo Object Allocation Failed                     0 / 0                 0 / 0                 0 / 5                 0 / 5           ops/s
[13830.316s][info][gc,stats    ]      Memory: Undo Object Allocation Succeeded                  0 / 0                 0 / 0                17 / 6595             17 / 6595        ops/s
[13830.316s][info][gc,stats    ]      Memory: Undo Page Allocation                              0 / 0                 0 / 0                 0 / 676               0 / 676         ops/s
[13830.316s][info][gc,stats    ]       Phase: Concurrent Mark                               0.000 / 0.000         0.000 / 0.000       571.218 / 3424.228    571.218 / 3424.228    ms
[13830.316s][info][gc,stats    ]       Phase: Concurrent Mark Continue                      0.000 / 0.000         0.000 / 0.000         0.000 / 0.000         0.000 / 0.000       ms
[13830.316s][info][gc,stats    ]       Phase: Concurrent Mark Free                          0.000 / 0.000         0.000 / 0.000         1.118 / 305.339       1.118 / 305.339     ms
[13830.316s][info][gc,stats    ]       Phase: Concurrent Process Non-Strong References      0.000 / 0.000         0.000 / 0.000        69.335 / 18388.762    69.335 / 18388.762   ms
[13830.316s][info][gc,stats    ]       Phase: Concurrent Relocate                           0.000 / 0.000         0.000 / 0.000        11.475 / 64.108       11.475 / 64.108      ms
[13830.316s][info][gc,stats    ]       Phase: Concurrent Reset Relocation Set               0.000 / 0.000         0.000 / 0.000         0.212 / 0.968         0.212 / 0.968       ms
[13830.316s][info][gc,stats    ]       Phase: Concurrent Select Relocation Set              0.000 / 0.000         0.000 / 0.000         6.722 / 623.697       6.722 / 623.697     ms
[13830.316s][info][gc,stats    ]       Phase: Pause Mark End                                0.000 / 0.000         0.000 / 0.000         0.094 / 0.434         0.094 / 0.434       ms
[13830.316s][info][gc,stats    ]       Phase: Pause Mark Start                              0.000 / 0.000         0.000 / 0.000         0.023 / 0.223         0.023 / 0.223       ms
[13830.316s][info][gc,stats    ]       Phase: Pause Relocate Start                          0.000 / 0.000         0.000 / 0.000         0.045 / 0.309         0.045 / 0.309       ms
[13830.316s][info][gc,stats    ]    Subphase: Concurrent Classes Purge                      0.000 / 0.000         0.000 / 0.000         0.518 / 3.157         0.518 / 3.157       ms
[13830.316s][info][gc,stats    ]    Subphase: Concurrent Classes Unlink                     0.000 / 0.000         0.000 / 0.000        64.039 / 18382.834    64.039 / 18382.834   ms
[13830.316s][info][gc,stats    ]    Subphase: Concurrent Mark                               0.000 / 0.000         0.000 / 0.000       450.151 / 3398.532    450.151 / 3398.532    ms
[13830.316s][info][gc,stats    ]    Subphase: Concurrent Mark Try Flush                     0.000 / 0.000         0.000 / 0.000         1.565 / 934.939       1.565 / 934.939     ms
[13830.316s][info][gc,stats    ]    Subphase: Concurrent Mark Try Terminate                 0.000 / 0.000         0.000 / 0.000         1.072 / 934.940       1.072 / 934.940     ms
[13830.316s][info][gc,stats    ]    Subphase: Concurrent References Enqueue                 0.000 / 0.000         0.000 / 0.000         0.009 / 0.091         0.009 / 0.091       ms
[13830.316s][info][gc,stats    ]    Subphase: Concurrent References Process                 0.000 / 0.000         0.000 / 0.000         0.881 / 3.992         0.881 / 3.992       ms
[13830.316s][info][gc,stats    ]    Subphase: Concurrent Roots ClassLoaderDataGraph         0.000 / 0.000         0.000 / 0.000         0.833 / 3.889         0.833 / 3.889       ms
[13830.316s][info][gc,stats    ]    Subphase: Concurrent Roots CodeCache                    0.000 / 0.000         0.000 / 0.000         0.000 / 0.000         0.000 / 0.000       ms
[13830.316s][info][gc,stats    ]    Subphase: Concurrent Roots JavaThreads                  0.000 / 0.000         0.000 / 0.000         4.665 / 969.487       4.665 / 969.487     ms
[13830.316s][info][gc,stats    ]    Subphase: Concurrent Roots OopStorageSet                0.000 / 0.000         0.000 / 0.000         0.083 / 2.218         0.083 / 2.218       ms
[13830.316s][info][gc,stats    ]    Subphase: Concurrent Weak Roots OopStorageSet           0.000 / 0.000         0.000 / 0.000         1.501 / 13.633        1.501 / 13.633      ms
[13830.316s][info][gc,stats    ]    Subphase: Pause Mark Try Complete                       0.000 / 0.000         0.000 / 0.000         0.001 / 0.031         0.001 / 0.031       ms
[13830.316s][info][gc,stats    ]      System: Java Threads                                      0 / 0                 0 / 0              1929 / 4684           1929 / 4684        threads
[13830.316s][info][gc,stats    ] =========================================================================================================================================================
[13840.315s][info][gc,stats    ] === Garbage Collection Statistics =======================================================================================================================
[13840.315s][info][gc,stats    ]                                                              Last 10s              Last 10m              Last 10h                Total
[13840.315s][info][gc,stats    ]                                                              Avg / Max             Avg / Max             Avg / Max             Avg / Max
[13840.315s][info][gc,stats    ]   Collector: Garbage Collection Cycle                      0.000 / 0.000         0.000 / 0.000       665.978 / 19032.234   665.978 / 19032.234   ms
[13840.315s][info][gc,stats    ]  Contention: Mark Segment Reset Contention                     0 / 0                 0 / 0                 2 / 104               2 / 104         ops/s
[13840.316s][info][gc,stats    ]  Contention: Mark SeqNum Reset Contention                      0 / 0                 0 / 0                 0 / 7                 0 / 7           ops/s
[13840.316s][info][gc,stats    ]    Critical: Allocation Stall                                  0 / 0                 0 / 0                 0 / 827               0 / 827         ops/s
[13840.316s][info][gc,stats    ]    Critical: Allocation Stall                              0.000 / 0.000         0.000 / 0.000       146.230 / 487.490     146.230 / 487.490     ms
[13840.316s][info][gc,stats    ]    Critical: GC Locker Stall                                   0 / 0                 0 / 0                 0 / 2                 0 / 2           ops/s
[13840.316s][info][gc,stats    ]    Critical: GC Locker Stall                               0.000 / 0.000         0.000 / 0.000         0.167 / 4.787         0.167 / 4.787       ms
[13840.316s][info][gc,stats    ]    Critical: Relocation Stall                                  0 / 0                 0 / 0                 0 / 103               0 / 103         ops/s
[13840.316s][info][gc,stats    ]    Critical: Relocation Stall                              0.000 / 0.000         0.000 / 0.000        14.882 / 62.172       14.882 / 62.172      ms
[13840.316s][info][gc,stats    ]      Memory: Allocation Rate                                   0 / 0                 0 / 0               504 / 2790            504 / 2790        MB/s
[13840.316s][info][gc,stats    ]      Memory: Out Of Memory                                     0 / 0                 0 / 0                 0 / 0                 0 / 0           ops/s
[13840.316s][info][gc,stats    ]      Memory: Page Cache Flush                                  0 / 0                 0 / 0                 0 / 258               0 / 258         MB/s
[13840.316s][info][gc,stats    ]      Memory: Page Cache Hit L1                                 0 / 0                 0 / 0               245 / 1336            245 / 1336        ops/s
[13840.316s][info][gc,stats    ]      Memory: Page Cache Hit L2                                 0 / 0                 0 / 0                 0 / 0                 0 / 0           ops/s
[13840.316s][info][gc,stats    ]      Memory: Page Cache Hit L3                                 0 / 0                 0 / 0                 0 / 1028              0 / 1028        ops/s
[13840.316s][info][gc,stats    ]      Memory: Page Cache Miss                                   0 / 0                 0 / 0                 0 / 12                0 / 12          ops/s
[13840.316s][info][gc,stats    ]      Memory: Uncommit                                          0 / 0                 0 / 0                 0 / 0                 0 / 0           MB/s
[13840.316s][info][gc,stats    ]      Memory: Undo Object Allocation Failed                     0 / 0                 0 / 0                 0 / 5                 0 / 5           ops/s
[13840.316s][info][gc,stats    ]      Memory: Undo Object Allocation Succeeded                  0 / 0                 0 / 0                17 / 6595             17 / 6595        ops/s
[13840.316s][info][gc,stats    ]      Memory: Undo Page Allocation                              0 / 0                 0 / 0                 0 / 676               0 / 676         ops/s
[13840.316s][info][gc,stats    ]       Phase: Concurrent Mark                               0.000 / 0.000         0.000 / 0.000       571.218 / 3424.228    571.218 / 3424.228    ms
[13840.316s][info][gc,stats    ]       Phase: Concurrent Mark Continue                      0.000 / 0.000         0.000 / 0.000         0.000 / 0.000         0.000 / 0.000       ms
[13840.316s][info][gc,stats    ]       Phase: Concurrent Mark Free                          0.000 / 0.000         0.000 / 0.000         1.118 / 305.339       1.118 / 305.339     ms
[13840.316s][info][gc,stats    ]       Phase: Concurrent Process Non-Strong References      0.000 / 0.000         0.000 / 0.000        69.335 / 18388.762    69.335 / 18388.762   ms
[13840.316s][info][gc,stats    ]       Phase: Concurrent Relocate                           0.000 / 0.000         0.000 / 0.000        11.475 / 64.108       11.475 / 64.108      ms
[13840.316s][info][gc,stats    ]       Phase: Concurrent Reset Relocation Set               0.000 / 0.000         0.000 / 0.000         0.212 / 0.968         0.212 / 0.968       ms
[13840.316s][info][gc,stats    ]       Phase: Concurrent Select Relocation Set              0.000 / 0.000         0.000 / 0.000         6.722 / 623.697       6.722 / 623.697     ms
[13840.316s][info][gc,stats    ]       Phase: Pause Mark End                                0.000 / 0.000         0.000 / 0.000         0.094 / 0.434         0.094 / 0.434       ms
[13840.316s][info][gc,stats    ]       Phase: Pause Mark Start                              0.000 / 0.000         0.000 / 0.000         0.023 / 0.223         0.023 / 0.223       ms
[13840.316s][info][gc,stats    ]       Phase: Pause Relocate Start                          0.000 / 0.000         0.000 / 0.000         0.045 / 0.309         0.045 / 0.309       ms
[13840.316s][info][gc,stats    ]    Subphase: Concurrent Classes Purge                      0.000 / 0.000         0.000 / 0.000         0.518 / 3.157         0.518 / 3.157       ms
[13840.316s][info][gc,stats    ]    Subphase: Concurrent Classes Unlink                     0.000 / 0.000         0.000 / 0.000        64.039 / 18382.834    64.039 / 18382.834   ms
[13840.316s][info][gc,stats    ]    Subphase: Concurrent Mark                               0.000 / 0.000         0.000 / 0.000       450.151 / 3398.532    450.151 / 3398.532    ms
[13840.316s][info][gc,stats    ]    Subphase: Concurrent Mark Try Flush                     0.000 / 0.000         0.000 / 0.000         1.565 / 934.939       1.565 / 934.939     ms
[13840.316s][info][gc,stats    ]    Subphase: Concurrent Mark Try Terminate                 0.000 / 0.000         0.000 / 0.000         1.072 / 934.940       1.072 / 934.940     ms
[13840.316s][info][gc,stats    ]    Subphase: Concurrent References Enqueue                 0.000 / 0.000         0.000 / 0.000         0.009 / 0.091         0.009 / 0.091       ms
[13840.316s][info][gc,stats    ]    Subphase: Concurrent References Process                 0.000 / 0.000         0.000 / 0.000         0.881 / 3.992         0.881 / 3.992       ms
[13840.316s][info][gc,stats    ]    Subphase: Concurrent Roots ClassLoaderDataGraph         0.000 / 0.000         0.000 / 0.000         0.833 / 3.889         0.833 / 3.889       ms
[13840.316s][info][gc,stats    ]    Subphase: Concurrent Roots CodeCache                    0.000 / 0.000         0.000 / 0.000         0.000 / 0.000         0.000 / 0.000       ms
[13840.316s][info][gc,stats    ]    Subphase: Concurrent Roots JavaThreads                  0.000 / 0.000         0.000 / 0.000         4.665 / 969.487       4.665 / 969.487     ms
[13840.316s][info][gc,stats    ]    Subphase: Concurrent Roots OopStorageSet                0.000 / 0.000         0.000 / 0.000         0.083 / 2.218         0.083 / 2.218       ms
[13840.316s][info][gc,stats    ]    Subphase: Concurrent Weak Roots OopStorageSet           0.000 / 0.000         0.000 / 0.000         1.501 / 13.633        1.501 / 13.633      ms
[13840.316s][info][gc,stats    ]    Subphase: Pause Mark Try Complete                       0.000 / 0.000         0.000 / 0.000         0.001 / 0.031         0.001 / 0.031       ms
[13840.316s][info][gc,stats    ]      System: Java Threads                                      0 / 0                 0 / 0              1929 / 4684           1929 / 4684        threads
[13840.316s][info][gc,stats    ] =========================================================================================================================================================
[13850.315s][info][gc,stats    ] === Garbage Collection Statistics =======================================================================================================================
[13850.315s][info][gc,stats    ]                                                              Last 10s              Last 10m              Last 10h                Total
[13850.315s][info][gc,stats    ]                                                              Avg / Max             Avg / Max             Avg / Max             Avg / Max
[13850.315s][info][gc,stats    ]   Collector: Garbage Collection Cycle                      0.000 / 0.000         0.000 / 0.000       665.978 / 19032.234   665.978 / 19032.234   ms
[13850.315s][info][gc,stats    ]  Contention: Mark Segment Reset Contention                     0 / 0                 0 / 0                 2 / 104               2 / 104         ops/s
[13850.315s][info][gc,stats    ]  Contention: Mark SeqNum Reset Contention                      0 / 0                 0 / 0                 0 / 7                 0 / 7           ops/s
[13850.315s][info][gc,stats    ]    Critical: Allocation Stall                                  0 / 0                 0 / 0                 0 / 827               0 / 827         ops/s
[13850.315s][info][gc,stats    ]    Critical: Allocation Stall                              0.000 / 0.000         0.000 / 0.000       146.230 / 487.490     146.230 / 487.490     ms
[13850.315s][info][gc,stats    ]    Critical: GC Locker Stall                                   0 / 0                 0 / 0                 0 / 2                 0 / 2           ops/s
[13850.315s][info][gc,stats    ]    Critical: GC Locker Stall                               0.000 / 0.000         0.000 / 0.000         0.167 / 4.787         0.167 / 4.787       ms
[13850.315s][info][gc,stats    ]    Critical: Relocation Stall                                  0 / 0                 0 / 0                 0 / 103               0 / 103         ops/s
[13850.315s][info][gc,stats    ]    Critical: Relocation Stall                              0.000 / 0.000         0.000 / 0.000        14.882 / 62.172       14.882 / 62.172      ms
[13850.315s][info][gc,stats    ]      Memory: Allocation Rate                                   0 / 0                 0 / 0               503 / 2790            503 / 2790        MB/s
[13850.315s][info][gc,stats    ]      Memory: Out Of Memory                                     0 / 0                 0 / 0                 0 / 0                 0 / 0           ops/s
[13850.315s][info][gc,stats    ]      Memory: Page Cache Flush                                  0 / 0                 0 / 0                 0 / 258               0 / 258         MB/s
[13850.315s][info][gc,stats    ]      Memory: Page Cache Hit L1                                 0 / 0                 0 / 0               245 / 1336            245 / 1336        ops/s
[13850.315s][info][gc,stats    ]      Memory: Page Cache Hit L2                                 0 / 0                 0 / 0                 0 / 0                 0 / 0           ops/s
[13850.315s][info][gc,stats    ]      Memory: Page Cache Hit L3                                 0 / 0                 0 / 0                 0 / 1028              0 / 1028        ops/s
[13850.315s][info][gc,stats    ]      Memory: Page Cache Miss                                   0 / 0                 0 / 0                 0 / 12                0 / 12          ops/s
[13850.315s][info][gc,stats    ]      Memory: Uncommit                                          0 / 0                 0 / 0                 0 / 0                 0 / 0           MB/s
[13850.315s][info][gc,stats    ]      Memory: Undo Object Allocation Failed                     0 / 0                 0 / 0                 0 / 5                 0 / 5           ops/s
[13850.315s][info][gc,stats    ]      Memory: Undo Object Allocation Succeeded                  0 / 0                 0 / 0                17 / 6595             17 / 6595        ops/s
[13850.315s][info][gc,stats    ]      Memory: Undo Page Allocation                              0 / 0                 0 / 0                 0 / 676               0 / 676         ops/s
[13850.316s][info][gc,stats    ]       Phase: Concurrent Mark                               0.000 / 0.000         0.000 / 0.000       571.218 / 3424.228    571.218 / 3424.228    ms
[13850.316s][info][gc,stats    ]       Phase: Concurrent Mark Continue                      0.000 / 0.000         0.000 / 0.000         0.000 / 0.000         0.000 / 0.000       ms
[13850.316s][info][gc,stats    ]       Phase: Concurrent Mark Free                          0.000 / 0.000         0.000 / 0.000         1.118 / 305.339       1.118 / 305.339     ms
[13850.316s][info][gc,stats    ]       Phase: Concurrent Process Non-Strong References      0.000 / 0.000         0.000 / 0.000        69.335 / 18388.762    69.335 / 18388.762   ms
[13850.316s][info][gc,stats    ]       Phase: Concurrent Relocate                           0.000 / 0.000         0.000 / 0.000        11.475 / 64.108       11.475 / 64.108      ms
[13850.316s][info][gc,stats    ]       Phase: Concurrent Reset Relocation Set               0.000 / 0.000         0.000 / 0.000         0.212 / 0.968         0.212 / 0.968       ms
[13850.316s][info][gc,stats    ]       Phase: Concurrent Select Relocation Set              0.000 / 0.000         0.000 / 0.000         6.722 / 623.697       6.722 / 623.697     ms
[13850.316s][info][gc,stats    ]       Phase: Pause Mark End                                0.000 / 0.000         0.000 / 0.000         0.094 / 0.434         0.094 / 0.434       ms
[13850.316s][info][gc,stats    ]       Phase: Pause Mark Start                              0.000 / 0.000         0.000 / 0.000         0.023 / 0.223         0.023 / 0.223       ms
[13850.316s][info][gc,stats    ]       Phase: Pause Relocate Start                          0.000 / 0.000         0.000 / 0.000         0.045 / 0.309         0.045 / 0.309       ms
[13850.316s][info][gc,stats    ]    Subphase: Concurrent Classes Purge                      0.000 / 0.000         0.000 / 0.000         0.518 / 3.157         0.518 / 3.157       ms
[13850.316s][info][gc,stats    ]    Subphase: Concurrent Classes Unlink                     0.000 / 0.000         0.000 / 0.000        64.039 / 18382.834    64.039 / 18382.834   ms
[13850.316s][info][gc,stats    ]    Subphase: Concurrent Mark                               0.000 / 0.000         0.000 / 0.000       450.151 / 3398.532    450.151 / 3398.532    ms
[13850.316s][info][gc,stats    ]    Subphase: Concurrent Mark Try Flush                     0.000 / 0.000         0.000 / 0.000         1.565 / 934.939       1.565 / 934.939     ms
[13850.316s][info][gc,stats    ]    Subphase: Concurrent Mark Try Terminate                 0.000 / 0.000         0.000 / 0.000         1.072 / 934.940       1.072 / 934.940     ms
[13850.316s][info][gc,stats    ]    Subphase: Concurrent References Enqueue                 0.000 / 0.000         0.000 / 0.000         0.009 / 0.091         0.009 / 0.091       ms
[13850.316s][info][gc,stats    ]    Subphase: Concurrent References Process                 0.000 / 0.000         0.000 / 0.000         0.881 / 3.992         0.881 / 3.992       ms
[13850.316s][info][gc,stats    ]    Subphase: Concurrent Roots ClassLoaderDataGraph         0.000 / 0.000         0.000 / 0.000         0.833 / 3.889         0.833 / 3.889       ms
[13850.316s][info][gc,stats    ]    Subphase: Concurrent Roots CodeCache                    0.000 / 0.000         0.000 / 0.000         0.000 / 0.000         0.000 / 0.000       ms
[13850.316s][info][gc,stats    ]    Subphase: Concurrent Roots JavaThreads                  0.000 / 0.000         0.000 / 0.000         4.665 / 969.487       4.665 / 969.487     ms
[13850.316s][info][gc,stats    ]    Subphase: Concurrent Roots OopStorageSet                0.000 / 0.000         0.000 / 0.000         0.083 / 2.218         0.083 / 2.218       ms
[13850.316s][info][gc,stats    ]    Subphase: Concurrent Weak Roots OopStorageSet           0.000 / 0.000         0.000 / 0.000         1.501 / 13.633        1.501 / 13.633      ms
[13850.316s][info][gc,stats    ]    Subphase: Pause Mark Try Complete                       0.000 / 0.000         0.000 / 0.000         0.001 / 0.031         0.001 / 0.031       ms
[13850.316s][info][gc,stats    ]      System: Java Threads                                      0 / 0                 0 / 0              1929 / 4684           1929 / 4684        threads
[13850.316s][info][gc,stats    ] =========================================================================================================================================================
[13860.316s][info][gc,stats    ] === Garbage Collection Statistics =======================================================================================================================
[13860.316s][info][gc,stats    ]                                                              Last 10s              Last 10m              Last 10h                Total
[13860.316s][info][gc,stats    ]                                                              Avg / Max             Avg / Max             Avg / Max             Avg / Max
[13860.316s][info][gc,stats    ]   Collector: Garbage Collection Cycle                      0.000 / 0.000         0.000 / 0.000       665.978 / 19032.234   665.978 / 19032.234   ms
[13860.316s][info][gc,stats    ]  Contention: Mark Segment Reset Contention                     0 / 0                 0 / 0                 2 / 104               2 / 104         ops/s
[13860.316s][info][gc,stats    ]  Contention: Mark SeqNum Reset Contention                      0 / 0                 0 / 0                 0 / 7                 0 / 7           ops/s
[13860.316s][info][gc,stats    ]    Critical: Allocation Stall                                  0 / 0                 0 / 0                 0 / 827               0 / 827         ops/s
[13860.316s][info][gc,stats    ]    Critical: Allocation Stall                              0.000 / 0.000         0.000 / 0.000       146.230 / 487.490     146.230 / 487.490     ms
[13860.316s][info][gc,stats    ]    Critical: GC Locker Stall                                   0 / 0                 0 / 0                 0 / 2                 0 / 2           ops/s
[13860.316s][info][gc,stats    ]    Critical: GC Locker Stall                               0.000 / 0.000         0.000 / 0.000         0.167 / 4.787         0.167 / 4.787       ms
[13860.316s][info][gc,stats    ]    Critical: Relocation Stall                                  0 / 0                 0 / 0                 0 / 103               0 / 103         ops/s
[13860.316s][info][gc,stats    ]    Critical: Relocation Stall                              0.000 / 0.000         0.000 / 0.000        14.882 / 62.172       14.882 / 62.172      ms
[13860.316s][info][gc,stats    ]      Memory: Allocation Rate                                   0 / 0                 0 / 0               503 / 2790            503 / 2790        MB/s
[13860.316s][info][gc,stats    ]      Memory: Out Of Memory                                     0 / 0                 0 / 0                 0 / 0                 0 / 0           ops/s
[13860.316s][info][gc,stats    ]      Memory: Page Cache Flush                                  0 / 0                 0 / 0                 0 / 258               0 / 258         MB/s
[13860.316s][info][gc,stats    ]      Memory: Page Cache Hit L1                                 0 / 0                 0 / 0               245 / 1336            245 / 1336        ops/s
[13860.316s][info][gc,stats    ]      Memory: Page Cache Hit L2                                 0 / 0                 0 / 0                 0 / 0                 0 / 0           ops/s
[13860.316s][info][gc,stats    ]      Memory: Page Cache Hit L3                                 0 / 0                 0 / 0                 0 / 1028              0 / 1028        ops/s
[13860.316s][info][gc,stats    ]      Memory: Page Cache Miss                                   0 / 0                 0 / 0                 0 / 12                0 / 12          ops/s
[13860.316s][info][gc,stats    ]      Memory: Uncommit                                          0 / 0                 0 / 0                 0 / 0                 0 / 0           MB/s
[13860.316s][info][gc,stats    ]      Memory: Undo Object Allocation Failed                     0 / 0                 0 / 0                 0 / 5                 0 / 5           ops/s
[13860.316s][info][gc,stats    ]      Memory: Undo Object Allocation Succeeded                  0 / 0                 0 / 0                17 / 6595             17 / 6595        ops/s
[13860.316s][info][gc,stats    ]      Memory: Undo Page Allocation                              0 / 0                 0 / 0                 0 / 676               0 / 676         ops/s
[13860.316s][info][gc,stats    ]       Phase: Concurrent Mark                               0.000 / 0.000         0.000 / 0.000       571.218 / 3424.228    571.218 / 3424.228    ms
[13860.316s][info][gc,stats    ]       Phase: Concurrent Mark Continue                      0.000 / 0.000         0.000 / 0.000         0.000 / 0.000         0.000 / 0.000       ms
[13860.316s][info][gc,stats    ]       Phase: Concurrent Mark Free                          0.000 / 0.000         0.000 / 0.000         1.118 / 305.339       1.118 / 305.339     ms
[13860.316s][info][gc,stats    ]       Phase: Concurrent Process Non-Strong References      0.000 / 0.000         0.000 / 0.000        69.335 / 18388.762    69.335 / 18388.762   ms
[13860.316s][info][gc,stats    ]       Phase: Concurrent Relocate                           0.000 / 0.000         0.000 / 0.000        11.475 / 64.108       11.475 / 64.108      ms
[13860.316s][info][gc,stats    ]       Phase: Concurrent Reset Relocation Set               0.000 / 0.000         0.000 / 0.000         0.212 / 0.968         0.212 / 0.968       ms
[13860.316s][info][gc,stats    ]       Phase: Concurrent Select Relocation Set              0.000 / 0.000         0.000 / 0.000         6.722 / 623.697       6.722 / 623.697     ms
[13860.316s][info][gc,stats    ]       Phase: Pause Mark End                                0.000 / 0.000         0.000 / 0.000         0.094 / 0.434         0.094 / 0.434       ms
[13860.316s][info][gc,stats    ]       Phase: Pause Mark Start                              0.000 / 0.000         0.000 / 0.000         0.023 / 0.223         0.023 / 0.223       ms
[13860.316s][info][gc,stats    ]       Phase: Pause Relocate Start                          0.000 / 0.000         0.000 / 0.000         0.045 / 0.309         0.045 / 0.309       ms
[13860.316s][info][gc,stats    ]    Subphase: Concurrent Classes Purge                      0.000 / 0.000         0.000 / 0.000         0.518 / 3.157         0.518 / 3.157       ms
[13860.316s][info][gc,stats    ]    Subphase: Concurrent Classes Unlink                     0.000 / 0.000         0.000 / 0.000        64.039 / 18382.834    64.039 / 18382.834   ms
[13860.316s][info][gc,stats    ]    Subphase: Concurrent Mark                               0.000 / 0.000         0.000 / 0.000       450.151 / 3398.532    450.151 / 3398.532    ms
[13860.316s][info][gc,stats    ]    Subphase: Concurrent Mark Try Flush                     0.000 / 0.000         0.000 / 0.000         1.565 / 934.939       1.565 / 934.939     ms
[13860.316s][info][gc,stats    ]    Subphase: Concurrent Mark Try Terminate                 0.000 / 0.000         0.000 / 0.000         1.072 / 934.940       1.072 / 934.940     ms
[13860.316s][info][gc,stats    ]    Subphase: Concurrent References Enqueue                 0.000 / 0.000         0.000 / 0.000         0.009 / 0.091         0.009 / 0.091       ms
[13860.316s][info][gc,stats    ]    Subphase: Concurrent References Process                 0.000 / 0.000         0.000 / 0.000         0.881 / 3.992         0.881 / 3.992       ms
[13860.316s][info][gc,stats    ]    Subphase: Concurrent Roots ClassLoaderDataGraph         0.000 / 0.000         0.000 / 0.000         0.833 / 3.889         0.833 / 3.889       ms
[13860.316s][info][gc,stats    ]    Subphase: Concurrent Roots CodeCache                    0.000 / 0.000         0.000 / 0.000         0.000 / 0.000         0.000 / 0.000       ms
[13860.316s][info][gc,stats    ]    Subphase: Concurrent Roots JavaThreads                  0.000 / 0.000         0.000 / 0.000         4.665 / 969.487       4.665 / 969.487     ms
[13860.316s][info][gc,stats    ]    Subphase: Concurrent Roots OopStorageSet                0.000 / 0.000         0.000 / 0.000         0.083 / 2.218         0.083 / 2.218       ms
[13860.316s][info][gc,stats    ]    Subphase: Concurrent Weak Roots OopStorageSet           0.000 / 0.000         0.000 / 0.000         1.501 / 13.633        1.501 / 13.633      ms
[13860.316s][info][gc,stats    ]    Subphase: Pause Mark Try Complete                       0.000 / 0.000         0.000 / 0.000         0.001 / 0.031         0.001 / 0.031       ms
[13860.316s][info][gc,stats    ]      System: Java Threads                                      0 / 0                 0 / 0              1929 / 4684           1929 / 4684        threads
[13860.317s][info][gc,stats    ] =========================================================================================================================================================
[13870.316s][info][gc,stats    ] === Garbage Collection Statistics =======================================================================================================================
[13870.316s][info][gc,stats    ]                                                              Last 10s              Last 10m              Last 10h                Total
[13870.316s][info][gc,stats    ]                                                              Avg / Max             Avg / Max             Avg / Max             Avg / Max
[13870.316s][info][gc,stats    ]   Collector: Garbage Collection Cycle                      0.000 / 0.000         0.000 / 0.000       665.978 / 19032.234   665.978 / 19032.234   ms
[13870.316s][info][gc,stats    ]  Contention: Mark Segment Reset Contention                     0 / 0                 0 / 0                 2 / 104               2 / 104         ops/s
[13870.316s][info][gc,stats    ]  Contention: Mark SeqNum Reset Contention                      0 / 0                 0 / 0                 0 / 7                 0 / 7           ops/s
[13870.316s][info][gc,stats    ]    Critical: Allocation Stall                                  0 / 0                 0 / 0                 0 / 827               0 / 827         ops/s
[13870.316s][info][gc,stats    ]    Critical: Allocation Stall                              0.000 / 0.000         0.000 / 0.000       146.230 / 487.490     146.230 / 487.490     ms
[13870.316s][info][gc,stats    ]    Critical: GC Locker Stall                                   0 / 0                 0 / 0                 0 / 2                 0 / 2           ops/s
[13870.316s][info][gc,stats    ]    Critical: GC Locker Stall                               0.000 / 0.000         0.000 / 0.000         0.167 / 4.787         0.167 / 4.787       ms
[13870.316s][info][gc,stats    ]    Critical: Relocation Stall                                  0 / 0                 0 / 0                 0 / 103               0 / 103         ops/s
[13870.316s][info][gc,stats    ]    Critical: Relocation Stall                              0.000 / 0.000         0.000 / 0.000        14.882 / 62.172       14.882 / 62.172      ms
[13870.316s][info][gc,stats    ]      Memory: Allocation Rate                                   0 / 0                 0 / 0               503 / 2790            503 / 2790        MB/s
[13870.316s][info][gc,stats    ]      Memory: Out Of Memory                                     0 / 0                 0 / 0                 0 / 0                 0 / 0           ops/s
[13870.316s][info][gc,stats    ]      Memory: Page Cache Flush                                  0 / 0                 0 / 0                 0 / 258               0 / 258         MB/s
[13870.316s][info][gc,stats    ]      Memory: Page Cache Hit L1                                 0 / 0                 0 / 0               245 / 1336            245 / 1336        ops/s
[13870.316s][info][gc,stats    ]      Memory: Page Cache Hit L2                                 0 / 0                 0 / 0                 0 / 0                 0 / 0           ops/s
[13870.316s][info][gc,stats    ]      Memory: Page Cache Hit L3                                 0 / 0                 0 / 0                 0 / 1028              0 / 1028        ops/s
[13870.316s][info][gc,stats    ]      Memory: Page Cache Miss                                   0 / 0                 0 / 0                 0 / 12                0 / 12          ops/s
[13870.316s][info][gc,stats    ]      Memory: Uncommit                                          0 / 0                 0 / 0                 0 / 0                 0 / 0           MB/s
[13870.316s][info][gc,stats    ]      Memory: Undo Object Allocation Failed                     0 / 0                 0 / 0                 0 / 5                 0 / 5           ops/s
[13870.316s][info][gc,stats    ]      Memory: Undo Object Allocation Succeeded                  0 / 0                 0 / 0                17 / 6595             17 / 6595        ops/s
[13870.316s][info][gc,stats    ]      Memory: Undo Page Allocation                              0 / 0                 0 / 0                 0 / 676               0 / 676         ops/s
[13870.316s][info][gc,stats    ]       Phase: Concurrent Mark                               0.000 / 0.000         0.000 / 0.000       571.218 / 3424.228    571.218 / 3424.228    ms
[13870.316s][info][gc,stats    ]       Phase: Concurrent Mark Continue                      0.000 / 0.000         0.000 / 0.000         0.000 / 0.000         0.000 / 0.000       ms
[13870.316s][info][gc,stats    ]       Phase: Concurrent Mark Free                          0.000 / 0.000         0.000 / 0.000         1.118 / 305.339       1.118 / 305.339     ms
[13870.316s][info][gc,stats    ]       Phase: Concurrent Process Non-Strong References      0.000 / 0.000         0.000 / 0.000        69.335 / 18388.762    69.335 / 18388.762   ms
[13870.316s][info][gc,stats    ]       Phase: Concurrent Relocate                           0.000 / 0.000         0.000 / 0.000        11.475 / 64.108       11.475 / 64.108      ms
[13870.316s][info][gc,stats    ]       Phase: Concurrent Reset Relocation Set               0.000 / 0.000         0.000 / 0.000         0.212 / 0.968         0.212 / 0.968       ms
[13870.316s][info][gc,stats    ]       Phase: Concurrent Select Relocation Set              0.000 / 0.000         0.000 / 0.000         6.722 / 623.697       6.722 / 623.697     ms
[13870.316s][info][gc,stats    ]       Phase: Pause Mark End                                0.000 / 0.000         0.000 / 0.000         0.094 / 0.434         0.094 / 0.434       ms
[13870.316s][info][gc,stats    ]       Phase: Pause Mark Start                              0.000 / 0.000         0.000 / 0.000         0.023 / 0.223         0.023 / 0.223       ms
[13870.316s][info][gc,stats    ]       Phase: Pause Relocate Start                          0.000 / 0.000         0.000 / 0.000         0.045 / 0.309         0.045 / 0.309       ms
[13870.316s][info][gc,stats    ]    Subphase: Concurrent Classes Purge                      0.000 / 0.000         0.000 / 0.000         0.518 / 3.157         0.518 / 3.157       ms
[13870.316s][info][gc,stats    ]    Subphase: Concurrent Classes Unlink                     0.000 / 0.000         0.000 / 0.000        64.039 / 18382.834    64.039 / 18382.834   ms
[13870.316s][info][gc,stats    ]    Subphase: Concurrent Mark                               0.000 / 0.000         0.000 / 0.000       450.151 / 3398.532    450.151 / 3398.532    ms
[13870.316s][info][gc,stats    ]    Subphase: Concurrent Mark Try Flush                     0.000 / 0.000         0.000 / 0.000         1.565 / 934.939       1.565 / 934.939     ms
[13870.316s][info][gc,stats    ]    Subphase: Concurrent Mark Try Terminate                 0.000 / 0.000         0.000 / 0.000         1.072 / 934.940       1.072 / 934.940     ms
[13870.316s][info][gc,stats    ]    Subphase: Concurrent References Enqueue                 0.000 / 0.000         0.000 / 0.000         0.009 / 0.091         0.009 / 0.091       ms
[13870.316s][info][gc,stats    ]    Subphase: Concurrent References Process                 0.000 / 0.000         0.000 / 0.000         0.881 / 3.992         0.881 / 3.992       ms
[13870.316s][info][gc,stats    ]    Subphase: Concurrent Roots ClassLoaderDataGraph         0.000 / 0.000         0.000 / 0.000         0.833 / 3.889         0.833 / 3.889       ms
[13870.316s][info][gc,stats    ]    Subphase: Concurrent Roots CodeCache                    0.000 / 0.000         0.000 / 0.000         0.000 / 0.000         0.000 / 0.000       ms
[13870.316s][info][gc,stats    ]    Subphase: Concurrent Roots JavaThreads                  0.000 / 0.000         0.000 / 0.000         4.665 / 969.487       4.665 / 969.487     ms
[13870.316s][info][gc,stats    ]    Subphase: Concurrent Roots OopStorageSet                0.000 / 0.000         0.000 / 0.000         0.083 / 2.218         0.083 / 2.218       ms
[13870.316s][info][gc,stats    ]    Subphase: Concurrent Weak Roots OopStorageSet           0.000 / 0.000         0.000 / 0.000         1.501 / 13.633        1.501 / 13.633      ms
[13870.316s][info][gc,stats    ]    Subphase: Pause Mark Try Complete                       0.000 / 0.000         0.000 / 0.000         0.001 / 0.031         0.001 / 0.031       ms
[13870.316s][info][gc,stats    ]      System: Java Threads                                      0 / 0                 0 / 0              1929 / 4684           1929 / 4684        threads
[13870.316s][info][gc,stats    ] =========================================================================================================================================================
[13880.316s][info][gc,stats    ] === Garbage Collection Statistics =======================================================================================================================
[13880.316s][info][gc,stats    ]                                                              Last 10s              Last 10m              Last 10h                Total
[13880.316s][info][gc,stats    ]                                                              Avg / Max             Avg / Max             Avg / Max             Avg / Max
[13880.316s][info][gc,stats    ]   Collector: Garbage Collection Cycle                      0.000 / 0.000         0.000 / 0.000       665.978 / 19032.234   665.978 / 19032.234   ms
[13880.316s][info][gc,stats    ]  Contention: Mark Segment Reset Contention                     0 / 0                 0 / 0                 2 / 104               2 / 104         ops/s
[13880.316s][info][gc,stats    ]  Contention: Mark SeqNum Reset Contention                      0 / 0                 0 / 0                 0 / 7                 0 / 7           ops/s
[13880.316s][info][gc,stats    ]    Critical: Allocation Stall                                  0 / 0                 0 / 0                 0 / 827               0 / 827         ops/s
[13880.316s][info][gc,stats    ]    Critical: Allocation Stall                              0.000 / 0.000         0.000 / 0.000       146.230 / 487.490     146.230 / 487.490     ms
[13880.316s][info][gc,stats    ]    Critical: GC Locker Stall                                   0 / 0                 0 / 0                 0 / 2                 0 / 2           ops/s
[13880.316s][info][gc,stats    ]    Critical: GC Locker Stall                               0.000 / 0.000         0.000 / 0.000         0.167 / 4.787         0.167 / 4.787       ms
[13880.316s][info][gc,stats    ]    Critical: Relocation Stall                                  0 / 0                 0 / 0                 0 / 103               0 / 103         ops/s
[13880.316s][info][gc,stats    ]    Critical: Relocation Stall                              0.000 / 0.000         0.000 / 0.000        14.882 / 62.172       14.882 / 62.172      ms
[13880.316s][info][gc,stats    ]      Memory: Allocation Rate                                   0 / 0                 0 / 0               502 / 2790            502 / 2790        MB/s
[13880.316s][info][gc,stats    ]      Memory: Out Of Memory                                     0 / 0                 0 / 0                 0 / 0                 0 / 0           ops/s
[13880.316s][info][gc,stats    ]      Memory: Page Cache Flush                                  0 / 0                 0 / 0                 0 / 258               0 / 258         MB/s
[13880.316s][info][gc,stats    ]      Memory: Page Cache Hit L1                                 0 / 0                 0 / 0               244 / 1336            244 / 1336        ops/s
[13880.316s][info][gc,stats    ]      Memory: Page Cache Hit L2                                 0 / 0                 0 / 0                 0 / 0                 0 / 0           ops/s
[13880.316s][info][gc,stats    ]      Memory: Page Cache Hit L3                                 0 / 0                 0 / 0                 0 / 1028              0 / 1028        ops/s
[13880.316s][info][gc,stats    ]      Memory: Page Cache Miss                                   0 / 0                 0 / 0                 0 / 12                0 / 12          ops/s
[13880.316s][info][gc,stats    ]      Memory: Uncommit                                          0 / 0                 0 / 0                 0 / 0                 0 / 0           MB/s
[13880.316s][info][gc,stats    ]      Memory: Undo Object Allocation Failed                     0 / 0                 0 / 0                 0 / 5                 0 / 5           ops/s
[13880.316s][info][gc,stats    ]      Memory: Undo Object Allocation Succeeded                  0 / 0                 0 / 0                17 / 6595             17 / 6595        ops/s
[13880.316s][info][gc,stats    ]      Memory: Undo Page Allocation                              0 / 0                 0 / 0                 0 / 676               0 / 676         ops/s
[13880.316s][info][gc,stats    ]       Phase: Concurrent Mark                               0.000 / 0.000         0.000 / 0.000       571.218 / 3424.228    571.218 / 3424.228    ms
[13880.316s][info][gc,stats    ]       Phase: Concurrent Mark Continue                      0.000 / 0.000         0.000 / 0.000         0.000 / 0.000         0.000 / 0.000       ms
[13880.316s][info][gc,stats    ]       Phase: Concurrent Mark Free                          0.000 / 0.000         0.000 / 0.000         1.118 / 305.339       1.118 / 305.339     ms
[13880.316s][info][gc,stats    ]       Phase: Concurrent Process Non-Strong References      0.000 / 0.000         0.000 / 0.000        69.335 / 18388.762    69.335 / 18388.762   ms
[13880.316s][info][gc,stats    ]       Phase: Concurrent Relocate                           0.000 / 0.000         0.000 / 0.000        11.475 / 64.108       11.475 / 64.108      ms
[13880.316s][info][gc,stats    ]       Phase: Concurrent Reset Relocation Set               0.000 / 0.000         0.000 / 0.000         0.212 / 0.968         0.212 / 0.968       ms
[13880.316s][info][gc,stats    ]       Phase: Concurrent Select Relocation Set              0.000 / 0.000         0.000 / 0.000         6.722 / 623.697       6.722 / 623.697     ms
[13880.316s][info][gc,stats    ]       Phase: Pause Mark End                                0.000 / 0.000         0.000 / 0.000         0.094 / 0.434         0.094 / 0.434       ms
[13880.316s][info][gc,stats    ]       Phase: Pause Mark Start                              0.000 / 0.000         0.000 / 0.000         0.023 / 0.223         0.023 / 0.223       ms
[13880.316s][info][gc,stats    ]       Phase: Pause Relocate Start                          0.000 / 0.000         0.000 / 0.000         0.045 / 0.309         0.045 / 0.309       ms
[13880.316s][info][gc,stats    ]    Subphase: Concurrent Classes Purge                      0.000 / 0.000         0.000 / 0.000         0.518 / 3.157         0.518 / 3.157       ms
[13880.316s][info][gc,stats    ]    Subphase: Concurrent Classes Unlink                     0.000 / 0.000         0.000 / 0.000        64.039 / 18382.834    64.039 / 18382.834   ms
[13880.316s][info][gc,stats    ]    Subphase: Concurrent Mark                               0.000 / 0.000         0.000 / 0.000       450.151 / 3398.532    450.151 / 3398.532    ms
[13880.316s][info][gc,stats    ]    Subphase: Concurrent Mark Try Flush                     0.000 / 0.000         0.000 / 0.000         1.565 / 934.939       1.565 / 934.939     ms
[13880.316s][info][gc,stats    ]    Subphase: Concurrent Mark Try Terminate                 0.000 / 0.000         0.000 / 0.000         1.072 / 934.940       1.072 / 934.940     ms
[13880.316s][info][gc,stats    ]    Subphase: Concurrent References Enqueue                 0.000 / 0.000         0.000 / 0.000         0.009 / 0.091         0.009 / 0.091       ms
[13880.316s][info][gc,stats    ]    Subphase: Concurrent References Process                 0.000 / 0.000         0.000 / 0.000         0.881 / 3.992         0.881 / 3.992       ms
[13880.316s][info][gc,stats    ]    Subphase: Concurrent Roots ClassLoaderDataGraph         0.000 / 0.000         0.000 / 0.000         0.833 / 3.889         0.833 / 3.889       ms
[13880.316s][info][gc,stats    ]    Subphase: Concurrent Roots CodeCache                    0.000 / 0.000         0.000 / 0.000         0.000 / 0.000         0.000 / 0.000       ms
[13880.316s][info][gc,stats    ]    Subphase: Concurrent Roots JavaThreads                  0.000 / 0.000         0.000 / 0.000         4.665 / 969.487       4.665 / 969.487     ms
[13880.316s][info][gc,stats    ]    Subphase: Concurrent Roots OopStorageSet                0.000 / 0.000         0.000 / 0.000         0.083 / 2.218         0.083 / 2.218       ms
[13880.316s][info][gc,stats    ]    Subphase: Concurrent Weak Roots OopStorageSet           0.000 / 0.000         0.000 / 0.000         1.501 / 13.633        1.501 / 13.633      ms
[13880.316s][info][gc,stats    ]    Subphase: Pause Mark Try Complete                       0.000 / 0.000         0.000 / 0.000         0.001 / 0.031         0.001 / 0.031       ms
[13880.316s][info][gc,stats    ]      System: Java Threads                                      0 / 0                 0 / 0              1929 / 4684           1929 / 4684        threads
[13880.316s][info][gc,stats    ] =========================================================================================================================================================
[13890.315s][info][gc,stats    ] === Garbage Collection Statistics =======================================================================================================================
[13890.315s][info][gc,stats    ]                                                              Last 10s              Last 10m              Last 10h                Total
[13890.315s][info][gc,stats    ]                                                              Avg / Max             Avg / Max             Avg / Max             Avg / Max
[13890.315s][info][gc,stats    ]   Collector: Garbage Collection Cycle                      0.000 / 0.000         0.000 / 0.000       665.978 / 19032.234   665.978 / 19032.234   ms
[13890.315s][info][gc,stats    ]  Contention: Mark Segment Reset Contention                     0 / 0                 0 / 0                 2 / 104               2 / 104         ops/s
[13890.315s][info][gc,stats    ]  Contention: Mark SeqNum Reset Contention                      0 / 0                 0 / 0                 0 / 7                 0 / 7           ops/s
[13890.315s][info][gc,stats    ]    Critical: Allocation Stall                                  0 / 0                 0 / 0                 0 / 827               0 / 827         ops/s
[13890.315s][info][gc,stats    ]    Critical: Allocation Stall                              0.000 / 0.000         0.000 / 0.000       146.230 / 487.490     146.230 / 487.490     ms
[13890.315s][info][gc,stats    ]    Critical: GC Locker Stall                                   0 / 0                 0 / 0                 0 / 2                 0 / 2           ops/s
[13890.315s][info][gc,stats    ]    Critical: GC Locker Stall                               0.000 / 0.000         0.000 / 0.000         0.167 / 4.787         0.167 / 4.787       ms
[13890.315s][info][gc,stats    ]    Critical: Relocation Stall                                  0 / 0                 0 / 0                 0 / 103               0 / 103         ops/s
[13890.315s][info][gc,stats    ]    Critical: Relocation Stall                              0.000 / 0.000         0.000 / 0.000        14.882 / 62.172       14.882 / 62.172      ms
[13890.315s][info][gc,stats    ]      Memory: Allocation Rate                                   0 / 0                 0 / 0               502 / 2790            502 / 2790        MB/s
[13890.315s][info][gc,stats    ]      Memory: Out Of Memory                                     0 / 0                 0 / 0                 0 / 0                 0 / 0           ops/s
[13890.315s][info][gc,stats    ]      Memory: Page Cache Flush                                  0 / 0                 0 / 0                 0 / 258               0 / 258         MB/s
[13890.316s][info][gc,stats    ]      Memory: Page Cache Hit L1                                 0 / 0                 0 / 0               244 / 1336            244 / 1336        ops/s
[13890.316s][info][gc,stats    ]      Memory: Page Cache Hit L2                                 0 / 0                 0 / 0                 0 / 0                 0 / 0           ops/s
[13890.316s][info][gc,stats    ]      Memory: Page Cache Hit L3                                 0 / 0                 0 / 0                 0 / 1028              0 / 1028        ops/s
[13890.316s][info][gc,stats    ]      Memory: Page Cache Miss                                   0 / 0                 0 / 0                 0 / 12                0 / 12          ops/s
[13890.316s][info][gc,stats    ]      Memory: Uncommit                                          0 / 0                 0 / 0                 0 / 0                 0 / 0           MB/s
[13890.316s][info][gc,stats    ]      Memory: Undo Object Allocation Failed                     0 / 0                 0 / 0                 0 / 5                 0 / 5           ops/s
[13890.316s][info][gc,stats    ]      Memory: Undo Object Allocation Succeeded                  0 / 0                 0 / 0                17 / 6595             17 / 6595        ops/s
[13890.316s][info][gc,stats    ]      Memory: Undo Page Allocation                              0 / 0                 0 / 0                 0 / 676               0 / 676         ops/s
[13890.316s][info][gc,stats    ]       Phase: Concurrent Mark                               0.000 / 0.000         0.000 / 0.000       571.218 / 3424.228    571.218 / 3424.228    ms
[13890.316s][info][gc,stats    ]       Phase: Concurrent Mark Continue                      0.000 / 0.000         0.000 / 0.000         0.000 / 0.000         0.000 / 0.000       ms
[13890.316s][info][gc,stats    ]       Phase: Concurrent Mark Free                          0.000 / 0.000         0.000 / 0.000         1.118 / 305.339       1.118 / 305.339     ms
[13890.316s][info][gc,stats    ]       Phase: Concurrent Process Non-Strong References      0.000 / 0.000         0.000 / 0.000        69.335 / 18388.762    69.335 / 18388.762   ms
[13890.316s][info][gc,stats    ]       Phase: Concurrent Relocate                           0.000 / 0.000         0.000 / 0.000        11.475 / 64.108       11.475 / 64.108      ms
[13890.316s][info][gc,stats    ]       Phase: Concurrent Reset Relocation Set               0.000 / 0.000         0.000 / 0.000         0.212 / 0.968         0.212 / 0.968       ms
[13890.316s][info][gc,stats    ]       Phase: Concurrent Select Relocation Set              0.000 / 0.000         0.000 / 0.000         6.722 / 623.697       6.722 / 623.697     ms
[13890.316s][info][gc,stats    ]       Phase: Pause Mark End                                0.000 / 0.000         0.000 / 0.000         0.094 / 0.434         0.094 / 0.434       ms
[13890.316s][info][gc,stats    ]       Phase: Pause Mark Start                              0.000 / 0.000         0.000 / 0.000         0.023 / 0.223         0.023 / 0.223       ms
[13890.316s][info][gc,stats    ]       Phase: Pause Relocate Start                          0.000 / 0.000         0.000 / 0.000         0.045 / 0.309         0.045 / 0.309       ms
[13890.316s][info][gc,stats    ]    Subphase: Concurrent Classes Purge                      0.000 / 0.000         0.000 / 0.000         0.518 / 3.157         0.518 / 3.157       ms
[13890.316s][info][gc,stats    ]    Subphase: Concurrent Classes Unlink                     0.000 / 0.000         0.000 / 0.000        64.039 / 18382.834    64.039 / 18382.834   ms
[13890.316s][info][gc,stats    ]    Subphase: Concurrent Mark                               0.000 / 0.000         0.000 / 0.000       450.151 / 3398.532    450.151 / 3398.532    ms
[13890.316s][info][gc,stats    ]    Subphase: Concurrent Mark Try Flush                     0.000 / 0.000         0.000 / 0.000         1.565 / 934.939       1.565 / 934.939     ms
[13890.316s][info][gc,stats    ]    Subphase: Concurrent Mark Try Terminate                 0.000 / 0.000         0.000 / 0.000         1.072 / 934.940       1.072 / 934.940     ms
[13890.316s][info][gc,stats    ]    Subphase: Concurrent References Enqueue                 0.000 / 0.000         0.000 / 0.000         0.009 / 0.091         0.009 / 0.091       ms
[13890.316s][info][gc,stats    ]    Subphase: Concurrent References Process                 0.000 / 0.000         0.000 / 0.000         0.881 / 3.992         0.881 / 3.992       ms
[13890.316s][info][gc,stats    ]    Subphase: Concurrent Roots ClassLoaderDataGraph         0.000 / 0.000         0.000 / 0.000         0.833 / 3.889         0.833 / 3.889       ms
[13890.316s][info][gc,stats    ]    Subphase: Concurrent Roots CodeCache                    0.000 / 0.000         0.000 / 0.000         0.000 / 0.000         0.000 / 0.000       ms
[13890.316s][info][gc,stats    ]    Subphase: Concurrent Roots JavaThreads                  0.000 / 0.000         0.000 / 0.000         4.665 / 969.487       4.665 / 969.487     ms
[13890.316s][info][gc,stats    ]    Subphase: Concurrent Roots OopStorageSet                0.000 / 0.000         0.000 / 0.000         0.083 / 2.218         0.083 / 2.218       ms
[13890.316s][info][gc,stats    ]    Subphase: Concurrent Weak Roots OopStorageSet           0.000 / 0.000         0.000 / 0.000         1.501 / 13.633        1.501 / 13.633      ms
[13890.316s][info][gc,stats    ]    Subphase: Pause Mark Try Complete                       0.000 / 0.000         0.000 / 0.000         0.001 / 0.031         0.001 / 0.031       ms
[13890.316s][info][gc,stats    ]      System: Java Threads                                      0 / 0                 0 / 0              1929 / 4684           1929 / 4684        threads
[13890.316s][info][gc,stats    ] =========================================================================================================================================================
[13900.316s][info][gc,stats    ] === Garbage Collection Statistics =======================================================================================================================
[13900.316s][info][gc,stats    ]                                                              Last 10s              Last 10m              Last 10h                Total
[13900.316s][info][gc,stats    ]                                                              Avg / Max             Avg / Max             Avg / Max             Avg / Max
[13900.316s][info][gc,stats    ]   Collector: Garbage Collection Cycle                      0.000 / 0.000         0.000 / 0.000       665.978 / 19032.234   665.978 / 19032.234   ms
[13900.316s][info][gc,stats    ]  Contention: Mark Segment Reset Contention                     0 / 0                 0 / 0                 2 / 104               2 / 104         ops/s
[13900.316s][info][gc,stats    ]  Contention: Mark SeqNum Reset Contention                      0 / 0                 0 / 0                 0 / 7                 0 / 7           ops/s
[13900.316s][info][gc,stats    ]    Critical: Allocation Stall                                  0 / 0                 0 / 0                 0 / 827               0 / 827         ops/s
[13900.316s][info][gc,stats    ]    Critical: Allocation Stall                              0.000 / 0.000         0.000 / 0.000       146.230 / 487.490     146.230 / 487.490     ms
[13900.316s][info][gc,stats    ]    Critical: GC Locker Stall                                   0 / 0                 0 / 0                 0 / 2                 0 / 2           ops/s
[13900.316s][info][gc,stats    ]    Critical: GC Locker Stall                               0.000 / 0.000         0.000 / 0.000         0.167 / 4.787         0.167 / 4.787       ms
[13900.316s][info][gc,stats    ]    Critical: Relocation Stall                                  0 / 0                 0 / 0                 0 / 103               0 / 103         ops/s
[13900.316s][info][gc,stats    ]    Critical: Relocation Stall                              0.000 / 0.000         0.000 / 0.000        14.882 / 62.172       14.882 / 62.172      ms
[13900.316s][info][gc,stats    ]      Memory: Allocation Rate                                   0 / 0                 0 / 0               501 / 2790            501 / 2790        MB/s
[13900.316s][info][gc,stats    ]      Memory: Out Of Memory                                     0 / 0                 0 / 0                 0 / 0                 0 / 0           ops/s
[13900.316s][info][gc,stats    ]      Memory: Page Cache Flush                                  0 / 0                 0 / 0                 0 / 258               0 / 258         MB/s
[13900.316s][info][gc,stats    ]      Memory: Page Cache Hit L1                                 0 / 0                 0 / 0               244 / 1336            244 / 1336        ops/s
[13900.316s][info][gc,stats    ]      Memory: Page Cache Hit L2                                 0 / 0                 0 / 0                 0 / 0                 0 / 0           ops/s
[13900.316s][info][gc,stats    ]      Memory: Page Cache Hit L3                                 0 / 0                 0 / 0                 0 / 1028              0 / 1028        ops/s
[13900.316s][info][gc,stats    ]      Memory: Page Cache Miss                                   0 / 0                 0 / 0                 0 / 12                0 / 12          ops/s
[13900.316s][info][gc,stats    ]      Memory: Uncommit                                          0 / 0                 0 / 0                 0 / 0                 0 / 0           MB/s
[13900.316s][info][gc,stats    ]      Memory: Undo Object Allocation Failed                     0 / 0                 0 / 0                 0 / 5                 0 / 5           ops/s
[13900.316s][info][gc,stats    ]      Memory: Undo Object Allocation Succeeded                  0 / 0                 0 / 0                17 / 6595             17 / 6595        ops/s
[13900.316s][info][gc,stats    ]      Memory: Undo Page Allocation                              0 / 0                 0 / 0                 0 / 676               0 / 676         ops/s
[13900.316s][info][gc,stats    ]       Phase: Concurrent Mark                               0.000 / 0.000         0.000 / 0.000       571.218 / 3424.228    571.218 / 3424.228    ms
[13900.316s][info][gc,stats    ]       Phase: Concurrent Mark Continue                      0.000 / 0.000         0.000 / 0.000         0.000 / 0.000         0.000 / 0.000       ms
[13900.316s][info][gc,stats    ]       Phase: Concurrent Mark Free                          0.000 / 0.000         0.000 / 0.000         1.118 / 305.339       1.118 / 305.339     ms
[13900.316s][info][gc,stats    ]       Phase: Concurrent Process Non-Strong References      0.000 / 0.000         0.000 / 0.000        69.335 / 18388.762    69.335 / 18388.762   ms
[13900.316s][info][gc,stats    ]       Phase: Concurrent Relocate                           0.000 / 0.000         0.000 / 0.000        11.475 / 64.108       11.475 / 64.108      ms
[13900.316s][info][gc,stats    ]       Phase: Concurrent Reset Relocation Set               0.000 / 0.000         0.000 / 0.000         0.212 / 0.968         0.212 / 0.968       ms
[13900.316s][info][gc,stats    ]       Phase: Concurrent Select Relocation Set              0.000 / 0.000         0.000 / 0.000         6.722 / 623.697       6.722 / 623.697     ms
[13900.316s][info][gc,stats    ]       Phase: Pause Mark End                                0.000 / 0.000         0.000 / 0.000         0.094 / 0.434         0.094 / 0.434       ms
[13900.316s][info][gc,stats    ]       Phase: Pause Mark Start                              0.000 / 0.000         0.000 / 0.000         0.023 / 0.223         0.023 / 0.223       ms
[13900.316s][info][gc,stats    ]       Phase: Pause Relocate Start                          0.000 / 0.000         0.000 / 0.000         0.045 / 0.309         0.045 / 0.309       ms
[13900.316s][info][gc,stats    ]    Subphase: Concurrent Classes Purge                      0.000 / 0.000         0.000 / 0.000         0.518 / 3.157         0.518 / 3.157       ms
[13900.316s][info][gc,stats    ]    Subphase: Concurrent Classes Unlink                     0.000 / 0.000         0.000 / 0.000        64.039 / 18382.834    64.039 / 18382.834   ms
[13900.316s][info][gc,stats    ]    Subphase: Concurrent Mark                               0.000 / 0.000         0.000 / 0.000       450.151 / 3398.532    450.151 / 3398.532    ms
[13900.316s][info][gc,stats    ]    Subphase: Concurrent Mark Try Flush                     0.000 / 0.000         0.000 / 0.000         1.565 / 934.939       1.565 / 934.939     ms
[13900.316s][info][gc,stats    ]    Subphase: Concurrent Mark Try Terminate                 0.000 / 0.000         0.000 / 0.000         1.072 / 934.940       1.072 / 934.940     ms
[13900.316s][info][gc,stats    ]    Subphase: Concurrent References Enqueue                 0.000 / 0.000         0.000 / 0.000         0.009 / 0.091         0.009 / 0.091       ms
[13900.316s][info][gc,stats    ]    Subphase: Concurrent References Process                 0.000 / 0.000         0.000 / 0.000         0.881 / 3.992         0.881 / 3.992       ms
[13900.316s][info][gc,stats    ]    Subphase: Concurrent Roots ClassLoaderDataGraph         0.000 / 0.000         0.000 / 0.000         0.833 / 3.889         0.833 / 3.889       ms
[13900.316s][info][gc,stats    ]    Subphase: Concurrent Roots CodeCache                    0.000 / 0.000         0.000 / 0.000         0.000 / 0.000         0.000 / 0.000       ms
[13900.316s][info][gc,stats    ]    Subphase: Concurrent Roots JavaThreads                  0.000 / 0.000         0.000 / 0.000         4.665 / 969.487       4.665 / 969.487     ms
[13900.317s][info][gc,stats    ]    Subphase: Concurrent Roots OopStorageSet                0.000 / 0.000         0.000 / 0.000         0.083 / 2.218         0.083 / 2.218       ms
[13900.317s][info][gc,stats    ]    Subphase: Concurrent Weak Roots OopStorageSet           0.000 / 0.000         0.000 / 0.000         1.501 / 13.633        1.501 / 13.633      ms
[13900.317s][info][gc,stats    ]    Subphase: Pause Mark Try Complete                       0.000 / 0.000         0.000 / 0.000         0.001 / 0.031         0.001 / 0.031       ms
[13900.317s][info][gc,stats    ]      System: Java Threads                                      0 / 0                 0 / 0              1929 / 4684           1929 / 4684        threads
[13900.317s][info][gc,stats    ] =========================================================================================================================================================
[13910.316s][info][gc,stats    ] === Garbage Collection Statistics =======================================================================================================================
[13910.316s][info][gc,stats    ]                                                              Last 10s              Last 10m              Last 10h                Total
[13910.316s][info][gc,stats    ]                                                              Avg / Max             Avg / Max             Avg / Max             Avg / Max
[13910.316s][info][gc,stats    ]   Collector: Garbage Collection Cycle                      0.000 / 0.000         0.000 / 0.000       665.978 / 19032.234   665.978 / 19032.234   ms
[13910.316s][info][gc,stats    ]  Contention: Mark Segment Reset Contention                     0 / 0                 0 / 0                 2 / 104               2 / 104         ops/s
[13910.316s][info][gc,stats    ]  Contention: Mark SeqNum Reset Contention                      0 / 0                 0 / 0                 0 / 7                 0 / 7           ops/s
[13910.316s][info][gc,stats    ]    Critical: Allocation Stall                                  0 / 0                 0 / 0                 0 / 827               0 / 827         ops/s
[13910.316s][info][gc,stats    ]    Critical: Allocation Stall                              0.000 / 0.000         0.000 / 0.000       146.230 / 487.490     146.230 / 487.490     ms
[13910.316s][info][gc,stats    ]    Critical: GC Locker Stall                                   0 / 0                 0 / 0                 0 / 2                 0 / 2           ops/s
[13910.316s][info][gc,stats    ]    Critical: GC Locker Stall                               0.000 / 0.000         0.000 / 0.000         0.167 / 4.787         0.167 / 4.787       ms
[13910.316s][info][gc,stats    ]    Critical: Relocation Stall                                  0 / 0                 0 / 0                 0 / 103               0 / 103         ops/s
[13910.316s][info][gc,stats    ]    Critical: Relocation Stall                              0.000 / 0.000         0.000 / 0.000        14.882 / 62.172       14.882 / 62.172      ms
[13910.316s][info][gc,stats    ]      Memory: Allocation Rate                                   0 / 0                 0 / 0               501 / 2790            501 / 2790        MB/s
[13910.316s][info][gc,stats    ]      Memory: Out Of Memory                                     0 / 0                 0 / 0                 0 / 0                 0 / 0           ops/s
[13910.316s][info][gc,stats    ]      Memory: Page Cache Flush                                  0 / 0                 0 / 0                 0 / 258               0 / 258         MB/s
[13910.316s][info][gc,stats    ]      Memory: Page Cache Hit L1                                 0 / 0                 0 / 0               244 / 1336            244 / 1336        ops/s
[13910.316s][info][gc,stats    ]      Memory: Page Cache Hit L2                                 0 / 0                 0 / 0                 0 / 0                 0 / 0           ops/s
[13910.316s][info][gc,stats    ]      Memory: Page Cache Hit L3                                 0 / 0                 0 / 0                 0 / 1028              0 / 1028        ops/s
[13910.316s][info][gc,stats    ]      Memory: Page Cache Miss                                   0 / 0                 0 / 0                 0 / 12                0 / 12          ops/s
[13910.316s][info][gc,stats    ]      Memory: Uncommit                                          0 / 0                 0 / 0                 0 / 0                 0 / 0           MB/s
[13910.316s][info][gc,stats    ]      Memory: Undo Object Allocation Failed                     0 / 0                 0 / 0                 0 / 5                 0 / 5           ops/s
[13910.316s][info][gc,stats    ]      Memory: Undo Object Allocation Succeeded                  0 / 0                 0 / 0                17 / 6595             17 / 6595        ops/s
[13910.316s][info][gc,stats    ]      Memory: Undo Page Allocation                              0 / 0                 0 / 0                 0 / 676               0 / 676         ops/s
[13910.316s][info][gc,stats    ]       Phase: Concurrent Mark                               0.000 / 0.000         0.000 / 0.000       571.218 / 3424.228    571.218 / 3424.228    ms
[13910.316s][info][gc,stats    ]       Phase: Concurrent Mark Continue                      0.000 / 0.000         0.000 / 0.000         0.000 / 0.000         0.000 / 0.000       ms
[13910.316s][info][gc,stats    ]       Phase: Concurrent Mark Free                          0.000 / 0.000         0.000 / 0.000         1.118 / 305.339       1.118 / 305.339     ms
[13910.316s][info][gc,stats    ]       Phase: Concurrent Process Non-Strong References      0.000 / 0.000         0.000 / 0.000        69.335 / 18388.762    69.335 / 18388.762   ms
[13910.316s][info][gc,stats    ]       Phase: Concurrent Relocate                           0.000 / 0.000         0.000 / 0.000        11.475 / 64.108       11.475 / 64.108      ms
[13910.316s][info][gc,stats    ]       Phase: Concurrent Reset Relocation Set               0.000 / 0.000         0.000 / 0.000         0.212 / 0.968         0.212 / 0.968       ms
[13910.316s][info][gc,stats    ]       Phase: Concurrent Select Relocation Set              0.000 / 0.000         0.000 / 0.000         6.722 / 623.697       6.722 / 623.697     ms
[13910.316s][info][gc,stats    ]       Phase: Pause Mark End                                0.000 / 0.000         0.000 / 0.000         0.094 / 0.434         0.094 / 0.434       ms
[13910.316s][info][gc,stats    ]       Phase: Pause Mark Start                              0.000 / 0.000         0.000 / 0.000         0.023 / 0.223         0.023 / 0.223       ms
[13910.316s][info][gc,stats    ]       Phase: Pause Relocate Start                          0.000 / 0.000         0.000 / 0.000         0.045 / 0.309         0.045 / 0.309       ms
[13910.316s][info][gc,stats    ]    Subphase: Concurrent Classes Purge                      0.000 / 0.000         0.000 / 0.000         0.518 / 3.157         0.518 / 3.157       ms
[13910.316s][info][gc,stats    ]    Subphase: Concurrent Classes Unlink                     0.000 / 0.000         0.000 / 0.000        64.039 / 18382.834    64.039 / 18382.834   ms
[13910.316s][info][gc,stats    ]    Subphase: Concurrent Mark                               0.000 / 0.000         0.000 / 0.000       450.151 / 3398.532    450.151 / 3398.532    ms
[13910.316s][info][gc,stats    ]    Subphase: Concurrent Mark Try Flush                     0.000 / 0.000         0.000 / 0.000         1.565 / 934.939       1.565 / 934.939     ms
[13910.316s][info][gc,stats    ]    Subphase: Concurrent Mark Try Terminate                 0.000 / 0.000         0.000 / 0.000         1.072 / 934.940       1.072 / 934.940     ms
[13910.316s][info][gc,stats    ]    Subphase: Concurrent References Enqueue                 0.000 / 0.000         0.000 / 0.000         0.009 / 0.091         0.009 / 0.091       ms
[13910.316s][info][gc,stats    ]    Subphase: Concurrent References Process                 0.000 / 0.000         0.000 / 0.000         0.881 / 3.992         0.881 / 3.992       ms
[13910.316s][info][gc,stats    ]    Subphase: Concurrent Roots ClassLoaderDataGraph         0.000 / 0.000         0.000 / 0.000         0.833 / 3.889         0.833 / 3.889       ms
[13910.316s][info][gc,stats    ]    Subphase: Concurrent Roots CodeCache                    0.000 / 0.000         0.000 / 0.000         0.000 / 0.000         0.000 / 0.000       ms
[13910.316s][info][gc,stats    ]    Subphase: Concurrent Roots JavaThreads                  0.000 / 0.000         0.000 / 0.000         4.665 / 969.487       4.665 / 969.487     ms
[13910.316s][info][gc,stats    ]    Subphase: Concurrent Roots OopStorageSet                0.000 / 0.000         0.000 / 0.000         0.083 / 2.218         0.083 / 2.218       ms
[13910.316s][info][gc,stats    ]    Subphase: Concurrent Weak Roots OopStorageSet           0.000 / 0.000         0.000 / 0.000         1.501 / 13.633        1.501 / 13.633      ms
[13910.316s][info][gc,stats    ]    Subphase: Pause Mark Try Complete                       0.000 / 0.000         0.000 / 0.000         0.001 / 0.031         0.001 / 0.031       ms
[13910.316s][info][gc,stats    ]      System: Java Threads                                      0 / 0                 0 / 0              1929 / 4684           1929 / 4684        threads
[13910.316s][info][gc,stats    ] =========================================================================================================================================================
[13920.316s][info][gc,stats    ] === Garbage Collection Statistics =======================================================================================================================
[13920.316s][info][gc,stats    ]                                                              Last 10s              Last 10m              Last 10h                Total
[13920.316s][info][gc,stats    ]                                                              Avg / Max             Avg / Max             Avg / Max             Avg / Max
[13920.316s][info][gc,stats    ]   Collector: Garbage Collection Cycle                      0.000 / 0.000         0.000 / 0.000       665.978 / 19032.234   665.978 / 19032.234   ms
[13920.316s][info][gc,stats    ]  Contention: Mark Segment Reset Contention                     0 / 0                 0 / 0                 2 / 104               2 / 104         ops/s
[13920.316s][info][gc,stats    ]  Contention: Mark SeqNum Reset Contention                      0 / 0                 0 / 0                 0 / 7                 0 / 7           ops/s
[13920.316s][info][gc,stats    ]    Critical: Allocation Stall                                  0 / 0                 0 / 0                 0 / 827               0 / 827         ops/s
[13920.316s][info][gc,stats    ]    Critical: Allocation Stall                              0.000 / 0.000         0.000 / 0.000       146.230 / 487.490     146.230 / 487.490     ms
[13920.316s][info][gc,stats    ]    Critical: GC Locker Stall                                   0 / 0                 0 / 0                 0 / 2                 0 / 2           ops/s
[13920.316s][info][gc,stats    ]    Critical: GC Locker Stall                               0.000 / 0.000         0.000 / 0.000         0.167 / 4.787         0.167 / 4.787       ms
[13920.316s][info][gc,stats    ]    Critical: Relocation Stall                                  0 / 0                 0 / 0                 0 / 103               0 / 103         ops/s
[13920.316s][info][gc,stats    ]    Critical: Relocation Stall                              0.000 / 0.000         0.000 / 0.000        14.882 / 62.172       14.882 / 62.172      ms
[13920.316s][info][gc,stats    ]      Memory: Allocation Rate                                   0 / 0                 0 / 0               501 / 2790            501 / 2790        MB/s
[13920.316s][info][gc,stats    ]      Memory: Out Of Memory                                     0 / 0                 0 / 0                 0 / 0                 0 / 0           ops/s
[13920.316s][info][gc,stats    ]      Memory: Page Cache Flush                                  0 / 0                 0 / 0                 0 / 258               0 / 258         MB/s
[13920.316s][info][gc,stats    ]      Memory: Page Cache Hit L1                                 0 / 0                 0 / 0               244 / 1336            244 / 1336        ops/s
[13920.316s][info][gc,stats    ]      Memory: Page Cache Hit L2                                 0 / 0                 0 / 0                 0 / 0                 0 / 0           ops/s
[13920.316s][info][gc,stats    ]      Memory: Page Cache Hit L3                                 0 / 0                 0 / 0                 0 / 1028              0 / 1028        ops/s
[13920.316s][info][gc,stats    ]      Memory: Page Cache Miss                                   0 / 0                 0 / 0                 0 / 12                0 / 12          ops/s
[13920.316s][info][gc,stats    ]      Memory: Uncommit                                          0 / 0                 0 / 0                 0 / 0                 0 / 0           MB/s
[13920.316s][info][gc,stats    ]      Memory: Undo Object Allocation Failed                     0 / 0                 0 / 0                 0 / 5                 0 / 5           ops/s
[13920.316s][info][gc,stats    ]      Memory: Undo Object Allocation Succeeded                  0 / 0                 0 / 0                17 / 6595             17 / 6595        ops/s
[13920.316s][info][gc,stats    ]      Memory: Undo Page Allocation                              0 / 0                 0 / 0                 0 / 676               0 / 676         ops/s
[13920.316s][info][gc,stats    ]       Phase: Concurrent Mark                               0.000 / 0.000         0.000 / 0.000       571.218 / 3424.228    571.218 / 3424.228    ms
[13920.316s][info][gc,stats    ]       Phase: Concurrent Mark Continue                      0.000 / 0.000         0.000 / 0.000         0.000 / 0.000         0.000 / 0.000       ms
[13920.316s][info][gc,stats    ]       Phase: Concurrent Mark Free                          0.000 / 0.000         0.000 / 0.000         1.118 / 305.339       1.118 / 305.339     ms
[13920.316s][info][gc,stats    ]       Phase: Concurrent Process Non-Strong References      0.000 / 0.000         0.000 / 0.000        69.335 / 18388.762    69.335 / 18388.762   ms
[13920.316s][info][gc,stats    ]       Phase: Concurrent Relocate                           0.000 / 0.000         0.000 / 0.000        11.475 / 64.108       11.475 / 64.108      ms
[13920.316s][info][gc,stats    ]       Phase: Concurrent Reset Relocation Set               0.000 / 0.000         0.000 / 0.000         0.212 / 0.968         0.212 / 0.968       ms
[13920.316s][info][gc,stats    ]       Phase: Concurrent Select Relocation Set              0.000 / 0.000         0.000 / 0.000         6.722 / 623.697       6.722 / 623.697     ms
[13920.316s][info][gc,stats    ]       Phase: Pause Mark End                                0.000 / 0.000         0.000 / 0.000         0.094 / 0.434         0.094 / 0.434       ms
[13920.316s][info][gc,stats    ]       Phase: Pause Mark Start                              0.000 / 0.000         0.000 / 0.000         0.023 / 0.223         0.023 / 0.223       ms
[13920.316s][info][gc,stats    ]       Phase: Pause Relocate Start                          0.000 / 0.000         0.000 / 0.000         0.045 / 0.309         0.045 / 0.309       ms
[13920.316s][info][gc,stats    ]    Subphase: Concurrent Classes Purge                      0.000 / 0.000         0.000 / 0.000         0.518 / 3.157         0.518 / 3.157       ms
[13920.316s][info][gc,stats    ]    Subphase: Concurrent Classes Unlink                     0.000 / 0.000         0.000 / 0.000        64.039 / 18382.834    64.039 / 18382.834   ms
[13920.316s][info][gc,stats    ]    Subphase: Concurrent Mark                               0.000 / 0.000         0.000 / 0.000       450.151 / 3398.532    450.151 / 3398.532    ms
[13920.316s][info][gc,stats    ]    Subphase: Concurrent Mark Try Flush                     0.000 / 0.000         0.000 / 0.000         1.565 / 934.939       1.565 / 934.939     ms
[13920.316s][info][gc,stats    ]    Subphase: Concurrent Mark Try Terminate                 0.000 / 0.000         0.000 / 0.000         1.072 / 934.940       1.072 / 934.940     ms
[13920.316s][info][gc,stats    ]    Subphase: Concurrent References Enqueue                 0.000 / 0.000         0.000 / 0.000         0.009 / 0.091         0.009 / 0.091       ms
[13920.316s][info][gc,stats    ]    Subphase: Concurrent References Process                 0.000 / 0.000         0.000 / 0.000         0.881 / 3.992         0.881 / 3.992       ms
[13920.316s][info][gc,stats    ]    Subphase: Concurrent Roots ClassLoaderDataGraph         0.000 / 0.000         0.000 / 0.000         0.833 / 3.889         0.833 / 3.889       ms
[13920.316s][info][gc,stats    ]    Subphase: Concurrent Roots CodeCache                    0.000 / 0.000         0.000 / 0.000         0.000 / 0.000         0.000 / 0.000       ms
[13920.316s][info][gc,stats    ]    Subphase: Concurrent Roots JavaThreads                  0.000 / 0.000         0.000 / 0.000         4.665 / 969.487       4.665 / 969.487     ms
[13920.316s][info][gc,stats    ]    Subphase: Concurrent Roots OopStorageSet                0.000 / 0.000         0.000 / 0.000         0.083 / 2.218         0.083 / 2.218       ms
[13920.316s][info][gc,stats    ]    Subphase: Concurrent Weak Roots OopStorageSet           0.000 / 0.000         0.000 / 0.000         1.501 / 13.633        1.501 / 13.633      ms
[13920.316s][info][gc,stats    ]    Subphase: Pause Mark Try Complete                       0.000 / 0.000         0.000 / 0.000         0.001 / 0.031         0.001 / 0.031       ms
[13920.316s][info][gc,stats    ]      System: Java Threads                                      0 / 0                 0 / 0              1929 / 4684           1929 / 4684        threads
[13920.316s][info][gc,stats    ] =========================================================================================================================================================
[13930.315s][info][gc,stats    ] === Garbage Collection Statistics =======================================================================================================================
[13930.315s][info][gc,stats    ]                                                              Last 10s              Last 10m              Last 10h                Total
[13930.315s][info][gc,stats    ]                                                              Avg / Max             Avg / Max             Avg / Max             Avg / Max
[13930.315s][info][gc,stats    ]   Collector: Garbage Collection Cycle                      0.000 / 0.000         0.000 / 0.000       665.978 / 19032.234   665.978 / 19032.234   ms
[13930.315s][info][gc,stats    ]  Contention: Mark Segment Reset Contention                     0 / 0                 0 / 0                 2 / 104               2 / 104         ops/s
[13930.315s][info][gc,stats    ]  Contention: Mark SeqNum Reset Contention                      0 / 0                 0 / 0                 0 / 7                 0 / 7           ops/s
[13930.315s][info][gc,stats    ]    Critical: Allocation Stall                                  0 / 0                 0 / 0                 0 / 827               0 / 827         ops/s
[13930.315s][info][gc,stats    ]    Critical: Allocation Stall                              0.000 / 0.000         0.000 / 0.000       146.230 / 487.490     146.230 / 487.490     ms
[13930.315s][info][gc,stats    ]    Critical: GC Locker Stall                                   0 / 0                 0 / 0                 0 / 2                 0 / 2           ops/s
[13930.315s][info][gc,stats    ]    Critical: GC Locker Stall                               0.000 / 0.000         0.000 / 0.000         0.167 / 4.787         0.167 / 4.787       ms
[13930.315s][info][gc,stats    ]    Critical: Relocation Stall                                  0 / 0                 0 / 0                 0 / 103               0 / 103         ops/s
[13930.315s][info][gc,stats    ]    Critical: Relocation Stall                              0.000 / 0.000         0.000 / 0.000        14.882 / 62.172       14.882 / 62.172      ms
[13930.315s][info][gc,stats    ]      Memory: Allocation Rate                                   0 / 0                 0 / 0               500 / 2790            500 / 2790        MB/s
[13930.315s][info][gc,stats    ]      Memory: Out Of Memory                                     0 / 0                 0 / 0                 0 / 0                 0 / 0           ops/s
[13930.315s][info][gc,stats    ]      Memory: Page Cache Flush                                  0 / 0                 0 / 0                 0 / 258               0 / 258         MB/s
[13930.315s][info][gc,stats    ]      Memory: Page Cache Hit L1                                 0 / 0                 0 / 0               243 / 1336            243 / 1336        ops/s
[13930.315s][info][gc,stats    ]      Memory: Page Cache Hit L2                                 0 / 0                 0 / 0                 0 / 0                 0 / 0           ops/s
[13930.315s][info][gc,stats    ]      Memory: Page Cache Hit L3                                 0 / 0                 0 / 0                 0 / 1028              0 / 1028        ops/s
[13930.315s][info][gc,stats    ]      Memory: Page Cache Miss                                   0 / 0                 0 / 0                 0 / 12                0 / 12          ops/s
[13930.315s][info][gc,stats    ]      Memory: Uncommit                                          0 / 0                 0 / 0                 0 / 0                 0 / 0           MB/s
[13930.315s][info][gc,stats    ]      Memory: Undo Object Allocation Failed                     0 / 0                 0 / 0                 0 / 5                 0 / 5           ops/s
[13930.315s][info][gc,stats    ]      Memory: Undo Object Allocation Succeeded                  0 / 0                 0 / 0                17 / 6595             17 / 6595        ops/s
[13930.315s][info][gc,stats    ]      Memory: Undo Page Allocation                              0 / 0                 0 / 0                 0 / 676               0 / 676         ops/s
[13930.315s][info][gc,stats    ]       Phase: Concurrent Mark                               0.000 / 0.000         0.000 / 0.000       571.218 / 3424.228    571.218 / 3424.228    ms
[13930.315s][info][gc,stats    ]       Phase: Concurrent Mark Continue                      0.000 / 0.000         0.000 / 0.000         0.000 / 0.000         0.000 / 0.000       ms
[13930.315s][info][gc,stats    ]       Phase: Concurrent Mark Free                          0.000 / 0.000         0.000 / 0.000         1.118 / 305.339       1.118 / 305.339     ms
[13930.315s][info][gc,stats    ]       Phase: Concurrent Process Non-Strong References      0.000 / 0.000         0.000 / 0.000        69.335 / 18388.762    69.335 / 18388.762   ms
[13930.315s][info][gc,stats    ]       Phase: Concurrent Relocate                           0.000 / 0.000         0.000 / 0.000        11.475 / 64.108       11.475 / 64.108      ms
[13930.315s][info][gc,stats    ]       Phase: Concurrent Reset Relocation Set               0.000 / 0.000         0.000 / 0.000         0.212 / 0.968         0.212 / 0.968       ms
[13930.315s][info][gc,stats    ]       Phase: Concurrent Select Relocation Set              0.000 / 0.000         0.000 / 0.000         6.722 / 623.697       6.722 / 623.697     ms
[13930.315s][info][gc,stats    ]       Phase: Pause Mark End                                0.000 / 0.000         0.000 / 0.000         0.094 / 0.434         0.094 / 0.434       ms
[13930.315s][info][gc,stats    ]       Phase: Pause Mark Start                              0.000 / 0.000         0.000 / 0.000         0.023 / 0.223         0.023 / 0.223       ms
[13930.315s][info][gc,stats    ]       Phase: Pause Relocate Start                          0.000 / 0.000         0.000 / 0.000         0.045 / 0.309         0.045 / 0.309       ms
[13930.315s][info][gc,stats    ]    Subphase: Concurrent Classes Purge                      0.000 / 0.000         0.000 / 0.000         0.518 / 3.157         0.518 / 3.157       ms
[13930.315s][info][gc,stats    ]    Subphase: Concurrent Classes Unlink                     0.000 / 0.000         0.000 / 0.000        64.039 / 18382.834    64.039 / 18382.834   ms
[13930.315s][info][gc,stats    ]    Subphase: Concurrent Mark                               0.000 / 0.000         0.000 / 0.000       450.151 / 3398.532    450.151 / 3398.532    ms
[13930.315s][info][gc,stats    ]    Subphase: Concurrent Mark Try Flush                     0.000 / 0.000         0.000 / 0.000         1.565 / 934.939       1.565 / 934.939     ms
[13930.315s][info][gc,stats    ]    Subphase: Concurrent Mark Try Terminate                 0.000 / 0.000         0.000 / 0.000         1.072 / 934.940       1.072 / 934.940     ms
[13930.315s][info][gc,stats    ]    Subphase: Concurrent References Enqueue                 0.000 / 0.000         0.000 / 0.000         0.009 / 0.091         0.009 / 0.091       ms
[13930.315s][info][gc,stats    ]    Subphase: Concurrent References Process                 0.000 / 0.000         0.000 / 0.000         0.881 / 3.992         0.881 / 3.992       ms
[13930.315s][info][gc,stats    ]    Subphase: Concurrent Roots ClassLoaderDataGraph         0.000 / 0.000         0.000 / 0.000         0.833 / 3.889         0.833 / 3.889       ms
[13930.315s][info][gc,stats    ]    Subphase: Concurrent Roots CodeCache                    0.000 / 0.000         0.000 / 0.000         0.000 / 0.000         0.000 / 0.000       ms
[13930.315s][info][gc,stats    ]    Subphase: Concurrent Roots JavaThreads                  0.000 / 0.000         0.000 / 0.000         4.665 / 969.487       4.665 / 969.487     ms
[13930.315s][info][gc,stats    ]    Subphase: Concurrent Roots OopStorageSet                0.000 / 0.000         0.000 / 0.000         0.083 / 2.218         0.083 / 2.218       ms
[13930.315s][info][gc,stats    ]    Subphase: Concurrent Weak Roots OopStorageSet           0.000 / 0.000         0.000 / 0.000         1.501 / 13.633        1.501 / 13.633      ms
[13930.315s][info][gc,stats    ]    Subphase: Pause Mark Try Complete                       0.000 / 0.000         0.000 / 0.000         0.001 / 0.031         0.001 / 0.031       ms
[13930.315s][info][gc,stats    ]      System: Java Threads                                      0 / 0                 0 / 0              1929 / 4684           1929 / 4684        threads
[13930.315s][info][gc,stats    ] =========================================================================================================================================================
[13940.316s][info][gc,stats    ] === Garbage Collection Statistics =======================================================================================================================
[13940.316s][info][gc,stats    ]                                                              Last 10s              Last 10m              Last 10h                Total
[13940.316s][info][gc,stats    ]                                                              Avg / Max             Avg / Max             Avg / Max             Avg / Max
[13940.316s][info][gc,stats    ]   Collector: Garbage Collection Cycle                      0.000 / 0.000         0.000 / 0.000       665.978 / 19032.234   665.978 / 19032.234   ms
[13940.316s][info][gc,stats    ]  Contention: Mark Segment Reset Contention                     0 / 0                 0 / 0                 2 / 104               2 / 104         ops/s
[13940.316s][info][gc,stats    ]  Contention: Mark SeqNum Reset Contention                      0 / 0                 0 / 0                 0 / 7                 0 / 7           ops/s
[13940.316s][info][gc,stats    ]    Critical: Allocation Stall                                  0 / 0                 0 / 0                 0 / 827               0 / 827         ops/s
[13940.316s][info][gc,stats    ]    Critical: Allocation Stall                              0.000 / 0.000         0.000 / 0.000       146.230 / 487.490     146.230 / 487.490     ms
[13940.316s][info][gc,stats    ]    Critical: GC Locker Stall                                   0 / 0                 0 / 0                 0 / 2                 0 / 2           ops/s
[13940.316s][info][gc,stats    ]    Critical: GC Locker Stall                               0.000 / 0.000         0.000 / 0.000         0.167 / 4.787         0.167 / 4.787       ms
[13940.316s][info][gc,stats    ]    Critical: Relocation Stall                                  0 / 0                 0 / 0                 0 / 103               0 / 103         ops/s
[13940.316s][info][gc,stats    ]    Critical: Relocation Stall                              0.000 / 0.000         0.000 / 0.000        14.882 / 62.172       14.882 / 62.172      ms
[13940.316s][info][gc,stats    ]      Memory: Allocation Rate                                   0 / 0                 0 / 0               500 / 2790            500 / 2790        MB/s
[13940.316s][info][gc,stats    ]      Memory: Out Of Memory                                     0 / 0                 0 / 0                 0 / 0                 0 / 0           ops/s
[13940.316s][info][gc,stats    ]      Memory: Page Cache Flush                                  0 / 0                 0 / 0                 0 / 258               0 / 258         MB/s
[13940.316s][info][gc,stats    ]      Memory: Page Cache Hit L1                                 0 / 0                 0 / 0               243 / 1336            243 / 1336        ops/s
[13940.316s][info][gc,stats    ]      Memory: Page Cache Hit L2                                 0 / 0                 0 / 0                 0 / 0                 0 / 0           ops/s
[13940.316s][info][gc,stats    ]      Memory: Page Cache Hit L3                                 0 / 0                 0 / 0                 0 / 1028              0 / 1028        ops/s
[13940.316s][info][gc,stats    ]      Memory: Page Cache Miss                                   0 / 0                 0 / 0                 0 / 12                0 / 12          ops/s
[13940.316s][info][gc,stats    ]      Memory: Uncommit                                          0 / 0                 0 / 0                 0 / 0                 0 / 0           MB/s
[13940.316s][info][gc,stats    ]      Memory: Undo Object Allocation Failed                     0 / 0                 0 / 0                 0 / 5                 0 / 5           ops/s
[13940.316s][info][gc,stats    ]      Memory: Undo Object Allocation Succeeded                  0 / 0                 0 / 0                17 / 6595             17 / 6595        ops/s
[13940.316s][info][gc,stats    ]      Memory: Undo Page Allocation                              0 / 0                 0 / 0                 0 / 676               0 / 676         ops/s
[13940.316s][info][gc,stats    ]       Phase: Concurrent Mark                               0.000 / 0.000         0.000 / 0.000       571.218 / 3424.228    571.218 / 3424.228    ms
[13940.316s][info][gc,stats    ]       Phase: Concurrent Mark Continue                      0.000 / 0.000         0.000 / 0.000         0.000 / 0.000         0.000 / 0.000       ms
[13940.316s][info][gc,stats    ]       Phase: Concurrent Mark Free                          0.000 / 0.000         0.000 / 0.000         1.118 / 305.339       1.118 / 305.339     ms
[13940.316s][info][gc,stats    ]       Phase: Concurrent Process Non-Strong References      0.000 / 0.000         0.000 / 0.000        69.335 / 18388.762    69.335 / 18388.762   ms
[13940.316s][info][gc,stats    ]       Phase: Concurrent Relocate                           0.000 / 0.000         0.000 / 0.000        11.475 / 64.108       11.475 / 64.108      ms
[13940.316s][info][gc,stats    ]       Phase: Concurrent Reset Relocation Set               0.000 / 0.000         0.000 / 0.000         0.212 / 0.968         0.212 / 0.968       ms
[13940.316s][info][gc,stats    ]       Phase: Concurrent Select Relocation Set              0.000 / 0.000         0.000 / 0.000         6.722 / 623.697       6.722 / 623.697     ms
[13940.316s][info][gc,stats    ]       Phase: Pause Mark End                                0.000 / 0.000         0.000 / 0.000         0.094 / 0.434         0.094 / 0.434       ms
[13940.316s][info][gc,stats    ]       Phase: Pause Mark Start                              0.000 / 0.000         0.000 / 0.000         0.023 / 0.223         0.023 / 0.223       ms
[13940.316s][info][gc,stats    ]       Phase: Pause Relocate Start                          0.000 / 0.000         0.000 / 0.000         0.045 / 0.309         0.045 / 0.309       ms
[13940.316s][info][gc,stats    ]    Subphase: Concurrent Classes Purge                      0.000 / 0.000         0.000 / 0.000         0.518 / 3.157         0.518 / 3.157       ms
[13940.316s][info][gc,stats    ]    Subphase: Concurrent Classes Unlink                     0.000 / 0.000         0.000 / 0.000        64.039 / 18382.834    64.039 / 18382.834   ms
[13940.316s][info][gc,stats    ]    Subphase: Concurrent Mark                               0.000 / 0.000         0.000 / 0.000       450.151 / 3398.532    450.151 / 3398.532    ms
[13940.316s][info][gc,stats    ]    Subphase: Concurrent Mark Try Flush                     0.000 / 0.000         0.000 / 0.000         1.565 / 934.939       1.565 / 934.939     ms
[13940.316s][info][gc,stats    ]    Subphase: Concurrent Mark Try Terminate                 0.000 / 0.000         0.000 / 0.000         1.072 / 934.940       1.072 / 934.940     ms
[13940.316s][info][gc,stats    ]    Subphase: Concurrent References Enqueue                 0.000 / 0.000         0.000 / 0.000         0.009 / 0.091         0.009 / 0.091       ms
[13940.316s][info][gc,stats    ]    Subphase: Concurrent References Process                 0.000 / 0.000         0.000 / 0.000         0.881 / 3.992         0.881 / 3.992       ms
[13940.316s][info][gc,stats    ]    Subphase: Concurrent Roots ClassLoaderDataGraph         0.000 / 0.000         0.000 / 0.000         0.833 / 3.889         0.833 / 3.889       ms
[13940.316s][info][gc,stats    ]    Subphase: Concurrent Roots CodeCache                    0.000 / 0.000         0.000 / 0.000         0.000 / 0.000         0.000 / 0.000       ms
[13940.316s][info][gc,stats    ]    Subphase: Concurrent Roots JavaThreads                  0.000 / 0.000         0.000 / 0.000         4.665 / 969.487       4.665 / 969.487     ms
[13940.316s][info][gc,stats    ]    Subphase: Concurrent Roots OopStorageSet                0.000 / 0.000         0.000 / 0.000         0.083 / 2.218         0.083 / 2.218       ms
[13940.316s][info][gc,stats    ]    Subphase: Concurrent Weak Roots OopStorageSet           0.000 / 0.000         0.000 / 0.000         1.501 / 13.633        1.501 / 13.633      ms
[13940.316s][info][gc,stats    ]    Subphase: Pause Mark Try Complete                       0.000 / 0.000         0.000 / 0.000         0.001 / 0.031         0.001 / 0.031       ms
[13940.316s][info][gc,stats    ]      System: Java Threads                                      0 / 0                 0 / 0              1929 / 4684           1929 / 4684        threads
[13940.316s][info][gc,stats    ] =========================================================================================================================================================
[13950.316s][info][gc,stats    ] === Garbage Collection Statistics =======================================================================================================================
[13950.316s][info][gc,stats    ]                                                              Last 10s              Last 10m              Last 10h                Total
[13950.316s][info][gc,stats    ]                                                              Avg / Max             Avg / Max             Avg / Max             Avg / Max
[13950.316s][info][gc,stats    ]   Collector: Garbage Collection Cycle                      0.000 / 0.000         0.000 / 0.000       665.978 / 19032.234   665.978 / 19032.234   ms
[13950.316s][info][gc,stats    ]  Contention: Mark Segment Reset Contention                     0 / 0                 0 / 0                 2 / 104               2 / 104         ops/s
[13950.316s][info][gc,stats    ]  Contention: Mark SeqNum Reset Contention                      0 / 0                 0 / 0                 0 / 7                 0 / 7           ops/s
[13950.316s][info][gc,stats    ]    Critical: Allocation Stall                                  0 / 0                 0 / 0                 0 / 827               0 / 827         ops/s
[13950.316s][info][gc,stats    ]    Critical: Allocation Stall                              0.000 / 0.000         0.000 / 0.000       146.230 / 487.490     146.230 / 487.490     ms
[13950.316s][info][gc,stats    ]    Critical: GC Locker Stall                                   0 / 0                 0 / 0                 0 / 2                 0 / 2           ops/s
[13950.316s][info][gc,stats    ]    Critical: GC Locker Stall                               0.000 / 0.000         0.000 / 0.000         0.167 / 4.787         0.167 / 4.787       ms
[13950.316s][info][gc,stats    ]    Critical: Relocation Stall                                  0 / 0                 0 / 0                 0 / 103               0 / 103         ops/s
[13950.316s][info][gc,stats    ]    Critical: Relocation Stall                              0.000 / 0.000         0.000 / 0.000        14.882 / 62.172       14.882 / 62.172      ms
[13950.316s][info][gc,stats    ]      Memory: Allocation Rate                                   0 / 0                 0 / 0               500 / 2790            500 / 2790        MB/s
[13950.316s][info][gc,stats    ]      Memory: Out Of Memory                                     0 / 0                 0 / 0                 0 / 0                 0 / 0           ops/s
[13950.316s][info][gc,stats    ]      Memory: Page Cache Flush                                  0 / 0                 0 / 0                 0 / 258               0 / 258         MB/s
[13950.316s][info][gc,stats    ]      Memory: Page Cache Hit L1                                 0 / 0                 0 / 0               243 / 1336            243 / 1336        ops/s
[13950.316s][info][gc,stats    ]      Memory: Page Cache Hit L2                                 0 / 0                 0 / 0                 0 / 0                 0 / 0           ops/s
[13950.316s][info][gc,stats    ]      Memory: Page Cache Hit L3                                 0 / 0                 0 / 0                 0 / 1028              0 / 1028        ops/s
[13950.316s][info][gc,stats    ]      Memory: Page Cache Miss                                   0 / 0                 0 / 0                 0 / 12                0 / 12          ops/s
[13950.316s][info][gc,stats    ]      Memory: Uncommit                                          0 / 0                 0 / 0                 0 / 0                 0 / 0           MB/s
[13950.316s][info][gc,stats    ]      Memory: Undo Object Allocation Failed                     0 / 0                 0 / 0                 0 / 5                 0 / 5           ops/s
[13950.316s][info][gc,stats    ]      Memory: Undo Object Allocation Succeeded                  0 / 0                 0 / 0                17 / 6595             17 / 6595        ops/s
[13950.316s][info][gc,stats    ]      Memory: Undo Page Allocation                              0 / 0                 0 / 0                 0 / 676               0 / 676         ops/s
[13950.316s][info][gc,stats    ]       Phase: Concurrent Mark                               0.000 / 0.000         0.000 / 0.000       571.218 / 3424.228    571.218 / 3424.228    ms
[13950.316s][info][gc,stats    ]       Phase: Concurrent Mark Continue                      0.000 / 0.000         0.000 / 0.000         0.000 / 0.000         0.000 / 0.000       ms
[13950.316s][info][gc,stats    ]       Phase: Concurrent Mark Free                          0.000 / 0.000         0.000 / 0.000         1.118 / 305.339       1.118 / 305.339     ms
[13950.316s][info][gc,stats    ]       Phase: Concurrent Process Non-Strong References      0.000 / 0.000         0.000 / 0.000        69.335 / 18388.762    69.335 / 18388.762   ms
[13950.316s][info][gc,stats    ]       Phase: Concurrent Relocate                           0.000 / 0.000         0.000 / 0.000        11.475 / 64.108       11.475 / 64.108      ms
[13950.316s][info][gc,stats    ]       Phase: Concurrent Reset Relocation Set               0.000 / 0.000         0.000 / 0.000         0.212 / 0.968         0.212 / 0.968       ms
[13950.316s][info][gc,stats    ]       Phase: Concurrent Select Relocation Set              0.000 / 0.000         0.000 / 0.000         6.722 / 623.697       6.722 / 623.697     ms
[13950.316s][info][gc,stats    ]       Phase: Pause Mark End                                0.000 / 0.000         0.000 / 0.000         0.094 / 0.434         0.094 / 0.434       ms
[13950.316s][info][gc,stats    ]       Phase: Pause Mark Start                              0.000 / 0.000         0.000 / 0.000         0.023 / 0.223         0.023 / 0.223       ms
[13950.316s][info][gc,stats    ]       Phase: Pause Relocate Start                          0.000 / 0.000         0.000 / 0.000         0.045 / 0.309         0.045 / 0.309       ms
[13950.316s][info][gc,stats    ]    Subphase: Concurrent Classes Purge                      0.000 / 0.000         0.000 / 0.000         0.518 / 3.157         0.518 / 3.157       ms
[13950.316s][info][gc,stats    ]    Subphase: Concurrent Classes Unlink                     0.000 / 0.000         0.000 / 0.000        64.039 / 18382.834    64.039 / 18382.834   ms
[13950.316s][info][gc,stats    ]    Subphase: Concurrent Mark                               0.000 / 0.000         0.000 / 0.000       450.151 / 3398.532    450.151 / 3398.532    ms
[13950.316s][info][gc,stats    ]    Subphase: Concurrent Mark Try Flush                     0.000 / 0.000         0.000 / 0.000         1.565 / 934.939       1.565 / 934.939     ms
[13950.316s][info][gc,stats    ]    Subphase: Concurrent Mark Try Terminate                 0.000 / 0.000         0.000 / 0.000         1.072 / 934.940       1.072 / 934.940     ms
[13950.316s][info][gc,stats    ]    Subphase: Concurrent References Enqueue                 0.000 / 0.000         0.000 / 0.000         0.009 / 0.091         0.009 / 0.091       ms
[13950.316s][info][gc,stats    ]    Subphase: Concurrent References Process                 0.000 / 0.000         0.000 / 0.000         0.881 / 3.992         0.881 / 3.992       ms
[13950.316s][info][gc,stats    ]    Subphase: Concurrent Roots ClassLoaderDataGraph         0.000 / 0.000         0.000 / 0.000         0.833 / 3.889         0.833 / 3.889       ms
[13950.316s][info][gc,stats    ]    Subphase: Concurrent Roots CodeCache                    0.000 / 0.000         0.000 / 0.000         0.000 / 0.000         0.000 / 0.000       ms
[13950.316s][info][gc,stats    ]    Subphase: Concurrent Roots JavaThreads                  0.000 / 0.000         0.000 / 0.000         4.665 / 969.487       4.665 / 969.487     ms
[13950.316s][info][gc,stats    ]    Subphase: Concurrent Roots OopStorageSet                0.000 / 0.000         0.000 / 0.000         0.083 / 2.218         0.083 / 2.218       ms
[13950.316s][info][gc,stats    ]    Subphase: Concurrent Weak Roots OopStorageSet           0.000 / 0.000         0.000 / 0.000         1.501 / 13.633        1.501 / 13.633      ms
[13950.316s][info][gc,stats    ]    Subphase: Pause Mark Try Complete                       0.000 / 0.000         0.000 / 0.000         0.001 / 0.031         0.001 / 0.031       ms
[13950.316s][info][gc,stats    ]      System: Java Threads                                      0 / 0                 0 / 0              1929 / 4684           1929 / 4684        threads
[13950.316s][info][gc,stats    ] =========================================================================================================================================================
[13960.316s][info][gc,stats    ] === Garbage Collection Statistics =======================================================================================================================
[13960.316s][info][gc,stats    ]                                                              Last 10s              Last 10m              Last 10h                Total
[13960.316s][info][gc,stats    ]                                                              Avg / Max             Avg / Max             Avg / Max             Avg / Max
[13960.316s][info][gc,stats    ]   Collector: Garbage Collection Cycle                      0.000 / 0.000         0.000 / 0.000       665.978 / 19032.234   665.978 / 19032.234   ms
[13960.316s][info][gc,stats    ]  Contention: Mark Segment Reset Contention                     0 / 0                 0 / 0                 2 / 104               2 / 104         ops/s
[13960.316s][info][gc,stats    ]  Contention: Mark SeqNum Reset Contention                      0 / 0                 0 / 0                 0 / 7                 0 / 7           ops/s
[13960.316s][info][gc,stats    ]    Critical: Allocation Stall                                  0 / 0                 0 / 0                 0 / 827               0 / 827         ops/s
[13960.316s][info][gc,stats    ]    Critical: Allocation Stall                              0.000 / 0.000         0.000 / 0.000       146.230 / 487.490     146.230 / 487.490     ms
[13960.316s][info][gc,stats    ]    Critical: GC Locker Stall                                   0 / 0                 0 / 0                 0 / 2                 0 / 2           ops/s
[13960.316s][info][gc,stats    ]    Critical: GC Locker Stall                               0.000 / 0.000         0.000 / 0.000         0.167 / 4.787         0.167 / 4.787       ms
[13960.316s][info][gc,stats    ]    Critical: Relocation Stall                                  0 / 0                 0 / 0                 0 / 103               0 / 103         ops/s
[13960.316s][info][gc,stats    ]    Critical: Relocation Stall                              0.000 / 0.000         0.000 / 0.000        14.882 / 62.172       14.882 / 62.172      ms
[13960.316s][info][gc,stats    ]      Memory: Allocation Rate                                   0 / 0                 0 / 0               499 / 2790            499 / 2790        MB/s
[13960.316s][info][gc,stats    ]      Memory: Out Of Memory                                     0 / 0                 0 / 0                 0 / 0                 0 / 0           ops/s
[13960.316s][info][gc,stats    ]      Memory: Page Cache Flush                                  0 / 0                 0 / 0                 0 / 258               0 / 258         MB/s
[13960.316s][info][gc,stats    ]      Memory: Page Cache Hit L1                                 0 / 0                 0 / 0               243 / 1336            243 / 1336        ops/s
[13960.316s][info][gc,stats    ]      Memory: Page Cache Hit L2                                 0 / 0                 0 / 0                 0 / 0                 0 / 0           ops/s
[13960.316s][info][gc,stats    ]      Memory: Page Cache Hit L3                                 0 / 0                 0 / 0                 0 / 1028              0 / 1028        ops/s
[13960.316s][info][gc,stats    ]      Memory: Page Cache Miss                                   0 / 0                 0 / 0                 0 / 12                0 / 12          ops/s
[13960.316s][info][gc,stats    ]      Memory: Uncommit                                          0 / 0                 0 / 0                 0 / 0                 0 / 0           MB/s
[13960.316s][info][gc,stats    ]      Memory: Undo Object Allocation Failed                     0 / 0                 0 / 0                 0 / 5                 0 / 5           ops/s
[13960.316s][info][gc,stats    ]      Memory: Undo Object Allocation Succeeded                  0 / 0                 0 / 0                17 / 6595             17 / 6595        ops/s
[13960.316s][info][gc,stats    ]      Memory: Undo Page Allocation                              0 / 0                 0 / 0                 0 / 676               0 / 676         ops/s
[13960.316s][info][gc,stats    ]       Phase: Concurrent Mark                               0.000 / 0.000         0.000 / 0.000       571.218 / 3424.228    571.218 / 3424.228    ms
[13960.316s][info][gc,stats    ]       Phase: Concurrent Mark Continue                      0.000 / 0.000         0.000 / 0.000         0.000 / 0.000         0.000 / 0.000       ms
[13960.316s][info][gc,stats    ]       Phase: Concurrent Mark Free                          0.000 / 0.000         0.000 / 0.000         1.118 / 305.339       1.118 / 305.339     ms
[13960.316s][info][gc,stats    ]       Phase: Concurrent Process Non-Strong References      0.000 / 0.000         0.000 / 0.000        69.335 / 18388.762    69.335 / 18388.762   ms
[13960.316s][info][gc,stats    ]       Phase: Concurrent Relocate                           0.000 / 0.000         0.000 / 0.000        11.475 / 64.108       11.475 / 64.108      ms
[13960.316s][info][gc,stats    ]       Phase: Concurrent Reset Relocation Set               0.000 / 0.000         0.000 / 0.000         0.212 / 0.968         0.212 / 0.968       ms
[13960.316s][info][gc,stats    ]       Phase: Concurrent Select Relocation Set              0.000 / 0.000         0.000 / 0.000         6.722 / 623.697       6.722 / 623.697     ms
[13960.316s][info][gc,stats    ]       Phase: Pause Mark End                                0.000 / 0.000         0.000 / 0.000         0.094 / 0.434         0.094 / 0.434       ms
[13960.316s][info][gc,stats    ]       Phase: Pause Mark Start                              0.000 / 0.000         0.000 / 0.000         0.023 / 0.223         0.023 / 0.223       ms
[13960.316s][info][gc,stats    ]       Phase: Pause Relocate Start                          0.000 / 0.000         0.000 / 0.000         0.045 / 0.309         0.045 / 0.309       ms
[13960.316s][info][gc,stats    ]    Subphase: Concurrent Classes Purge                      0.000 / 0.000         0.000 / 0.000         0.518 / 3.157         0.518 / 3.157       ms
[13960.316s][info][gc,stats    ]    Subphase: Concurrent Classes Unlink                     0.000 / 0.000         0.000 / 0.000        64.039 / 18382.834    64.039 / 18382.834   ms
[13960.316s][info][gc,stats    ]    Subphase: Concurrent Mark                               0.000 / 0.000         0.000 / 0.000       450.151 / 3398.532    450.151 / 3398.532    ms
[13960.316s][info][gc,stats    ]    Subphase: Concurrent Mark Try Flush                     0.000 / 0.000         0.000 / 0.000         1.565 / 934.939       1.565 / 934.939     ms
[13960.316s][info][gc,stats    ]    Subphase: Concurrent Mark Try Terminate                 0.000 / 0.000         0.000 / 0.000         1.072 / 934.940       1.072 / 934.940     ms
[13960.316s][info][gc,stats    ]    Subphase: Concurrent References Enqueue                 0.000 / 0.000         0.000 / 0.000         0.009 / 0.091         0.009 / 0.091       ms
[13960.316s][info][gc,stats    ]    Subphase: Concurrent References Process                 0.000 / 0.000         0.000 / 0.000         0.881 / 3.992         0.881 / 3.992       ms
[13960.316s][info][gc,stats    ]    Subphase: Concurrent Roots ClassLoaderDataGraph         0.000 / 0.000         0.000 / 0.000         0.833 / 3.889         0.833 / 3.889       ms
[13960.316s][info][gc,stats    ]    Subphase: Concurrent Roots CodeCache                    0.000 / 0.000         0.000 / 0.000         0.000 / 0.000         0.000 / 0.000       ms
[13960.316s][info][gc,stats    ]    Subphase: Concurrent Roots JavaThreads                  0.000 / 0.000         0.000 / 0.000         4.665 / 969.487       4.665 / 969.487     ms
[13960.316s][info][gc,stats    ]    Subphase: Concurrent Roots OopStorageSet                0.000 / 0.000         0.000 / 0.000         0.083 / 2.218         0.083 / 2.218       ms
[13960.316s][info][gc,stats    ]    Subphase: Concurrent Weak Roots OopStorageSet           0.000 / 0.000         0.000 / 0.000         1.501 / 13.633        1.501 / 13.633      ms
[13960.316s][info][gc,stats    ]    Subphase: Pause Mark Try Complete                       0.000 / 0.000         0.000 / 0.000         0.001 / 0.031         0.001 / 0.031       ms
[13960.316s][info][gc,stats    ]      System: Java Threads                                      0 / 0                 0 / 0              1929 / 4684           1929 / 4684        threads
[13960.316s][info][gc,stats    ] =========================================================================================================================================================
[13970.315s][info][gc,stats    ] === Garbage Collection Statistics =======================================================================================================================
[13970.315s][info][gc,stats    ]                                                              Last 10s              Last 10m              Last 10h                Total
[13970.315s][info][gc,stats    ]                                                              Avg / Max             Avg / Max             Avg / Max             Avg / Max
[13970.315s][info][gc,stats    ]   Collector: Garbage Collection Cycle                      0.000 / 0.000         0.000 / 0.000       665.978 / 19032.234   665.978 / 19032.234   ms
[13970.315s][info][gc,stats    ]  Contention: Mark Segment Reset Contention                     0 / 0                 0 / 0                 2 / 104               2 / 104         ops/s
[13970.315s][info][gc,stats    ]  Contention: Mark SeqNum Reset Contention                      0 / 0                 0 / 0                 0 / 7                 0 / 7           ops/s
[13970.315s][info][gc,stats    ]    Critical: Allocation Stall                                  0 / 0                 0 / 0                 0 / 827               0 / 827         ops/s
[13970.315s][info][gc,stats    ]    Critical: Allocation Stall                              0.000 / 0.000         0.000 / 0.000       146.230 / 487.490     146.230 / 487.490     ms
[13970.315s][info][gc,stats    ]    Critical: GC Locker Stall                                   0 / 0                 0 / 0                 0 / 2                 0 / 2           ops/s
[13970.315s][info][gc,stats    ]    Critical: GC Locker Stall                               0.000 / 0.000         0.000 / 0.000         0.167 / 4.787         0.167 / 4.787       ms
[13970.315s][info][gc,stats    ]    Critical: Relocation Stall                                  0 / 0                 0 / 0                 0 / 103               0 / 103         ops/s
[13970.315s][info][gc,stats    ]    Critical: Relocation Stall                              0.000 / 0.000         0.000 / 0.000        14.882 / 62.172       14.882 / 62.172      ms
[13970.315s][info][gc,stats    ]      Memory: Allocation Rate                                   0 / 0                 0 / 0               499 / 2790            499 / 2790        MB/s
[13970.315s][info][gc,stats    ]      Memory: Out Of Memory                                     0 / 0                 0 / 0                 0 / 0                 0 / 0           ops/s
[13970.316s][info][gc,stats    ]      Memory: Page Cache Flush                                  0 / 0                 0 / 0                 0 / 258               0 / 258         MB/s
[13970.316s][info][gc,stats    ]      Memory: Page Cache Hit L1                                 0 / 0                 0 / 0               243 / 1336            243 / 1336        ops/s
[13970.316s][info][gc,stats    ]      Memory: Page Cache Hit L2                                 0 / 0                 0 / 0                 0 / 0                 0 / 0           ops/s
[13970.316s][info][gc,stats    ]      Memory: Page Cache Hit L3                                 0 / 0                 0 / 0                 0 / 1028              0 / 1028        ops/s
[13970.316s][info][gc,stats    ]      Memory: Page Cache Miss                                   0 / 0                 0 / 0                 0 / 12                0 / 12          ops/s
[13970.316s][info][gc,stats    ]      Memory: Uncommit                                          0 / 0                 0 / 0                 0 / 0                 0 / 0           MB/s
[13970.316s][info][gc,stats    ]      Memory: Undo Object Allocation Failed                     0 / 0                 0 / 0                 0 / 5                 0 / 5           ops/s
[13970.316s][info][gc,stats    ]      Memory: Undo Object Allocation Succeeded                  0 / 0                 0 / 0                17 / 6595             17 / 6595        ops/s
[13970.316s][info][gc,stats    ]      Memory: Undo Page Allocation                              0 / 0                 0 / 0                 0 / 676               0 / 676         ops/s
[13970.316s][info][gc,stats    ]       Phase: Concurrent Mark                               0.000 / 0.000         0.000 / 0.000       571.218 / 3424.228    571.218 / 3424.228    ms
[13970.316s][info][gc,stats    ]       Phase: Concurrent Mark Continue                      0.000 / 0.000         0.000 / 0.000         0.000 / 0.000         0.000 / 0.000       ms
[13970.316s][info][gc,stats    ]       Phase: Concurrent Mark Free                          0.000 / 0.000         0.000 / 0.000         1.118 / 305.339       1.118 / 305.339     ms
[13970.316s][info][gc,stats    ]       Phase: Concurrent Process Non-Strong References      0.000 / 0.000         0.000 / 0.000        69.335 / 18388.762    69.335 / 18388.762   ms
[13970.316s][info][gc,stats    ]       Phase: Concurrent Relocate                           0.000 / 0.000         0.000 / 0.000        11.475 / 64.108       11.475 / 64.108      ms
[13970.316s][info][gc,stats    ]       Phase: Concurrent Reset Relocation Set               0.000 / 0.000         0.000 / 0.000         0.212 / 0.968         0.212 / 0.968       ms
[13970.316s][info][gc,stats    ]       Phase: Concurrent Select Relocation Set              0.000 / 0.000         0.000 / 0.000         6.722 / 623.697       6.722 / 623.697     ms
[13970.316s][info][gc,stats    ]       Phase: Pause Mark End                                0.000 / 0.000         0.000 / 0.000         0.094 / 0.434         0.094 / 0.434       ms
[13970.316s][info][gc,stats    ]       Phase: Pause Mark Start                              0.000 / 0.000         0.000 / 0.000         0.023 / 0.223         0.023 / 0.223       ms
[13970.316s][info][gc,stats    ]       Phase: Pause Relocate Start                          0.000 / 0.000         0.000 / 0.000         0.045 / 0.309         0.045 / 0.309       ms
[13970.316s][info][gc,stats    ]    Subphase: Concurrent Classes Purge                      0.000 / 0.000         0.000 / 0.000         0.518 / 3.157         0.518 / 3.157       ms
[13970.316s][info][gc,stats    ]    Subphase: Concurrent Classes Unlink                     0.000 / 0.000         0.000 / 0.000        64.039 / 18382.834    64.039 / 18382.834   ms
[13970.316s][info][gc,stats    ]    Subphase: Concurrent Mark                               0.000 / 0.000         0.000 / 0.000       450.151 / 3398.532    450.151 / 3398.532    ms
[13970.316s][info][gc,stats    ]    Subphase: Concurrent Mark Try Flush                     0.000 / 0.000         0.000 / 0.000         1.565 / 934.939       1.565 / 934.939     ms
[13970.316s][info][gc,stats    ]    Subphase: Concurrent Mark Try Terminate                 0.000 / 0.000         0.000 / 0.000         1.072 / 934.940       1.072 / 934.940     ms
[13970.316s][info][gc,stats    ]    Subphase: Concurrent References Enqueue                 0.000 / 0.000         0.000 / 0.000         0.009 / 0.091         0.009 / 0.091       ms
[13970.316s][info][gc,stats    ]    Subphase: Concurrent References Process                 0.000 / 0.000         0.000 / 0.000         0.881 / 3.992         0.881 / 3.992       ms
[13970.316s][info][gc,stats    ]    Subphase: Concurrent Roots ClassLoaderDataGraph         0.000 / 0.000         0.000 / 0.000         0.833 / 3.889         0.833 / 3.889       ms
[13970.316s][info][gc,stats    ]    Subphase: Concurrent Roots CodeCache                    0.000 / 0.000         0.000 / 0.000         0.000 / 0.000         0.000 / 0.000       ms
[13970.316s][info][gc,stats    ]    Subphase: Concurrent Roots JavaThreads                  0.000 / 0.000         0.000 / 0.000         4.665 / 969.487       4.665 / 969.487     ms
[13970.316s][info][gc,stats    ]    Subphase: Concurrent Roots OopStorageSet                0.000 / 0.000         0.000 / 0.000         0.083 / 2.218         0.083 / 2.218       ms
[13970.316s][info][gc,stats    ]    Subphase: Concurrent Weak Roots OopStorageSet           0.000 / 0.000         0.000 / 0.000         1.501 / 13.633        1.501 / 13.633      ms
[13970.316s][info][gc,stats    ]    Subphase: Pause Mark Try Complete                       0.000 / 0.000         0.000 / 0.000         0.001 / 0.031         0.001 / 0.031       ms
[13970.316s][info][gc,stats    ]      System: Java Threads                                      0 / 0                 0 / 0              1929 / 4684           1929 / 4684        threads
[13970.316s][info][gc,stats    ] =========================================================================================================================================================
[13980.316s][info][gc,stats    ] === Garbage Collection Statistics =======================================================================================================================
[13980.316s][info][gc,stats    ]                                                              Last 10s              Last 10m              Last 10h                Total
[13980.316s][info][gc,stats    ]                                                              Avg / Max             Avg / Max             Avg / Max             Avg / Max
[13980.316s][info][gc,stats    ]   Collector: Garbage Collection Cycle                      0.000 / 0.000         0.000 / 0.000       665.978 / 19032.234   665.978 / 19032.234   ms
[13980.316s][info][gc,stats    ]  Contention: Mark Segment Reset Contention                     0 / 0                 0 / 0                 2 / 104               2 / 104         ops/s
[13980.316s][info][gc,stats    ]  Contention: Mark SeqNum Reset Contention                      0 / 0                 0 / 0                 0 / 7                 0 / 7           ops/s
[13980.316s][info][gc,stats    ]    Critical: Allocation Stall                                  0 / 0                 0 / 0                 0 / 827               0 / 827         ops/s
[13980.316s][info][gc,stats    ]    Critical: Allocation Stall                              0.000 / 0.000         0.000 / 0.000       146.230 / 487.490     146.230 / 487.490     ms
[13980.316s][info][gc,stats    ]    Critical: GC Locker Stall                                   0 / 0                 0 / 0                 0 / 2                 0 / 2           ops/s
[13980.316s][info][gc,stats    ]    Critical: GC Locker Stall                               0.000 / 0.000         0.000 / 0.000         0.167 / 4.787         0.167 / 4.787       ms
[13980.316s][info][gc,stats    ]    Critical: Relocation Stall                                  0 / 0                 0 / 0                 0 / 103               0 / 103         ops/s
[13980.316s][info][gc,stats    ]    Critical: Relocation Stall                              0.000 / 0.000         0.000 / 0.000        14.882 / 62.172       14.882 / 62.172      ms
[13980.316s][info][gc,stats    ]      Memory: Allocation Rate                                   0 / 0                 0 / 0               499 / 2790            499 / 2790        MB/s
[13980.316s][info][gc,stats    ]      Memory: Out Of Memory                                     0 / 0                 0 / 0                 0 / 0                 0 / 0           ops/s
[13980.316s][info][gc,stats    ]      Memory: Page Cache Flush                                  0 / 0                 0 / 0                 0 / 258               0 / 258         MB/s
[13980.316s][info][gc,stats    ]      Memory: Page Cache Hit L1                                 0 / 0                 0 / 0               243 / 1336            243 / 1336        ops/s
[13980.316s][info][gc,stats    ]      Memory: Page Cache Hit L2                                 0 / 0                 0 / 0                 0 / 0                 0 / 0           ops/s
[13980.316s][info][gc,stats    ]      Memory: Page Cache Hit L3                                 0 / 0                 0 / 0                 0 / 1028              0 / 1028        ops/s
[13980.316s][info][gc,stats    ]      Memory: Page Cache Miss                                   0 / 0                 0 / 0                 0 / 12                0 / 12          ops/s
[13980.316s][info][gc,stats    ]      Memory: Uncommit                                          0 / 0                 0 / 0                 0 / 0                 0 / 0           MB/s
[13980.316s][info][gc,stats    ]      Memory: Undo Object Allocation Failed                     0 / 0                 0 / 0                 0 / 5                 0 / 5           ops/s
[13980.316s][info][gc,stats    ]      Memory: Undo Object Allocation Succeeded                  0 / 0                 0 / 0                17 / 6595             17 / 6595        ops/s
[13980.316s][info][gc,stats    ]      Memory: Undo Page Allocation                              0 / 0                 0 / 0                 0 / 676               0 / 676         ops/s
[13980.316s][info][gc,stats    ]       Phase: Concurrent Mark                               0.000 / 0.000         0.000 / 0.000       571.218 / 3424.228    571.218 / 3424.228    ms
[13980.316s][info][gc,stats    ]       Phase: Concurrent Mark Continue                      0.000 / 0.000         0.000 / 0.000         0.000 / 0.000         0.000 / 0.000       ms
[13980.316s][info][gc,stats    ]       Phase: Concurrent Mark Free                          0.000 / 0.000         0.000 / 0.000         1.118 / 305.339       1.118 / 305.339     ms
[13980.316s][info][gc,stats    ]       Phase: Concurrent Process Non-Strong References      0.000 / 0.000         0.000 / 0.000        69.335 / 18388.762    69.335 / 18388.762   ms
[13980.316s][info][gc,stats    ]       Phase: Concurrent Relocate                           0.000 / 0.000         0.000 / 0.000        11.475 / 64.108       11.475 / 64.108      ms
[13980.316s][info][gc,stats    ]       Phase: Concurrent Reset Relocation Set               0.000 / 0.000         0.000 / 0.000         0.212 / 0.968         0.212 / 0.968       ms
[13980.316s][info][gc,stats    ]       Phase: Concurrent Select Relocation Set              0.000 / 0.000         0.000 / 0.000         6.722 / 623.697       6.722 / 623.697     ms
[13980.316s][info][gc,stats    ]       Phase: Pause Mark End                                0.000 / 0.000         0.000 / 0.000         0.094 / 0.434         0.094 / 0.434       ms
[13980.316s][info][gc,stats    ]       Phase: Pause Mark Start                              0.000 / 0.000         0.000 / 0.000         0.023 / 0.223         0.023 / 0.223       ms
[13980.316s][info][gc,stats    ]       Phase: Pause Relocate Start                          0.000 / 0.000         0.000 / 0.000         0.045 / 0.309         0.045 / 0.309       ms
[13980.316s][info][gc,stats    ]    Subphase: Concurrent Classes Purge                      0.000 / 0.000         0.000 / 0.000         0.518 / 3.157         0.518 / 3.157       ms
[13980.316s][info][gc,stats    ]    Subphase: Concurrent Classes Unlink                     0.000 / 0.000         0.000 / 0.000        64.039 / 18382.834    64.039 / 18382.834   ms
[13980.316s][info][gc,stats    ]    Subphase: Concurrent Mark                               0.000 / 0.000         0.000 / 0.000       450.151 / 3398.532    450.151 / 3398.532    ms
[13980.316s][info][gc,stats    ]    Subphase: Concurrent Mark Try Flush                     0.000 / 0.000         0.000 / 0.000         1.565 / 934.939       1.565 / 934.939     ms
[13980.316s][info][gc,stats    ]    Subphase: Concurrent Mark Try Terminate                 0.000 / 0.000         0.000 / 0.000         1.072 / 934.940       1.072 / 934.940     ms
[13980.316s][info][gc,stats    ]    Subphase: Concurrent References Enqueue                 0.000 / 0.000         0.000 / 0.000         0.009 / 0.091         0.009 / 0.091       ms
[13980.316s][info][gc,stats    ]    Subphase: Concurrent References Process                 0.000 / 0.000         0.000 / 0.000         0.881 / 3.992         0.881 / 3.992       ms
[13980.316s][info][gc,stats    ]    Subphase: Concurrent Roots ClassLoaderDataGraph         0.000 / 0.000         0.000 / 0.000         0.833 / 3.889         0.833 / 3.889       ms
[13980.316s][info][gc,stats    ]    Subphase: Concurrent Roots CodeCache                    0.000 / 0.000         0.000 / 0.000         0.000 / 0.000         0.000 / 0.000       ms
[13980.316s][info][gc,stats    ]    Subphase: Concurrent Roots JavaThreads                  0.000 / 0.000         0.000 / 0.000         4.665 / 969.487       4.665 / 969.487     ms
[13980.316s][info][gc,stats    ]    Subphase: Concurrent Roots OopStorageSet                0.000 / 0.000         0.000 / 0.000         0.083 / 2.218         0.083 / 2.218       ms
[13980.316s][info][gc,stats    ]    Subphase: Concurrent Weak Roots OopStorageSet           0.000 / 0.000         0.000 / 0.000         1.501 / 13.633        1.501 / 13.633      ms
[13980.316s][info][gc,stats    ]    Subphase: Pause Mark Try Complete                       0.000 / 0.000         0.000 / 0.000         0.001 / 0.031         0.001 / 0.031       ms
[13980.316s][info][gc,stats    ]      System: Java Threads                                      0 / 0                 0 / 0              1929 / 4684           1929 / 4684        threads
[13980.316s][info][gc,stats    ] =========================================================================================================================================================
[13990.316s][info][gc,stats    ] === Garbage Collection Statistics =======================================================================================================================
[13990.316s][info][gc,stats    ]                                                              Last 10s              Last 10m              Last 10h                Total
[13990.316s][info][gc,stats    ]                                                              Avg / Max             Avg / Max             Avg / Max             Avg / Max
[13990.316s][info][gc,stats    ]   Collector: Garbage Collection Cycle                      0.000 / 0.000         0.000 / 0.000       665.978 / 19032.234   665.978 / 19032.234   ms
[13990.316s][info][gc,stats    ]  Contention: Mark Segment Reset Contention                     0 / 0                 0 / 0                 2 / 104               2 / 104         ops/s
[13990.316s][info][gc,stats    ]  Contention: Mark SeqNum Reset Contention                      0 / 0                 0 / 0                 0 / 7                 0 / 7           ops/s
[13990.316s][info][gc,stats    ]    Critical: Allocation Stall                                  0 / 0                 0 / 0                 0 / 827               0 / 827         ops/s
[13990.316s][info][gc,stats    ]    Critical: Allocation Stall                              0.000 / 0.000         0.000 / 0.000       146.230 / 487.490     146.230 / 487.490     ms
[13990.316s][info][gc,stats    ]    Critical: GC Locker Stall                                   0 / 0                 0 / 0                 0 / 2                 0 / 2           ops/s
[13990.316s][info][gc,stats    ]    Critical: GC Locker Stall                               0.000 / 0.000         0.000 / 0.000         0.167 / 4.787         0.167 / 4.787       ms
[13990.316s][info][gc,stats    ]    Critical: Relocation Stall                                  0 / 0                 0 / 0                 0 / 103               0 / 103         ops/s
[13990.316s][info][gc,stats    ]    Critical: Relocation Stall                              0.000 / 0.000         0.000 / 0.000        14.882 / 62.172       14.882 / 62.172      ms
[13990.316s][info][gc,stats    ]      Memory: Allocation Rate                                   0 / 0                 0 / 0               498 / 2790            498 / 2790        MB/s
[13990.316s][info][gc,stats    ]      Memory: Out Of Memory                                     0 / 0                 0 / 0                 0 / 0                 0 / 0           ops/s
[13990.316s][info][gc,stats    ]      Memory: Page Cache Flush                                  0 / 0                 0 / 0                 0 / 258               0 / 258         MB/s
[13990.316s][info][gc,stats    ]      Memory: Page Cache Hit L1                                 0 / 0                 0 / 0               242 / 1336            242 / 1336        ops/s
[13990.316s][info][gc,stats    ]      Memory: Page Cache Hit L2                                 0 / 0                 0 / 0                 0 / 0                 0 / 0           ops/s
[13990.316s][info][gc,stats    ]      Memory: Page Cache Hit L3                                 0 / 0                 0 / 0                 0 / 1028              0 / 1028        ops/s
[13990.316s][info][gc,stats    ]      Memory: Page Cache Miss                                   0 / 0                 0 / 0                 0 / 12                0 / 12          ops/s
[13990.316s][info][gc,stats    ]      Memory: Uncommit                                          0 / 0                 0 / 0                 0 / 0                 0 / 0           MB/s
[13990.316s][info][gc,stats    ]      Memory: Undo Object Allocation Failed                     0 / 0                 0 / 0                 0 / 5                 0 / 5           ops/s
[13990.316s][info][gc,stats    ]      Memory: Undo Object Allocation Succeeded                  0 / 0                 0 / 0                17 / 6595             17 / 6595        ops/s
[13990.316s][info][gc,stats    ]      Memory: Undo Page Allocation                              0 / 0                 0 / 0                 0 / 676               0 / 676         ops/s
[13990.316s][info][gc,stats    ]       Phase: Concurrent Mark                               0.000 / 0.000         0.000 / 0.000       571.218 / 3424.228    571.218 / 3424.228    ms
[13990.316s][info][gc,stats    ]       Phase: Concurrent Mark Continue                      0.000 / 0.000         0.000 / 0.000         0.000 / 0.000         0.000 / 0.000       ms
[13990.316s][info][gc,stats    ]       Phase: Concurrent Mark Free                          0.000 / 0.000         0.000 / 0.000         1.118 / 305.339       1.118 / 305.339     ms
[13990.316s][info][gc,stats    ]       Phase: Concurrent Process Non-Strong References      0.000 / 0.000         0.000 / 0.000        69.335 / 18388.762    69.335 / 18388.762   ms
[13990.316s][info][gc,stats    ]       Phase: Concurrent Relocate                           0.000 / 0.000         0.000 / 0.000        11.475 / 64.108       11.475 / 64.108      ms
[13990.316s][info][gc,stats    ]       Phase: Concurrent Reset Relocation Set               0.000 / 0.000         0.000 / 0.000         0.212 / 0.968         0.212 / 0.968       ms
[13990.316s][info][gc,stats    ]       Phase: Concurrent Select Relocation Set              0.000 / 0.000         0.000 / 0.000         6.722 / 623.697       6.722 / 623.697     ms
[13990.316s][info][gc,stats    ]       Phase: Pause Mark End                                0.000 / 0.000         0.000 / 0.000         0.094 / 0.434         0.094 / 0.434       ms
[13990.316s][info][gc,stats    ]       Phase: Pause Mark Start                              0.000 / 0.000         0.000 / 0.000         0.023 / 0.223         0.023 / 0.223       ms
[13990.316s][info][gc,stats    ]       Phase: Pause Relocate Start                          0.000 / 0.000         0.000 / 0.000         0.045 / 0.309         0.045 / 0.309       ms
[13990.316s][info][gc,stats    ]    Subphase: Concurrent Classes Purge                      0.000 / 0.000         0.000 / 0.000         0.518 / 3.157         0.518 / 3.157       ms
[13990.316s][info][gc,stats    ]    Subphase: Concurrent Classes Unlink                     0.000 / 0.000         0.000 / 0.000        64.039 / 18382.834    64.039 / 18382.834   ms
[13990.316s][info][gc,stats    ]    Subphase: Concurrent Mark                               0.000 / 0.000         0.000 / 0.000       450.151 / 3398.532    450.151 / 3398.532    ms
[13990.316s][info][gc,stats    ]    Subphase: Concurrent Mark Try Flush                     0.000 / 0.000         0.000 / 0.000         1.565 / 934.939       1.565 / 934.939     ms
[13990.316s][info][gc,stats    ]    Subphase: Concurrent Mark Try Terminate                 0.000 / 0.000         0.000 / 0.000         1.072 / 934.940       1.072 / 934.940     ms
[13990.316s][info][gc,stats    ]    Subphase: Concurrent References Enqueue                 0.000 / 0.000         0.000 / 0.000         0.009 / 0.091         0.009 / 0.091       ms
[13990.316s][info][gc,stats    ]    Subphase: Concurrent References Process                 0.000 / 0.000         0.000 / 0.000         0.881 / 3.992         0.881 / 3.992       ms
[13990.316s][info][gc,stats    ]    Subphase: Concurrent Roots ClassLoaderDataGraph         0.000 / 0.000         0.000 / 0.000         0.833 / 3.889         0.833 / 3.889       ms
[13990.316s][info][gc,stats    ]    Subphase: Concurrent Roots CodeCache                    0.000 / 0.000         0.000 / 0.000         0.000 / 0.000         0.000 / 0.000       ms
[13990.316s][info][gc,stats    ]    Subphase: Concurrent Roots JavaThreads                  0.000 / 0.000         0.000 / 0.000         4.665 / 969.487       4.665 / 969.487     ms
[13990.316s][info][gc,stats    ]    Subphase: Concurrent Roots OopStorageSet                0.000 / 0.000         0.000 / 0.000         0.083 / 2.218         0.083 / 2.218       ms
[13990.316s][info][gc,stats    ]    Subphase: Concurrent Weak Roots OopStorageSet           0.000 / 0.000         0.000 / 0.000         1.501 / 13.633        1.501 / 13.633      ms
[13990.316s][info][gc,stats    ]    Subphase: Pause Mark Try Complete                       0.000 / 0.000         0.000 / 0.000         0.001 / 0.031         0.001 / 0.031       ms
[13990.316s][info][gc,stats    ]      System: Java Threads                                      0 / 0                 0 / 0              1929 / 4684           1929 / 4684        threads
[13990.316s][info][gc,stats    ] =========================================================================================================================================================
[14000.316s][info][gc,stats    ] === Garbage Collection Statistics =======================================================================================================================
[14000.316s][info][gc,stats    ]                                                              Last 10s              Last 10m              Last 10h                Total
[14000.316s][info][gc,stats    ]                                                              Avg / Max             Avg / Max             Avg / Max             Avg / Max
[14000.316s][info][gc,stats    ]   Collector: Garbage Collection Cycle                      0.000 / 0.000         0.000 / 0.000       665.978 / 19032.234   665.978 / 19032.234   ms
[14000.316s][info][gc,stats    ]  Contention: Mark Segment Reset Contention                     0 / 0                 0 / 0                 2 / 104               2 / 104         ops/s
[14000.316s][info][gc,stats    ]  Contention: Mark SeqNum Reset Contention                      0 / 0                 0 / 0                 0 / 7                 0 / 7           ops/s
[14000.316s][info][gc,stats    ]    Critical: Allocation Stall                                  0 / 0                 0 / 0                 0 / 827               0 / 827         ops/s
[14000.316s][info][gc,stats    ]    Critical: Allocation Stall                              0.000 / 0.000         0.000 / 0.000       146.230 / 487.490     146.230 / 487.490     ms
[14000.316s][info][gc,stats    ]    Critical: GC Locker Stall                                   0 / 0                 0 / 0                 0 / 2                 0 / 2           ops/s
[14000.316s][info][gc,stats    ]    Critical: GC Locker Stall                               0.000 / 0.000         0.000 / 0.000         0.167 / 4.787         0.167 / 4.787       ms
[14000.316s][info][gc,stats    ]    Critical: Relocation Stall                                  0 / 0                 0 / 0                 0 / 103               0 / 103         ops/s
[14000.316s][info][gc,stats    ]    Critical: Relocation Stall                              0.000 / 0.000         0.000 / 0.000        14.882 / 62.172       14.882 / 62.172      ms
[14000.316s][info][gc,stats    ]      Memory: Allocation Rate                                   0 / 0                 0 / 0               498 / 2790            498 / 2790        MB/s
[14000.316s][info][gc,stats    ]      Memory: Out Of Memory                                     0 / 0                 0 / 0                 0 / 0                 0 / 0           ops/s
[14000.316s][info][gc,stats    ]      Memory: Page Cache Flush                                  0 / 0                 0 / 0                 0 / 258               0 / 258         MB/s
[14000.316s][info][gc,stats    ]      Memory: Page Cache Hit L1                                 0 / 0                 0 / 0               242 / 1336            242 / 1336        ops/s
[14000.316s][info][gc,stats    ]      Memory: Page Cache Hit L2                                 0 / 0                 0 / 0                 0 / 0                 0 / 0           ops/s
[14000.316s][info][gc,stats    ]      Memory: Page Cache Hit L3                                 0 / 0                 0 / 0                 0 / 1028              0 / 1028        ops/s
[14000.316s][info][gc,stats    ]      Memory: Page Cache Miss                                   0 / 0                 0 / 0                 0 / 12                0 / 12          ops/s
[14000.316s][info][gc,stats    ]      Memory: Uncommit                                          0 / 0                 0 / 0                 0 / 0                 0 / 0           MB/s
[14000.316s][info][gc,stats    ]      Memory: Undo Object Allocation Failed                     0 / 0                 0 / 0                 0 / 5                 0 / 5           ops/s
[14000.316s][info][gc,stats    ]      Memory: Undo Object Allocation Succeeded                  0 / 0                 0 / 0                17 / 6595             17 / 6595        ops/s
[14000.316s][info][gc,stats    ]      Memory: Undo Page Allocation                              0 / 0                 0 / 0                 0 / 676               0 / 676         ops/s
[14000.316s][info][gc,stats    ]       Phase: Concurrent Mark                               0.000 / 0.000         0.000 / 0.000       571.218 / 3424.228    571.218 / 3424.228    ms
[14000.316s][info][gc,stats    ]       Phase: Concurrent Mark Continue                      0.000 / 0.000         0.000 / 0.000         0.000 / 0.000         0.000 / 0.000       ms
[14000.316s][info][gc,stats    ]       Phase: Concurrent Mark Free                          0.000 / 0.000         0.000 / 0.000         1.118 / 305.339       1.118 / 305.339     ms
[14000.316s][info][gc,stats    ]       Phase: Concurrent Process Non-Strong References      0.000 / 0.000         0.000 / 0.000        69.335 / 18388.762    69.335 / 18388.762   ms
[14000.316s][info][gc,stats    ]       Phase: Concurrent Relocate                           0.000 / 0.000         0.000 / 0.000        11.475 / 64.108       11.475 / 64.108      ms
[14000.316s][info][gc,stats    ]       Phase: Concurrent Reset Relocation Set               0.000 / 0.000         0.000 / 0.000         0.212 / 0.968         0.212 / 0.968       ms
[14000.316s][info][gc,stats    ]       Phase: Concurrent Select Relocation Set              0.000 / 0.000         0.000 / 0.000         6.722 / 623.697       6.722 / 623.697     ms
[14000.316s][info][gc,stats    ]       Phase: Pause Mark End                                0.000 / 0.000         0.000 / 0.000         0.094 / 0.434         0.094 / 0.434       ms
[14000.316s][info][gc,stats    ]       Phase: Pause Mark Start                              0.000 / 0.000         0.000 / 0.000         0.023 / 0.223         0.023 / 0.223       ms
[14000.316s][info][gc,stats    ]       Phase: Pause Relocate Start                          0.000 / 0.000         0.000 / 0.000         0.045 / 0.309         0.045 / 0.309       ms
[14000.316s][info][gc,stats    ]    Subphase: Concurrent Classes Purge                      0.000 / 0.000         0.000 / 0.000         0.518 / 3.157         0.518 / 3.157       ms
[14000.316s][info][gc,stats    ]    Subphase: Concurrent Classes Unlink                     0.000 / 0.000         0.000 / 0.000        64.039 / 18382.834    64.039 / 18382.834   ms
[14000.316s][info][gc,stats    ]    Subphase: Concurrent Mark                               0.000 / 0.000         0.000 / 0.000       450.151 / 3398.532    450.151 / 3398.532    ms
[14000.316s][info][gc,stats    ]    Subphase: Concurrent Mark Try Flush                     0.000 / 0.000         0.000 / 0.000         1.565 / 934.939       1.565 / 934.939     ms
[14000.316s][info][gc,stats    ]    Subphase: Concurrent Mark Try Terminate                 0.000 / 0.000         0.000 / 0.000         1.072 / 934.940       1.072 / 934.940     ms
[14000.316s][info][gc,stats    ]    Subphase: Concurrent References Enqueue                 0.000 / 0.000         0.000 / 0.000         0.009 / 0.091         0.009 / 0.091       ms
[14000.316s][info][gc,stats    ]    Subphase: Concurrent References Process                 0.000 / 0.000         0.000 / 0.000         0.881 / 3.992         0.881 / 3.992       ms
[14000.316s][info][gc,stats    ]    Subphase: Concurrent Roots ClassLoaderDataGraph         0.000 / 0.000         0.000 / 0.000         0.833 / 3.889         0.833 / 3.889       ms
[14000.316s][info][gc,stats    ]    Subphase: Concurrent Roots CodeCache                    0.000 / 0.000         0.000 / 0.000         0.000 / 0.000         0.000 / 0.000       ms
[14000.316s][info][gc,stats    ]    Subphase: Concurrent Roots JavaThreads                  0.000 / 0.000         0.000 / 0.000         4.665 / 969.487       4.665 / 969.487     ms
[14000.316s][info][gc,stats    ]    Subphase: Concurrent Roots OopStorageSet                0.000 / 0.000         0.000 / 0.000         0.083 / 2.218         0.083 / 2.218       ms
[14000.316s][info][gc,stats    ]    Subphase: Concurrent Weak Roots OopStorageSet           0.000 / 0.000         0.000 / 0.000         1.501 / 13.633        1.501 / 13.633      ms
[14000.316s][info][gc,stats    ]    Subphase: Pause Mark Try Complete                       0.000 / 0.000         0.000 / 0.000         0.001 / 0.031         0.001 / 0.031       ms
[14000.316s][info][gc,stats    ]      System: Java Threads                                      0 / 0                 0 / 0              1929 / 4684           1929 / 4684        threads
[14000.316s][info][gc,stats    ] =========================================================================================================================================================
[14010.315s][info][gc,stats    ] === Garbage Collection Statistics =======================================================================================================================
[14010.316s][info][gc,stats    ]                                                              Last 10s              Last 10m              Last 10h                Total
[14010.316s][info][gc,stats    ]                                                              Avg / Max             Avg / Max             Avg / Max             Avg / Max
[14010.316s][info][gc,stats    ]   Collector: Garbage Collection Cycle                      0.000 / 0.000         0.000 / 0.000       665.978 / 19032.234   665.978 / 19032.234   ms
[14010.316s][info][gc,stats    ]  Contention: Mark Segment Reset Contention                     0 / 0                 0 / 0                 2 / 104               2 / 104         ops/s
[14010.316s][info][gc,stats    ]  Contention: Mark SeqNum Reset Contention                      0 / 0                 0 / 0                 0 / 7                 0 / 7           ops/s
[14010.316s][info][gc,stats    ]    Critical: Allocation Stall                                  0 / 0                 0 / 0                 0 / 827               0 / 827         ops/s
[14010.316s][info][gc,stats    ]    Critical: Allocation Stall                              0.000 / 0.000         0.000 / 0.000       146.230 / 487.490     146.230 / 487.490     ms
[14010.316s][info][gc,stats    ]    Critical: GC Locker Stall                                   0 / 0                 0 / 0                 0 / 2                 0 / 2           ops/s
[14010.316s][info][gc,stats    ]    Critical: GC Locker Stall                               0.000 / 0.000         0.000 / 0.000         0.167 / 4.787         0.167 / 4.787       ms
[14010.316s][info][gc,stats    ]    Critical: Relocation Stall                                  0 / 0                 0 / 0                 0 / 103               0 / 103         ops/s
[14010.316s][info][gc,stats    ]    Critical: Relocation Stall                              0.000 / 0.000         0.000 / 0.000        14.882 / 62.172       14.882 / 62.172      ms
[14010.316s][info][gc,stats    ]      Memory: Allocation Rate                                   0 / 0                 0 / 0               498 / 2790            498 / 2790        MB/s
[14010.316s][info][gc,stats    ]      Memory: Out Of Memory                                     0 / 0                 0 / 0                 0 / 0                 0 / 0           ops/s
[14010.316s][info][gc,stats    ]      Memory: Page Cache Flush                                  0 / 0                 0 / 0                 0 / 258               0 / 258         MB/s
[14010.316s][info][gc,stats    ]      Memory: Page Cache Hit L1                                 0 / 0                 0 / 0               242 / 1336            242 / 1336        ops/s
[14010.316s][info][gc,stats    ]      Memory: Page Cache Hit L2                                 0 / 0                 0 / 0                 0 / 0                 0 / 0           ops/s
[14010.316s][info][gc,stats    ]      Memory: Page Cache Hit L3                                 0 / 0                 0 / 0                 0 / 1028              0 / 1028        ops/s
[14010.316s][info][gc,stats    ]      Memory: Page Cache Miss                                   0 / 0                 0 / 0                 0 / 12                0 / 12          ops/s
[14010.316s][info][gc,stats    ]      Memory: Uncommit                                          0 / 0                 0 / 0                 0 / 0                 0 / 0           MB/s
[14010.316s][info][gc,stats    ]      Memory: Undo Object Allocation Failed                     0 / 0                 0 / 0                 0 / 5                 0 / 5           ops/s
[14010.316s][info][gc,stats    ]      Memory: Undo Object Allocation Succeeded                  0 / 0                 0 / 0                17 / 6595             17 / 6595        ops/s
[14010.316s][info][gc,stats    ]      Memory: Undo Page Allocation                              0 / 0                 0 / 0                 0 / 676               0 / 676         ops/s
[14010.316s][info][gc,stats    ]       Phase: Concurrent Mark                               0.000 / 0.000         0.000 / 0.000       571.218 / 3424.228    571.218 / 3424.228    ms
[14010.316s][info][gc,stats    ]       Phase: Concurrent Mark Continue                      0.000 / 0.000         0.000 / 0.000         0.000 / 0.000         0.000 / 0.000       ms
[14010.316s][info][gc,stats    ]       Phase: Concurrent Mark Free                          0.000 / 0.000         0.000 / 0.000         1.118 / 305.339       1.118 / 305.339     ms
[14010.316s][info][gc,stats    ]       Phase: Concurrent Process Non-Strong References      0.000 / 0.000         0.000 / 0.000        69.335 / 18388.762    69.335 / 18388.762   ms
[14010.316s][info][gc,stats    ]       Phase: Concurrent Relocate                           0.000 / 0.000         0.000 / 0.000        11.475 / 64.108       11.475 / 64.108      ms
[14010.316s][info][gc,stats    ]       Phase: Concurrent Reset Relocation Set               0.000 / 0.000         0.000 / 0.000         0.212 / 0.968         0.212 / 0.968       ms
[14010.316s][info][gc,stats    ]       Phase: Concurrent Select Relocation Set              0.000 / 0.000         0.000 / 0.000         6.722 / 623.697       6.722 / 623.697     ms
[14010.316s][info][gc,stats    ]       Phase: Pause Mark End                                0.000 / 0.000         0.000 / 0.000         0.094 / 0.434         0.094 / 0.434       ms
[14010.316s][info][gc,stats    ]       Phase: Pause Mark Start                              0.000 / 0.000         0.000 / 0.000         0.023 / 0.223         0.023 / 0.223       ms
[14010.316s][info][gc,stats    ]       Phase: Pause Relocate Start                          0.000 / 0.000         0.000 / 0.000         0.045 / 0.309         0.045 / 0.309       ms
[14010.316s][info][gc,stats    ]    Subphase: Concurrent Classes Purge                      0.000 / 0.000         0.000 / 0.000         0.518 / 3.157         0.518 / 3.157       ms
[14010.316s][info][gc,stats    ]    Subphase: Concurrent Classes Unlink                     0.000 / 0.000         0.000 / 0.000        64.039 / 18382.834    64.039 / 18382.834   ms
[14010.316s][info][gc,stats    ]    Subphase: Concurrent Mark                               0.000 / 0.000         0.000 / 0.000       450.151 / 3398.532    450.151 / 3398.532    ms
[14010.316s][info][gc,stats    ]    Subphase: Concurrent Mark Try Flush                     0.000 / 0.000         0.000 / 0.000         1.565 / 934.939       1.565 / 934.939     ms
[14010.316s][info][gc,stats    ]    Subphase: Concurrent Mark Try Terminate                 0.000 / 0.000         0.000 / 0.000         1.072 / 934.940       1.072 / 934.940     ms
[14010.316s][info][gc,stats    ]    Subphase: Concurrent References Enqueue                 0.000 / 0.000         0.000 / 0.000         0.009 / 0.091         0.009 / 0.091       ms
[14010.316s][info][gc,stats    ]    Subphase: Concurrent References Process                 0.000 / 0.000         0.000 / 0.000         0.881 / 3.992         0.881 / 3.992       ms
[14010.316s][info][gc,stats    ]    Subphase: Concurrent Roots ClassLoaderDataGraph         0.000 / 0.000         0.000 / 0.000         0.833 / 3.889         0.833 / 3.889       ms
[14010.316s][info][gc,stats    ]    Subphase: Concurrent Roots CodeCache                    0.000 / 0.000         0.000 / 0.000         0.000 / 0.000         0.000 / 0.000       ms
[14010.316s][info][gc,stats    ]    Subphase: Concurrent Roots JavaThreads                  0.000 / 0.000         0.000 / 0.000         4.665 / 969.487       4.665 / 969.487     ms
[14010.316s][info][gc,stats    ]    Subphase: Concurrent Roots OopStorageSet                0.000 / 0.000         0.000 / 0.000         0.083 / 2.218         0.083 / 2.218       ms
[14010.316s][info][gc,stats    ]    Subphase: Concurrent Weak Roots OopStorageSet           0.000 / 0.000         0.000 / 0.000         1.501 / 13.633        1.501 / 13.633      ms
[14010.316s][info][gc,stats    ]    Subphase: Pause Mark Try Complete                       0.000 / 0.000         0.000 / 0.000         0.001 / 0.031         0.001 / 0.031       ms
[14010.316s][info][gc,stats    ]      System: Java Threads                                      0 / 0                 0 / 0              1929 / 4684           1929 / 4684        threads
[14010.316s][info][gc,stats    ] =========================================================================================================================================================
[14020.315s][info][gc,stats    ] === Garbage Collection Statistics =======================================================================================================================
[14020.315s][info][gc,stats    ]                                                              Last 10s              Last 10m              Last 10h                Total
[14020.315s][info][gc,stats    ]                                                              Avg / Max             Avg / Max             Avg / Max             Avg / Max
[14020.315s][info][gc,stats    ]   Collector: Garbage Collection Cycle                      0.000 / 0.000         0.000 / 0.000       665.978 / 19032.234   665.978 / 19032.234   ms
[14020.315s][info][gc,stats    ]  Contention: Mark Segment Reset Contention                     0 / 0                 0 / 0                 2 / 104               2 / 104         ops/s
[14020.315s][info][gc,stats    ]  Contention: Mark SeqNum Reset Contention                      0 / 0                 0 / 0                 0 / 7                 0 / 7           ops/s
[14020.315s][info][gc,stats    ]    Critical: Allocation Stall                                  0 / 0                 0 / 0                 0 / 827               0 / 827         ops/s
[14020.315s][info][gc,stats    ]    Critical: Allocation Stall                              0.000 / 0.000         0.000 / 0.000       146.230 / 487.490     146.230 / 487.490     ms
[14020.315s][info][gc,stats    ]    Critical: GC Locker Stall                                   0 / 0                 0 / 0                 0 / 2                 0 / 2           ops/s
[14020.315s][info][gc,stats    ]    Critical: GC Locker Stall                               0.000 / 0.000         0.000 / 0.000         0.167 / 4.787         0.167 / 4.787       ms
[14020.315s][info][gc,stats    ]    Critical: Relocation Stall                                  0 / 0                 0 / 0                 0 / 103               0 / 103         ops/s
[14020.315s][info][gc,stats    ]    Critical: Relocation Stall                              0.000 / 0.000         0.000 / 0.000        14.882 / 62.172       14.882 / 62.172      ms
[14020.315s][info][gc,stats    ]      Memory: Allocation Rate                                   0 / 0                 0 / 0               497 / 2790            497 / 2790        MB/s
[14020.315s][info][gc,stats    ]      Memory: Out Of Memory                                     0 / 0                 0 / 0                 0 / 0                 0 / 0           ops/s
[14020.315s][info][gc,stats    ]      Memory: Page Cache Flush                                  0 / 0                 0 / 0                 0 / 258               0 / 258         MB/s
[14020.315s][info][gc,stats    ]      Memory: Page Cache Hit L1                                 0 / 0                 0 / 0               242 / 1336            242 / 1336        ops/s
[14020.315s][info][gc,stats    ]      Memory: Page Cache Hit L2                                 0 / 0                 0 / 0                 0 / 0                 0 / 0           ops/s
[14020.315s][info][gc,stats    ]      Memory: Page Cache Hit L3                                 0 / 0                 0 / 0                 0 / 1028              0 / 1028        ops/s
[14020.315s][info][gc,stats    ]      Memory: Page Cache Miss                                   0 / 0                 0 / 0                 0 / 12                0 / 12          ops/s
[14020.315s][info][gc,stats    ]      Memory: Uncommit                                          0 / 0                 0 / 0                 0 / 0                 0 / 0           MB/s
[14020.315s][info][gc,stats    ]      Memory: Undo Object Allocation Failed                     0 / 0                 0 / 0                 0 / 5                 0 / 5           ops/s
[14020.315s][info][gc,stats    ]      Memory: Undo Object Allocation Succeeded                  0 / 0                 0 / 0                17 / 6595             17 / 6595        ops/s
[14020.315s][info][gc,stats    ]      Memory: Undo Page Allocation                              0 / 0                 0 / 0                 0 / 676               0 / 676         ops/s
[14020.315s][info][gc,stats    ]       Phase: Concurrent Mark                               0.000 / 0.000         0.000 / 0.000       571.218 / 3424.228    571.218 / 3424.228    ms
[14020.315s][info][gc,stats    ]       Phase: Concurrent Mark Continue                      0.000 / 0.000         0.000 / 0.000         0.000 / 0.000         0.000 / 0.000       ms
[14020.315s][info][gc,stats    ]       Phase: Concurrent Mark Free                          0.000 / 0.000         0.000 / 0.000         1.118 / 305.339       1.118 / 305.339     ms
[14020.315s][info][gc,stats    ]       Phase: Concurrent Process Non-Strong References      0.000 / 0.000         0.000 / 0.000        69.335 / 18388.762    69.335 / 18388.762   ms
[14020.315s][info][gc,stats    ]       Phase: Concurrent Relocate                           0.000 / 0.000         0.000 / 0.000        11.475 / 64.108       11.475 / 64.108      ms
[14020.316s][info][gc,stats    ]       Phase: Concurrent Reset Relocation Set               0.000 / 0.000         0.000 / 0.000         0.212 / 0.968         0.212 / 0.968       ms
[14020.316s][info][gc,stats    ]       Phase: Concurrent Select Relocation Set              0.000 / 0.000         0.000 / 0.000         6.722 / 623.697       6.722 / 623.697     ms
[14020.316s][info][gc,stats    ]       Phase: Pause Mark End                                0.000 / 0.000         0.000 / 0.000         0.094 / 0.434         0.094 / 0.434       ms
[14020.316s][info][gc,stats    ]       Phase: Pause Mark Start                              0.000 / 0.000         0.000 / 0.000         0.023 / 0.223         0.023 / 0.223       ms
[14020.316s][info][gc,stats    ]       Phase: Pause Relocate Start                          0.000 / 0.000         0.000 / 0.000         0.045 / 0.309         0.045 / 0.309       ms
[14020.316s][info][gc,stats    ]    Subphase: Concurrent Classes Purge                      0.000 / 0.000         0.000 / 0.000         0.518 / 3.157         0.518 / 3.157       ms
[14020.316s][info][gc,stats    ]    Subphase: Concurrent Classes Unlink                     0.000 / 0.000         0.000 / 0.000        64.039 / 18382.834    64.039 / 18382.834   ms
[14020.316s][info][gc,stats    ]    Subphase: Concurrent Mark                               0.000 / 0.000         0.000 / 0.000       450.151 / 3398.532    450.151 / 3398.532    ms
[14020.316s][info][gc,stats    ]    Subphase: Concurrent Mark Try Flush                     0.000 / 0.000         0.000 / 0.000         1.565 / 934.939       1.565 / 934.939     ms
[14020.316s][info][gc,stats    ]    Subphase: Concurrent Mark Try Terminate                 0.000 / 0.000         0.000 / 0.000         1.072 / 934.940       1.072 / 934.940     ms
[14020.316s][info][gc,stats    ]    Subphase: Concurrent References Enqueue                 0.000 / 0.000         0.000 / 0.000         0.009 / 0.091         0.009 / 0.091       ms
[14020.316s][info][gc,stats    ]    Subphase: Concurrent References Process                 0.000 / 0.000         0.000 / 0.000         0.881 / 3.992         0.881 / 3.992       ms
[14020.316s][info][gc,stats    ]    Subphase: Concurrent Roots ClassLoaderDataGraph         0.000 / 0.000         0.000 / 0.000         0.833 / 3.889         0.833 / 3.889       ms
[14020.316s][info][gc,stats    ]    Subphase: Concurrent Roots CodeCache                    0.000 / 0.000         0.000 / 0.000         0.000 / 0.000         0.000 / 0.000       ms
[14020.316s][info][gc,stats    ]    Subphase: Concurrent Roots JavaThreads                  0.000 / 0.000         0.000 / 0.000         4.665 / 969.487       4.665 / 969.487     ms
[14020.316s][info][gc,stats    ]    Subphase: Concurrent Roots OopStorageSet                0.000 / 0.000         0.000 / 0.000         0.083 / 2.218         0.083 / 2.218       ms
[14020.316s][info][gc,stats    ]    Subphase: Concurrent Weak Roots OopStorageSet           0.000 / 0.000         0.000 / 0.000         1.501 / 13.633        1.501 / 13.633      ms
[14020.316s][info][gc,stats    ]    Subphase: Pause Mark Try Complete                       0.000 / 0.000         0.000 / 0.000         0.001 / 0.031         0.001 / 0.031       ms
[14020.316s][info][gc,stats    ]      System: Java Threads                                      0 / 0                 0 / 0              1929 / 4684           1929 / 4684        threads
[14020.316s][info][gc,stats    ] =========================================================================================================================================================
[14030.316s][info][gc,stats    ] === Garbage Collection Statistics =======================================================================================================================
[14030.316s][info][gc,stats    ]                                                              Last 10s              Last 10m              Last 10h                Total
[14030.316s][info][gc,stats    ]                                                              Avg / Max             Avg / Max             Avg / Max             Avg / Max
[14030.316s][info][gc,stats    ]   Collector: Garbage Collection Cycle                      0.000 / 0.000         0.000 / 0.000       665.978 / 19032.234   665.978 / 19032.234   ms
[14030.316s][info][gc,stats    ]  Contention: Mark Segment Reset Contention                     0 / 0                 0 / 0                 2 / 104               2 / 104         ops/s
[14030.316s][info][gc,stats    ]  Contention: Mark SeqNum Reset Contention                      0 / 0                 0 / 0                 0 / 7                 0 / 7           ops/s
[14030.316s][info][gc,stats    ]    Critical: Allocation Stall                                  0 / 0                 0 / 0                 0 / 827               0 / 827         ops/s
[14030.316s][info][gc,stats    ]    Critical: Allocation Stall                              0.000 / 0.000         0.000 / 0.000       146.230 / 487.490     146.230 / 487.490     ms
[14030.316s][info][gc,stats    ]    Critical: GC Locker Stall                                   0 / 0                 0 / 0                 0 / 2                 0 / 2           ops/s
[14030.316s][info][gc,stats    ]    Critical: GC Locker Stall                               0.000 / 0.000         0.000 / 0.000         0.167 / 4.787         0.167 / 4.787       ms
[14030.316s][info][gc,stats    ]    Critical: Relocation Stall                                  0 / 0                 0 / 0                 0 / 103               0 / 103         ops/s
[14030.316s][info][gc,stats    ]    Critical: Relocation Stall                              0.000 / 0.000         0.000 / 0.000        14.882 / 62.172       14.882 / 62.172      ms
[14030.316s][info][gc,stats    ]      Memory: Allocation Rate                                   0 / 0                 0 / 0               497 / 2790            497 / 2790        MB/s
[14030.316s][info][gc,stats    ]      Memory: Out Of Memory                                     0 / 0                 0 / 0                 0 / 0                 0 / 0           ops/s
[14030.316s][info][gc,stats    ]      Memory: Page Cache Flush                                  0 / 0                 0 / 0                 0 / 258               0 / 258         MB/s
[14030.316s][info][gc,stats    ]      Memory: Page Cache Hit L1                                 0 / 0                 0 / 0               242 / 1336            242 / 1336        ops/s
[14030.316s][info][gc,stats    ]      Memory: Page Cache Hit L2                                 0 / 0                 0 / 0                 0 / 0                 0 / 0           ops/s
[14030.316s][info][gc,stats    ]      Memory: Page Cache Hit L3                                 0 / 0                 0 / 0                 0 / 1028              0 / 1028        ops/s
[14030.316s][info][gc,stats    ]      Memory: Page Cache Miss                                   0 / 0                 0 / 0                 0 / 12                0 / 12          ops/s
[14030.316s][info][gc,stats    ]      Memory: Uncommit                                          0 / 0                 0 / 0                 0 / 0                 0 / 0           MB/s
[14030.316s][info][gc,stats    ]      Memory: Undo Object Allocation Failed                     0 / 0                 0 / 0                 0 / 5                 0 / 5           ops/s
[14030.316s][info][gc,stats    ]      Memory: Undo Object Allocation Succeeded                  0 / 0                 0 / 0                17 / 6595             17 / 6595        ops/s
[14030.316s][info][gc,stats    ]      Memory: Undo Page Allocation                              0 / 0                 0 / 0                 0 / 676               0 / 676         ops/s
[14030.316s][info][gc,stats    ]       Phase: Concurrent Mark                               0.000 / 0.000         0.000 / 0.000       571.218 / 3424.228    571.218 / 3424.228    ms
[14030.316s][info][gc,stats    ]       Phase: Concurrent Mark Continue                      0.000 / 0.000         0.000 / 0.000         0.000 / 0.000         0.000 / 0.000       ms
[14030.316s][info][gc,stats    ]       Phase: Concurrent Mark Free                          0.000 / 0.000         0.000 / 0.000         1.118 / 305.339       1.118 / 305.339     ms
[14030.316s][info][gc,stats    ]       Phase: Concurrent Process Non-Strong References      0.000 / 0.000         0.000 / 0.000        69.335 / 18388.762    69.335 / 18388.762   ms
[14030.316s][info][gc,stats    ]       Phase: Concurrent Relocate                           0.000 / 0.000         0.000 / 0.000        11.475 / 64.108       11.475 / 64.108      ms
[14030.316s][info][gc,stats    ]       Phase: Concurrent Reset Relocation Set               0.000 / 0.000         0.000 / 0.000         0.212 / 0.968         0.212 / 0.968       ms
[14030.316s][info][gc,stats    ]       Phase: Concurrent Select Relocation Set              0.000 / 0.000         0.000 / 0.000         6.722 / 623.697       6.722 / 623.697     ms
[14030.316s][info][gc,stats    ]       Phase: Pause Mark End                                0.000 / 0.000         0.000 / 0.000         0.094 / 0.434         0.094 / 0.434       ms
[14030.316s][info][gc,stats    ]       Phase: Pause Mark Start                              0.000 / 0.000         0.000 / 0.000         0.023 / 0.223         0.023 / 0.223       ms
[14030.316s][info][gc,stats    ]       Phase: Pause Relocate Start                          0.000 / 0.000         0.000 / 0.000         0.045 / 0.309         0.045 / 0.309       ms
[14030.316s][info][gc,stats    ]    Subphase: Concurrent Classes Purge                      0.000 / 0.000         0.000 / 0.000         0.518 / 3.157         0.518 / 3.157       ms
[14030.316s][info][gc,stats    ]    Subphase: Concurrent Classes Unlink                     0.000 / 0.000         0.000 / 0.000        64.039 / 18382.834    64.039 / 18382.834   ms
[14030.316s][info][gc,stats    ]    Subphase: Concurrent Mark                               0.000 / 0.000         0.000 / 0.000       450.151 / 3398.532    450.151 / 3398.532    ms
[14030.316s][info][gc,stats    ]    Subphase: Concurrent Mark Try Flush                     0.000 / 0.000         0.000 / 0.000         1.565 / 934.939       1.565 / 934.939     ms
[14030.316s][info][gc,stats    ]    Subphase: Concurrent Mark Try Terminate                 0.000 / 0.000         0.000 / 0.000         1.072 / 934.940       1.072 / 934.940     ms
[14030.316s][info][gc,stats    ]    Subphase: Concurrent References Enqueue                 0.000 / 0.000         0.000 / 0.000         0.009 / 0.091         0.009 / 0.091       ms
[14030.317s][info][gc,stats    ]    Subphase: Concurrent References Process                 0.000 / 0.000         0.000 / 0.000         0.881 / 3.992         0.881 / 3.992       ms
[14030.317s][info][gc,stats    ]    Subphase: Concurrent Roots ClassLoaderDataGraph         0.000 / 0.000         0.000 / 0.000         0.833 / 3.889         0.833 / 3.889       ms
[14030.317s][info][gc,stats    ]    Subphase: Concurrent Roots CodeCache                    0.000 / 0.000         0.000 / 0.000         0.000 / 0.000         0.000 / 0.000       ms
[14030.317s][info][gc,stats    ]    Subphase: Concurrent Roots JavaThreads                  0.000 / 0.000         0.000 / 0.000         4.665 / 969.487       4.665 / 969.487     ms
[14030.317s][info][gc,stats    ]    Subphase: Concurrent Roots OopStorageSet                0.000 / 0.000         0.000 / 0.000         0.083 / 2.218         0.083 / 2.218       ms
[14030.317s][info][gc,stats    ]    Subphase: Concurrent Weak Roots OopStorageSet           0.000 / 0.000         0.000 / 0.000         1.501 / 13.633        1.501 / 13.633      ms
[14030.317s][info][gc,stats    ]    Subphase: Pause Mark Try Complete                       0.000 / 0.000         0.000 / 0.000         0.001 / 0.031         0.001 / 0.031       ms
[14030.317s][info][gc,stats    ]      System: Java Threads                                      0 / 0                 0 / 0              1929 / 4684           1929 / 4684        threads
[14030.317s][info][gc,stats    ] =========================================================================================================================================================
[14040.316s][info][gc,stats    ] === Garbage Collection Statistics =======================================================================================================================
[14040.316s][info][gc,stats    ]                                                              Last 10s              Last 10m              Last 10h                Total
[14040.316s][info][gc,stats    ]                                                              Avg / Max             Avg / Max             Avg / Max             Avg / Max
[14040.316s][info][gc,stats    ]   Collector: Garbage Collection Cycle                      0.000 / 0.000         0.000 / 0.000       665.978 / 19032.234   665.978 / 19032.234   ms
[14040.316s][info][gc,stats    ]  Contention: Mark Segment Reset Contention                     0 / 0                 0 / 0                 2 / 104               2 / 104         ops/s
[14040.316s][info][gc,stats    ]  Contention: Mark SeqNum Reset Contention                      0 / 0                 0 / 0                 0 / 7                 0 / 7           ops/s
[14040.316s][info][gc,stats    ]    Critical: Allocation Stall                                  0 / 0                 0 / 0                 0 / 827               0 / 827         ops/s
[14040.316s][info][gc,stats    ]    Critical: Allocation Stall                              0.000 / 0.000         0.000 / 0.000       146.230 / 487.490     146.230 / 487.490     ms
[14040.316s][info][gc,stats    ]    Critical: GC Locker Stall                                   0 / 0                 0 / 0                 0 / 2                 0 / 2           ops/s
[14040.316s][info][gc,stats    ]    Critical: GC Locker Stall                               0.000 / 0.000         0.000 / 0.000         0.167 / 4.787         0.167 / 4.787       ms
[14040.316s][info][gc,stats    ]    Critical: Relocation Stall                                  0 / 0                 0 / 0                 0 / 103               0 / 103         ops/s
[14040.316s][info][gc,stats    ]    Critical: Relocation Stall                              0.000 / 0.000         0.000 / 0.000        14.882 / 62.172       14.882 / 62.172      ms
[14040.316s][info][gc,stats    ]      Memory: Allocation Rate                                   0 / 0                 0 / 0               496 / 2790            496 / 2790        MB/s
[14040.316s][info][gc,stats    ]      Memory: Out Of Memory                                     0 / 0                 0 / 0                 0 / 0                 0 / 0           ops/s
[14040.316s][info][gc,stats    ]      Memory: Page Cache Flush                                  0 / 0                 0 / 0                 0 / 258               0 / 258         MB/s
[14040.316s][info][gc,stats    ]      Memory: Page Cache Hit L1                                 0 / 0                 0 / 0               242 / 1336            242 / 1336        ops/s
[14040.316s][info][gc,stats    ]      Memory: Page Cache Hit L2                                 0 / 0                 0 / 0                 0 / 0                 0 / 0           ops/s
[14040.316s][info][gc,stats    ]      Memory: Page Cache Hit L3                                 0 / 0                 0 / 0                 0 / 1028              0 / 1028        ops/s
[14040.316s][info][gc,stats    ]      Memory: Page Cache Miss                                   0 / 0                 0 / 0                 0 / 12                0 / 12          ops/s
[14040.316s][info][gc,stats    ]      Memory: Uncommit                                          0 / 0                 0 / 0                 0 / 0                 0 / 0           MB/s
[14040.316s][info][gc,stats    ]      Memory: Undo Object Allocation Failed                     0 / 0                 0 / 0                 0 / 5                 0 / 5           ops/s
[14040.316s][info][gc,stats    ]      Memory: Undo Object Allocation Succeeded                  0 / 0                 0 / 0                17 / 6595             17 / 6595        ops/s
[14040.316s][info][gc,stats    ]      Memory: Undo Page Allocation                              0 / 0                 0 / 0                 0 / 676               0 / 676         ops/s
[14040.316s][info][gc,stats    ]       Phase: Concurrent Mark                               0.000 / 0.000         0.000 / 0.000       571.218 / 3424.228    571.218 / 3424.228    ms
[14040.316s][info][gc,stats    ]       Phase: Concurrent Mark Continue                      0.000 / 0.000         0.000 / 0.000         0.000 / 0.000         0.000 / 0.000       ms
[14040.316s][info][gc,stats    ]       Phase: Concurrent Mark Free                          0.000 / 0.000         0.000 / 0.000         1.118 / 305.339       1.118 / 305.339     ms
[14040.316s][info][gc,stats    ]       Phase: Concurrent Process Non-Strong References      0.000 / 0.000         0.000 / 0.000        69.335 / 18388.762    69.335 / 18388.762   ms
[14040.316s][info][gc,stats    ]       Phase: Concurrent Relocate                           0.000 / 0.000         0.000 / 0.000        11.475 / 64.108       11.475 / 64.108      ms
[14040.316s][info][gc,stats    ]       Phase: Concurrent Reset Relocation Set               0.000 / 0.000         0.000 / 0.000         0.212 / 0.968         0.212 / 0.968       ms
[14040.316s][info][gc,stats    ]       Phase: Concurrent Select Relocation Set              0.000 / 0.000         0.000 / 0.000         6.722 / 623.697       6.722 / 623.697     ms
[14040.316s][info][gc,stats    ]       Phase: Pause Mark End                                0.000 / 0.000         0.000 / 0.000         0.094 / 0.434         0.094 / 0.434       ms
[14040.316s][info][gc,stats    ]       Phase: Pause Mark Start                              0.000 / 0.000         0.000 / 0.000         0.023 / 0.223         0.023 / 0.223       ms
[14040.316s][info][gc,stats    ]       Phase: Pause Relocate Start                          0.000 / 0.000         0.000 / 0.000         0.045 / 0.309         0.045 / 0.309       ms
[14040.316s][info][gc,stats    ]    Subphase: Concurrent Classes Purge                      0.000 / 0.000         0.000 / 0.000         0.518 / 3.157         0.518 / 3.157       ms
[14040.316s][info][gc,stats    ]    Subphase: Concurrent Classes Unlink                     0.000 / 0.000         0.000 / 0.000        64.039 / 18382.834    64.039 / 18382.834   ms
[14040.316s][info][gc,stats    ]    Subphase: Concurrent Mark                               0.000 / 0.000         0.000 / 0.000       450.151 / 3398.532    450.151 / 3398.532    ms
[14040.316s][info][gc,stats    ]    Subphase: Concurrent Mark Try Flush                     0.000 / 0.000         0.000 / 0.000         1.565 / 934.939       1.565 / 934.939     ms
[14040.316s][info][gc,stats    ]    Subphase: Concurrent Mark Try Terminate                 0.000 / 0.000         0.000 / 0.000         1.072 / 934.940       1.072 / 934.940     ms
[14040.316s][info][gc,stats    ]    Subphase: Concurrent References Enqueue                 0.000 / 0.000         0.000 / 0.000         0.009 / 0.091         0.009 / 0.091       ms
[14040.316s][info][gc,stats    ]    Subphase: Concurrent References Process                 0.000 / 0.000         0.000 / 0.000         0.881 / 3.992         0.881 / 3.992       ms
[14040.316s][info][gc,stats    ]    Subphase: Concurrent Roots ClassLoaderDataGraph         0.000 / 0.000         0.000 / 0.000         0.833 / 3.889         0.833 / 3.889       ms
[14040.316s][info][gc,stats    ]    Subphase: Concurrent Roots CodeCache                    0.000 / 0.000         0.000 / 0.000         0.000 / 0.000         0.000 / 0.000       ms
[14040.316s][info][gc,stats    ]    Subphase: Concurrent Roots JavaThreads                  0.000 / 0.000         0.000 / 0.000         4.665 / 969.487       4.665 / 969.487     ms
[14040.316s][info][gc,stats    ]    Subphase: Concurrent Roots OopStorageSet                0.000 / 0.000         0.000 / 0.000         0.083 / 2.218         0.083 / 2.218       ms
[14040.316s][info][gc,stats    ]    Subphase: Concurrent Weak Roots OopStorageSet           0.000 / 0.000         0.000 / 0.000         1.501 / 13.633        1.501 / 13.633      ms
[14040.316s][info][gc,stats    ]    Subphase: Pause Mark Try Complete                       0.000 / 0.000         0.000 / 0.000         0.001 / 0.031         0.001 / 0.031       ms
[14040.316s][info][gc,stats    ]      System: Java Threads                                      0 / 0                 0 / 0              1929 / 4684           1929 / 4684        threads
[14040.316s][info][gc,stats    ] =========================================================================================================================================================
[14050.316s][info][gc,stats    ] === Garbage Collection Statistics =======================================================================================================================
[14050.316s][info][gc,stats    ]                                                              Last 10s              Last 10m              Last 10h                Total
[14050.316s][info][gc,stats    ]                                                              Avg / Max             Avg / Max             Avg / Max             Avg / Max
[14050.316s][info][gc,stats    ]   Collector: Garbage Collection Cycle                      0.000 / 0.000         0.000 / 0.000       665.978 / 19032.234   665.978 / 19032.234   ms
[14050.316s][info][gc,stats    ]  Contention: Mark Segment Reset Contention                     0 / 0                 0 / 0                 2 / 104               2 / 104         ops/s
[14050.316s][info][gc,stats    ]  Contention: Mark SeqNum Reset Contention                      0 / 0                 0 / 0                 0 / 7                 0 / 7           ops/s
[14050.316s][info][gc,stats    ]    Critical: Allocation Stall                                  0 / 0                 0 / 0                 0 / 827               0 / 827         ops/s
[14050.316s][info][gc,stats    ]    Critical: Allocation Stall                              0.000 / 0.000         0.000 / 0.000       146.230 / 487.490     146.230 / 487.490     ms
[14050.316s][info][gc,stats    ]    Critical: GC Locker Stall                                   0 / 0                 0 / 0                 0 / 2                 0 / 2           ops/s
[14050.316s][info][gc,stats    ]    Critical: GC Locker Stall                               0.000 / 0.000         0.000 / 0.000         0.167 / 4.787         0.167 / 4.787       ms
[14050.316s][info][gc,stats    ]    Critical: Relocation Stall                                  0 / 0                 0 / 0                 0 / 103               0 / 103         ops/s
[14050.316s][info][gc,stats    ]    Critical: Relocation Stall                              0.000 / 0.000         0.000 / 0.000        14.882 / 62.172       14.882 / 62.172      ms
[14050.316s][info][gc,stats    ]      Memory: Allocation Rate                                   0 / 0                 0 / 0               496 / 2790            496 / 2790        MB/s
[14050.316s][info][gc,stats    ]      Memory: Out Of Memory                                     0 / 0                 0 / 0                 0 / 0                 0 / 0           ops/s
[14050.316s][info][gc,stats    ]      Memory: Page Cache Flush                                  0 / 0                 0 / 0                 0 / 258               0 / 258         MB/s
[14050.316s][info][gc,stats    ]      Memory: Page Cache Hit L1                                 0 / 0                 0 / 0               241 / 1336            241 / 1336        ops/s
[14050.316s][info][gc,stats    ]      Memory: Page Cache Hit L2                                 0 / 0                 0 / 0                 0 / 0                 0 / 0           ops/s
[14050.316s][info][gc,stats    ]      Memory: Page Cache Hit L3                                 0 / 0                 0 / 0                 0 / 1028              0 / 1028        ops/s
[14050.316s][info][gc,stats    ]      Memory: Page Cache Miss                                   0 / 0                 0 / 0                 0 / 12                0 / 12          ops/s
[14050.316s][info][gc,stats    ]      Memory: Uncommit                                          0 / 0                 0 / 0                 0 / 0                 0 / 0           MB/s
[14050.316s][info][gc,stats    ]      Memory: Undo Object Allocation Failed                     0 / 0                 0 / 0                 0 / 5                 0 / 5           ops/s
[14050.316s][info][gc,stats    ]      Memory: Undo Object Allocation Succeeded                  0 / 0                 0 / 0                17 / 6595             17 / 6595        ops/s
[14050.316s][info][gc,stats    ]      Memory: Undo Page Allocation                              0 / 0                 0 / 0                 0 / 676               0 / 676         ops/s
[14050.316s][info][gc,stats    ]       Phase: Concurrent Mark                               0.000 / 0.000         0.000 / 0.000       571.218 / 3424.228    571.218 / 3424.228    ms
[14050.316s][info][gc,stats    ]       Phase: Concurrent Mark Continue                      0.000 / 0.000         0.000 / 0.000         0.000 / 0.000         0.000 / 0.000       ms
[14050.316s][info][gc,stats    ]       Phase: Concurrent Mark Free                          0.000 / 0.000         0.000 / 0.000         1.118 / 305.339       1.118 / 305.339     ms
[14050.316s][info][gc,stats    ]       Phase: Concurrent Process Non-Strong References      0.000 / 0.000         0.000 / 0.000        69.335 / 18388.762    69.335 / 18388.762   ms
[14050.316s][info][gc,stats    ]       Phase: Concurrent Relocate                           0.000 / 0.000         0.000 / 0.000        11.475 / 64.108       11.475 / 64.108      ms
[14050.316s][info][gc,stats    ]       Phase: Concurrent Reset Relocation Set               0.000 / 0.000         0.000 / 0.000         0.212 / 0.968         0.212 / 0.968       ms
[14050.316s][info][gc,stats    ]       Phase: Concurrent Select Relocation Set              0.000 / 0.000         0.000 / 0.000         6.722 / 623.697       6.722 / 623.697     ms
[14050.316s][info][gc,stats    ]       Phase: Pause Mark End                                0.000 / 0.000         0.000 / 0.000         0.094 / 0.434         0.094 / 0.434       ms
[14050.316s][info][gc,stats    ]       Phase: Pause Mark Start                              0.000 / 0.000         0.000 / 0.000         0.023 / 0.223         0.023 / 0.223       ms
[14050.316s][info][gc,stats    ]       Phase: Pause Relocate Start                          0.000 / 0.000         0.000 / 0.000         0.045 / 0.309         0.045 / 0.309       ms
[14050.316s][info][gc,stats    ]    Subphase: Concurrent Classes Purge                      0.000 / 0.000         0.000 / 0.000         0.518 / 3.157         0.518 / 3.157       ms
[14050.316s][info][gc,stats    ]    Subphase: Concurrent Classes Unlink                     0.000 / 0.000         0.000 / 0.000        64.039 / 18382.834    64.039 / 18382.834   ms
[14050.316s][info][gc,stats    ]    Subphase: Concurrent Mark                               0.000 / 0.000         0.000 / 0.000       450.151 / 3398.532    450.151 / 3398.532    ms
[14050.316s][info][gc,stats    ]    Subphase: Concurrent Mark Try Flush                     0.000 / 0.000         0.000 / 0.000         1.565 / 934.939       1.565 / 934.939     ms
[14050.316s][info][gc,stats    ]    Subphase: Concurrent Mark Try Terminate                 0.000 / 0.000         0.000 / 0.000         1.072 / 934.940       1.072 / 934.940     ms
[14050.316s][info][gc,stats    ]    Subphase: Concurrent References Enqueue                 0.000 / 0.000         0.000 / 0.000         0.009 / 0.091         0.009 / 0.091       ms
[14050.316s][info][gc,stats    ]    Subphase: Concurrent References Process                 0.000 / 0.000         0.000 / 0.000         0.881 / 3.992         0.881 / 3.992       ms
[14050.316s][info][gc,stats    ]    Subphase: Concurrent Roots ClassLoaderDataGraph         0.000 / 0.000         0.000 / 0.000         0.833 / 3.889         0.833 / 3.889       ms
[14050.316s][info][gc,stats    ]    Subphase: Concurrent Roots CodeCache                    0.000 / 0.000         0.000 / 0.000         0.000 / 0.000         0.000 / 0.000       ms
[14050.316s][info][gc,stats    ]    Subphase: Concurrent Roots JavaThreads                  0.000 / 0.000         0.000 / 0.000         4.665 / 969.487       4.665 / 969.487     ms
[14050.316s][info][gc,stats    ]    Subphase: Concurrent Roots OopStorageSet                0.000 / 0.000         0.000 / 0.000         0.083 / 2.218         0.083 / 2.218       ms
[14050.316s][info][gc,stats    ]    Subphase: Concurrent Weak Roots OopStorageSet           0.000 / 0.000         0.000 / 0.000         1.501 / 13.633        1.501 / 13.633      ms
[14050.316s][info][gc,stats    ]    Subphase: Pause Mark Try Complete                       0.000 / 0.000         0.000 / 0.000         0.001 / 0.031         0.001 / 0.031       ms
[14050.316s][info][gc,stats    ]      System: Java Threads                                      0 / 0                 0 / 0              1929 / 4684           1929 / 4684        threads
[14050.316s][info][gc,stats    ] =========================================================================================================================================================
[14060.315s][info][gc,stats    ] === Garbage Collection Statistics =======================================================================================================================
[14060.315s][info][gc,stats    ]                                                              Last 10s              Last 10m              Last 10h                Total
[14060.316s][info][gc,stats    ]                                                              Avg / Max             Avg / Max             Avg / Max             Avg / Max
[14060.316s][info][gc,stats    ]   Collector: Garbage Collection Cycle                      0.000 / 0.000         0.000 / 0.000       665.978 / 19032.234   665.978 / 19032.234   ms
[14060.316s][info][gc,stats    ]  Contention: Mark Segment Reset Contention                     0 / 0                 0 / 0                 2 / 104               2 / 104         ops/s
[14060.316s][info][gc,stats    ]  Contention: Mark SeqNum Reset Contention                      0 / 0                 0 / 0                 0 / 7                 0 / 7           ops/s
[14060.316s][info][gc,stats    ]    Critical: Allocation Stall                                  0 / 0                 0 / 0                 0 / 827               0 / 827         ops/s
[14060.316s][info][gc,stats    ]    Critical: Allocation Stall                              0.000 / 0.000         0.000 / 0.000       146.230 / 487.490     146.230 / 487.490     ms
[14060.316s][info][gc,stats    ]    Critical: GC Locker Stall                                   0 / 0                 0 / 0                 0 / 2                 0 / 2           ops/s
[14060.316s][info][gc,stats    ]    Critical: GC Locker Stall                               0.000 / 0.000         0.000 / 0.000         0.167 / 4.787         0.167 / 4.787       ms
[14060.316s][info][gc,stats    ]    Critical: Relocation Stall                                  0 / 0                 0 / 0                 0 / 103               0 / 103         ops/s
[14060.316s][info][gc,stats    ]    Critical: Relocation Stall                              0.000 / 0.000         0.000 / 0.000        14.882 / 62.172       14.882 / 62.172      ms
[14060.316s][info][gc,stats    ]      Memory: Allocation Rate                                   0 / 0                 0 / 0               496 / 2790            496 / 2790        MB/s
[14060.316s][info][gc,stats    ]      Memory: Out Of Memory                                     0 / 0                 0 / 0                 0 / 0                 0 / 0           ops/s
[14060.316s][info][gc,stats    ]      Memory: Page Cache Flush                                  0 / 0                 0 / 0                 0 / 258               0 / 258         MB/s
[14060.316s][info][gc,stats    ]      Memory: Page Cache Hit L1                                 0 / 0                 0 / 0               241 / 1336            241 / 1336        ops/s
[14060.316s][info][gc,stats    ]      Memory: Page Cache Hit L2                                 0 / 0                 0 / 0                 0 / 0                 0 / 0           ops/s
[14060.316s][info][gc,stats    ]      Memory: Page Cache Hit L3                                 0 / 0                 0 / 0                 0 / 1028              0 / 1028        ops/s
[14060.316s][info][gc,stats    ]      Memory: Page Cache Miss                                   0 / 0                 0 / 0                 0 / 12                0 / 12          ops/s
[14060.316s][info][gc,stats    ]      Memory: Uncommit                                          0 / 0                 0 / 0                 0 / 0                 0 / 0           MB/s
[14060.316s][info][gc,stats    ]      Memory: Undo Object Allocation Failed                     0 / 0                 0 / 0                 0 / 5                 0 / 5           ops/s
[14060.316s][info][gc,stats    ]      Memory: Undo Object Allocation Succeeded                  0 / 0                 0 / 0                17 / 6595             17 / 6595        ops/s
[14060.316s][info][gc,stats    ]      Memory: Undo Page Allocation                              0 / 0                 0 / 0                 0 / 676               0 / 676         ops/s
[14060.316s][info][gc,stats    ]       Phase: Concurrent Mark                               0.000 / 0.000         0.000 / 0.000       571.218 / 3424.228    571.218 / 3424.228    ms
[14060.316s][info][gc,stats    ]       Phase: Concurrent Mark Continue                      0.000 / 0.000         0.000 / 0.000         0.000 / 0.000         0.000 / 0.000       ms
[14060.316s][info][gc,stats    ]       Phase: Concurrent Mark Free                          0.000 / 0.000         0.000 / 0.000         1.118 / 305.339       1.118 / 305.339     ms
[14060.316s][info][gc,stats    ]       Phase: Concurrent Process Non-Strong References      0.000 / 0.000         0.000 / 0.000        69.335 / 18388.762    69.335 / 18388.762   ms
[14060.316s][info][gc,stats    ]       Phase: Concurrent Relocate                           0.000 / 0.000         0.000 / 0.000        11.475 / 64.108       11.475 / 64.108      ms
[14060.316s][info][gc,stats    ]       Phase: Concurrent Reset Relocation Set               0.000 / 0.000         0.000 / 0.000         0.212 / 0.968         0.212 / 0.968       ms
[14060.316s][info][gc,stats    ]       Phase: Concurrent Select Relocation Set              0.000 / 0.000         0.000 / 0.000         6.722 / 623.697       6.722 / 623.697     ms
[14060.316s][info][gc,stats    ]       Phase: Pause Mark End                                0.000 / 0.000         0.000 / 0.000         0.094 / 0.434         0.094 / 0.434       ms
[14060.316s][info][gc,stats    ]       Phase: Pause Mark Start                              0.000 / 0.000         0.000 / 0.000         0.023 / 0.223         0.023 / 0.223       ms
[14060.316s][info][gc,stats    ]       Phase: Pause Relocate Start                          0.000 / 0.000         0.000 / 0.000         0.045 / 0.309         0.045 / 0.309       ms
[14060.316s][info][gc,stats    ]    Subphase: Concurrent Classes Purge                      0.000 / 0.000         0.000 / 0.000         0.518 / 3.157         0.518 / 3.157       ms
[14060.316s][info][gc,stats    ]    Subphase: Concurrent Classes Unlink                     0.000 / 0.000         0.000 / 0.000        64.039 / 18382.834    64.039 / 18382.834   ms
[14060.316s][info][gc,stats    ]    Subphase: Concurrent Mark                               0.000 / 0.000         0.000 / 0.000       450.151 / 3398.532    450.151 / 3398.532    ms
[14060.316s][info][gc,stats    ]    Subphase: Concurrent Mark Try Flush                     0.000 / 0.000         0.000 / 0.000         1.565 / 934.939       1.565 / 934.939     ms
[14060.316s][info][gc,stats    ]    Subphase: Concurrent Mark Try Terminate                 0.000 / 0.000         0.000 / 0.000         1.072 / 934.940       1.072 / 934.940     ms
[14060.316s][info][gc,stats    ]    Subphase: Concurrent References Enqueue                 0.000 / 0.000         0.000 / 0.000         0.009 / 0.091         0.009 / 0.091       ms
[14060.316s][info][gc,stats    ]    Subphase: Concurrent References Process                 0.000 / 0.000         0.000 / 0.000         0.881 / 3.992         0.881 / 3.992       ms
[14060.316s][info][gc,stats    ]    Subphase: Concurrent Roots ClassLoaderDataGraph         0.000 / 0.000         0.000 / 0.000         0.833 / 3.889         0.833 / 3.889       ms
[14060.316s][info][gc,stats    ]    Subphase: Concurrent Roots CodeCache                    0.000 / 0.000         0.000 / 0.000         0.000 / 0.000         0.000 / 0.000       ms
[14060.316s][info][gc,stats    ]    Subphase: Concurrent Roots JavaThreads                  0.000 / 0.000         0.000 / 0.000         4.665 / 969.487       4.665 / 969.487     ms
[14060.316s][info][gc,stats    ]    Subphase: Concurrent Roots OopStorageSet                0.000 / 0.000         0.000 / 0.000         0.083 / 2.218         0.083 / 2.218       ms
[14060.316s][info][gc,stats    ]    Subphase: Concurrent Weak Roots OopStorageSet           0.000 / 0.000         0.000 / 0.000         1.501 / 13.633        1.501 / 13.633      ms
[14060.316s][info][gc,stats    ]    Subphase: Pause Mark Try Complete                       0.000 / 0.000         0.000 / 0.000         0.001 / 0.031         0.001 / 0.031       ms
[14060.316s][info][gc,stats    ]      System: Java Threads                                      0 / 0                 0 / 0              1929 / 4684           1929 / 4684        threads
[14060.316s][info][gc,stats    ] =========================================================================================================================================================
[14070.316s][info][gc,stats    ] === Garbage Collection Statistics =======================================================================================================================
[14070.316s][info][gc,stats    ]                                                              Last 10s              Last 10m              Last 10h                Total
[14070.316s][info][gc,stats    ]                                                              Avg / Max             Avg / Max             Avg / Max             Avg / Max
[14070.316s][info][gc,stats    ]   Collector: Garbage Collection Cycle                      0.000 / 0.000         0.000 / 0.000       665.978 / 19032.234   665.978 / 19032.234   ms
[14070.316s][info][gc,stats    ]  Contention: Mark Segment Reset Contention                     0 / 0                 0 / 0                 2 / 104               2 / 104         ops/s
[14070.316s][info][gc,stats    ]  Contention: Mark SeqNum Reset Contention                      0 / 0                 0 / 0                 0 / 7                 0 / 7           ops/s
[14070.316s][info][gc,stats    ]    Critical: Allocation Stall                                  0 / 0                 0 / 0                 0 / 827               0 / 827         ops/s
[14070.316s][info][gc,stats    ]    Critical: Allocation Stall                              0.000 / 0.000         0.000 / 0.000       146.230 / 487.490     146.230 / 487.490     ms
[14070.316s][info][gc,stats    ]    Critical: GC Locker Stall                                   0 / 0                 0 / 0                 0 / 2                 0 / 2           ops/s
[14070.316s][info][gc,stats    ]    Critical: GC Locker Stall                               0.000 / 0.000         0.000 / 0.000         0.167 / 4.787         0.167 / 4.787       ms
[14070.316s][info][gc,stats    ]    Critical: Relocation Stall                                  0 / 0                 0 / 0                 0 / 103               0 / 103         ops/s
[14070.316s][info][gc,stats    ]    Critical: Relocation Stall                              0.000 / 0.000         0.000 / 0.000        14.882 / 62.172       14.882 / 62.172      ms
[14070.316s][info][gc,stats    ]      Memory: Allocation Rate                                   0 / 0                 0 / 0               495 / 2790            495 / 2790        MB/s
[14070.316s][info][gc,stats    ]      Memory: Out Of Memory                                     0 / 0                 0 / 0                 0 / 0                 0 / 0           ops/s
[14070.316s][info][gc,stats    ]      Memory: Page Cache Flush                                  0 / 0                 0 / 0                 0 / 258               0 / 258         MB/s
[14070.316s][info][gc,stats    ]      Memory: Page Cache Hit L1                                 0 / 0                 0 / 0               241 / 1336            241 / 1336        ops/s
[14070.316s][info][gc,stats    ]      Memory: Page Cache Hit L2                                 0 / 0                 0 / 0                 0 / 0                 0 / 0           ops/s
[14070.316s][info][gc,stats    ]      Memory: Page Cache Hit L3                                 0 / 0                 0 / 0                 0 / 1028              0 / 1028        ops/s
[14070.316s][info][gc,stats    ]      Memory: Page Cache Miss                                   0 / 0                 0 / 0                 0 / 12                0 / 12          ops/s
[14070.316s][info][gc,stats    ]      Memory: Uncommit                                          0 / 0                 0 / 0                 0 / 0                 0 / 0           MB/s
[14070.316s][info][gc,stats    ]      Memory: Undo Object Allocation Failed                     0 / 0                 0 / 0                 0 / 5                 0 / 5           ops/s
[14070.316s][info][gc,stats    ]      Memory: Undo Object Allocation Succeeded                  0 / 0                 0 / 0                17 / 6595             17 / 6595        ops/s
[14070.316s][info][gc,stats    ]      Memory: Undo Page Allocation                              0 / 0                 0 / 0                 0 / 676               0 / 676         ops/s
[14070.316s][info][gc,stats    ]       Phase: Concurrent Mark                               0.000 / 0.000         0.000 / 0.000       571.218 / 3424.228    571.218 / 3424.228    ms
[14070.316s][info][gc,stats    ]       Phase: Concurrent Mark Continue                      0.000 / 0.000         0.000 / 0.000         0.000 / 0.000         0.000 / 0.000       ms
[14070.316s][info][gc,stats    ]       Phase: Concurrent Mark Free                          0.000 / 0.000         0.000 / 0.000         1.118 / 305.339       1.118 / 305.339     ms
[14070.316s][info][gc,stats    ]       Phase: Concurrent Process Non-Strong References      0.000 / 0.000         0.000 / 0.000        69.335 / 18388.762    69.335 / 18388.762   ms
[14070.316s][info][gc,stats    ]       Phase: Concurrent Relocate                           0.000 / 0.000         0.000 / 0.000        11.475 / 64.108       11.475 / 64.108      ms
[14070.316s][info][gc,stats    ]       Phase: Concurrent Reset Relocation Set               0.000 / 0.000         0.000 / 0.000         0.212 / 0.968         0.212 / 0.968       ms
[14070.316s][info][gc,stats    ]       Phase: Concurrent Select Relocation Set              0.000 / 0.000         0.000 / 0.000         6.722 / 623.697       6.722 / 623.697     ms
[14070.316s][info][gc,stats    ]       Phase: Pause Mark End                                0.000 / 0.000         0.000 / 0.000         0.094 / 0.434         0.094 / 0.434       ms
[14070.316s][info][gc,stats    ]       Phase: Pause Mark Start                              0.000 / 0.000         0.000 / 0.000         0.023 / 0.223         0.023 / 0.223       ms
[14070.316s][info][gc,stats    ]       Phase: Pause Relocate Start                          0.000 / 0.000         0.000 / 0.000         0.045 / 0.309         0.045 / 0.309       ms
[14070.316s][info][gc,stats    ]    Subphase: Concurrent Classes Purge                      0.000 / 0.000         0.000 / 0.000         0.518 / 3.157         0.518 / 3.157       ms
[14070.316s][info][gc,stats    ]    Subphase: Concurrent Classes Unlink                     0.000 / 0.000         0.000 / 0.000        64.039 / 18382.834    64.039 / 18382.834   ms
[14070.316s][info][gc,stats    ]    Subphase: Concurrent Mark                               0.000 / 0.000         0.000 / 0.000       450.151 / 3398.532    450.151 / 3398.532    ms
[14070.316s][info][gc,stats    ]    Subphase: Concurrent Mark Try Flush                     0.000 / 0.000         0.000 / 0.000         1.565 / 934.939       1.565 / 934.939     ms
[14070.316s][info][gc,stats    ]    Subphase: Concurrent Mark Try Terminate                 0.000 / 0.000         0.000 / 0.000         1.072 / 934.940       1.072 / 934.940     ms
[14070.316s][info][gc,stats    ]    Subphase: Concurrent References Enqueue                 0.000 / 0.000         0.000 / 0.000         0.009 / 0.091         0.009 / 0.091       ms
[14070.316s][info][gc,stats    ]    Subphase: Concurrent References Process                 0.000 / 0.000         0.000 / 0.000         0.881 / 3.992         0.881 / 3.992       ms
[14070.316s][info][gc,stats    ]    Subphase: Concurrent Roots ClassLoaderDataGraph         0.000 / 0.000         0.000 / 0.000         0.833 / 3.889         0.833 / 3.889       ms
[14070.316s][info][gc,stats    ]    Subphase: Concurrent Roots CodeCache                    0.000 / 0.000         0.000 / 0.000         0.000 / 0.000         0.000 / 0.000       ms
[14070.316s][info][gc,stats    ]    Subphase: Concurrent Roots JavaThreads                  0.000 / 0.000         0.000 / 0.000         4.665 / 969.487       4.665 / 969.487     ms
[14070.316s][info][gc,stats    ]    Subphase: Concurrent Roots OopStorageSet                0.000 / 0.000         0.000 / 0.000         0.083 / 2.218         0.083 / 2.218       ms
[14070.316s][info][gc,stats    ]    Subphase: Concurrent Weak Roots OopStorageSet           0.000 / 0.000         0.000 / 0.000         1.501 / 13.633        1.501 / 13.633      ms
[14070.316s][info][gc,stats    ]    Subphase: Pause Mark Try Complete                       0.000 / 0.000         0.000 / 0.000         0.001 / 0.031         0.001 / 0.031       ms
[14070.316s][info][gc,stats    ]      System: Java Threads                                      0 / 0                 0 / 0              1929 / 4684           1929 / 4684        threads
[14070.317s][info][gc,stats    ] =========================================================================================================================================================
[14080.316s][info][gc,stats    ] === Garbage Collection Statistics =======================================================================================================================
[14080.316s][info][gc,stats    ]                                                              Last 10s              Last 10m              Last 10h                Total
[14080.316s][info][gc,stats    ]                                                              Avg / Max             Avg / Max             Avg / Max             Avg / Max
[14080.316s][info][gc,stats    ]   Collector: Garbage Collection Cycle                      0.000 / 0.000         0.000 / 0.000       665.978 / 19032.234   665.978 / 19032.234   ms
[14080.316s][info][gc,stats    ]  Contention: Mark Segment Reset Contention                     0 / 0                 0 / 0                 2 / 104               2 / 104         ops/s
[14080.316s][info][gc,stats    ]  Contention: Mark SeqNum Reset Contention                      0 / 0                 0 / 0                 0 / 7                 0 / 7           ops/s
[14080.316s][info][gc,stats    ]    Critical: Allocation Stall                                  0 / 0                 0 / 0                 0 / 827               0 / 827         ops/s
[14080.316s][info][gc,stats    ]    Critical: Allocation Stall                              0.000 / 0.000         0.000 / 0.000       146.230 / 487.490     146.230 / 487.490     ms
[14080.316s][info][gc,stats    ]    Critical: GC Locker Stall                                   0 / 0                 0 / 0                 0 / 2                 0 / 2           ops/s
[14080.316s][info][gc,stats    ]    Critical: GC Locker Stall                               0.000 / 0.000         0.000 / 0.000         0.167 / 4.787         0.167 / 4.787       ms
[14080.316s][info][gc,stats    ]    Critical: Relocation Stall                                  0 / 0                 0 / 0                 0 / 103               0 / 103         ops/s
[14080.316s][info][gc,stats    ]    Critical: Relocation Stall                              0.000 / 0.000         0.000 / 0.000        14.882 / 62.172       14.882 / 62.172      ms
[14080.316s][info][gc,stats    ]      Memory: Allocation Rate                                   0 / 0                 0 / 0               495 / 2790            495 / 2790        MB/s
[14080.316s][info][gc,stats    ]      Memory: Out Of Memory                                     0 / 0                 0 / 0                 0 / 0                 0 / 0           ops/s
[14080.316s][info][gc,stats    ]      Memory: Page Cache Flush                                  0 / 0                 0 / 0                 0 / 258               0 / 258         MB/s
[14080.316s][info][gc,stats    ]      Memory: Page Cache Hit L1                                 0 / 0                 0 / 0               241 / 1336            241 / 1336        ops/s
[14080.316s][info][gc,stats    ]      Memory: Page Cache Hit L2                                 0 / 0                 0 / 0                 0 / 0                 0 / 0           ops/s
[14080.316s][info][gc,stats    ]      Memory: Page Cache Hit L3                                 0 / 0                 0 / 0                 0 / 1028              0 / 1028        ops/s
[14080.316s][info][gc,stats    ]      Memory: Page Cache Miss                                   0 / 0                 0 / 0                 0 / 12                0 / 12          ops/s
[14080.316s][info][gc,stats    ]      Memory: Uncommit                                          0 / 0                 0 / 0                 0 / 0                 0 / 0           MB/s
[14080.316s][info][gc,stats    ]      Memory: Undo Object Allocation Failed                     0 / 0                 0 / 0                 0 / 5                 0 / 5           ops/s
[14080.316s][info][gc,stats    ]      Memory: Undo Object Allocation Succeeded                  0 / 0                 0 / 0                17 / 6595             17 / 6595        ops/s
[14080.316s][info][gc,stats    ]      Memory: Undo Page Allocation                              0 / 0                 0 / 0                 0 / 676               0 / 676         ops/s
[14080.316s][info][gc,stats    ]       Phase: Concurrent Mark                               0.000 / 0.000         0.000 / 0.000       571.218 / 3424.228    571.218 / 3424.228    ms
[14080.316s][info][gc,stats    ]       Phase: Concurrent Mark Continue                      0.000 / 0.000         0.000 / 0.000         0.000 / 0.000         0.000 / 0.000       ms
[14080.316s][info][gc,stats    ]       Phase: Concurrent Mark Free                          0.000 / 0.000         0.000 / 0.000         1.118 / 305.339       1.118 / 305.339     ms
[14080.316s][info][gc,stats    ]       Phase: Concurrent Process Non-Strong References      0.000 / 0.000         0.000 / 0.000        69.335 / 18388.762    69.335 / 18388.762   ms
[14080.316s][info][gc,stats    ]       Phase: Concurrent Relocate                           0.000 / 0.000         0.000 / 0.000        11.475 / 64.108       11.475 / 64.108      ms
[14080.316s][info][gc,stats    ]       Phase: Concurrent Reset Relocation Set               0.000 / 0.000         0.000 / 0.000         0.212 / 0.968         0.212 / 0.968       ms
[14080.316s][info][gc,stats    ]       Phase: Concurrent Select Relocation Set              0.000 / 0.000         0.000 / 0.000         6.722 / 623.697       6.722 / 623.697     ms
[14080.316s][info][gc,stats    ]       Phase: Pause Mark End                                0.000 / 0.000         0.000 / 0.000         0.094 / 0.434         0.094 / 0.434       ms
[14080.316s][info][gc,stats    ]       Phase: Pause Mark Start                              0.000 / 0.000         0.000 / 0.000         0.023 / 0.223         0.023 / 0.223       ms
[14080.316s][info][gc,stats    ]       Phase: Pause Relocate Start                          0.000 / 0.000         0.000 / 0.000         0.045 / 0.309         0.045 / 0.309       ms
[14080.316s][info][gc,stats    ]    Subphase: Concurrent Classes Purge                      0.000 / 0.000         0.000 / 0.000         0.518 / 3.157         0.518 / 3.157       ms
[14080.316s][info][gc,stats    ]    Subphase: Concurrent Classes Unlink                     0.000 / 0.000         0.000 / 0.000        64.039 / 18382.834    64.039 / 18382.834   ms
[14080.316s][info][gc,stats    ]    Subphase: Concurrent Mark                               0.000 / 0.000         0.000 / 0.000       450.151 / 3398.532    450.151 / 3398.532    ms
[14080.316s][info][gc,stats    ]    Subphase: Concurrent Mark Try Flush                     0.000 / 0.000         0.000 / 0.000         1.565 / 934.939       1.565 / 934.939     ms
[14080.316s][info][gc,stats    ]    Subphase: Concurrent Mark Try Terminate                 0.000 / 0.000         0.000 / 0.000         1.072 / 934.940       1.072 / 934.940     ms
[14080.316s][info][gc,stats    ]    Subphase: Concurrent References Enqueue                 0.000 / 0.000         0.000 / 0.000         0.009 / 0.091         0.009 / 0.091       ms
[14080.316s][info][gc,stats    ]    Subphase: Concurrent References Process                 0.000 / 0.000         0.000 / 0.000         0.881 / 3.992         0.881 / 3.992       ms
[14080.316s][info][gc,stats    ]    Subphase: Concurrent Roots ClassLoaderDataGraph         0.000 / 0.000         0.000 / 0.000         0.833 / 3.889         0.833 / 3.889       ms
[14080.316s][info][gc,stats    ]    Subphase: Concurrent Roots CodeCache                    0.000 / 0.000         0.000 / 0.000         0.000 / 0.000         0.000 / 0.000       ms
[14080.316s][info][gc,stats    ]    Subphase: Concurrent Roots JavaThreads                  0.000 / 0.000         0.000 / 0.000         4.665 / 969.487       4.665 / 969.487     ms
[14080.316s][info][gc,stats    ]    Subphase: Concurrent Roots OopStorageSet                0.000 / 0.000         0.000 / 0.000         0.083 / 2.218         0.083 / 2.218       ms
[14080.316s][info][gc,stats    ]    Subphase: Concurrent Weak Roots OopStorageSet           0.000 / 0.000         0.000 / 0.000         1.501 / 13.633        1.501 / 13.633      ms
[14080.316s][info][gc,stats    ]    Subphase: Pause Mark Try Complete                       0.000 / 0.000         0.000 / 0.000         0.001 / 0.031         0.001 / 0.031       ms
[14080.316s][info][gc,stats    ]      System: Java Threads                                      0 / 0                 0 / 0              1929 / 4684           1929 / 4684        threads
[14080.316s][info][gc,stats    ] =========================================================================================================================================================
[14090.316s][info][gc,stats    ] === Garbage Collection Statistics =======================================================================================================================
[14090.316s][info][gc,stats    ]                                                              Last 10s              Last 10m              Last 10h                Total
[14090.316s][info][gc,stats    ]                                                              Avg / Max             Avg / Max             Avg / Max             Avg / Max
[14090.316s][info][gc,stats    ]   Collector: Garbage Collection Cycle                      0.000 / 0.000         0.000 / 0.000       665.978 / 19032.234   665.978 / 19032.234   ms
[14090.316s][info][gc,stats    ]  Contention: Mark Segment Reset Contention                     0 / 0                 0 / 0                 2 / 104               2 / 104         ops/s
[14090.316s][info][gc,stats    ]  Contention: Mark SeqNum Reset Contention                      0 / 0                 0 / 0                 0 / 7                 0 / 7           ops/s
[14090.316s][info][gc,stats    ]    Critical: Allocation Stall                                  0 / 0                 0 / 0                 0 / 827               0 / 827         ops/s
[14090.316s][info][gc,stats    ]    Critical: Allocation Stall                              0.000 / 0.000         0.000 / 0.000       146.230 / 487.490     146.230 / 487.490     ms
[14090.316s][info][gc,stats    ]    Critical: GC Locker Stall                                   0 / 0                 0 / 0                 0 / 2                 0 / 2           ops/s
[14090.316s][info][gc,stats    ]    Critical: GC Locker Stall                               0.000 / 0.000         0.000 / 0.000         0.167 / 4.787         0.167 / 4.787       ms
[14090.316s][info][gc,stats    ]    Critical: Relocation Stall                                  0 / 0                 0 / 0                 0 / 103               0 / 103         ops/s
[14090.316s][info][gc,stats    ]    Critical: Relocation Stall                              0.000 / 0.000         0.000 / 0.000        14.882 / 62.172       14.882 / 62.172      ms
[14090.316s][info][gc,stats    ]      Memory: Allocation Rate                                   0 / 0                 0 / 0               495 / 2790            495 / 2790        MB/s
[14090.316s][info][gc,stats    ]      Memory: Out Of Memory                                     0 / 0                 0 / 0                 0 / 0                 0 / 0           ops/s
[14090.316s][info][gc,stats    ]      Memory: Page Cache Flush                                  0 / 0                 0 / 0                 0 / 258               0 / 258         MB/s
[14090.316s][info][gc,stats    ]      Memory: Page Cache Hit L1                                 0 / 0                 0 / 0               241 / 1336            241 / 1336        ops/s
[14090.316s][info][gc,stats    ]      Memory: Page Cache Hit L2                                 0 / 0                 0 / 0                 0 / 0                 0 / 0           ops/s
[14090.316s][info][gc,stats    ]      Memory: Page Cache Hit L3                                 0 / 0                 0 / 0                 0 / 1028              0 / 1028        ops/s
[14090.316s][info][gc,stats    ]      Memory: Page Cache Miss                                   0 / 0                 0 / 0                 0 / 12                0 / 12          ops/s
[14090.316s][info][gc,stats    ]      Memory: Uncommit                                          0 / 0                 0 / 0                 0 / 0                 0 / 0           MB/s
[14090.316s][info][gc,stats    ]      Memory: Undo Object Allocation Failed                     0 / 0                 0 / 0                 0 / 5                 0 / 5           ops/s
[14090.316s][info][gc,stats    ]      Memory: Undo Object Allocation Succeeded                  0 / 0                 0 / 0                17 / 6595             17 / 6595        ops/s
[14090.316s][info][gc,stats    ]      Memory: Undo Page Allocation                              0 / 0                 0 / 0                 0 / 676               0 / 676         ops/s
[14090.316s][info][gc,stats    ]       Phase: Concurrent Mark                               0.000 / 0.000         0.000 / 0.000       571.218 / 3424.228    571.218 / 3424.228    ms
[14090.316s][info][gc,stats    ]       Phase: Concurrent Mark Continue                      0.000 / 0.000         0.000 / 0.000         0.000 / 0.000         0.000 / 0.000       ms
[14090.316s][info][gc,stats    ]       Phase: Concurrent Mark Free                          0.000 / 0.000         0.000 / 0.000         1.118 / 305.339       1.118 / 305.339     ms
[14090.316s][info][gc,stats    ]       Phase: Concurrent Process Non-Strong References      0.000 / 0.000         0.000 / 0.000        69.335 / 18388.762    69.335 / 18388.762   ms
[14090.316s][info][gc,stats    ]       Phase: Concurrent Relocate                           0.000 / 0.000         0.000 / 0.000        11.475 / 64.108       11.475 / 64.108      ms
[14090.316s][info][gc,stats    ]       Phase: Concurrent Reset Relocation Set               0.000 / 0.000         0.000 / 0.000         0.212 / 0.968         0.212 / 0.968       ms
[14090.316s][info][gc,stats    ]       Phase: Concurrent Select Relocation Set              0.000 / 0.000         0.000 / 0.000         6.722 / 623.697       6.722 / 623.697     ms
[14090.316s][info][gc,stats    ]       Phase: Pause Mark End                                0.000 / 0.000         0.000 / 0.000         0.094 / 0.434         0.094 / 0.434       ms
[14090.316s][info][gc,stats    ]       Phase: Pause Mark Start                              0.000 / 0.000         0.000 / 0.000         0.023 / 0.223         0.023 / 0.223       ms
[14090.316s][info][gc,stats    ]       Phase: Pause Relocate Start                          0.000 / 0.000         0.000 / 0.000         0.045 / 0.309         0.045 / 0.309       ms
[14090.316s][info][gc,stats    ]    Subphase: Concurrent Classes Purge                      0.000 / 0.000         0.000 / 0.000         0.518 / 3.157         0.518 / 3.157       ms
[14090.316s][info][gc,stats    ]    Subphase: Concurrent Classes Unlink                     0.000 / 0.000         0.000 / 0.000        64.039 / 18382.834    64.039 / 18382.834   ms
[14090.316s][info][gc,stats    ]    Subphase: Concurrent Mark                               0.000 / 0.000         0.000 / 0.000       450.151 / 3398.532    450.151 / 3398.532    ms
[14090.316s][info][gc,stats    ]    Subphase: Concurrent Mark Try Flush                     0.000 / 0.000         0.000 / 0.000         1.565 / 934.939       1.565 / 934.939     ms
[14090.316s][info][gc,stats    ]    Subphase: Concurrent Mark Try Terminate                 0.000 / 0.000         0.000 / 0.000         1.072 / 934.940       1.072 / 934.940     ms
[14090.316s][info][gc,stats    ]    Subphase: Concurrent References Enqueue                 0.000 / 0.000         0.000 / 0.000         0.009 / 0.091         0.009 / 0.091       ms
[14090.316s][info][gc,stats    ]    Subphase: Concurrent References Process                 0.000 / 0.000         0.000 / 0.000         0.881 / 3.992         0.881 / 3.992       ms
[14090.316s][info][gc,stats    ]    Subphase: Concurrent Roots ClassLoaderDataGraph         0.000 / 0.000         0.000 / 0.000         0.833 / 3.889         0.833 / 3.889       ms
[14090.316s][info][gc,stats    ]    Subphase: Concurrent Roots CodeCache                    0.000 / 0.000         0.000 / 0.000         0.000 / 0.000         0.000 / 0.000       ms
[14090.316s][info][gc,stats    ]    Subphase: Concurrent Roots JavaThreads                  0.000 / 0.000         0.000 / 0.000         4.665 / 969.487       4.665 / 969.487     ms
[14090.316s][info][gc,stats    ]    Subphase: Concurrent Roots OopStorageSet                0.000 / 0.000         0.000 / 0.000         0.083 / 2.218         0.083 / 2.218       ms
[14090.316s][info][gc,stats    ]    Subphase: Concurrent Weak Roots OopStorageSet           0.000 / 0.000         0.000 / 0.000         1.501 / 13.633        1.501 / 13.633      ms
[14090.316s][info][gc,stats    ]    Subphase: Pause Mark Try Complete                       0.000 / 0.000         0.000 / 0.000         0.001 / 0.031         0.001 / 0.031       ms
[14090.316s][info][gc,stats    ]      System: Java Threads                                      0 / 0                 0 / 0              1929 / 4684           1929 / 4684        threads
[14090.316s][info][gc,stats    ] =========================================================================================================================================================
[14100.316s][info][gc,stats    ] === Garbage Collection Statistics =======================================================================================================================
[14100.316s][info][gc,stats    ]                                                              Last 10s              Last 10m              Last 10h                Total
[14100.316s][info][gc,stats    ]                                                              Avg / Max             Avg / Max             Avg / Max             Avg / Max
[14100.316s][info][gc,stats    ]   Collector: Garbage Collection Cycle                      0.000 / 0.000         0.000 / 0.000       665.978 / 19032.234   665.978 / 19032.234   ms
[14100.316s][info][gc,stats    ]  Contention: Mark Segment Reset Contention                     0 / 0                 0 / 0                 2 / 104               2 / 104         ops/s
[14100.316s][info][gc,stats    ]  Contention: Mark SeqNum Reset Contention                      0 / 0                 0 / 0                 0 / 7                 0 / 7           ops/s
[14100.316s][info][gc,stats    ]    Critical: Allocation Stall                                  0 / 0                 0 / 0                 0 / 827               0 / 827         ops/s
[14100.316s][info][gc,stats    ]    Critical: Allocation Stall                              0.000 / 0.000         0.000 / 0.000       146.230 / 487.490     146.230 / 487.490     ms
[14100.316s][info][gc,stats    ]    Critical: GC Locker Stall                                   0 / 0                 0 / 0                 0 / 2                 0 / 2           ops/s
[14100.316s][info][gc,stats    ]    Critical: GC Locker Stall                               0.000 / 0.000         0.000 / 0.000         0.167 / 4.787         0.167 / 4.787       ms
[14100.316s][info][gc,stats    ]    Critical: Relocation Stall                                  0 / 0                 0 / 0                 0 / 103               0 / 103         ops/s
[14100.316s][info][gc,stats    ]    Critical: Relocation Stall                              0.000 / 0.000         0.000 / 0.000        14.882 / 62.172       14.882 / 62.172      ms
[14100.316s][info][gc,stats    ]      Memory: Allocation Rate                                   0 / 0                 0 / 0               494 / 2790            494 / 2790        MB/s
[14100.316s][info][gc,stats    ]      Memory: Out Of Memory                                     0 / 0                 0 / 0                 0 / 0                 0 / 0           ops/s
[14100.316s][info][gc,stats    ]      Memory: Page Cache Flush                                  0 / 0                 0 / 0                 0 / 258               0 / 258         MB/s
[14100.316s][info][gc,stats    ]      Memory: Page Cache Hit L1                                 0 / 0                 0 / 0               241 / 1336            241 / 1336        ops/s
[14100.316s][info][gc,stats    ]      Memory: Page Cache Hit L2                                 0 / 0                 0 / 0                 0 / 0                 0 / 0           ops/s
[14100.316s][info][gc,stats    ]      Memory: Page Cache Hit L3                                 0 / 0                 0 / 0                 0 / 1028              0 / 1028        ops/s
[14100.316s][info][gc,stats    ]      Memory: Page Cache Miss                                   0 / 0                 0 / 0                 0 / 12                0 / 12          ops/s
[14100.316s][info][gc,stats    ]      Memory: Uncommit                                          0 / 0                 0 / 0                 0 / 0                 0 / 0           MB/s
[14100.316s][info][gc,stats    ]      Memory: Undo Object Allocation Failed                     0 / 0                 0 / 0                 0 / 5                 0 / 5           ops/s
[14100.316s][info][gc,stats    ]      Memory: Undo Object Allocation Succeeded                  0 / 0                 0 / 0                16 / 6595             16 / 6595        ops/s
[14100.316s][info][gc,stats    ]      Memory: Undo Page Allocation                              0 / 0                 0 / 0                 0 / 676               0 / 676         ops/s
[14100.316s][info][gc,stats    ]       Phase: Concurrent Mark                               0.000 / 0.000         0.000 / 0.000       571.218 / 3424.228    571.218 / 3424.228    ms
[14100.316s][info][gc,stats    ]       Phase: Concurrent Mark Continue                      0.000 / 0.000         0.000 / 0.000         0.000 / 0.000         0.000 / 0.000       ms
[14100.316s][info][gc,stats    ]       Phase: Concurrent Mark Free                          0.000 / 0.000         0.000 / 0.000         1.118 / 305.339       1.118 / 305.339     ms
[14100.316s][info][gc,stats    ]       Phase: Concurrent Process Non-Strong References      0.000 / 0.000         0.000 / 0.000        69.335 / 18388.762    69.335 / 18388.762   ms
[14100.316s][info][gc,stats    ]       Phase: Concurrent Relocate                           0.000 / 0.000         0.000 / 0.000        11.475 / 64.108       11.475 / 64.108      ms
[14100.316s][info][gc,stats    ]       Phase: Concurrent Reset Relocation Set               0.000 / 0.000         0.000 / 0.000         0.212 / 0.968         0.212 / 0.968       ms
[14100.316s][info][gc,stats    ]       Phase: Concurrent Select Relocation Set              0.000 / 0.000         0.000 / 0.000         6.722 / 623.697       6.722 / 623.697     ms
[14100.316s][info][gc,stats    ]       Phase: Pause Mark End                                0.000 / 0.000         0.000 / 0.000         0.094 / 0.434         0.094 / 0.434       ms
[14100.316s][info][gc,stats    ]       Phase: Pause Mark Start                              0.000 / 0.000         0.000 / 0.000         0.023 / 0.223         0.023 / 0.223       ms
[14100.316s][info][gc,stats    ]       Phase: Pause Relocate Start                          0.000 / 0.000         0.000 / 0.000         0.045 / 0.309         0.045 / 0.309       ms
[14100.316s][info][gc,stats    ]    Subphase: Concurrent Classes Purge                      0.000 / 0.000         0.000 / 0.000         0.518 / 3.157         0.518 / 3.157       ms
[14100.316s][info][gc,stats    ]    Subphase: Concurrent Classes Unlink                     0.000 / 0.000         0.000 / 0.000        64.039 / 18382.834    64.039 / 18382.834   ms
[14100.316s][info][gc,stats    ]    Subphase: Concurrent Mark                               0.000 / 0.000         0.000 / 0.000       450.151 / 3398.532    450.151 / 3398.532    ms
[14100.316s][info][gc,stats    ]    Subphase: Concurrent Mark Try Flush                     0.000 / 0.000         0.000 / 0.000         1.565 / 934.939       1.565 / 934.939     ms
[14100.316s][info][gc,stats    ]    Subphase: Concurrent Mark Try Terminate                 0.000 / 0.000         0.000 / 0.000         1.072 / 934.940       1.072 / 934.940     ms
[14100.316s][info][gc,stats    ]    Subphase: Concurrent References Enqueue                 0.000 / 0.000         0.000 / 0.000         0.009 / 0.091         0.009 / 0.091       ms
[14100.316s][info][gc,stats    ]    Subphase: Concurrent References Process                 0.000 / 0.000         0.000 / 0.000         0.881 / 3.992         0.881 / 3.992       ms
[14100.316s][info][gc,stats    ]    Subphase: Concurrent Roots ClassLoaderDataGraph         0.000 / 0.000         0.000 / 0.000         0.833 / 3.889         0.833 / 3.889       ms
[14100.316s][info][gc,stats    ]    Subphase: Concurrent Roots CodeCache                    0.000 / 0.000         0.000 / 0.000         0.000 / 0.000         0.000 / 0.000       ms
[14100.316s][info][gc,stats    ]    Subphase: Concurrent Roots JavaThreads                  0.000 / 0.000         0.000 / 0.000         4.665 / 969.487       4.665 / 969.487     ms
[14100.316s][info][gc,stats    ]    Subphase: Concurrent Roots OopStorageSet                0.000 / 0.000         0.000 / 0.000         0.083 / 2.218         0.083 / 2.218       ms
[14100.316s][info][gc,stats    ]    Subphase: Concurrent Weak Roots OopStorageSet           0.000 / 0.000         0.000 / 0.000         1.501 / 13.633        1.501 / 13.633      ms
[14100.316s][info][gc,stats    ]    Subphase: Pause Mark Try Complete                       0.000 / 0.000         0.000 / 0.000         0.001 / 0.031         0.001 / 0.031       ms
[14100.316s][info][gc,stats    ]      System: Java Threads                                      0 / 0                 0 / 0              1929 / 4684           1929 / 4684        threads
[14100.316s][info][gc,stats    ] =========================================================================================================================================================
[14110.315s][info][gc,stats    ] === Garbage Collection Statistics =======================================================================================================================
[14110.315s][info][gc,stats    ]                                                              Last 10s              Last 10m              Last 10h                Total
[14110.315s][info][gc,stats    ]                                                              Avg / Max             Avg / Max             Avg / Max             Avg / Max
[14110.315s][info][gc,stats    ]   Collector: Garbage Collection Cycle                      0.000 / 0.000         0.000 / 0.000       665.978 / 19032.234   665.978 / 19032.234   ms
[14110.315s][info][gc,stats    ]  Contention: Mark Segment Reset Contention                     0 / 0                 0 / 0                 2 / 104               2 / 104         ops/s
[14110.316s][info][gc,stats    ]  Contention: Mark SeqNum Reset Contention                      0 / 0                 0 / 0                 0 / 7                 0 / 7           ops/s
[14110.316s][info][gc,stats    ]    Critical: Allocation Stall                                  0 / 0                 0 / 0                 0 / 827               0 / 827         ops/s
[14110.316s][info][gc,stats    ]    Critical: Allocation Stall                              0.000 / 0.000         0.000 / 0.000       146.230 / 487.490     146.230 / 487.490     ms
[14110.316s][info][gc,stats    ]    Critical: GC Locker Stall                                   0 / 0                 0 / 0                 0 / 2                 0 / 2           ops/s
[14110.316s][info][gc,stats    ]    Critical: GC Locker Stall                               0.000 / 0.000         0.000 / 0.000         0.167 / 4.787         0.167 / 4.787       ms
[14110.316s][info][gc,stats    ]    Critical: Relocation Stall                                  0 / 0                 0 / 0                 0 / 103               0 / 103         ops/s
[14110.316s][info][gc,stats    ]    Critical: Relocation Stall                              0.000 / 0.000         0.000 / 0.000        14.882 / 62.172       14.882 / 62.172      ms
[14110.316s][info][gc,stats    ]      Memory: Allocation Rate                                   0 / 0                 0 / 0               494 / 2790            494 / 2790        MB/s
[14110.316s][info][gc,stats    ]      Memory: Out Of Memory                                     0 / 0                 0 / 0                 0 / 0                 0 / 0           ops/s
[14110.316s][info][gc,stats    ]      Memory: Page Cache Flush                                  0 / 0                 0 / 0                 0 / 258               0 / 258         MB/s
[14110.316s][info][gc,stats    ]      Memory: Page Cache Hit L1                                 0 / 0                 0 / 0               240 / 1336            240 / 1336        ops/s
[14110.316s][info][gc,stats    ]      Memory: Page Cache Hit L2                                 0 / 0                 0 / 0                 0 / 0                 0 / 0           ops/s
[14110.316s][info][gc,stats    ]      Memory: Page Cache Hit L3                                 0 / 0                 0 / 0                 0 / 1028              0 / 1028        ops/s
[14110.316s][info][gc,stats    ]      Memory: Page Cache Miss                                   0 / 0                 0 / 0                 0 / 12                0 / 12          ops/s
[14110.316s][info][gc,stats    ]      Memory: Uncommit                                          0 / 0                 0 / 0                 0 / 0                 0 / 0           MB/s
[14110.316s][info][gc,stats    ]      Memory: Undo Object Allocation Failed                     0 / 0                 0 / 0                 0 / 5                 0 / 5           ops/s
[14110.316s][info][gc,stats    ]      Memory: Undo Object Allocation Succeeded                  0 / 0                 0 / 0                16 / 6595             16 / 6595        ops/s
[14110.316s][info][gc,stats    ]      Memory: Undo Page Allocation                              0 / 0                 0 / 0                 0 / 676               0 / 676         ops/s
[14110.316s][info][gc,stats    ]       Phase: Concurrent Mark                               0.000 / 0.000         0.000 / 0.000       571.218 / 3424.228    571.218 / 3424.228    ms
[14110.316s][info][gc,stats    ]       Phase: Concurrent Mark Continue                      0.000 / 0.000         0.000 / 0.000         0.000 / 0.000         0.000 / 0.000       ms
[14110.316s][info][gc,stats    ]       Phase: Concurrent Mark Free                          0.000 / 0.000         0.000 / 0.000         1.118 / 305.339       1.118 / 305.339     ms
[14110.316s][info][gc,stats    ]       Phase: Concurrent Process Non-Strong References      0.000 / 0.000         0.000 / 0.000        69.335 / 18388.762    69.335 / 18388.762   ms
[14110.316s][info][gc,stats    ]       Phase: Concurrent Relocate                           0.000 / 0.000         0.000 / 0.000        11.475 / 64.108       11.475 / 64.108      ms
[14110.316s][info][gc,stats    ]       Phase: Concurrent Reset Relocation Set               0.000 / 0.000         0.000 / 0.000         0.212 / 0.968         0.212 / 0.968       ms
[14110.316s][info][gc,stats    ]       Phase: Concurrent Select Relocation Set              0.000 / 0.000         0.000 / 0.000         6.722 / 623.697       6.722 / 623.697     ms
[14110.316s][info][gc,stats    ]       Phase: Pause Mark End                                0.000 / 0.000         0.000 / 0.000         0.094 / 0.434         0.094 / 0.434       ms
[14110.316s][info][gc,stats    ]       Phase: Pause Mark Start                              0.000 / 0.000         0.000 / 0.000         0.023 / 0.223         0.023 / 0.223       ms
[14110.316s][info][gc,stats    ]       Phase: Pause Relocate Start                          0.000 / 0.000         0.000 / 0.000         0.045 / 0.309         0.045 / 0.309       ms
[14110.316s][info][gc,stats    ]    Subphase: Concurrent Classes Purge                      0.000 / 0.000         0.000 / 0.000         0.518 / 3.157         0.518 / 3.157       ms
[14110.316s][info][gc,stats    ]    Subphase: Concurrent Classes Unlink                     0.000 / 0.000         0.000 / 0.000        64.039 / 18382.834    64.039 / 18382.834   ms
[14110.316s][info][gc,stats    ]    Subphase: Concurrent Mark                               0.000 / 0.000         0.000 / 0.000       450.151 / 3398.532    450.151 / 3398.532    ms
[14110.316s][info][gc,stats    ]    Subphase: Concurrent Mark Try Flush                     0.000 / 0.000         0.000 / 0.000         1.565 / 934.939       1.565 / 934.939     ms
[14110.316s][info][gc,stats    ]    Subphase: Concurrent Mark Try Terminate                 0.000 / 0.000         0.000 / 0.000         1.072 / 934.940       1.072 / 934.940     ms
[14110.316s][info][gc,stats    ]    Subphase: Concurrent References Enqueue                 0.000 / 0.000         0.000 / 0.000         0.009 / 0.091         0.009 / 0.091       ms
[14110.316s][info][gc,stats    ]    Subphase: Concurrent References Process                 0.000 / 0.000         0.000 / 0.000         0.881 / 3.992         0.881 / 3.992       ms
[14110.316s][info][gc,stats    ]    Subphase: Concurrent Roots ClassLoaderDataGraph         0.000 / 0.000         0.000 / 0.000         0.833 / 3.889         0.833 / 3.889       ms
[14110.316s][info][gc,stats    ]    Subphase: Concurrent Roots CodeCache                    0.000 / 0.000         0.000 / 0.000         0.000 / 0.000         0.000 / 0.000       ms
[14110.316s][info][gc,stats    ]    Subphase: Concurrent Roots JavaThreads                  0.000 / 0.000         0.000 / 0.000         4.665 / 969.487       4.665 / 969.487     ms
[14110.316s][info][gc,stats    ]    Subphase: Concurrent Roots OopStorageSet                0.000 / 0.000         0.000 / 0.000         0.083 / 2.218         0.083 / 2.218       ms
[14110.316s][info][gc,stats    ]    Subphase: Concurrent Weak Roots OopStorageSet           0.000 / 0.000         0.000 / 0.000         1.501 / 13.633        1.501 / 13.633      ms
[14110.316s][info][gc,stats    ]    Subphase: Pause Mark Try Complete                       0.000 / 0.000         0.000 / 0.000         0.001 / 0.031         0.001 / 0.031       ms
[14110.316s][info][gc,stats    ]      System: Java Threads                                      0 / 0                 0 / 0              1929 / 4684           1929 / 4684        threads
[14110.316s][info][gc,stats    ] =========================================================================================================================================================
[14120.315s][info][gc,stats    ] === Garbage Collection Statistics =======================================================================================================================
[14120.315s][info][gc,stats    ]                                                              Last 10s              Last 10m              Last 10h                Total
[14120.315s][info][gc,stats    ]                                                              Avg / Max             Avg / Max             Avg / Max             Avg / Max
[14120.315s][info][gc,stats    ]   Collector: Garbage Collection Cycle                      0.000 / 0.000         0.000 / 0.000       665.978 / 19032.234   665.978 / 19032.234   ms
[14120.315s][info][gc,stats    ]  Contention: Mark Segment Reset Contention                     0 / 0                 0 / 0                 2 / 104               2 / 104         ops/s
[14120.315s][info][gc,stats    ]  Contention: Mark SeqNum Reset Contention                      0 / 0                 0 / 0                 0 / 7                 0 / 7           ops/s
[14120.315s][info][gc,stats    ]    Critical: Allocation Stall                                  0 / 0                 0 / 0                 0 / 827               0 / 827         ops/s
[14120.315s][info][gc,stats    ]    Critical: Allocation Stall                              0.000 / 0.000         0.000 / 0.000       146.230 / 487.490     146.230 / 487.490     ms
[14120.315s][info][gc,stats    ]    Critical: GC Locker Stall                                   0 / 0                 0 / 0                 0 / 2                 0 / 2           ops/s
[14120.315s][info][gc,stats    ]    Critical: GC Locker Stall                               0.000 / 0.000         0.000 / 0.000         0.167 / 4.787         0.167 / 4.787       ms
[14120.315s][info][gc,stats    ]    Critical: Relocation Stall                                  0 / 0                 0 / 0                 0 / 103               0 / 103         ops/s
[14120.315s][info][gc,stats    ]    Critical: Relocation Stall                              0.000 / 0.000         0.000 / 0.000        14.882 / 62.172       14.882 / 62.172      ms
[14120.315s][info][gc,stats    ]      Memory: Allocation Rate                                   0 / 0                 0 / 0               494 / 2790            494 / 2790        MB/s
[14120.315s][info][gc,stats    ]      Memory: Out Of Memory                                     0 / 0                 0 / 0                 0 / 0                 0 / 0           ops/s
[14120.315s][info][gc,stats    ]      Memory: Page Cache Flush                                  0 / 0                 0 / 0                 0 / 258               0 / 258         MB/s
[14120.315s][info][gc,stats    ]      Memory: Page Cache Hit L1                                 0 / 0                 0 / 0               240 / 1336            240 / 1336        ops/s
[14120.315s][info][gc,stats    ]      Memory: Page Cache Hit L2                                 0 / 0                 0 / 0                 0 / 0                 0 / 0           ops/s
[14120.315s][info][gc,stats    ]      Memory: Page Cache Hit L3                                 0 / 0                 0 / 0                 0 / 1028              0 / 1028        ops/s
[14120.315s][info][gc,stats    ]      Memory: Page Cache Miss                                   0 / 0                 0 / 0                 0 / 12                0 / 12          ops/s
[14120.315s][info][gc,stats    ]      Memory: Uncommit                                          0 / 0                 0 / 0                 0 / 0                 0 / 0           MB/s
[14120.315s][info][gc,stats    ]      Memory: Undo Object Allocation Failed                     0 / 0                 0 / 0                 0 / 5                 0 / 5           ops/s
[14120.315s][info][gc,stats    ]      Memory: Undo Object Allocation Succeeded                  0 / 0                 0 / 0                16 / 6595             16 / 6595        ops/s
[14120.315s][info][gc,stats    ]      Memory: Undo Page Allocation                              0 / 0                 0 / 0                 0 / 676               0 / 676         ops/s
[14120.315s][info][gc,stats    ]       Phase: Concurrent Mark                               0.000 / 0.000         0.000 / 0.000       571.218 / 3424.228    571.218 / 3424.228    ms
[14120.315s][info][gc,stats    ]       Phase: Concurrent Mark Continue                      0.000 / 0.000         0.000 / 0.000         0.000 / 0.000         0.000 / 0.000       ms
[14120.315s][info][gc,stats    ]       Phase: Concurrent Mark Free                          0.000 / 0.000         0.000 / 0.000         1.118 / 305.339       1.118 / 305.339     ms
[14120.315s][info][gc,stats    ]       Phase: Concurrent Process Non-Strong References      0.000 / 0.000         0.000 / 0.000        69.335 / 18388.762    69.335 / 18388.762   ms
[14120.315s][info][gc,stats    ]       Phase: Concurrent Relocate                           0.000 / 0.000         0.000 / 0.000        11.475 / 64.108       11.475 / 64.108      ms
[14120.315s][info][gc,stats    ]       Phase: Concurrent Reset Relocation Set               0.000 / 0.000         0.000 / 0.000         0.212 / 0.968         0.212 / 0.968       ms
[14120.315s][info][gc,stats    ]       Phase: Concurrent Select Relocation Set              0.000 / 0.000         0.000 / 0.000         6.722 / 623.697       6.722 / 623.697     ms
[14120.315s][info][gc,stats    ]       Phase: Pause Mark End                                0.000 / 0.000         0.000 / 0.000         0.094 / 0.434         0.094 / 0.434       ms
[14120.315s][info][gc,stats    ]       Phase: Pause Mark Start                              0.000 / 0.000         0.000 / 0.000         0.023 / 0.223         0.023 / 0.223       ms
[14120.315s][info][gc,stats    ]       Phase: Pause Relocate Start                          0.000 / 0.000         0.000 / 0.000         0.045 / 0.309         0.045 / 0.309       ms
[14120.315s][info][gc,stats    ]    Subphase: Concurrent Classes Purge                      0.000 / 0.000         0.000 / 0.000         0.518 / 3.157         0.518 / 3.157       ms
[14120.315s][info][gc,stats    ]    Subphase: Concurrent Classes Unlink                     0.000 / 0.000         0.000 / 0.000        64.039 / 18382.834    64.039 / 18382.834   ms
[14120.315s][info][gc,stats    ]    Subphase: Concurrent Mark                               0.000 / 0.000         0.000 / 0.000       450.151 / 3398.532    450.151 / 3398.532    ms
[14120.315s][info][gc,stats    ]    Subphase: Concurrent Mark Try Flush                     0.000 / 0.000         0.000 / 0.000         1.565 / 934.939       1.565 / 934.939     ms
[14120.315s][info][gc,stats    ]    Subphase: Concurrent Mark Try Terminate                 0.000 / 0.000         0.000 / 0.000         1.072 / 934.940       1.072 / 934.940     ms
[14120.316s][info][gc,stats    ]    Subphase: Concurrent References Enqueue                 0.000 / 0.000         0.000 / 0.000         0.009 / 0.091         0.009 / 0.091       ms
[14120.316s][info][gc,stats    ]    Subphase: Concurrent References Process                 0.000 / 0.000         0.000 / 0.000         0.881 / 3.992         0.881 / 3.992       ms
[14120.316s][info][gc,stats    ]    Subphase: Concurrent Roots ClassLoaderDataGraph         0.000 / 0.000         0.000 / 0.000         0.833 / 3.889         0.833 / 3.889       ms
[14120.316s][info][gc,stats    ]    Subphase: Concurrent Roots CodeCache                    0.000 / 0.000         0.000 / 0.000         0.000 / 0.000         0.000 / 0.000       ms
[14120.316s][info][gc,stats    ]    Subphase: Concurrent Roots JavaThreads                  0.000 / 0.000         0.000 / 0.000         4.665 / 969.487       4.665 / 969.487     ms
[14120.316s][info][gc,stats    ]    Subphase: Concurrent Roots OopStorageSet                0.000 / 0.000         0.000 / 0.000         0.083 / 2.218         0.083 / 2.218       ms
[14120.316s][info][gc,stats    ]    Subphase: Concurrent Weak Roots OopStorageSet           0.000 / 0.000         0.000 / 0.000         1.501 / 13.633        1.501 / 13.633      ms
[14120.316s][info][gc,stats    ]    Subphase: Pause Mark Try Complete                       0.000 / 0.000         0.000 / 0.000         0.001 / 0.031         0.001 / 0.031       ms
[14120.316s][info][gc,stats    ]      System: Java Threads                                      0 / 0                 0 / 0              1929 / 4684           1929 / 4684        threads
[14120.316s][info][gc,stats    ] =========================================================================================================================================================
[14130.316s][info][gc,stats    ] === Garbage Collection Statistics =======================================================================================================================
[14130.316s][info][gc,stats    ]                                                              Last 10s              Last 10m              Last 10h                Total
[14130.316s][info][gc,stats    ]                                                              Avg / Max             Avg / Max             Avg / Max             Avg / Max
[14130.316s][info][gc,stats    ]   Collector: Garbage Collection Cycle                      0.000 / 0.000         0.000 / 0.000       665.978 / 19032.234   665.978 / 19032.234   ms
[14130.316s][info][gc,stats    ]  Contention: Mark Segment Reset Contention                     0 / 0                 0 / 0                 2 / 104               2 / 104         ops/s
[14130.316s][info][gc,stats    ]  Contention: Mark SeqNum Reset Contention                      0 / 0                 0 / 0                 0 / 7                 0 / 7           ops/s
[14130.316s][info][gc,stats    ]    Critical: Allocation Stall                                  0 / 0                 0 / 0                 0 / 827               0 / 827         ops/s
[14130.316s][info][gc,stats    ]    Critical: Allocation Stall                              0.000 / 0.000         0.000 / 0.000       146.230 / 487.490     146.230 / 487.490     ms
[14130.316s][info][gc,stats    ]    Critical: GC Locker Stall                                   0 / 0                 0 / 0                 0 / 2                 0 / 2           ops/s
[14130.316s][info][gc,stats    ]    Critical: GC Locker Stall                               0.000 / 0.000         0.000 / 0.000         0.167 / 4.787         0.167 / 4.787       ms
[14130.316s][info][gc,stats    ]    Critical: Relocation Stall                                  0 / 0                 0 / 0                 0 / 103               0 / 103         ops/s
[14130.316s][info][gc,stats    ]    Critical: Relocation Stall                              0.000 / 0.000         0.000 / 0.000        14.882 / 62.172       14.882 / 62.172      ms
[14130.316s][info][gc,stats    ]      Memory: Allocation Rate                                   0 / 0                 0 / 0               493 / 2790            493 / 2790        MB/s
[14130.316s][info][gc,stats    ]      Memory: Out Of Memory                                     0 / 0                 0 / 0                 0 / 0                 0 / 0           ops/s
[14130.316s][info][gc,stats    ]      Memory: Page Cache Flush                                  0 / 0                 0 / 0                 0 / 258               0 / 258         MB/s
[14130.316s][info][gc,stats    ]      Memory: Page Cache Hit L1                                 0 / 0                 0 / 0               240 / 1336            240 / 1336        ops/s
[14130.316s][info][gc,stats    ]      Memory: Page Cache Hit L2                                 0 / 0                 0 / 0                 0 / 0                 0 / 0           ops/s
[14130.316s][info][gc,stats    ]      Memory: Page Cache Hit L3                                 0 / 0                 0 / 0                 0 / 1028              0 / 1028        ops/s
[14130.316s][info][gc,stats    ]      Memory: Page Cache Miss                                   0 / 0                 0 / 0                 0 / 12                0 / 12          ops/s
[14130.316s][info][gc,stats    ]      Memory: Uncommit                                          0 / 0                 0 / 0                 0 / 0                 0 / 0           MB/s
[14130.316s][info][gc,stats    ]      Memory: Undo Object Allocation Failed                     0 / 0                 0 / 0                 0 / 5                 0 / 5           ops/s
[14130.316s][info][gc,stats    ]      Memory: Undo Object Allocation Succeeded                  0 / 0                 0 / 0                16 / 6595             16 / 6595        ops/s
[14130.316s][info][gc,stats    ]      Memory: Undo Page Allocation                              0 / 0                 0 / 0                 0 / 676               0 / 676         ops/s
[14130.316s][info][gc,stats    ]       Phase: Concurrent Mark                               0.000 / 0.000         0.000 / 0.000       571.218 / 3424.228    571.218 / 3424.228    ms
[14130.316s][info][gc,stats    ]       Phase: Concurrent Mark Continue                      0.000 / 0.000         0.000 / 0.000         0.000 / 0.000         0.000 / 0.000       ms
[14130.316s][info][gc,stats    ]       Phase: Concurrent Mark Free                          0.000 / 0.000         0.000 / 0.000         1.118 / 305.339       1.118 / 305.339     ms
[14130.316s][info][gc,stats    ]       Phase: Concurrent Process Non-Strong References      0.000 / 0.000         0.000 / 0.000        69.335 / 18388.762    69.335 / 18388.762   ms
[14130.316s][info][gc,stats    ]       Phase: Concurrent Relocate                           0.000 / 0.000         0.000 / 0.000        11.475 / 64.108       11.475 / 64.108      ms
[14130.316s][info][gc,stats    ]       Phase: Concurrent Reset Relocation Set               0.000 / 0.000         0.000 / 0.000         0.212 / 0.968         0.212 / 0.968       ms
[14130.316s][info][gc,stats    ]       Phase: Concurrent Select Relocation Set              0.000 / 0.000         0.000 / 0.000         6.722 / 623.697       6.722 / 623.697     ms
[14130.316s][info][gc,stats    ]       Phase: Pause Mark End                                0.000 / 0.000         0.000 / 0.000         0.094 / 0.434         0.094 / 0.434       ms
[14130.316s][info][gc,stats    ]       Phase: Pause Mark Start                              0.000 / 0.000         0.000 / 0.000         0.023 / 0.223         0.023 / 0.223       ms
[14130.316s][info][gc,stats    ]       Phase: Pause Relocate Start                          0.000 / 0.000         0.000 / 0.000         0.045 / 0.309         0.045 / 0.309       ms
[14130.316s][info][gc,stats    ]    Subphase: Concurrent Classes Purge                      0.000 / 0.000         0.000 / 0.000         0.518 / 3.157         0.518 / 3.157       ms
[14130.316s][info][gc,stats    ]    Subphase: Concurrent Classes Unlink                     0.000 / 0.000         0.000 / 0.000        64.039 / 18382.834    64.039 / 18382.834   ms
[14130.316s][info][gc,stats    ]    Subphase: Concurrent Mark                               0.000 / 0.000         0.000 / 0.000       450.151 / 3398.532    450.151 / 3398.532    ms
[14130.316s][info][gc,stats    ]    Subphase: Concurrent Mark Try Flush                     0.000 / 0.000         0.000 / 0.000         1.565 / 934.939       1.565 / 934.939     ms
[14130.316s][info][gc,stats    ]    Subphase: Concurrent Mark Try Terminate                 0.000 / 0.000         0.000 / 0.000         1.072 / 934.940       1.072 / 934.940     ms
[14130.316s][info][gc,stats    ]    Subphase: Concurrent References Enqueue                 0.000 / 0.000         0.000 / 0.000         0.009 / 0.091         0.009 / 0.091       ms
[14130.316s][info][gc,stats    ]    Subphase: Concurrent References Process                 0.000 / 0.000         0.000 / 0.000         0.881 / 3.992         0.881 / 3.992       ms
[14130.316s][info][gc,stats    ]    Subphase: Concurrent Roots ClassLoaderDataGraph         0.000 / 0.000         0.000 / 0.000         0.833 / 3.889         0.833 / 3.889       ms
[14130.316s][info][gc,stats    ]    Subphase: Concurrent Roots CodeCache                    0.000 / 0.000         0.000 / 0.000         0.000 / 0.000         0.000 / 0.000       ms
[14130.316s][info][gc,stats    ]    Subphase: Concurrent Roots JavaThreads                  0.000 / 0.000         0.000 / 0.000         4.665 / 969.487       4.665 / 969.487     ms
[14130.316s][info][gc,stats    ]    Subphase: Concurrent Roots OopStorageSet                0.000 / 0.000         0.000 / 0.000         0.083 / 2.218         0.083 / 2.218       ms
[14130.316s][info][gc,stats    ]    Subphase: Concurrent Weak Roots OopStorageSet           0.000 / 0.000         0.000 / 0.000         1.501 / 13.633        1.501 / 13.633      ms
[14130.316s][info][gc,stats    ]    Subphase: Pause Mark Try Complete                       0.000 / 0.000         0.000 / 0.000         0.001 / 0.031         0.001 / 0.031       ms
[14130.316s][info][gc,stats    ]      System: Java Threads                                      0 / 0                 0 / 0              1929 / 4684           1929 / 4684        threads
[14130.316s][info][gc,stats    ] =========================================================================================================================================================
[14140.316s][info][gc,stats    ] === Garbage Collection Statistics =======================================================================================================================
[14140.316s][info][gc,stats    ]                                                              Last 10s              Last 10m              Last 10h                Total
[14140.316s][info][gc,stats    ]                                                              Avg / Max             Avg / Max             Avg / Max             Avg / Max
[14140.316s][info][gc,stats    ]   Collector: Garbage Collection Cycle                      0.000 / 0.000         0.000 / 0.000       665.978 / 19032.234   665.978 / 19032.234   ms
[14140.316s][info][gc,stats    ]  Contention: Mark Segment Reset Contention                     0 / 0                 0 / 0                 2 / 104               2 / 104         ops/s
[14140.316s][info][gc,stats    ]  Contention: Mark SeqNum Reset Contention                      0 / 0                 0 / 0                 0 / 7                 0 / 7           ops/s
[14140.316s][info][gc,stats    ]    Critical: Allocation Stall                                  0 / 0                 0 / 0                 0 / 827               0 / 827         ops/s
[14140.316s][info][gc,stats    ]    Critical: Allocation Stall                              0.000 / 0.000         0.000 / 0.000       146.230 / 487.490     146.230 / 487.490     ms
[14140.316s][info][gc,stats    ]    Critical: GC Locker Stall                                   0 / 0                 0 / 0                 0 / 2                 0 / 2           ops/s
[14140.316s][info][gc,stats    ]    Critical: GC Locker Stall                               0.000 / 0.000         0.000 / 0.000         0.167 / 4.787         0.167 / 4.787       ms
[14140.316s][info][gc,stats    ]    Critical: Relocation Stall                                  0 / 0                 0 / 0                 0 / 103               0 / 103         ops/s
[14140.316s][info][gc,stats    ]    Critical: Relocation Stall                              0.000 / 0.000         0.000 / 0.000        14.882 / 62.172       14.882 / 62.172      ms
[14140.316s][info][gc,stats    ]      Memory: Allocation Rate                                   0 / 0                 0 / 0               493 / 2790            493 / 2790        MB/s
[14140.316s][info][gc,stats    ]      Memory: Out Of Memory                                     0 / 0                 0 / 0                 0 / 0                 0 / 0           ops/s
[14140.316s][info][gc,stats    ]      Memory: Page Cache Flush                                  0 / 0                 0 / 0                 0 / 258               0 / 258         MB/s
[14140.316s][info][gc,stats    ]      Memory: Page Cache Hit L1                                 0 / 0                 0 / 0               240 / 1336            240 / 1336        ops/s
[14140.316s][info][gc,stats    ]      Memory: Page Cache Hit L2                                 0 / 0                 0 / 0                 0 / 0                 0 / 0           ops/s
[14140.316s][info][gc,stats    ]      Memory: Page Cache Hit L3                                 0 / 0                 0 / 0                 0 / 1028              0 / 1028        ops/s
[14140.316s][info][gc,stats    ]      Memory: Page Cache Miss                                   0 / 0                 0 / 0                 0 / 12                0 / 12          ops/s
[14140.316s][info][gc,stats    ]      Memory: Uncommit                                          0 / 0                 0 / 0                 0 / 0                 0 / 0           MB/s
[14140.316s][info][gc,stats    ]      Memory: Undo Object Allocation Failed                     0 / 0                 0 / 0                 0 / 5                 0 / 5           ops/s
[14140.316s][info][gc,stats    ]      Memory: Undo Object Allocation Succeeded                  0 / 0                 0 / 0                16 / 6595             16 / 6595        ops/s
[14140.316s][info][gc,stats    ]      Memory: Undo Page Allocation                              0 / 0                 0 / 0                 0 / 676               0 / 676         ops/s
[14140.316s][info][gc,stats    ]       Phase: Concurrent Mark                               0.000 / 0.000         0.000 / 0.000       571.218 / 3424.228    571.218 / 3424.228    ms
[14140.316s][info][gc,stats    ]       Phase: Concurrent Mark Continue                      0.000 / 0.000         0.000 / 0.000         0.000 / 0.000         0.000 / 0.000       ms
[14140.316s][info][gc,stats    ]       Phase: Concurrent Mark Free                          0.000 / 0.000         0.000 / 0.000         1.118 / 305.339       1.118 / 305.339     ms
[14140.316s][info][gc,stats    ]       Phase: Concurrent Process Non-Strong References      0.000 / 0.000         0.000 / 0.000        69.335 / 18388.762    69.335 / 18388.762   ms
[14140.316s][info][gc,stats    ]       Phase: Concurrent Relocate                           0.000 / 0.000         0.000 / 0.000        11.475 / 64.108       11.475 / 64.108      ms
[14140.316s][info][gc,stats    ]       Phase: Concurrent Reset Relocation Set               0.000 / 0.000         0.000 / 0.000         0.212 / 0.968         0.212 / 0.968       ms
[14140.316s][info][gc,stats    ]       Phase: Concurrent Select Relocation Set              0.000 / 0.000         0.000 / 0.000         6.722 / 623.697       6.722 / 623.697     ms
[14140.316s][info][gc,stats    ]       Phase: Pause Mark End                                0.000 / 0.000         0.000 / 0.000         0.094 / 0.434         0.094 / 0.434       ms
[14140.316s][info][gc,stats    ]       Phase: Pause Mark Start                              0.000 / 0.000         0.000 / 0.000         0.023 / 0.223         0.023 / 0.223       ms
[14140.316s][info][gc,stats    ]       Phase: Pause Relocate Start                          0.000 / 0.000         0.000 / 0.000         0.045 / 0.309         0.045 / 0.309       ms
[14140.316s][info][gc,stats    ]    Subphase: Concurrent Classes Purge                      0.000 / 0.000         0.000 / 0.000         0.518 / 3.157         0.518 / 3.157       ms
[14140.316s][info][gc,stats    ]    Subphase: Concurrent Classes Unlink                     0.000 / 0.000         0.000 / 0.000        64.039 / 18382.834    64.039 / 18382.834   ms
[14140.316s][info][gc,stats    ]    Subphase: Concurrent Mark                               0.000 / 0.000         0.000 / 0.000       450.151 / 3398.532    450.151 / 3398.532    ms
[14140.316s][info][gc,stats    ]    Subphase: Concurrent Mark Try Flush                     0.000 / 0.000         0.000 / 0.000         1.565 / 934.939       1.565 / 934.939     ms
[14140.316s][info][gc,stats    ]    Subphase: Concurrent Mark Try Terminate                 0.000 / 0.000         0.000 / 0.000         1.072 / 934.940       1.072 / 934.940     ms
[14140.316s][info][gc,stats    ]    Subphase: Concurrent References Enqueue                 0.000 / 0.000         0.000 / 0.000         0.009 / 0.091         0.009 / 0.091       ms
[14140.316s][info][gc,stats    ]    Subphase: Concurrent References Process                 0.000 / 0.000         0.000 / 0.000         0.881 / 3.992         0.881 / 3.992       ms
[14140.316s][info][gc,stats    ]    Subphase: Concurrent Roots ClassLoaderDataGraph         0.000 / 0.000         0.000 / 0.000         0.833 / 3.889         0.833 / 3.889       ms
[14140.316s][info][gc,stats    ]    Subphase: Concurrent Roots CodeCache                    0.000 / 0.000         0.000 / 0.000         0.000 / 0.000         0.000 / 0.000       ms
[14140.316s][info][gc,stats    ]    Subphase: Concurrent Roots JavaThreads                  0.000 / 0.000         0.000 / 0.000         4.665 / 969.487       4.665 / 969.487     ms
[14140.316s][info][gc,stats    ]    Subphase: Concurrent Roots OopStorageSet                0.000 / 0.000         0.000 / 0.000         0.083 / 2.218         0.083 / 2.218       ms
[14140.316s][info][gc,stats    ]    Subphase: Concurrent Weak Roots OopStorageSet           0.000 / 0.000         0.000 / 0.000         1.501 / 13.633        1.501 / 13.633      ms
[14140.316s][info][gc,stats    ]    Subphase: Pause Mark Try Complete                       0.000 / 0.000         0.000 / 0.000         0.001 / 0.031         0.001 / 0.031       ms
[14140.316s][info][gc,stats    ]      System: Java Threads                                      0 / 0                 0 / 0              1929 / 4684           1929 / 4684        threads
[14140.316s][info][gc,stats    ] =========================================================================================================================================================
[14150.315s][info][gc,stats    ] === Garbage Collection Statistics =======================================================================================================================
[14150.316s][info][gc,stats    ]                                                              Last 10s              Last 10m              Last 10h                Total
[14150.316s][info][gc,stats    ]                                                              Avg / Max             Avg / Max             Avg / Max             Avg / Max
[14150.316s][info][gc,stats    ]   Collector: Garbage Collection Cycle                      0.000 / 0.000         0.000 / 0.000       665.978 / 19032.234   665.978 / 19032.234   ms
[14150.316s][info][gc,stats    ]  Contention: Mark Segment Reset Contention                     0 / 0                 0 / 0                 2 / 104               2 / 104         ops/s
[14150.316s][info][gc,stats    ]  Contention: Mark SeqNum Reset Contention                      0 / 0                 0 / 0                 0 / 7                 0 / 7           ops/s
[14150.316s][info][gc,stats    ]    Critical: Allocation Stall                                  0 / 0                 0 / 0                 0 / 827               0 / 827         ops/s
[14150.316s][info][gc,stats    ]    Critical: Allocation Stall                              0.000 / 0.000         0.000 / 0.000       146.230 / 487.490     146.230 / 487.490     ms
[14150.316s][info][gc,stats    ]    Critical: GC Locker Stall                                   0 / 0                 0 / 0                 0 / 2                 0 / 2           ops/s
[14150.316s][info][gc,stats    ]    Critical: GC Locker Stall                               0.000 / 0.000         0.000 / 0.000         0.167 / 4.787         0.167 / 4.787       ms
[14150.316s][info][gc,stats    ]    Critical: Relocation Stall                                  0 / 0                 0 / 0                 0 / 103               0 / 103         ops/s
[14150.316s][info][gc,stats    ]    Critical: Relocation Stall                              0.000 / 0.000         0.000 / 0.000        14.882 / 62.172       14.882 / 62.172      ms
[14150.316s][info][gc,stats    ]      Memory: Allocation Rate                                   0 / 0                 0 / 0               493 / 2790            493 / 2790        MB/s
[14150.316s][info][gc,stats    ]      Memory: Out Of Memory                                     0 / 0                 0 / 0                 0 / 0                 0 / 0           ops/s
[14150.316s][info][gc,stats    ]      Memory: Page Cache Flush                                  0 / 0                 0 / 0                 0 / 258               0 / 258         MB/s
[14150.316s][info][gc,stats    ]      Memory: Page Cache Hit L1                                 0 / 0                 0 / 0               240 / 1336            240 / 1336        ops/s
[14150.316s][info][gc,stats    ]      Memory: Page Cache Hit L2                                 0 / 0                 0 / 0                 0 / 0                 0 / 0           ops/s
[14150.316s][info][gc,stats    ]      Memory: Page Cache Hit L3                                 0 / 0                 0 / 0                 0 / 1028              0 / 1028        ops/s
[14150.316s][info][gc,stats    ]      Memory: Page Cache Miss                                   0 / 0                 0 / 0                 0 / 12                0 / 12          ops/s
[14150.316s][info][gc,stats    ]      Memory: Uncommit                                          0 / 0                 0 / 0                 0 / 0                 0 / 0           MB/s
[14150.316s][info][gc,stats    ]      Memory: Undo Object Allocation Failed                     0 / 0                 0 / 0                 0 / 5                 0 / 5           ops/s
[14150.316s][info][gc,stats    ]      Memory: Undo Object Allocation Succeeded                  0 / 0                 0 / 0                16 / 6595             16 / 6595        ops/s
[14150.316s][info][gc,stats    ]      Memory: Undo Page Allocation                              0 / 0                 0 / 0                 0 / 676               0 / 676         ops/s
[14150.316s][info][gc,stats    ]       Phase: Concurrent Mark                               0.000 / 0.000         0.000 / 0.000       571.218 / 3424.228    571.218 / 3424.228    ms
[14150.316s][info][gc,stats    ]       Phase: Concurrent Mark Continue                      0.000 / 0.000         0.000 / 0.000         0.000 / 0.000         0.000 / 0.000       ms
[14150.316s][info][gc,stats    ]       Phase: Concurrent Mark Free                          0.000 / 0.000         0.000 / 0.000         1.118 / 305.339       1.118 / 305.339     ms
[14150.316s][info][gc,stats    ]       Phase: Concurrent Process Non-Strong References      0.000 / 0.000         0.000 / 0.000        69.335 / 18388.762    69.335 / 18388.762   ms
[14150.316s][info][gc,stats    ]       Phase: Concurrent Relocate                           0.000 / 0.000         0.000 / 0.000        11.475 / 64.108       11.475 / 64.108      ms
[14150.316s][info][gc,stats    ]       Phase: Concurrent Reset Relocation Set               0.000 / 0.000         0.000 / 0.000         0.212 / 0.968         0.212 / 0.968       ms
[14150.316s][info][gc,stats    ]       Phase: Concurrent Select Relocation Set              0.000 / 0.000         0.000 / 0.000         6.722 / 623.697       6.722 / 623.697     ms
[14150.316s][info][gc,stats    ]       Phase: Pause Mark End                                0.000 / 0.000         0.000 / 0.000         0.094 / 0.434         0.094 / 0.434       ms
[14150.316s][info][gc,stats    ]       Phase: Pause Mark Start                              0.000 / 0.000         0.000 / 0.000         0.023 / 0.223         0.023 / 0.223       ms
[14150.316s][info][gc,stats    ]       Phase: Pause Relocate Start                          0.000 / 0.000         0.000 / 0.000         0.045 / 0.309         0.045 / 0.309       ms
[14150.316s][info][gc,stats    ]    Subphase: Concurrent Classes Purge                      0.000 / 0.000         0.000 / 0.000         0.518 / 3.157         0.518 / 3.157       ms
[14150.316s][info][gc,stats    ]    Subphase: Concurrent Classes Unlink                     0.000 / 0.000         0.000 / 0.000        64.039 / 18382.834    64.039 / 18382.834   ms
[14150.316s][info][gc,stats    ]    Subphase: Concurrent Mark                               0.000 / 0.000         0.000 / 0.000       450.151 / 3398.532    450.151 / 3398.532    ms
[14150.316s][info][gc,stats    ]    Subphase: Concurrent Mark Try Flush                     0.000 / 0.000         0.000 / 0.000         1.565 / 934.939       1.565 / 934.939     ms
[14150.316s][info][gc,stats    ]    Subphase: Concurrent Mark Try Terminate                 0.000 / 0.000         0.000 / 0.000         1.072 / 934.940       1.072 / 934.940     ms
[14150.316s][info][gc,stats    ]    Subphase: Concurrent References Enqueue                 0.000 / 0.000         0.000 / 0.000         0.009 / 0.091         0.009 / 0.091       ms
[14150.316s][info][gc,stats    ]    Subphase: Concurrent References Process                 0.000 / 0.000         0.000 / 0.000         0.881 / 3.992         0.881 / 3.992       ms
[14150.316s][info][gc,stats    ]    Subphase: Concurrent Roots ClassLoaderDataGraph         0.000 / 0.000         0.000 / 0.000         0.833 / 3.889         0.833 / 3.889       ms
[14150.316s][info][gc,stats    ]    Subphase: Concurrent Roots CodeCache                    0.000 / 0.000         0.000 / 0.000         0.000 / 0.000         0.000 / 0.000       ms
[14150.316s][info][gc,stats    ]    Subphase: Concurrent Roots JavaThreads                  0.000 / 0.000         0.000 / 0.000         4.665 / 969.487       4.665 / 969.487     ms
[14150.316s][info][gc,stats    ]    Subphase: Concurrent Roots OopStorageSet                0.000 / 0.000         0.000 / 0.000         0.083 / 2.218         0.083 / 2.218       ms
[14150.316s][info][gc,stats    ]    Subphase: Concurrent Weak Roots OopStorageSet           0.000 / 0.000         0.000 / 0.000         1.501 / 13.633        1.501 / 13.633      ms
[14150.316s][info][gc,stats    ]    Subphase: Pause Mark Try Complete                       0.000 / 0.000         0.000 / 0.000         0.001 / 0.031         0.001 / 0.031       ms
[14150.316s][info][gc,stats    ]      System: Java Threads                                      0 / 0                 0 / 0              1929 / 4684           1929 / 4684        threads
[14150.316s][info][gc,stats    ] =========================================================================================================================================================
[14160.315s][info][gc,stats    ] === Garbage Collection Statistics =======================================================================================================================
[14160.315s][info][gc,stats    ]                                                              Last 10s              Last 10m              Last 10h                Total
[14160.315s][info][gc,stats    ]                                                              Avg / Max             Avg / Max             Avg / Max             Avg / Max
[14160.315s][info][gc,stats    ]   Collector: Garbage Collection Cycle                      0.000 / 0.000         0.000 / 0.000       665.978 / 19032.234   665.978 / 19032.234   ms
[14160.315s][info][gc,stats    ]  Contention: Mark Segment Reset Contention                     0 / 0                 0 / 0                 2 / 104               2 / 104         ops/s
[14160.315s][info][gc,stats    ]  Contention: Mark SeqNum Reset Contention                      0 / 0                 0 / 0                 0 / 7                 0 / 7           ops/s
[14160.315s][info][gc,stats    ]    Critical: Allocation Stall                                  0 / 0                 0 / 0                 0 / 827               0 / 827         ops/s
[14160.315s][info][gc,stats    ]    Critical: Allocation Stall                              0.000 / 0.000         0.000 / 0.000       146.230 / 487.490     146.230 / 487.490     ms
[14160.315s][info][gc,stats    ]    Critical: GC Locker Stall                                   0 / 0                 0 / 0                 0 / 2                 0 / 2           ops/s
[14160.315s][info][gc,stats    ]    Critical: GC Locker Stall                               0.000 / 0.000         0.000 / 0.000         0.167 / 4.787         0.167 / 4.787       ms
[14160.315s][info][gc,stats    ]    Critical: Relocation Stall                                  0 / 0                 0 / 0                 0 / 103               0 / 103         ops/s
[14160.315s][info][gc,stats    ]    Critical: Relocation Stall                              0.000 / 0.000         0.000 / 0.000        14.882 / 62.172       14.882 / 62.172      ms
[14160.315s][info][gc,stats    ]      Memory: Allocation Rate                                   0 / 0                 0 / 0               492 / 2790            492 / 2790        MB/s
[14160.315s][info][gc,stats    ]      Memory: Out Of Memory                                     0 / 0                 0 / 0                 0 / 0                 0 / 0           ops/s
[14160.315s][info][gc,stats    ]      Memory: Page Cache Flush                                  0 / 0                 0 / 0                 0 / 258               0 / 258         MB/s
[14160.315s][info][gc,stats    ]      Memory: Page Cache Hit L1                                 0 / 0                 0 / 0               239 / 1336            239 / 1336        ops/s
[14160.315s][info][gc,stats    ]      Memory: Page Cache Hit L2                                 0 / 0                 0 / 0                 0 / 0                 0 / 0           ops/s
[14160.315s][info][gc,stats    ]      Memory: Page Cache Hit L3                                 0 / 0                 0 / 0                 0 / 1028              0 / 1028        ops/s
[14160.315s][info][gc,stats    ]      Memory: Page Cache Miss                                   0 / 0                 0 / 0                 0 / 12                0 / 12          ops/s
[14160.315s][info][gc,stats    ]      Memory: Uncommit                                          0 / 0                 0 / 0                 0 / 0                 0 / 0           MB/s
[14160.315s][info][gc,stats    ]      Memory: Undo Object Allocation Failed                     0 / 0                 0 / 0                 0 / 5                 0 / 5           ops/s
[14160.315s][info][gc,stats    ]      Memory: Undo Object Allocation Succeeded                  0 / 0                 0 / 0                16 / 6595             16 / 6595        ops/s
[14160.315s][info][gc,stats    ]      Memory: Undo Page Allocation                              0 / 0                 0 / 0                 0 / 676               0 / 676         ops/s
[14160.315s][info][gc,stats    ]       Phase: Concurrent Mark                               0.000 / 0.000         0.000 / 0.000       571.218 / 3424.228    571.218 / 3424.228    ms
[14160.315s][info][gc,stats    ]       Phase: Concurrent Mark Continue                      0.000 / 0.000         0.000 / 0.000         0.000 / 0.000         0.000 / 0.000       ms
[14160.315s][info][gc,stats    ]       Phase: Concurrent Mark Free                          0.000 / 0.000         0.000 / 0.000         1.118 / 305.339       1.118 / 305.339     ms
[14160.315s][info][gc,stats    ]       Phase: Concurrent Process Non-Strong References      0.000 / 0.000         0.000 / 0.000        69.335 / 18388.762    69.335 / 18388.762   ms
[14160.315s][info][gc,stats    ]       Phase: Concurrent Relocate                           0.000 / 0.000         0.000 / 0.000        11.475 / 64.108       11.475 / 64.108      ms
[14160.315s][info][gc,stats    ]       Phase: Concurrent Reset Relocation Set               0.000 / 0.000         0.000 / 0.000         0.212 / 0.968         0.212 / 0.968       ms
[14160.315s][info][gc,stats    ]       Phase: Concurrent Select Relocation Set              0.000 / 0.000         0.000 / 0.000         6.722 / 623.697       6.722 / 623.697     ms
[14160.315s][info][gc,stats    ]       Phase: Pause Mark End                                0.000 / 0.000         0.000 / 0.000         0.094 / 0.434         0.094 / 0.434       ms
[14160.315s][info][gc,stats    ]       Phase: Pause Mark Start                              0.000 / 0.000         0.000 / 0.000         0.023 / 0.223         0.023 / 0.223       ms
[14160.315s][info][gc,stats    ]       Phase: Pause Relocate Start                          0.000 / 0.000         0.000 / 0.000         0.045 / 0.309         0.045 / 0.309       ms
[14160.315s][info][gc,stats    ]    Subphase: Concurrent Classes Purge                      0.000 / 0.000         0.000 / 0.000         0.518 / 3.157         0.518 / 3.157       ms
[14160.315s][info][gc,stats    ]    Subphase: Concurrent Classes Unlink                     0.000 / 0.000         0.000 / 0.000        64.039 / 18382.834    64.039 / 18382.834   ms
[14160.315s][info][gc,stats    ]    Subphase: Concurrent Mark                               0.000 / 0.000         0.000 / 0.000       450.151 / 3398.532    450.151 / 3398.532    ms
[14160.315s][info][gc,stats    ]    Subphase: Concurrent Mark Try Flush                     0.000 / 0.000         0.000 / 0.000         1.565 / 934.939       1.565 / 934.939     ms
[14160.315s][info][gc,stats    ]    Subphase: Concurrent Mark Try Terminate                 0.000 / 0.000         0.000 / 0.000         1.072 / 934.940       1.072 / 934.940     ms
[14160.315s][info][gc,stats    ]    Subphase: Concurrent References Enqueue                 0.000 / 0.000         0.000 / 0.000         0.009 / 0.091         0.009 / 0.091       ms
[14160.315s][info][gc,stats    ]    Subphase: Concurrent References Process                 0.000 / 0.000         0.000 / 0.000         0.881 / 3.992         0.881 / 3.992       ms
[14160.315s][info][gc,stats    ]    Subphase: Concurrent Roots ClassLoaderDataGraph         0.000 / 0.000         0.000 / 0.000         0.833 / 3.889         0.833 / 3.889       ms
[14160.315s][info][gc,stats    ]    Subphase: Concurrent Roots CodeCache                    0.000 / 0.000         0.000 / 0.000         0.000 / 0.000         0.000 / 0.000       ms
[14160.315s][info][gc,stats    ]    Subphase: Concurrent Roots JavaThreads                  0.000 / 0.000         0.000 / 0.000         4.665 / 969.487       4.665 / 969.487     ms
[14160.315s][info][gc,stats    ]    Subphase: Concurrent Roots OopStorageSet                0.000 / 0.000         0.000 / 0.000         0.083 / 2.218         0.083 / 2.218       ms
[14160.315s][info][gc,stats    ]    Subphase: Concurrent Weak Roots OopStorageSet           0.000 / 0.000         0.000 / 0.000         1.501 / 13.633        1.501 / 13.633      ms
[14160.315s][info][gc,stats    ]    Subphase: Pause Mark Try Complete                       0.000 / 0.000         0.000 / 0.000         0.001 / 0.031         0.001 / 0.031       ms
[14160.315s][info][gc,stats    ]      System: Java Threads                                      0 / 0                 0 / 0              1929 / 4684           1929 / 4684        threads
[14160.315s][info][gc,stats    ] =========================================================================================================================================================
[14170.316s][info][gc,stats    ] === Garbage Collection Statistics =======================================================================================================================
[14170.316s][info][gc,stats    ]                                                              Last 10s              Last 10m              Last 10h                Total
[14170.316s][info][gc,stats    ]                                                              Avg / Max             Avg / Max             Avg / Max             Avg / Max
[14170.316s][info][gc,stats    ]   Collector: Garbage Collection Cycle                      0.000 / 0.000         0.000 / 0.000       665.978 / 19032.234   665.978 / 19032.234   ms
[14170.316s][info][gc,stats    ]  Contention: Mark Segment Reset Contention                     0 / 0                 0 / 0                 2 / 104               2 / 104         ops/s
[14170.316s][info][gc,stats    ]  Contention: Mark SeqNum Reset Contention                      0 / 0                 0 / 0                 0 / 7                 0 / 7           ops/s
[14170.316s][info][gc,stats    ]    Critical: Allocation Stall                                  0 / 0                 0 / 0                 0 / 827               0 / 827         ops/s
[14170.316s][info][gc,stats    ]    Critical: Allocation Stall                              0.000 / 0.000         0.000 / 0.000       146.230 / 487.490     146.230 / 487.490     ms
[14170.316s][info][gc,stats    ]    Critical: GC Locker Stall                                   0 / 0                 0 / 0                 0 / 2                 0 / 2           ops/s
[14170.316s][info][gc,stats    ]    Critical: GC Locker Stall                               0.000 / 0.000         0.000 / 0.000         0.167 / 4.787         0.167 / 4.787       ms
[14170.316s][info][gc,stats    ]    Critical: Relocation Stall                                  0 / 0                 0 / 0                 0 / 103               0 / 103         ops/s
[14170.316s][info][gc,stats    ]    Critical: Relocation Stall                              0.000 / 0.000         0.000 / 0.000        14.882 / 62.172       14.882 / 62.172      ms
[14170.316s][info][gc,stats    ]      Memory: Allocation Rate                                   0 / 0                 0 / 0               492 / 2790            492 / 2790        MB/s
[14170.316s][info][gc,stats    ]      Memory: Out Of Memory                                     0 / 0                 0 / 0                 0 / 0                 0 / 0           ops/s
[14170.316s][info][gc,stats    ]      Memory: Page Cache Flush                                  0 / 0                 0 / 0                 0 / 258               0 / 258         MB/s
[14170.316s][info][gc,stats    ]      Memory: Page Cache Hit L1                                 0 / 0                 0 / 0               239 / 1336            239 / 1336        ops/s
[14170.316s][info][gc,stats    ]      Memory: Page Cache Hit L2                                 0 / 0                 0 / 0                 0 / 0                 0 / 0           ops/s
[14170.316s][info][gc,stats    ]      Memory: Page Cache Hit L3                                 0 / 0                 0 / 0                 0 / 1028              0 / 1028        ops/s
[14170.316s][info][gc,stats    ]      Memory: Page Cache Miss                                   0 / 0                 0 / 0                 0 / 12                0 / 12          ops/s
[14170.316s][info][gc,stats    ]      Memory: Uncommit                                          0 / 0                 0 / 0                 0 / 0                 0 / 0           MB/s
[14170.316s][info][gc,stats    ]      Memory: Undo Object Allocation Failed                     0 / 0                 0 / 0                 0 / 5                 0 / 5           ops/s
[14170.316s][info][gc,stats    ]      Memory: Undo Object Allocation Succeeded                  0 / 0                 0 / 0                16 / 6595             16 / 6595        ops/s
[14170.316s][info][gc,stats    ]      Memory: Undo Page Allocation                              0 / 0                 0 / 0                 0 / 676               0 / 676         ops/s
[14170.316s][info][gc,stats    ]       Phase: Concurrent Mark                               0.000 / 0.000         0.000 / 0.000       571.218 / 3424.228    571.218 / 3424.228    ms
[14170.316s][info][gc,stats    ]       Phase: Concurrent Mark Continue                      0.000 / 0.000         0.000 / 0.000         0.000 / 0.000         0.000 / 0.000       ms
[14170.316s][info][gc,stats    ]       Phase: Concurrent Mark Free                          0.000 / 0.000         0.000 / 0.000         1.118 / 305.339       1.118 / 305.339     ms
[14170.316s][info][gc,stats    ]       Phase: Concurrent Process Non-Strong References      0.000 / 0.000         0.000 / 0.000        69.335 / 18388.762    69.335 / 18388.762   ms
[14170.316s][info][gc,stats    ]       Phase: Concurrent Relocate                           0.000 / 0.000         0.000 / 0.000        11.475 / 64.108       11.475 / 64.108      ms
[14170.316s][info][gc,stats    ]       Phase: Concurrent Reset Relocation Set               0.000 / 0.000         0.000 / 0.000         0.212 / 0.968         0.212 / 0.968       ms
[14170.316s][info][gc,stats    ]       Phase: Concurrent Select Relocation Set              0.000 / 0.000         0.000 / 0.000         6.722 / 623.697       6.722 / 623.697     ms
[14170.316s][info][gc,stats    ]       Phase: Pause Mark End                                0.000 / 0.000         0.000 / 0.000         0.094 / 0.434         0.094 / 0.434       ms
[14170.316s][info][gc,stats    ]       Phase: Pause Mark Start                              0.000 / 0.000         0.000 / 0.000         0.023 / 0.223         0.023 / 0.223       ms
[14170.316s][info][gc,stats    ]       Phase: Pause Relocate Start                          0.000 / 0.000         0.000 / 0.000         0.045 / 0.309         0.045 / 0.309       ms
[14170.316s][info][gc,stats    ]    Subphase: Concurrent Classes Purge                      0.000 / 0.000         0.000 / 0.000         0.518 / 3.157         0.518 / 3.157       ms
[14170.316s][info][gc,stats    ]    Subphase: Concurrent Classes Unlink                     0.000 / 0.000         0.000 / 0.000        64.039 / 18382.834    64.039 / 18382.834   ms
[14170.316s][info][gc,stats    ]    Subphase: Concurrent Mark                               0.000 / 0.000         0.000 / 0.000       450.151 / 3398.532    450.151 / 3398.532    ms
[14170.316s][info][gc,stats    ]    Subphase: Concurrent Mark Try Flush                     0.000 / 0.000         0.000 / 0.000         1.565 / 934.939       1.565 / 934.939     ms
[14170.316s][info][gc,stats    ]    Subphase: Concurrent Mark Try Terminate                 0.000 / 0.000         0.000 / 0.000         1.072 / 934.940       1.072 / 934.940     ms
[14170.316s][info][gc,stats    ]    Subphase: Concurrent References Enqueue                 0.000 / 0.000         0.000 / 0.000         0.009 / 0.091         0.009 / 0.091       ms
[14170.316s][info][gc,stats    ]    Subphase: Concurrent References Process                 0.000 / 0.000         0.000 / 0.000         0.881 / 3.992         0.881 / 3.992       ms
[14170.316s][info][gc,stats    ]    Subphase: Concurrent Roots ClassLoaderDataGraph         0.000 / 0.000         0.000 / 0.000         0.833 / 3.889         0.833 / 3.889       ms
[14170.316s][info][gc,stats    ]    Subphase: Concurrent Roots CodeCache                    0.000 / 0.000         0.000 / 0.000         0.000 / 0.000         0.000 / 0.000       ms
[14170.316s][info][gc,stats    ]    Subphase: Concurrent Roots JavaThreads                  0.000 / 0.000         0.000 / 0.000         4.665 / 969.487       4.665 / 969.487     ms
[14170.316s][info][gc,stats    ]    Subphase: Concurrent Roots OopStorageSet                0.000 / 0.000         0.000 / 0.000         0.083 / 2.218         0.083 / 2.218       ms
[14170.316s][info][gc,stats    ]    Subphase: Concurrent Weak Roots OopStorageSet           0.000 / 0.000         0.000 / 0.000         1.501 / 13.633        1.501 / 13.633      ms
[14170.316s][info][gc,stats    ]    Subphase: Pause Mark Try Complete                       0.000 / 0.000         0.000 / 0.000         0.001 / 0.031         0.001 / 0.031       ms
[14170.316s][info][gc,stats    ]      System: Java Threads                                      0 / 0                 0 / 0              1929 / 4684           1929 / 4684        threads
[14170.316s][info][gc,stats    ] =========================================================================================================================================================
[14180.316s][info][gc,stats    ] === Garbage Collection Statistics =======================================================================================================================
[14180.316s][info][gc,stats    ]                                                              Last 10s              Last 10m              Last 10h                Total
[14180.316s][info][gc,stats    ]                                                              Avg / Max             Avg / Max             Avg / Max             Avg / Max
[14180.316s][info][gc,stats    ]   Collector: Garbage Collection Cycle                      0.000 / 0.000         0.000 / 0.000       665.978 / 19032.234   665.978 / 19032.234   ms
[14180.316s][info][gc,stats    ]  Contention: Mark Segment Reset Contention                     0 / 0                 0 / 0                 2 / 104               2 / 104         ops/s
[14180.316s][info][gc,stats    ]  Contention: Mark SeqNum Reset Contention                      0 / 0                 0 / 0                 0 / 7                 0 / 7           ops/s
[14180.316s][info][gc,stats    ]    Critical: Allocation Stall                                  0 / 0                 0 / 0                 0 / 827               0 / 827         ops/s
[14180.316s][info][gc,stats    ]    Critical: Allocation Stall                              0.000 / 0.000         0.000 / 0.000       146.230 / 487.490     146.230 / 487.490     ms
[14180.316s][info][gc,stats    ]    Critical: GC Locker Stall                                   0 / 0                 0 / 0                 0 / 2                 0 / 2           ops/s
[14180.316s][info][gc,stats    ]    Critical: GC Locker Stall                               0.000 / 0.000         0.000 / 0.000         0.167 / 4.787         0.167 / 4.787       ms
[14180.316s][info][gc,stats    ]    Critical: Relocation Stall                                  0 / 0                 0 / 0                 0 / 103               0 / 103         ops/s
[14180.316s][info][gc,stats    ]    Critical: Relocation Stall                              0.000 / 0.000         0.000 / 0.000        14.882 / 62.172       14.882 / 62.172      ms
[14180.316s][info][gc,stats    ]      Memory: Allocation Rate                                   0 / 0                 0 / 0               492 / 2790            492 / 2790        MB/s
[14180.316s][info][gc,stats    ]      Memory: Out Of Memory                                     0 / 0                 0 / 0                 0 / 0                 0 / 0           ops/s
[14180.316s][info][gc,stats    ]      Memory: Page Cache Flush                                  0 / 0                 0 / 0                 0 / 258               0 / 258         MB/s
[14180.316s][info][gc,stats    ]      Memory: Page Cache Hit L1                                 0 / 0                 0 / 0               239 / 1336            239 / 1336        ops/s
[14180.316s][info][gc,stats    ]      Memory: Page Cache Hit L2                                 0 / 0                 0 / 0                 0 / 0                 0 / 0           ops/s
[14180.316s][info][gc,stats    ]      Memory: Page Cache Hit L3                                 0 / 0                 0 / 0                 0 / 1028              0 / 1028        ops/s
[14180.316s][info][gc,stats    ]      Memory: Page Cache Miss                                   0 / 0                 0 / 0                 0 / 12                0 / 12          ops/s
[14180.316s][info][gc,stats    ]      Memory: Uncommit                                          0 / 0                 0 / 0                 0 / 0                 0 / 0           MB/s
[14180.316s][info][gc,stats    ]      Memory: Undo Object Allocation Failed                     0 / 0                 0 / 0                 0 / 5                 0 / 5           ops/s
[14180.316s][info][gc,stats    ]      Memory: Undo Object Allocation Succeeded                  0 / 0                 0 / 0                16 / 6595             16 / 6595        ops/s
[14180.316s][info][gc,stats    ]      Memory: Undo Page Allocation                              0 / 0                 0 / 0                 0 / 676               0 / 676         ops/s
[14180.316s][info][gc,stats    ]       Phase: Concurrent Mark                               0.000 / 0.000         0.000 / 0.000       571.218 / 3424.228    571.218 / 3424.228    ms
[14180.316s][info][gc,stats    ]       Phase: Concurrent Mark Continue                      0.000 / 0.000         0.000 / 0.000         0.000 / 0.000         0.000 / 0.000       ms
[14180.316s][info][gc,stats    ]       Phase: Concurrent Mark Free                          0.000 / 0.000         0.000 / 0.000         1.118 / 305.339       1.118 / 305.339     ms
[14180.316s][info][gc,stats    ]       Phase: Concurrent Process Non-Strong References      0.000 / 0.000         0.000 / 0.000        69.335 / 18388.762    69.335 / 18388.762   ms
[14180.316s][info][gc,stats    ]       Phase: Concurrent Relocate                           0.000 / 0.000         0.000 / 0.000        11.475 / 64.108       11.475 / 64.108      ms
[14180.316s][info][gc,stats    ]       Phase: Concurrent Reset Relocation Set               0.000 / 0.000         0.000 / 0.000         0.212 / 0.968         0.212 / 0.968       ms
[14180.316s][info][gc,stats    ]       Phase: Concurrent Select Relocation Set              0.000 / 0.000         0.000 / 0.000         6.722 / 623.697       6.722 / 623.697     ms
[14180.316s][info][gc,stats    ]       Phase: Pause Mark End                                0.000 / 0.000         0.000 / 0.000         0.094 / 0.434         0.094 / 0.434       ms
[14180.316s][info][gc,stats    ]       Phase: Pause Mark Start                              0.000 / 0.000         0.000 / 0.000         0.023 / 0.223         0.023 / 0.223       ms
[14180.316s][info][gc,stats    ]       Phase: Pause Relocate Start                          0.000 / 0.000         0.000 / 0.000         0.045 / 0.309         0.045 / 0.309       ms
[14180.316s][info][gc,stats    ]    Subphase: Concurrent Classes Purge                      0.000 / 0.000         0.000 / 0.000         0.518 / 3.157         0.518 / 3.157       ms
[14180.316s][info][gc,stats    ]    Subphase: Concurrent Classes Unlink                     0.000 / 0.000         0.000 / 0.000        64.039 / 18382.834    64.039 / 18382.834   ms
[14180.316s][info][gc,stats    ]    Subphase: Concurrent Mark                               0.000 / 0.000         0.000 / 0.000       450.151 / 3398.532    450.151 / 3398.532    ms
[14180.316s][info][gc,stats    ]    Subphase: Concurrent Mark Try Flush                     0.000 / 0.000         0.000 / 0.000         1.565 / 934.939       1.565 / 934.939     ms
[14180.316s][info][gc,stats    ]    Subphase: Concurrent Mark Try Terminate                 0.000 / 0.000         0.000 / 0.000         1.072 / 934.940       1.072 / 934.940     ms
[14180.316s][info][gc,stats    ]    Subphase: Concurrent References Enqueue                 0.000 / 0.000         0.000 / 0.000         0.009 / 0.091         0.009 / 0.091       ms
[14180.316s][info][gc,stats    ]    Subphase: Concurrent References Process                 0.000 / 0.000         0.000 / 0.000         0.881 / 3.992         0.881 / 3.992       ms
[14180.316s][info][gc,stats    ]    Subphase: Concurrent Roots ClassLoaderDataGraph         0.000 / 0.000         0.000 / 0.000         0.833 / 3.889         0.833 / 3.889       ms
[14180.316s][info][gc,stats    ]    Subphase: Concurrent Roots CodeCache                    0.000 / 0.000         0.000 / 0.000         0.000 / 0.000         0.000 / 0.000       ms
[14180.316s][info][gc,stats    ]    Subphase: Concurrent Roots JavaThreads                  0.000 / 0.000         0.000 / 0.000         4.665 / 969.487       4.665 / 969.487     ms
[14180.316s][info][gc,stats    ]    Subphase: Concurrent Roots OopStorageSet                0.000 / 0.000         0.000 / 0.000         0.083 / 2.218         0.083 / 2.218       ms
[14180.316s][info][gc,stats    ]    Subphase: Concurrent Weak Roots OopStorageSet           0.000 / 0.000         0.000 / 0.000         1.501 / 13.633        1.501 / 13.633      ms
[14180.316s][info][gc,stats    ]    Subphase: Pause Mark Try Complete                       0.000 / 0.000         0.000 / 0.000         0.001 / 0.031         0.001 / 0.031       ms
[14180.316s][info][gc,stats    ]      System: Java Threads                                      0 / 0                 0 / 0              1929 / 4684           1929 / 4684        threads
[14180.316s][info][gc,stats    ] =========================================================================================================================================================
[14190.315s][info][gc,stats    ] === Garbage Collection Statistics =======================================================================================================================
[14190.315s][info][gc,stats    ]                                                              Last 10s              Last 10m              Last 10h                Total
[14190.315s][info][gc,stats    ]                                                              Avg / Max             Avg / Max             Avg / Max             Avg / Max
[14190.315s][info][gc,stats    ]   Collector: Garbage Collection Cycle                      0.000 / 0.000         0.000 / 0.000       665.978 / 19032.234   665.978 / 19032.234   ms
[14190.315s][info][gc,stats    ]  Contention: Mark Segment Reset Contention                     0 / 0                 0 / 0                 2 / 104               2 / 104         ops/s
[14190.315s][info][gc,stats    ]  Contention: Mark SeqNum Reset Contention                      0 / 0                 0 / 0                 0 / 7                 0 / 7           ops/s
[14190.315s][info][gc,stats    ]    Critical: Allocation Stall                                  0 / 0                 0 / 0                 0 / 827               0 / 827         ops/s
[14190.315s][info][gc,stats    ]    Critical: Allocation Stall                              0.000 / 0.000         0.000 / 0.000       146.230 / 487.490     146.230 / 487.490     ms
[14190.315s][info][gc,stats    ]    Critical: GC Locker Stall                                   0 / 0                 0 / 0                 0 / 2                 0 / 2           ops/s
[14190.315s][info][gc,stats    ]    Critical: GC Locker Stall                               0.000 / 0.000         0.000 / 0.000         0.167 / 4.787         0.167 / 4.787       ms
[14190.315s][info][gc,stats    ]    Critical: Relocation Stall                                  0 / 0                 0 / 0                 0 / 103               0 / 103         ops/s
[14190.315s][info][gc,stats    ]    Critical: Relocation Stall                              0.000 / 0.000         0.000 / 0.000        14.882 / 62.172       14.882 / 62.172      ms
[14190.315s][info][gc,stats    ]      Memory: Allocation Rate                                   0 / 0                 0 / 0               491 / 2790            491 / 2790        MB/s
[14190.315s][info][gc,stats    ]      Memory: Out Of Memory                                     0 / 0                 0 / 0                 0 / 0                 0 / 0           ops/s
[14190.315s][info][gc,stats    ]      Memory: Page Cache Flush                                  0 / 0                 0 / 0                 0 / 258               0 / 258         MB/s
[14190.315s][info][gc,stats    ]      Memory: Page Cache Hit L1                                 0 / 0                 0 / 0               239 / 1336            239 / 1336        ops/s
[14190.315s][info][gc,stats    ]      Memory: Page Cache Hit L2                                 0 / 0                 0 / 0                 0 / 0                 0 / 0           ops/s
[14190.315s][info][gc,stats    ]      Memory: Page Cache Hit L3                                 0 / 0                 0 / 0                 0 / 1028              0 / 1028        ops/s
[14190.315s][info][gc,stats    ]      Memory: Page Cache Miss                                   0 / 0                 0 / 0                 0 / 12                0 / 12          ops/s
[14190.315s][info][gc,stats    ]      Memory: Uncommit                                          0 / 0                 0 / 0                 0 / 0                 0 / 0           MB/s
[14190.315s][info][gc,stats    ]      Memory: Undo Object Allocation Failed                     0 / 0                 0 / 0                 0 / 5                 0 / 5           ops/s
[14190.315s][info][gc,stats    ]      Memory: Undo Object Allocation Succeeded                  0 / 0                 0 / 0                16 / 6595             16 / 6595        ops/s
[14190.315s][info][gc,stats    ]      Memory: Undo Page Allocation                              0 / 0                 0 / 0                 0 / 676               0 / 676         ops/s
[14190.315s][info][gc,stats    ]       Phase: Concurrent Mark                               0.000 / 0.000         0.000 / 0.000       571.218 / 3424.228    571.218 / 3424.228    ms
[14190.315s][info][gc,stats    ]       Phase: Concurrent Mark Continue                      0.000 / 0.000         0.000 / 0.000         0.000 / 0.000         0.000 / 0.000       ms
[14190.315s][info][gc,stats    ]       Phase: Concurrent Mark Free                          0.000 / 0.000         0.000 / 0.000         1.118 / 305.339       1.118 / 305.339     ms
[14190.315s][info][gc,stats    ]       Phase: Concurrent Process Non-Strong References      0.000 / 0.000         0.000 / 0.000        69.335 / 18388.762    69.335 / 18388.762   ms
[14190.315s][info][gc,stats    ]       Phase: Concurrent Relocate                           0.000 / 0.000         0.000 / 0.000        11.475 / 64.108       11.475 / 64.108      ms
[14190.315s][info][gc,stats    ]       Phase: Concurrent Reset Relocation Set               0.000 / 0.000         0.000 / 0.000         0.212 / 0.968         0.212 / 0.968       ms
[14190.315s][info][gc,stats    ]       Phase: Concurrent Select Relocation Set              0.000 / 0.000         0.000 / 0.000         6.722 / 623.697       6.722 / 623.697     ms
[14190.315s][info][gc,stats    ]       Phase: Pause Mark End                                0.000 / 0.000         0.000 / 0.000         0.094 / 0.434         0.094 / 0.434       ms
[14190.315s][info][gc,stats    ]       Phase: Pause Mark Start                              0.000 / 0.000         0.000 / 0.000         0.023 / 0.223         0.023 / 0.223       ms
[14190.315s][info][gc,stats    ]       Phase: Pause Relocate Start                          0.000 / 0.000         0.000 / 0.000         0.045 / 0.309         0.045 / 0.309       ms
[14190.315s][info][gc,stats    ]    Subphase: Concurrent Classes Purge                      0.000 / 0.000         0.000 / 0.000         0.518 / 3.157         0.518 / 3.157       ms
[14190.315s][info][gc,stats    ]    Subphase: Concurrent Classes Unlink                     0.000 / 0.000         0.000 / 0.000        64.039 / 18382.834    64.039 / 18382.834   ms
[14190.315s][info][gc,stats    ]    Subphase: Concurrent Mark                               0.000 / 0.000         0.000 / 0.000       450.151 / 3398.532    450.151 / 3398.532    ms
[14190.315s][info][gc,stats    ]    Subphase: Concurrent Mark Try Flush                     0.000 / 0.000         0.000 / 0.000         1.565 / 934.939       1.565 / 934.939     ms
[14190.315s][info][gc,stats    ]    Subphase: Concurrent Mark Try Terminate                 0.000 / 0.000         0.000 / 0.000         1.072 / 934.940       1.072 / 934.940     ms
[14190.315s][info][gc,stats    ]    Subphase: Concurrent References Enqueue                 0.000 / 0.000         0.000 / 0.000         0.009 / 0.091         0.009 / 0.091       ms
[14190.315s][info][gc,stats    ]    Subphase: Concurrent References Process                 0.000 / 0.000         0.000 / 0.000         0.881 / 3.992         0.881 / 3.992       ms
[14190.315s][info][gc,stats    ]    Subphase: Concurrent Roots ClassLoaderDataGraph         0.000 / 0.000         0.000 / 0.000         0.833 / 3.889         0.833 / 3.889       ms
[14190.315s][info][gc,stats    ]    Subphase: Concurrent Roots CodeCache                    0.000 / 0.000         0.000 / 0.000         0.000 / 0.000         0.000 / 0.000       ms
[14190.315s][info][gc,stats    ]    Subphase: Concurrent Roots JavaThreads                  0.000 / 0.000         0.000 / 0.000         4.665 / 969.487       4.665 / 969.487     ms
[14190.315s][info][gc,stats    ]    Subphase: Concurrent Roots OopStorageSet                0.000 / 0.000         0.000 / 0.000         0.083 / 2.218         0.083 / 2.218       ms
[14190.315s][info][gc,stats    ]    Subphase: Concurrent Weak Roots OopStorageSet           0.000 / 0.000         0.000 / 0.000         1.501 / 13.633        1.501 / 13.633      ms
[14190.315s][info][gc,stats    ]    Subphase: Pause Mark Try Complete                       0.000 / 0.000         0.000 / 0.000         0.001 / 0.031         0.001 / 0.031       ms
[14190.315s][info][gc,stats    ]      System: Java Threads                                      0 / 0                 0 / 0              1929 / 4684           1929 / 4684        threads
[14190.315s][info][gc,stats    ] =========================================================================================================================================================
[14200.316s][info][gc,stats    ] === Garbage Collection Statistics =======================================================================================================================
[14200.316s][info][gc,stats    ]                                                              Last 10s              Last 10m              Last 10h                Total
[14200.316s][info][gc,stats    ]                                                              Avg / Max             Avg / Max             Avg / Max             Avg / Max
[14200.316s][info][gc,stats    ]   Collector: Garbage Collection Cycle                      0.000 / 0.000         0.000 / 0.000       665.978 / 19032.234   665.978 / 19032.234   ms
[14200.316s][info][gc,stats    ]  Contention: Mark Segment Reset Contention                     0 / 0                 0 / 0                 2 / 104               2 / 104         ops/s
[14200.316s][info][gc,stats    ]  Contention: Mark SeqNum Reset Contention                      0 / 0                 0 / 0                 0 / 7                 0 / 7           ops/s
[14200.316s][info][gc,stats    ]    Critical: Allocation Stall                                  0 / 0                 0 / 0                 0 / 827               0 / 827         ops/s
[14200.316s][info][gc,stats    ]    Critical: Allocation Stall                              0.000 / 0.000         0.000 / 0.000       146.230 / 487.490     146.230 / 487.490     ms
[14200.316s][info][gc,stats    ]    Critical: GC Locker Stall                                   0 / 0                 0 / 0                 0 / 2                 0 / 2           ops/s
[14200.316s][info][gc,stats    ]    Critical: GC Locker Stall                               0.000 / 0.000         0.000 / 0.000         0.167 / 4.787         0.167 / 4.787       ms
[14200.316s][info][gc,stats    ]    Critical: Relocation Stall                                  0 / 0                 0 / 0                 0 / 103               0 / 103         ops/s
[14200.316s][info][gc,stats    ]    Critical: Relocation Stall                              0.000 / 0.000         0.000 / 0.000        14.882 / 62.172       14.882 / 62.172      ms
[14200.316s][info][gc,stats    ]      Memory: Allocation Rate                                   0 / 0                 0 / 0               491 / 2790            491 / 2790        MB/s
[14200.316s][info][gc,stats    ]      Memory: Out Of Memory                                     0 / 0                 0 / 0                 0 / 0                 0 / 0           ops/s
[14200.316s][info][gc,stats    ]      Memory: Page Cache Flush                                  0 / 0                 0 / 0                 0 / 258               0 / 258         MB/s
[14200.316s][info][gc,stats    ]      Memory: Page Cache Hit L1                                 0 / 0                 0 / 0               239 / 1336            239 / 1336        ops/s
[14200.316s][info][gc,stats    ]      Memory: Page Cache Hit L2                                 0 / 0                 0 / 0                 0 / 0                 0 / 0           ops/s
[14200.316s][info][gc,stats    ]      Memory: Page Cache Hit L3                                 0 / 0                 0 / 0                 0 / 1028              0 / 1028        ops/s
[14200.316s][info][gc,stats    ]      Memory: Page Cache Miss                                   0 / 0                 0 / 0                 0 / 12                0 / 12          ops/s
[14200.316s][info][gc,stats    ]      Memory: Uncommit                                          0 / 0                 0 / 0                 0 / 0                 0 / 0           MB/s
[14200.316s][info][gc,stats    ]      Memory: Undo Object Allocation Failed                     0 / 0                 0 / 0                 0 / 5                 0 / 5           ops/s
[14200.316s][info][gc,stats    ]      Memory: Undo Object Allocation Succeeded                  0 / 0                 0 / 0                16 / 6595             16 / 6595        ops/s
[14200.316s][info][gc,stats    ]      Memory: Undo Page Allocation                              0 / 0                 0 / 0                 0 / 676               0 / 676         ops/s
[14200.316s][info][gc,stats    ]       Phase: Concurrent Mark                               0.000 / 0.000         0.000 / 0.000       571.218 / 3424.228    571.218 / 3424.228    ms
[14200.316s][info][gc,stats    ]       Phase: Concurrent Mark Continue                      0.000 / 0.000         0.000 / 0.000         0.000 / 0.000         0.000 / 0.000       ms
[14200.316s][info][gc,stats    ]       Phase: Concurrent Mark Free                          0.000 / 0.000         0.000 / 0.000         1.118 / 305.339       1.118 / 305.339     ms
[14200.316s][info][gc,stats    ]       Phase: Concurrent Process Non-Strong References      0.000 / 0.000         0.000 / 0.000        69.335 / 18388.762    69.335 / 18388.762   ms
[14200.316s][info][gc,stats    ]       Phase: Concurrent Relocate                           0.000 / 0.000         0.000 / 0.000        11.475 / 64.108       11.475 / 64.108      ms
[14200.316s][info][gc,stats    ]       Phase: Concurrent Reset Relocation Set               0.000 / 0.000         0.000 / 0.000         0.212 / 0.968         0.212 / 0.968       ms
[14200.316s][info][gc,stats    ]       Phase: Concurrent Select Relocation Set              0.000 / 0.000         0.000 / 0.000         6.722 / 623.697       6.722 / 623.697     ms
[14200.316s][info][gc,stats    ]       Phase: Pause Mark End                                0.000 / 0.000         0.000 / 0.000         0.094 / 0.434         0.094 / 0.434       ms
[14200.316s][info][gc,stats    ]       Phase: Pause Mark Start                              0.000 / 0.000         0.000 / 0.000         0.023 / 0.223         0.023 / 0.223       ms
[14200.316s][info][gc,stats    ]       Phase: Pause Relocate Start                          0.000 / 0.000         0.000 / 0.000         0.045 / 0.309         0.045 / 0.309       ms
[14200.316s][info][gc,stats    ]    Subphase: Concurrent Classes Purge                      0.000 / 0.000         0.000 / 0.000         0.518 / 3.157         0.518 / 3.157       ms
[14200.316s][info][gc,stats    ]    Subphase: Concurrent Classes Unlink                     0.000 / 0.000         0.000 / 0.000        64.039 / 18382.834    64.039 / 18382.834   ms
[14200.316s][info][gc,stats    ]    Subphase: Concurrent Mark                               0.000 / 0.000         0.000 / 0.000       450.151 / 3398.532    450.151 / 3398.532    ms
[14200.316s][info][gc,stats    ]    Subphase: Concurrent Mark Try Flush                     0.000 / 0.000         0.000 / 0.000         1.565 / 934.939       1.565 / 934.939     ms
[14200.316s][info][gc,stats    ]    Subphase: Concurrent Mark Try Terminate                 0.000 / 0.000         0.000 / 0.000         1.072 / 934.940       1.072 / 934.940     ms
[14200.316s][info][gc,stats    ]    Subphase: Concurrent References Enqueue                 0.000 / 0.000         0.000 / 0.000         0.009 / 0.091         0.009 / 0.091       ms
[14200.316s][info][gc,stats    ]    Subphase: Concurrent References Process                 0.000 / 0.000         0.000 / 0.000         0.881 / 3.992         0.881 / 3.992       ms
[14200.316s][info][gc,stats    ]    Subphase: Concurrent Roots ClassLoaderDataGraph         0.000 / 0.000         0.000 / 0.000         0.833 / 3.889         0.833 / 3.889       ms
[14200.316s][info][gc,stats    ]    Subphase: Concurrent Roots CodeCache                    0.000 / 0.000         0.000 / 0.000         0.000 / 0.000         0.000 / 0.000       ms
[14200.316s][info][gc,stats    ]    Subphase: Concurrent Roots JavaThreads                  0.000 / 0.000         0.000 / 0.000         4.665 / 969.487       4.665 / 969.487     ms
[14200.316s][info][gc,stats    ]    Subphase: Concurrent Roots OopStorageSet                0.000 / 0.000         0.000 / 0.000         0.083 / 2.218         0.083 / 2.218       ms
[14200.316s][info][gc,stats    ]    Subphase: Concurrent Weak Roots OopStorageSet           0.000 / 0.000         0.000 / 0.000         1.501 / 13.633        1.501 / 13.633      ms
[14200.316s][info][gc,stats    ]    Subphase: Pause Mark Try Complete                       0.000 / 0.000         0.000 / 0.000         0.001 / 0.031         0.001 / 0.031       ms
[14200.316s][info][gc,stats    ]      System: Java Threads                                      0 / 0                 0 / 0              1929 / 4684           1929 / 4684        threads
[14200.316s][info][gc,stats    ] =========================================================================================================================================================
[14210.316s][info][gc,stats    ] === Garbage Collection Statistics =======================================================================================================================
[14210.316s][info][gc,stats    ]                                                              Last 10s              Last 10m              Last 10h                Total
[14210.316s][info][gc,stats    ]                                                              Avg / Max             Avg / Max             Avg / Max             Avg / Max
[14210.316s][info][gc,stats    ]   Collector: Garbage Collection Cycle                      0.000 / 0.000         0.000 / 0.000       665.978 / 19032.234   665.978 / 19032.234   ms
[14210.316s][info][gc,stats    ]  Contention: Mark Segment Reset Contention                     0 / 0                 0 / 0                 2 / 104               2 / 104         ops/s
[14210.316s][info][gc,stats    ]  Contention: Mark SeqNum Reset Contention                      0 / 0                 0 / 0                 0 / 7                 0 / 7           ops/s
[14210.316s][info][gc,stats    ]    Critical: Allocation Stall                                  0 / 0                 0 / 0                 0 / 827               0 / 827         ops/s
[14210.316s][info][gc,stats    ]    Critical: Allocation Stall                              0.000 / 0.000         0.000 / 0.000       146.230 / 487.490     146.230 / 487.490     ms
[14210.316s][info][gc,stats    ]    Critical: GC Locker Stall                                   0 / 0                 0 / 0                 0 / 2                 0 / 2           ops/s
[14210.316s][info][gc,stats    ]    Critical: GC Locker Stall                               0.000 / 0.000         0.000 / 0.000         0.167 / 4.787         0.167 / 4.787       ms
[14210.316s][info][gc,stats    ]    Critical: Relocation Stall                                  0 / 0                 0 / 0                 0 / 103               0 / 103         ops/s
[14210.316s][info][gc,stats    ]    Critical: Relocation Stall                              0.000 / 0.000         0.000 / 0.000        14.882 / 62.172       14.882 / 62.172      ms
[14210.316s][info][gc,stats    ]      Memory: Allocation Rate                                   0 / 0                 0 / 0               491 / 2790            491 / 2790        MB/s
[14210.316s][info][gc,stats    ]      Memory: Out Of Memory                                     0 / 0                 0 / 0                 0 / 0                 0 / 0           ops/s
[14210.316s][info][gc,stats    ]      Memory: Page Cache Flush                                  0 / 0                 0 / 0                 0 / 258               0 / 258         MB/s
[14210.316s][info][gc,stats    ]      Memory: Page Cache Hit L1                                 0 / 0                 0 / 0               239 / 1336            239 / 1336        ops/s
[14210.316s][info][gc,stats    ]      Memory: Page Cache Hit L2                                 0 / 0                 0 / 0                 0 / 0                 0 / 0           ops/s
[14210.316s][info][gc,stats    ]      Memory: Page Cache Hit L3                                 0 / 0                 0 / 0                 0 / 1028              0 / 1028        ops/s
[14210.316s][info][gc,stats    ]      Memory: Page Cache Miss                                   0 / 0                 0 / 0                 0 / 12                0 / 12          ops/s
[14210.316s][info][gc,stats    ]      Memory: Uncommit                                          0 / 0                 0 / 0                 0 / 0                 0 / 0           MB/s
[14210.316s][info][gc,stats    ]      Memory: Undo Object Allocation Failed                     0 / 0                 0 / 0                 0 / 5                 0 / 5           ops/s
[14210.316s][info][gc,stats    ]      Memory: Undo Object Allocation Succeeded                  0 / 0                 0 / 0                16 / 6595             16 / 6595        ops/s
[14210.316s][info][gc,stats    ]      Memory: Undo Page Allocation                              0 / 0                 0 / 0                 0 / 676               0 / 676         ops/s
[14210.316s][info][gc,stats    ]       Phase: Concurrent Mark                               0.000 / 0.000         0.000 / 0.000       571.218 / 3424.228    571.218 / 3424.228    ms
[14210.316s][info][gc,stats    ]       Phase: Concurrent Mark Continue                      0.000 / 0.000         0.000 / 0.000         0.000 / 0.000         0.000 / 0.000       ms
[14210.316s][info][gc,stats    ]       Phase: Concurrent Mark Free                          0.000 / 0.000         0.000 / 0.000         1.118 / 305.339       1.118 / 305.339     ms
[14210.316s][info][gc,stats    ]       Phase: Concurrent Process Non-Strong References      0.000 / 0.000         0.000 / 0.000        69.335 / 18388.762    69.335 / 18388.762   ms
[14210.316s][info][gc,stats    ]       Phase: Concurrent Relocate                           0.000 / 0.000         0.000 / 0.000        11.475 / 64.108       11.475 / 64.108      ms
[14210.316s][info][gc,stats    ]       Phase: Concurrent Reset Relocation Set               0.000 / 0.000         0.000 / 0.000         0.212 / 0.968         0.212 / 0.968       ms
[14210.316s][info][gc,stats    ]       Phase: Concurrent Select Relocation Set              0.000 / 0.000         0.000 / 0.000         6.722 / 623.697       6.722 / 623.697     ms
[14210.316s][info][gc,stats    ]       Phase: Pause Mark End                                0.000 / 0.000         0.000 / 0.000         0.094 / 0.434         0.094 / 0.434       ms
[14210.316s][info][gc,stats    ]       Phase: Pause Mark Start                              0.000 / 0.000         0.000 / 0.000         0.023 / 0.223         0.023 / 0.223       ms
[14210.316s][info][gc,stats    ]       Phase: Pause Relocate Start                          0.000 / 0.000         0.000 / 0.000         0.045 / 0.309         0.045 / 0.309       ms
[14210.316s][info][gc,stats    ]    Subphase: Concurrent Classes Purge                      0.000 / 0.000         0.000 / 0.000         0.518 / 3.157         0.518 / 3.157       ms
[14210.316s][info][gc,stats    ]    Subphase: Concurrent Classes Unlink                     0.000 / 0.000         0.000 / 0.000        64.039 / 18382.834    64.039 / 18382.834   ms
[14210.316s][info][gc,stats    ]    Subphase: Concurrent Mark                               0.000 / 0.000         0.000 / 0.000       450.151 / 3398.532    450.151 / 3398.532    ms
[14210.316s][info][gc,stats    ]    Subphase: Concurrent Mark Try Flush                     0.000 / 0.000         0.000 / 0.000         1.565 / 934.939       1.565 / 934.939     ms
[14210.316s][info][gc,stats    ]    Subphase: Concurrent Mark Try Terminate                 0.000 / 0.000         0.000 / 0.000         1.072 / 934.940       1.072 / 934.940     ms
[14210.316s][info][gc,stats    ]    Subphase: Concurrent References Enqueue                 0.000 / 0.000         0.000 / 0.000         0.009 / 0.091         0.009 / 0.091       ms
[14210.316s][info][gc,stats    ]    Subphase: Concurrent References Process                 0.000 / 0.000         0.000 / 0.000         0.881 / 3.992         0.881 / 3.992       ms
[14210.316s][info][gc,stats    ]    Subphase: Concurrent Roots ClassLoaderDataGraph         0.000 / 0.000         0.000 / 0.000         0.833 / 3.889         0.833 / 3.889       ms
[14210.316s][info][gc,stats    ]    Subphase: Concurrent Roots CodeCache                    0.000 / 0.000         0.000 / 0.000         0.000 / 0.000         0.000 / 0.000       ms
[14210.316s][info][gc,stats    ]    Subphase: Concurrent Roots JavaThreads                  0.000 / 0.000         0.000 / 0.000         4.665 / 969.487       4.665 / 969.487     ms
[14210.316s][info][gc,stats    ]    Subphase: Concurrent Roots OopStorageSet                0.000 / 0.000         0.000 / 0.000         0.083 / 2.218         0.083 / 2.218       ms
[14210.316s][info][gc,stats    ]    Subphase: Concurrent Weak Roots OopStorageSet           0.000 / 0.000         0.000 / 0.000         1.501 / 13.633        1.501 / 13.633      ms
[14210.316s][info][gc,stats    ]    Subphase: Pause Mark Try Complete                       0.000 / 0.000         0.000 / 0.000         0.001 / 0.031         0.001 / 0.031       ms
[14210.316s][info][gc,stats    ]      System: Java Threads                                      0 / 0                 0 / 0              1929 / 4684           1929 / 4684        threads
[14210.316s][info][gc,stats    ] =========================================================================================================================================================
[14220.315s][info][gc,stats    ] === Garbage Collection Statistics =======================================================================================================================
[14220.315s][info][gc,stats    ]                                                              Last 10s              Last 10m              Last 10h                Total
[14220.315s][info][gc,stats    ]                                                              Avg / Max             Avg / Max             Avg / Max             Avg / Max
[14220.315s][info][gc,stats    ]   Collector: Garbage Collection Cycle                      0.000 / 0.000         0.000 / 0.000       665.978 / 19032.234   665.978 / 19032.234   ms
[14220.315s][info][gc,stats    ]  Contention: Mark Segment Reset Contention                     0 / 0                 0 / 0                 2 / 104               2 / 104         ops/s
[14220.315s][info][gc,stats    ]  Contention: Mark SeqNum Reset Contention                      0 / 0                 0 / 0                 0 / 7                 0 / 7           ops/s
[14220.315s][info][gc,stats    ]    Critical: Allocation Stall                                  0 / 0                 0 / 0                 0 / 827               0 / 827         ops/s
[14220.315s][info][gc,stats    ]    Critical: Allocation Stall                              0.000 / 0.000         0.000 / 0.000       146.230 / 487.490     146.230 / 487.490     ms
[14220.315s][info][gc,stats    ]    Critical: GC Locker Stall                                   0 / 0                 0 / 0                 0 / 2                 0 / 2           ops/s
[14220.316s][info][gc,stats    ]    Critical: GC Locker Stall                               0.000 / 0.000         0.000 / 0.000         0.167 / 4.787         0.167 / 4.787       ms
[14220.316s][info][gc,stats    ]    Critical: Relocation Stall                                  0 / 0                 0 / 0                 0 / 103               0 / 103         ops/s
[14220.316s][info][gc,stats    ]    Critical: Relocation Stall                              0.000 / 0.000         0.000 / 0.000        14.882 / 62.172       14.882 / 62.172      ms
[14220.316s][info][gc,stats    ]      Memory: Allocation Rate                                   0 / 0                 0 / 0               490 / 2790            490 / 2790        MB/s
[14220.316s][info][gc,stats    ]      Memory: Out Of Memory                                     0 / 0                 0 / 0                 0 / 0                 0 / 0           ops/s
[14220.316s][info][gc,stats    ]      Memory: Page Cache Flush                                  0 / 0                 0 / 0                 0 / 258               0 / 258         MB/s
[14220.316s][info][gc,stats    ]      Memory: Page Cache Hit L1                                 0 / 0                 0 / 0               238 / 1336            238 / 1336        ops/s
[14220.316s][info][gc,stats    ]      Memory: Page Cache Hit L2                                 0 / 0                 0 / 0                 0 / 0                 0 / 0           ops/s
[14220.316s][info][gc,stats    ]      Memory: Page Cache Hit L3                                 0 / 0                 0 / 0                 0 / 1028              0 / 1028        ops/s
[14220.316s][info][gc,stats    ]      Memory: Page Cache Miss                                   0 / 0                 0 / 0                 0 / 12                0 / 12          ops/s
[14220.316s][info][gc,stats    ]      Memory: Uncommit                                          0 / 0                 0 / 0                 0 / 0                 0 / 0           MB/s
[14220.316s][info][gc,stats    ]      Memory: Undo Object Allocation Failed                     0 / 0                 0 / 0                 0 / 5                 0 / 5           ops/s
[14220.316s][info][gc,stats    ]      Memory: Undo Object Allocation Succeeded                  0 / 0                 0 / 0                16 / 6595             16 / 6595        ops/s
[14220.316s][info][gc,stats    ]      Memory: Undo Page Allocation                              0 / 0                 0 / 0                 0 / 676               0 / 676         ops/s
[14220.316s][info][gc,stats    ]       Phase: Concurrent Mark                               0.000 / 0.000         0.000 / 0.000       571.218 / 3424.228    571.218 / 3424.228    ms
[14220.316s][info][gc,stats    ]       Phase: Concurrent Mark Continue                      0.000 / 0.000         0.000 / 0.000         0.000 / 0.000         0.000 / 0.000       ms
[14220.316s][info][gc,stats    ]       Phase: Concurrent Mark Free                          0.000 / 0.000         0.000 / 0.000         1.118 / 305.339       1.118 / 305.339     ms
[14220.316s][info][gc,stats    ]       Phase: Concurrent Process Non-Strong References      0.000 / 0.000         0.000 / 0.000        69.335 / 18388.762    69.335 / 18388.762   ms
[14220.316s][info][gc,stats    ]       Phase: Concurrent Relocate                           0.000 / 0.000         0.000 / 0.000        11.475 / 64.108       11.475 / 64.108      ms
[14220.316s][info][gc,stats    ]       Phase: Concurrent Reset Relocation Set               0.000 / 0.000         0.000 / 0.000         0.212 / 0.968         0.212 / 0.968       ms
[14220.316s][info][gc,stats    ]       Phase: Concurrent Select Relocation Set              0.000 / 0.000         0.000 / 0.000         6.722 / 623.697       6.722 / 623.697     ms
[14220.316s][info][gc,stats    ]       Phase: Pause Mark End                                0.000 / 0.000         0.000 / 0.000         0.094 / 0.434         0.094 / 0.434       ms
[14220.316s][info][gc,stats    ]       Phase: Pause Mark Start                              0.000 / 0.000         0.000 / 0.000         0.023 / 0.223         0.023 / 0.223       ms
[14220.316s][info][gc,stats    ]       Phase: Pause Relocate Start                          0.000 / 0.000         0.000 / 0.000         0.045 / 0.309         0.045 / 0.309       ms
[14220.316s][info][gc,stats    ]    Subphase: Concurrent Classes Purge                      0.000 / 0.000         0.000 / 0.000         0.518 / 3.157         0.518 / 3.157       ms
[14220.316s][info][gc,stats    ]    Subphase: Concurrent Classes Unlink                     0.000 / 0.000         0.000 / 0.000        64.039 / 18382.834    64.039 / 18382.834   ms
[14220.316s][info][gc,stats    ]    Subphase: Concurrent Mark                               0.000 / 0.000         0.000 / 0.000       450.151 / 3398.532    450.151 / 3398.532    ms
[14220.316s][info][gc,stats    ]    Subphase: Concurrent Mark Try Flush                     0.000 / 0.000         0.000 / 0.000         1.565 / 934.939       1.565 / 934.939     ms
[14220.316s][info][gc,stats    ]    Subphase: Concurrent Mark Try Terminate                 0.000 / 0.000         0.000 / 0.000         1.072 / 934.940       1.072 / 934.940     ms
[14220.316s][info][gc,stats    ]    Subphase: Concurrent References Enqueue                 0.000 / 0.000         0.000 / 0.000         0.009 / 0.091         0.009 / 0.091       ms
[14220.316s][info][gc,stats    ]    Subphase: Concurrent References Process                 0.000 / 0.000         0.000 / 0.000         0.881 / 3.992         0.881 / 3.992       ms
[14220.316s][info][gc,stats    ]    Subphase: Concurrent Roots ClassLoaderDataGraph         0.000 / 0.000         0.000 / 0.000         0.833 / 3.889         0.833 / 3.889       ms
[14220.316s][info][gc,stats    ]    Subphase: Concurrent Roots CodeCache                    0.000 / 0.000         0.000 / 0.000         0.000 / 0.000         0.000 / 0.000       ms
[14220.316s][info][gc,stats    ]    Subphase: Concurrent Roots JavaThreads                  0.000 / 0.000         0.000 / 0.000         4.665 / 969.487       4.665 / 969.487     ms
[14220.316s][info][gc,stats    ]    Subphase: Concurrent Roots OopStorageSet                0.000 / 0.000         0.000 / 0.000         0.083 / 2.218         0.083 / 2.218       ms
[14220.316s][info][gc,stats    ]    Subphase: Concurrent Weak Roots OopStorageSet           0.000 / 0.000         0.000 / 0.000         1.501 / 13.633        1.501 / 13.633      ms
[14220.316s][info][gc,stats    ]    Subphase: Pause Mark Try Complete                       0.000 / 0.000         0.000 / 0.000         0.001 / 0.031         0.001 / 0.031       ms
[14220.316s][info][gc,stats    ]      System: Java Threads                                      0 / 0                 0 / 0              1929 / 4684           1929 / 4684        threads
[14220.316s][info][gc,stats    ] =========================================================================================================================================================
[14230.315s][info][gc,stats    ] === Garbage Collection Statistics =======================================================================================================================
[14230.315s][info][gc,stats    ]                                                              Last 10s              Last 10m              Last 10h                Total
[14230.315s][info][gc,stats    ]                                                              Avg / Max             Avg / Max             Avg / Max             Avg / Max
[14230.315s][info][gc,stats    ]   Collector: Garbage Collection Cycle                      0.000 / 0.000         0.000 / 0.000       665.978 / 19032.234   665.978 / 19032.234   ms
[14230.315s][info][gc,stats    ]  Contention: Mark Segment Reset Contention                     0 / 0                 0 / 0                 2 / 104               2 / 104         ops/s
[14230.315s][info][gc,stats    ]  Contention: Mark SeqNum Reset Contention                      0 / 0                 0 / 0                 0 / 7                 0 / 7           ops/s
[14230.315s][info][gc,stats    ]    Critical: Allocation Stall                                  0 / 0                 0 / 0                 0 / 827               0 / 827         ops/s
[14230.315s][info][gc,stats    ]    Critical: Allocation Stall                              0.000 / 0.000         0.000 / 0.000       146.230 / 487.490     146.230 / 487.490     ms
[14230.315s][info][gc,stats    ]    Critical: GC Locker Stall                                   0 / 0                 0 / 0                 0 / 2                 0 / 2           ops/s
[14230.315s][info][gc,stats    ]    Critical: GC Locker Stall                               0.000 / 0.000         0.000 / 0.000         0.167 / 4.787         0.167 / 4.787       ms
[14230.315s][info][gc,stats    ]    Critical: Relocation Stall                                  0 / 0                 0 / 0                 0 / 103               0 / 103         ops/s
[14230.315s][info][gc,stats    ]    Critical: Relocation Stall                              0.000 / 0.000         0.000 / 0.000        14.882 / 62.172       14.882 / 62.172      ms
[14230.315s][info][gc,stats    ]      Memory: Allocation Rate                                   0 / 0                 0 / 0               490 / 2790            490 / 2790        MB/s
[14230.315s][info][gc,stats    ]      Memory: Out Of Memory                                     0 / 0                 0 / 0                 0 / 0                 0 / 0           ops/s
[14230.315s][info][gc,stats    ]      Memory: Page Cache Flush                                  0 / 0                 0 / 0                 0 / 258               0 / 258         MB/s
[14230.315s][info][gc,stats    ]      Memory: Page Cache Hit L1                                 0 / 0                 0 / 0               238 / 1336            238 / 1336        ops/s
[14230.315s][info][gc,stats    ]      Memory: Page Cache Hit L2                                 0 / 0                 0 / 0                 0 / 0                 0 / 0           ops/s
[14230.315s][info][gc,stats    ]      Memory: Page Cache Hit L3                                 0 / 0                 0 / 0                 0 / 1028              0 / 1028        ops/s
[14230.315s][info][gc,stats    ]      Memory: Page Cache Miss                                   0 / 0                 0 / 0                 0 / 12                0 / 12          ops/s
[14230.315s][info][gc,stats    ]      Memory: Uncommit                                          0 / 0                 0 / 0                 0 / 0                 0 / 0           MB/s
[14230.315s][info][gc,stats    ]      Memory: Undo Object Allocation Failed                     0 / 0                 0 / 0                 0 / 5                 0 / 5           ops/s
[14230.315s][info][gc,stats    ]      Memory: Undo Object Allocation Succeeded                  0 / 0                 0 / 0                16 / 6595             16 / 6595        ops/s
[14230.315s][info][gc,stats    ]      Memory: Undo Page Allocation                              0 / 0                 0 / 0                 0 / 676               0 / 676         ops/s
[14230.315s][info][gc,stats    ]       Phase: Concurrent Mark                               0.000 / 0.000         0.000 / 0.000       571.218 / 3424.228    571.218 / 3424.228    ms
[14230.315s][info][gc,stats    ]       Phase: Concurrent Mark Continue                      0.000 / 0.000         0.000 / 0.000         0.000 / 0.000         0.000 / 0.000       ms
[14230.315s][info][gc,stats    ]       Phase: Concurrent Mark Free                          0.000 / 0.000         0.000 / 0.000         1.118 / 305.339       1.118 / 305.339     ms
[14230.315s][info][gc,stats    ]       Phase: Concurrent Process Non-Strong References      0.000 / 0.000         0.000 / 0.000        69.335 / 18388.762    69.335 / 18388.762   ms
[14230.315s][info][gc,stats    ]       Phase: Concurrent Relocate                           0.000 / 0.000         0.000 / 0.000        11.475 / 64.108       11.475 / 64.108      ms
[14230.315s][info][gc,stats    ]       Phase: Concurrent Reset Relocation Set               0.000 / 0.000         0.000 / 0.000         0.212 / 0.968         0.212 / 0.968       ms
[14230.315s][info][gc,stats    ]       Phase: Concurrent Select Relocation Set              0.000 / 0.000         0.000 / 0.000         6.722 / 623.697       6.722 / 623.697     ms
[14230.316s][info][gc,stats    ]       Phase: Pause Mark End                                0.000 / 0.000         0.000 / 0.000         0.094 / 0.434         0.094 / 0.434       ms
[14230.316s][info][gc,stats    ]       Phase: Pause Mark Start                              0.000 / 0.000         0.000 / 0.000         0.023 / 0.223         0.023 / 0.223       ms
[14230.316s][info][gc,stats    ]       Phase: Pause Relocate Start                          0.000 / 0.000         0.000 / 0.000         0.045 / 0.309         0.045 / 0.309       ms
[14230.316s][info][gc,stats    ]    Subphase: Concurrent Classes Purge                      0.000 / 0.000         0.000 / 0.000         0.518 / 3.157         0.518 / 3.157       ms
[14230.316s][info][gc,stats    ]    Subphase: Concurrent Classes Unlink                     0.000 / 0.000         0.000 / 0.000        64.039 / 18382.834    64.039 / 18382.834   ms
[14230.316s][info][gc,stats    ]    Subphase: Concurrent Mark                               0.000 / 0.000         0.000 / 0.000       450.151 / 3398.532    450.151 / 3398.532    ms
[14230.316s][info][gc,stats    ]    Subphase: Concurrent Mark Try Flush                     0.000 / 0.000         0.000 / 0.000         1.565 / 934.939       1.565 / 934.939     ms
[14230.316s][info][gc,stats    ]    Subphase: Concurrent Mark Try Terminate                 0.000 / 0.000         0.000 / 0.000         1.072 / 934.940       1.072 / 934.940     ms
[14230.316s][info][gc,stats    ]    Subphase: Concurrent References Enqueue                 0.000 / 0.000         0.000 / 0.000         0.009 / 0.091         0.009 / 0.091       ms
[14230.316s][info][gc,stats    ]    Subphase: Concurrent References Process                 0.000 / 0.000         0.000 / 0.000         0.881 / 3.992         0.881 / 3.992       ms
[14230.316s][info][gc,stats    ]    Subphase: Concurrent Roots ClassLoaderDataGraph         0.000 / 0.000         0.000 / 0.000         0.833 / 3.889         0.833 / 3.889       ms
[14230.316s][info][gc,stats    ]    Subphase: Concurrent Roots CodeCache                    0.000 / 0.000         0.000 / 0.000         0.000 / 0.000         0.000 / 0.000       ms
[14230.316s][info][gc,stats    ]    Subphase: Concurrent Roots JavaThreads                  0.000 / 0.000         0.000 / 0.000         4.665 / 969.487       4.665 / 969.487     ms
[14230.316s][info][gc,stats    ]    Subphase: Concurrent Roots OopStorageSet                0.000 / 0.000         0.000 / 0.000         0.083 / 2.218         0.083 / 2.218       ms
[14230.316s][info][gc,stats    ]    Subphase: Concurrent Weak Roots OopStorageSet           0.000 / 0.000         0.000 / 0.000         1.501 / 13.633        1.501 / 13.633      ms
[14230.316s][info][gc,stats    ]    Subphase: Pause Mark Try Complete                       0.000 / 0.000         0.000 / 0.000         0.001 / 0.031         0.001 / 0.031       ms
[14230.316s][info][gc,stats    ]      System: Java Threads                                      0 / 0                 0 / 0              1929 / 4684           1929 / 4684        threads
[14230.316s][info][gc,stats    ] =========================================================================================================================================================
[14240.316s][info][gc,stats    ] === Garbage Collection Statistics =======================================================================================================================
[14240.316s][info][gc,stats    ]                                                              Last 10s              Last 10m              Last 10h                Total
[14240.316s][info][gc,stats    ]                                                              Avg / Max             Avg / Max             Avg / Max             Avg / Max
[14240.316s][info][gc,stats    ]   Collector: Garbage Collection Cycle                      0.000 / 0.000         0.000 / 0.000       665.978 / 19032.234   665.978 / 19032.234   ms
[14240.316s][info][gc,stats    ]  Contention: Mark Segment Reset Contention                     0 / 0                 0 / 0                 2 / 104               2 / 104         ops/s
[14240.316s][info][gc,stats    ]  Contention: Mark SeqNum Reset Contention                      0 / 0                 0 / 0                 0 / 7                 0 / 7           ops/s
[14240.316s][info][gc,stats    ]    Critical: Allocation Stall                                  0 / 0                 0 / 0                 0 / 827               0 / 827         ops/s
[14240.316s][info][gc,stats    ]    Critical: Allocation Stall                              0.000 / 0.000         0.000 / 0.000       146.230 / 487.490     146.230 / 487.490     ms
[14240.316s][info][gc,stats    ]    Critical: GC Locker Stall                                   0 / 0                 0 / 0                 0 / 2                 0 / 2           ops/s
[14240.316s][info][gc,stats    ]    Critical: GC Locker Stall                               0.000 / 0.000         0.000 / 0.000         0.167 / 4.787         0.167 / 4.787       ms
[14240.316s][info][gc,stats    ]    Critical: Relocation Stall                                  0 / 0                 0 / 0                 0 / 103               0 / 103         ops/s
[14240.316s][info][gc,stats    ]    Critical: Relocation Stall                              0.000 / 0.000         0.000 / 0.000        14.882 / 62.172       14.882 / 62.172      ms
[14240.316s][info][gc,stats    ]      Memory: Allocation Rate                                   0 / 0                 0 / 0               489 / 2790            489 / 2790        MB/s
[14240.316s][info][gc,stats    ]      Memory: Out Of Memory                                     0 / 0                 0 / 0                 0 / 0                 0 / 0           ops/s
[14240.316s][info][gc,stats    ]      Memory: Page Cache Flush                                  0 / 0                 0 / 0                 0 / 258               0 / 258         MB/s
[14240.316s][info][gc,stats    ]      Memory: Page Cache Hit L1                                 0 / 0                 0 / 0               238 / 1336            238 / 1336        ops/s
[14240.316s][info][gc,stats    ]      Memory: Page Cache Hit L2                                 0 / 0                 0 / 0                 0 / 0                 0 / 0           ops/s
[14240.316s][info][gc,stats    ]      Memory: Page Cache Hit L3                                 0 / 0                 0 / 0                 0 / 1028              0 / 1028        ops/s
[14240.316s][info][gc,stats    ]      Memory: Page Cache Miss                                   0 / 0                 0 / 0                 0 / 12                0 / 12          ops/s
[14240.316s][info][gc,stats    ]      Memory: Uncommit                                          0 / 0                 0 / 0                 0 / 0                 0 / 0           MB/s
[14240.316s][info][gc,stats    ]      Memory: Undo Object Allocation Failed                     0 / 0                 0 / 0                 0 / 5                 0 / 5           ops/s
[14240.316s][info][gc,stats    ]      Memory: Undo Object Allocation Succeeded                  0 / 0                 0 / 0                16 / 6595             16 / 6595        ops/s
[14240.316s][info][gc,stats    ]      Memory: Undo Page Allocation                              0 / 0                 0 / 0                 0 / 676               0 / 676         ops/s
[14240.316s][info][gc,stats    ]       Phase: Concurrent Mark                               0.000 / 0.000         0.000 / 0.000       571.218 / 3424.228    571.218 / 3424.228    ms
[14240.316s][info][gc,stats    ]       Phase: Concurrent Mark Continue                      0.000 / 0.000         0.000 / 0.000         0.000 / 0.000         0.000 / 0.000       ms
[14240.316s][info][gc,stats    ]       Phase: Concurrent Mark Free                          0.000 / 0.000         0.000 / 0.000         1.118 / 305.339       1.118 / 305.339     ms
[14240.316s][info][gc,stats    ]       Phase: Concurrent Process Non-Strong References      0.000 / 0.000         0.000 / 0.000        69.335 / 18388.762    69.335 / 18388.762   ms
[14240.316s][info][gc,stats    ]       Phase: Concurrent Relocate                           0.000 / 0.000         0.000 / 0.000        11.475 / 64.108       11.475 / 64.108      ms
[14240.316s][info][gc,stats    ]       Phase: Concurrent Reset Relocation Set               0.000 / 0.000         0.000 / 0.000         0.212 / 0.968         0.212 / 0.968       ms
[14240.316s][info][gc,stats    ]       Phase: Concurrent Select Relocation Set              0.000 / 0.000         0.000 / 0.000         6.722 / 623.697       6.722 / 623.697     ms
[14240.316s][info][gc,stats    ]       Phase: Pause Mark End                                0.000 / 0.000         0.000 / 0.000         0.094 / 0.434         0.094 / 0.434       ms
[14240.316s][info][gc,stats    ]       Phase: Pause Mark Start                              0.000 / 0.000         0.000 / 0.000         0.023 / 0.223         0.023 / 0.223       ms
[14240.316s][info][gc,stats    ]       Phase: Pause Relocate Start                          0.000 / 0.000         0.000 / 0.000         0.045 / 0.309         0.045 / 0.309       ms
[14240.316s][info][gc,stats    ]    Subphase: Concurrent Classes Purge                      0.000 / 0.000         0.000 / 0.000         0.518 / 3.157         0.518 / 3.157       ms
[14240.316s][info][gc,stats    ]    Subphase: Concurrent Classes Unlink                     0.000 / 0.000         0.000 / 0.000        64.039 / 18382.834    64.039 / 18382.834   ms
[14240.316s][info][gc,stats    ]    Subphase: Concurrent Mark                               0.000 / 0.000         0.000 / 0.000       450.151 / 3398.532    450.151 / 3398.532    ms
[14240.316s][info][gc,stats    ]    Subphase: Concurrent Mark Try Flush                     0.000 / 0.000         0.000 / 0.000         1.565 / 934.939       1.565 / 934.939     ms
[14240.316s][info][gc,stats    ]    Subphase: Concurrent Mark Try Terminate                 0.000 / 0.000         0.000 / 0.000         1.072 / 934.940       1.072 / 934.940     ms
[14240.316s][info][gc,stats    ]    Subphase: Concurrent References Enqueue                 0.000 / 0.000         0.000 / 0.000         0.009 / 0.091         0.009 / 0.091       ms
[14240.316s][info][gc,stats    ]    Subphase: Concurrent References Process                 0.000 / 0.000         0.000 / 0.000         0.881 / 3.992         0.881 / 3.992       ms
[14240.316s][info][gc,stats    ]    Subphase: Concurrent Roots ClassLoaderDataGraph         0.000 / 0.000         0.000 / 0.000         0.833 / 3.889         0.833 / 3.889       ms
[14240.316s][info][gc,stats    ]    Subphase: Concurrent Roots CodeCache                    0.000 / 0.000         0.000 / 0.000         0.000 / 0.000         0.000 / 0.000       ms
[14240.316s][info][gc,stats    ]    Subphase: Concurrent Roots JavaThreads                  0.000 / 0.000         0.000 / 0.000         4.665 / 969.487       4.665 / 969.487     ms
[14240.316s][info][gc,stats    ]    Subphase: Concurrent Roots OopStorageSet                0.000 / 0.000         0.000 / 0.000         0.083 / 2.218         0.083 / 2.218       ms
[14240.316s][info][gc,stats    ]    Subphase: Concurrent Weak Roots OopStorageSet           0.000 / 0.000         0.000 / 0.000         1.501 / 13.633        1.501 / 13.633      ms
[14240.316s][info][gc,stats    ]    Subphase: Pause Mark Try Complete                       0.000 / 0.000         0.000 / 0.000         0.001 / 0.031         0.001 / 0.031       ms
[14240.316s][info][gc,stats    ]      System: Java Threads                                      0 / 0                 0 / 0              1929 / 4684           1929 / 4684        threads
[14240.316s][info][gc,stats    ] =========================================================================================================================================================
[14250.316s][info][gc,stats    ] === Garbage Collection Statistics =======================================================================================================================
[14250.316s][info][gc,stats    ]                                                              Last 10s              Last 10m              Last 10h                Total
[14250.316s][info][gc,stats    ]                                                              Avg / Max             Avg / Max             Avg / Max             Avg / Max
[14250.316s][info][gc,stats    ]   Collector: Garbage Collection Cycle                      0.000 / 0.000         0.000 / 0.000       665.978 / 19032.234   665.978 / 19032.234   ms
[14250.316s][info][gc,stats    ]  Contention: Mark Segment Reset Contention                     0 / 0                 0 / 0                 2 / 104               2 / 104         ops/s
[14250.316s][info][gc,stats    ]  Contention: Mark SeqNum Reset Contention                      0 / 0                 0 / 0                 0 / 7                 0 / 7           ops/s
[14250.316s][info][gc,stats    ]    Critical: Allocation Stall                                  0 / 0                 0 / 0                 0 / 827               0 / 827         ops/s
[14250.316s][info][gc,stats    ]    Critical: Allocation Stall                              0.000 / 0.000         0.000 / 0.000       146.230 / 487.490     146.230 / 487.490     ms
[14250.316s][info][gc,stats    ]    Critical: GC Locker Stall                                   0 / 0                 0 / 0                 0 / 2                 0 / 2           ops/s
[14250.316s][info][gc,stats    ]    Critical: GC Locker Stall                               0.000 / 0.000         0.000 / 0.000         0.167 / 4.787         0.167 / 4.787       ms
[14250.316s][info][gc,stats    ]    Critical: Relocation Stall                                  0 / 0                 0 / 0                 0 / 103               0 / 103         ops/s
[14250.316s][info][gc,stats    ]    Critical: Relocation Stall                              0.000 / 0.000         0.000 / 0.000        14.882 / 62.172       14.882 / 62.172      ms
[14250.316s][info][gc,stats    ]      Memory: Allocation Rate                                   0 / 0                 0 / 0               489 / 2790            489 / 2790        MB/s
[14250.316s][info][gc,stats    ]      Memory: Out Of Memory                                     0 / 0                 0 / 0                 0 / 0                 0 / 0           ops/s
[14250.316s][info][gc,stats    ]      Memory: Page Cache Flush                                  0 / 0                 0 / 0                 0 / 258               0 / 258         MB/s
[14250.316s][info][gc,stats    ]      Memory: Page Cache Hit L1                                 0 / 0                 0 / 0               238 / 1336            238 / 1336        ops/s
[14250.316s][info][gc,stats    ]      Memory: Page Cache Hit L2                                 0 / 0                 0 / 0                 0 / 0                 0 / 0           ops/s
[14250.316s][info][gc,stats    ]      Memory: Page Cache Hit L3                                 0 / 0                 0 / 0                 0 / 1028              0 / 1028        ops/s
[14250.316s][info][gc,stats    ]      Memory: Page Cache Miss                                   0 / 0                 0 / 0                 0 / 12                0 / 12          ops/s
[14250.316s][info][gc,stats    ]      Memory: Uncommit                                          0 / 0                 0 / 0                 0 / 0                 0 / 0           MB/s
[14250.316s][info][gc,stats    ]      Memory: Undo Object Allocation Failed                     0 / 0                 0 / 0                 0 / 5                 0 / 5           ops/s
[14250.316s][info][gc,stats    ]      Memory: Undo Object Allocation Succeeded                  0 / 0                 0 / 0                16 / 6595             16 / 6595        ops/s
[14250.316s][info][gc,stats    ]      Memory: Undo Page Allocation                              0 / 0                 0 / 0                 0 / 676               0 / 676         ops/s
[14250.316s][info][gc,stats    ]       Phase: Concurrent Mark                               0.000 / 0.000         0.000 / 0.000       571.218 / 3424.228    571.218 / 3424.228    ms
[14250.316s][info][gc,stats    ]       Phase: Concurrent Mark Continue                      0.000 / 0.000         0.000 / 0.000         0.000 / 0.000         0.000 / 0.000       ms
[14250.316s][info][gc,stats    ]       Phase: Concurrent Mark Free                          0.000 / 0.000         0.000 / 0.000         1.118 / 305.339       1.118 / 305.339     ms
[14250.316s][info][gc,stats    ]       Phase: Concurrent Process Non-Strong References      0.000 / 0.000         0.000 / 0.000        69.335 / 18388.762    69.335 / 18388.762   ms
[14250.316s][info][gc,stats    ]       Phase: Concurrent Relocate                           0.000 / 0.000         0.000 / 0.000        11.475 / 64.108       11.475 / 64.108      ms
[14250.316s][info][gc,stats    ]       Phase: Concurrent Reset Relocation Set               0.000 / 0.000         0.000 / 0.000         0.212 / 0.968         0.212 / 0.968       ms
[14250.316s][info][gc,stats    ]       Phase: Concurrent Select Relocation Set              0.000 / 0.000         0.000 / 0.000         6.722 / 623.697       6.722 / 623.697     ms
[14250.316s][info][gc,stats    ]       Phase: Pause Mark End                                0.000 / 0.000         0.000 / 0.000         0.094 / 0.434         0.094 / 0.434       ms
[14250.316s][info][gc,stats    ]       Phase: Pause Mark Start                              0.000 / 0.000         0.000 / 0.000         0.023 / 0.223         0.023 / 0.223       ms
[14250.316s][info][gc,stats    ]       Phase: Pause Relocate Start                          0.000 / 0.000         0.000 / 0.000         0.045 / 0.309         0.045 / 0.309       ms
[14250.316s][info][gc,stats    ]    Subphase: Concurrent Classes Purge                      0.000 / 0.000         0.000 / 0.000         0.518 / 3.157         0.518 / 3.157       ms
[14250.316s][info][gc,stats    ]    Subphase: Concurrent Classes Unlink                     0.000 / 0.000         0.000 / 0.000        64.039 / 18382.834    64.039 / 18382.834   ms
[14250.316s][info][gc,stats    ]    Subphase: Concurrent Mark                               0.000 / 0.000         0.000 / 0.000       450.151 / 3398.532    450.151 / 3398.532    ms
[14250.316s][info][gc,stats    ]    Subphase: Concurrent Mark Try Flush                     0.000 / 0.000         0.000 / 0.000         1.565 / 934.939       1.565 / 934.939     ms
[14250.316s][info][gc,stats    ]    Subphase: Concurrent Mark Try Terminate                 0.000 / 0.000         0.000 / 0.000         1.072 / 934.940       1.072 / 934.940     ms
[14250.316s][info][gc,stats    ]    Subphase: Concurrent References Enqueue                 0.000 / 0.000         0.000 / 0.000         0.009 / 0.091         0.009 / 0.091       ms
[14250.316s][info][gc,stats    ]    Subphase: Concurrent References Process                 0.000 / 0.000         0.000 / 0.000         0.881 / 3.992         0.881 / 3.992       ms
[14250.316s][info][gc,stats    ]    Subphase: Concurrent Roots ClassLoaderDataGraph         0.000 / 0.000         0.000 / 0.000         0.833 / 3.889         0.833 / 3.889       ms
[14250.316s][info][gc,stats    ]    Subphase: Concurrent Roots CodeCache                    0.000 / 0.000         0.000 / 0.000         0.000 / 0.000         0.000 / 0.000       ms
[14250.316s][info][gc,stats    ]    Subphase: Concurrent Roots JavaThreads                  0.000 / 0.000         0.000 / 0.000         4.665 / 969.487       4.665 / 969.487     ms
[14250.316s][info][gc,stats    ]    Subphase: Concurrent Roots OopStorageSet                0.000 / 0.000         0.000 / 0.000         0.083 / 2.218         0.083 / 2.218       ms
[14250.316s][info][gc,stats    ]    Subphase: Concurrent Weak Roots OopStorageSet           0.000 / 0.000         0.000 / 0.000         1.501 / 13.633        1.501 / 13.633      ms
[14250.316s][info][gc,stats    ]    Subphase: Pause Mark Try Complete                       0.000 / 0.000         0.000 / 0.000         0.001 / 0.031         0.001 / 0.031       ms
[14250.316s][info][gc,stats    ]      System: Java Threads                                      0 / 0                 0 / 0              1929 / 4684           1929 / 4684        threads
[14250.316s][info][gc,stats    ] =========================================================================================================================================================
[14260.316s][info][gc,stats    ] === Garbage Collection Statistics =======================================================================================================================
[14260.316s][info][gc,stats    ]                                                              Last 10s              Last 10m              Last 10h                Total
[14260.316s][info][gc,stats    ]                                                              Avg / Max             Avg / Max             Avg / Max             Avg / Max
[14260.316s][info][gc,stats    ]   Collector: Garbage Collection Cycle                      0.000 / 0.000         0.000 / 0.000       665.978 / 19032.234   665.978 / 19032.234   ms
[14260.316s][info][gc,stats    ]  Contention: Mark Segment Reset Contention                     0 / 0                 0 / 0                 2 / 104               2 / 104         ops/s
[14260.316s][info][gc,stats    ]  Contention: Mark SeqNum Reset Contention                      0 / 0                 0 / 0                 0 / 7                 0 / 7           ops/s
[14260.316s][info][gc,stats    ]    Critical: Allocation Stall                                  0 / 0                 0 / 0                 0 / 827               0 / 827         ops/s
[14260.316s][info][gc,stats    ]    Critical: Allocation Stall                              0.000 / 0.000         0.000 / 0.000       146.230 / 487.490     146.230 / 487.490     ms
[14260.316s][info][gc,stats    ]    Critical: GC Locker Stall                                   0 / 0                 0 / 0                 0 / 2                 0 / 2           ops/s
[14260.316s][info][gc,stats    ]    Critical: GC Locker Stall                               0.000 / 0.000         0.000 / 0.000         0.167 / 4.787         0.167 / 4.787       ms
[14260.316s][info][gc,stats    ]    Critical: Relocation Stall                                  0 / 0                 0 / 0                 0 / 103               0 / 103         ops/s
[14260.316s][info][gc,stats    ]    Critical: Relocation Stall                              0.000 / 0.000         0.000 / 0.000        14.882 / 62.172       14.882 / 62.172      ms
[14260.316s][info][gc,stats    ]      Memory: Allocation Rate                                   0 / 0                 0 / 0               489 / 2790            489 / 2790        MB/s
[14260.316s][info][gc,stats    ]      Memory: Out Of Memory                                     0 / 0                 0 / 0                 0 / 0                 0 / 0           ops/s
[14260.316s][info][gc,stats    ]      Memory: Page Cache Flush                                  0 / 0                 0 / 0                 0 / 258               0 / 258         MB/s
[14260.316s][info][gc,stats    ]      Memory: Page Cache Hit L1                                 0 / 0                 0 / 0               238 / 1336            238 / 1336        ops/s
[14260.316s][info][gc,stats    ]      Memory: Page Cache Hit L2                                 0 / 0                 0 / 0                 0 / 0                 0 / 0           ops/s
[14260.316s][info][gc,stats    ]      Memory: Page Cache Hit L3                                 0 / 0                 0 / 0                 0 / 1028              0 / 1028        ops/s
[14260.316s][info][gc,stats    ]      Memory: Page Cache Miss                                   0 / 0                 0 / 0                 0 / 12                0 / 12          ops/s
[14260.316s][info][gc,stats    ]      Memory: Uncommit                                          0 / 0                 0 / 0                 0 / 0                 0 / 0           MB/s
[14260.316s][info][gc,stats    ]      Memory: Undo Object Allocation Failed                     0 / 0                 0 / 0                 0 / 5                 0 / 5           ops/s
[14260.316s][info][gc,stats    ]      Memory: Undo Object Allocation Succeeded                  0 / 0                 0 / 0                16 / 6595             16 / 6595        ops/s
[14260.316s][info][gc,stats    ]      Memory: Undo Page Allocation                              0 / 0                 0 / 0                 0 / 676               0 / 676         ops/s
[14260.316s][info][gc,stats    ]       Phase: Concurrent Mark                               0.000 / 0.000         0.000 / 0.000       571.218 / 3424.228    571.218 / 3424.228    ms
[14260.316s][info][gc,stats    ]       Phase: Concurrent Mark Continue                      0.000 / 0.000         0.000 / 0.000         0.000 / 0.000         0.000 / 0.000       ms
[14260.316s][info][gc,stats    ]       Phase: Concurrent Mark Free                          0.000 / 0.000         0.000 / 0.000         1.118 / 305.339       1.118 / 305.339     ms
[14260.316s][info][gc,stats    ]       Phase: Concurrent Process Non-Strong References      0.000 / 0.000         0.000 / 0.000        69.335 / 18388.762    69.335 / 18388.762   ms
[14260.316s][info][gc,stats    ]       Phase: Concurrent Relocate                           0.000 / 0.000         0.000 / 0.000        11.475 / 64.108       11.475 / 64.108      ms
[14260.316s][info][gc,stats    ]       Phase: Concurrent Reset Relocation Set               0.000 / 0.000         0.000 / 0.000         0.212 / 0.968         0.212 / 0.968       ms
[14260.316s][info][gc,stats    ]       Phase: Concurrent Select Relocation Set              0.000 / 0.000         0.000 / 0.000         6.722 / 623.697       6.722 / 623.697     ms
[14260.316s][info][gc,stats    ]       Phase: Pause Mark End                                0.000 / 0.000         0.000 / 0.000         0.094 / 0.434         0.094 / 0.434       ms
[14260.316s][info][gc,stats    ]       Phase: Pause Mark Start                              0.000 / 0.000         0.000 / 0.000         0.023 / 0.223         0.023 / 0.223       ms
[14260.316s][info][gc,stats    ]       Phase: Pause Relocate Start                          0.000 / 0.000         0.000 / 0.000         0.045 / 0.309         0.045 / 0.309       ms
[14260.316s][info][gc,stats    ]    Subphase: Concurrent Classes Purge                      0.000 / 0.000         0.000 / 0.000         0.518 / 3.157         0.518 / 3.157       ms
[14260.316s][info][gc,stats    ]    Subphase: Concurrent Classes Unlink                     0.000 / 0.000         0.000 / 0.000        64.039 / 18382.834    64.039 / 18382.834   ms
[14260.316s][info][gc,stats    ]    Subphase: Concurrent Mark                               0.000 / 0.000         0.000 / 0.000       450.151 / 3398.532    450.151 / 3398.532    ms
[14260.316s][info][gc,stats    ]    Subphase: Concurrent Mark Try Flush                     0.000 / 0.000         0.000 / 0.000         1.565 / 934.939       1.565 / 934.939     ms
[14260.316s][info][gc,stats    ]    Subphase: Concurrent Mark Try Terminate                 0.000 / 0.000         0.000 / 0.000         1.072 / 934.940       1.072 / 934.940     ms
[14260.316s][info][gc,stats    ]    Subphase: Concurrent References Enqueue                 0.000 / 0.000         0.000 / 0.000         0.009 / 0.091         0.009 / 0.091       ms
[14260.316s][info][gc,stats    ]    Subphase: Concurrent References Process                 0.000 / 0.000         0.000 / 0.000         0.881 / 3.992         0.881 / 3.992       ms
[14260.316s][info][gc,stats    ]    Subphase: Concurrent Roots ClassLoaderDataGraph         0.000 / 0.000         0.000 / 0.000         0.833 / 3.889         0.833 / 3.889       ms
[14260.316s][info][gc,stats    ]    Subphase: Concurrent Roots CodeCache                    0.000 / 0.000         0.000 / 0.000         0.000 / 0.000         0.000 / 0.000       ms
[14260.316s][info][gc,stats    ]    Subphase: Concurrent Roots JavaThreads                  0.000 / 0.000         0.000 / 0.000         4.665 / 969.487       4.665 / 969.487     ms
[14260.316s][info][gc,stats    ]    Subphase: Concurrent Roots OopStorageSet                0.000 / 0.000         0.000 / 0.000         0.083 / 2.218         0.083 / 2.218       ms
[14260.316s][info][gc,stats    ]    Subphase: Concurrent Weak Roots OopStorageSet           0.000 / 0.000         0.000 / 0.000         1.501 / 13.633        1.501 / 13.633      ms
[14260.316s][info][gc,stats    ]    Subphase: Pause Mark Try Complete                       0.000 / 0.000         0.000 / 0.000         0.001 / 0.031         0.001 / 0.031       ms
[14260.316s][info][gc,stats    ]      System: Java Threads                                      0 / 0                 0 / 0              1929 / 4684           1929 / 4684        threads
[14260.316s][info][gc,stats    ] =========================================================================================================================================================
[14270.315s][info][gc,stats    ] === Garbage Collection Statistics =======================================================================================================================
[14270.315s][info][gc,stats    ]                                                              Last 10s              Last 10m              Last 10h                Total
[14270.315s][info][gc,stats    ]                                                              Avg / Max             Avg / Max             Avg / Max             Avg / Max
[14270.315s][info][gc,stats    ]   Collector: Garbage Collection Cycle                      0.000 / 0.000         0.000 / 0.000       665.978 / 19032.234   665.978 / 19032.234   ms
[14270.315s][info][gc,stats    ]  Contention: Mark Segment Reset Contention                     0 / 0                 0 / 0                 2 / 104               2 / 104         ops/s
[14270.315s][info][gc,stats    ]  Contention: Mark SeqNum Reset Contention                      0 / 0                 0 / 0                 0 / 7                 0 / 7           ops/s
[14270.315s][info][gc,stats    ]    Critical: Allocation Stall                                  0 / 0                 0 / 0                 0 / 827               0 / 827         ops/s
[14270.316s][info][gc,stats    ]    Critical: Allocation Stall                              0.000 / 0.000         0.000 / 0.000       146.230 / 487.490     146.230 / 487.490     ms
[14270.316s][info][gc,stats    ]    Critical: GC Locker Stall                                   0 / 0                 0 / 0                 0 / 2                 0 / 2           ops/s
[14270.316s][info][gc,stats    ]    Critical: GC Locker Stall                               0.000 / 0.000         0.000 / 0.000         0.167 / 4.787         0.167 / 4.787       ms
[14270.316s][info][gc,stats    ]    Critical: Relocation Stall                                  0 / 0                 0 / 0                 0 / 103               0 / 103         ops/s
[14270.316s][info][gc,stats    ]    Critical: Relocation Stall                              0.000 / 0.000         0.000 / 0.000        14.882 / 62.172       14.882 / 62.172      ms
[14270.316s][info][gc,stats    ]      Memory: Allocation Rate                                   0 / 0                 0 / 0               488 / 2790            488 / 2790        MB/s
[14270.316s][info][gc,stats    ]      Memory: Out Of Memory                                     0 / 0                 0 / 0                 0 / 0                 0 / 0           ops/s
[14270.316s][info][gc,stats    ]      Memory: Page Cache Flush                                  0 / 0                 0 / 0                 0 / 258               0 / 258         MB/s
[14270.316s][info][gc,stats    ]      Memory: Page Cache Hit L1                                 0 / 0                 0 / 0               238 / 1336            238 / 1336        ops/s
[14270.316s][info][gc,stats    ]      Memory: Page Cache Hit L2                                 0 / 0                 0 / 0                 0 / 0                 0 / 0           ops/s
[14270.316s][info][gc,stats    ]      Memory: Page Cache Hit L3                                 0 / 0                 0 / 0                 0 / 1028              0 / 1028        ops/s
[14270.316s][info][gc,stats    ]      Memory: Page Cache Miss                                   0 / 0                 0 / 0                 0 / 12                0 / 12          ops/s
[14270.316s][info][gc,stats    ]      Memory: Uncommit                                          0 / 0                 0 / 0                 0 / 0                 0 / 0           MB/s
[14270.316s][info][gc,stats    ]      Memory: Undo Object Allocation Failed                     0 / 0                 0 / 0                 0 / 5                 0 / 5           ops/s
[14270.316s][info][gc,stats    ]      Memory: Undo Object Allocation Succeeded                  0 / 0                 0 / 0                16 / 6595             16 / 6595        ops/s
[14270.316s][info][gc,stats    ]      Memory: Undo Page Allocation                              0 / 0                 0 / 0                 0 / 676               0 / 676         ops/s
[14270.316s][info][gc,stats    ]       Phase: Concurrent Mark                               0.000 / 0.000         0.000 / 0.000       571.218 / 3424.228    571.218 / 3424.228    ms
[14270.316s][info][gc,stats    ]       Phase: Concurrent Mark Continue                      0.000 / 0.000         0.000 / 0.000         0.000 / 0.000         0.000 / 0.000       ms
[14270.316s][info][gc,stats    ]       Phase: Concurrent Mark Free                          0.000 / 0.000         0.000 / 0.000         1.118 / 305.339       1.118 / 305.339     ms
[14270.316s][info][gc,stats    ]       Phase: Concurrent Process Non-Strong References      0.000 / 0.000         0.000 / 0.000        69.335 / 18388.762    69.335 / 18388.762   ms
[14270.316s][info][gc,stats    ]       Phase: Concurrent Relocate                           0.000 / 0.000         0.000 / 0.000        11.475 / 64.108       11.475 / 64.108      ms
[14270.316s][info][gc,stats    ]       Phase: Concurrent Reset Relocation Set               0.000 / 0.000         0.000 / 0.000         0.212 / 0.968         0.212 / 0.968       ms
[14270.316s][info][gc,stats    ]       Phase: Concurrent Select Relocation Set              0.000 / 0.000         0.000 / 0.000         6.722 / 623.697       6.722 / 623.697     ms
[14270.316s][info][gc,stats    ]       Phase: Pause Mark End                                0.000 / 0.000         0.000 / 0.000         0.094 / 0.434         0.094 / 0.434       ms
[14270.316s][info][gc,stats    ]       Phase: Pause Mark Start                              0.000 / 0.000         0.000 / 0.000         0.023 / 0.223         0.023 / 0.223       ms
[14270.316s][info][gc,stats    ]       Phase: Pause Relocate Start                          0.000 / 0.000         0.000 / 0.000         0.045 / 0.309         0.045 / 0.309       ms
[14270.316s][info][gc,stats    ]    Subphase: Concurrent Classes Purge                      0.000 / 0.000         0.000 / 0.000         0.518 / 3.157         0.518 / 3.157       ms
[14270.316s][info][gc,stats    ]    Subphase: Concurrent Classes Unlink                     0.000 / 0.000         0.000 / 0.000        64.039 / 18382.834    64.039 / 18382.834   ms
[14270.316s][info][gc,stats    ]    Subphase: Concurrent Mark                               0.000 / 0.000         0.000 / 0.000       450.151 / 3398.532    450.151 / 3398.532    ms
[14270.316s][info][gc,stats    ]    Subphase: Concurrent Mark Try Flush                     0.000 / 0.000         0.000 / 0.000         1.565 / 934.939       1.565 / 934.939     ms
[14270.316s][info][gc,stats    ]    Subphase: Concurrent Mark Try Terminate                 0.000 / 0.000         0.000 / 0.000         1.072 / 934.940       1.072 / 934.940     ms
[14270.316s][info][gc,stats    ]    Subphase: Concurrent References Enqueue                 0.000 / 0.000         0.000 / 0.000         0.009 / 0.091         0.009 / 0.091       ms
[14270.316s][info][gc,stats    ]    Subphase: Concurrent References Process                 0.000 / 0.000         0.000 / 0.000         0.881 / 3.992         0.881 / 3.992       ms
[14270.316s][info][gc,stats    ]    Subphase: Concurrent Roots ClassLoaderDataGraph         0.000 / 0.000         0.000 / 0.000         0.833 / 3.889         0.833 / 3.889       ms
[14270.316s][info][gc,stats    ]    Subphase: Concurrent Roots CodeCache                    0.000 / 0.000         0.000 / 0.000         0.000 / 0.000         0.000 / 0.000       ms
[14270.316s][info][gc,stats    ]    Subphase: Concurrent Roots JavaThreads                  0.000 / 0.000         0.000 / 0.000         4.665 / 969.487       4.665 / 969.487     ms
[14270.316s][info][gc,stats    ]    Subphase: Concurrent Roots OopStorageSet                0.000 / 0.000         0.000 / 0.000         0.083 / 2.218         0.083 / 2.218       ms
[14270.316s][info][gc,stats    ]    Subphase: Concurrent Weak Roots OopStorageSet           0.000 / 0.000         0.000 / 0.000         1.501 / 13.633        1.501 / 13.633      ms
[14270.316s][info][gc,stats    ]    Subphase: Pause Mark Try Complete                       0.000 / 0.000         0.000 / 0.000         0.001 / 0.031         0.001 / 0.031       ms
[14270.316s][info][gc,stats    ]      System: Java Threads                                      0 / 0                 0 / 0              1929 / 4684           1929 / 4684        threads
[14270.316s][info][gc,stats    ] =========================================================================================================================================================
[14280.316s][info][gc,stats    ] === Garbage Collection Statistics =======================================================================================================================
[14280.316s][info][gc,stats    ]                                                              Last 10s              Last 10m              Last 10h                Total
[14280.316s][info][gc,stats    ]                                                              Avg / Max             Avg / Max             Avg / Max             Avg / Max
[14280.316s][info][gc,stats    ]   Collector: Garbage Collection Cycle                      0.000 / 0.000         0.000 / 0.000       665.978 / 19032.234   665.978 / 19032.234   ms
[14280.316s][info][gc,stats    ]  Contention: Mark Segment Reset Contention                     0 / 0                 0 / 0                 2 / 104               2 / 104         ops/s
[14280.316s][info][gc,stats    ]  Contention: Mark SeqNum Reset Contention                      0 / 0                 0 / 0                 0 / 7                 0 / 7           ops/s
[14280.316s][info][gc,stats    ]    Critical: Allocation Stall                                  0 / 0                 0 / 0                 0 / 827               0 / 827         ops/s
[14280.316s][info][gc,stats    ]    Critical: Allocation Stall                              0.000 / 0.000         0.000 / 0.000       146.230 / 487.490     146.230 / 487.490     ms
[14280.316s][info][gc,stats    ]    Critical: GC Locker Stall                                   0 / 0                 0 / 0                 0 / 2                 0 / 2           ops/s
[14280.316s][info][gc,stats    ]    Critical: GC Locker Stall                               0.000 / 0.000         0.000 / 0.000         0.167 / 4.787         0.167 / 4.787       ms
[14280.316s][info][gc,stats    ]    Critical: Relocation Stall                                  0 / 0                 0 / 0                 0 / 103               0 / 103         ops/s
[14280.316s][info][gc,stats    ]    Critical: Relocation Stall                              0.000 / 0.000         0.000 / 0.000        14.882 / 62.172       14.882 / 62.172      ms
[14280.316s][info][gc,stats    ]      Memory: Allocation Rate                                   0 / 0                 0 / 0               488 / 2790            488 / 2790        MB/s
[14280.316s][info][gc,stats    ]      Memory: Out Of Memory                                     0 / 0                 0 / 0                 0 / 0                 0 / 0           ops/s
[14280.316s][info][gc,stats    ]      Memory: Page Cache Flush                                  0 / 0                 0 / 0                 0 / 258               0 / 258         MB/s
[14280.316s][info][gc,stats    ]      Memory: Page Cache Hit L1                                 0 / 0                 0 / 0               237 / 1336            237 / 1336        ops/s
[14280.316s][info][gc,stats    ]      Memory: Page Cache Hit L2                                 0 / 0                 0 / 0                 0 / 0                 0 / 0           ops/s
[14280.316s][info][gc,stats    ]      Memory: Page Cache Hit L3                                 0 / 0                 0 / 0                 0 / 1028              0 / 1028        ops/s
[14280.316s][info][gc,stats    ]      Memory: Page Cache Miss                                   0 / 0                 0 / 0                 0 / 12                0 / 12          ops/s
[14280.316s][info][gc,stats    ]      Memory: Uncommit                                          0 / 0                 0 / 0                 0 / 0                 0 / 0           MB/s
[14280.316s][info][gc,stats    ]      Memory: Undo Object Allocation Failed                     0 / 0                 0 / 0                 0 / 5                 0 / 5           ops/s
[14280.316s][info][gc,stats    ]      Memory: Undo Object Allocation Succeeded                  0 / 0                 0 / 0                16 / 6595             16 / 6595        ops/s
[14280.316s][info][gc,stats    ]      Memory: Undo Page Allocation                              0 / 0                 0 / 0                 0 / 676               0 / 676         ops/s
[14280.316s][info][gc,stats    ]       Phase: Concurrent Mark                               0.000 / 0.000         0.000 / 0.000       571.218 / 3424.228    571.218 / 3424.228    ms
[14280.316s][info][gc,stats    ]       Phase: Concurrent Mark Continue                      0.000 / 0.000         0.000 / 0.000         0.000 / 0.000         0.000 / 0.000       ms
[14280.316s][info][gc,stats    ]       Phase: Concurrent Mark Free                          0.000 / 0.000         0.000 / 0.000         1.118 / 305.339       1.118 / 305.339     ms
[14280.316s][info][gc,stats    ]       Phase: Concurrent Process Non-Strong References      0.000 / 0.000         0.000 / 0.000        69.335 / 18388.762    69.335 / 18388.762   ms
[14280.316s][info][gc,stats    ]       Phase: Concurrent Relocate                           0.000 / 0.000         0.000 / 0.000        11.475 / 64.108       11.475 / 64.108      ms
[14280.316s][info][gc,stats    ]       Phase: Concurrent Reset Relocation Set               0.000 / 0.000         0.000 / 0.000         0.212 / 0.968         0.212 / 0.968       ms
[14280.316s][info][gc,stats    ]       Phase: Concurrent Select Relocation Set              0.000 / 0.000         0.000 / 0.000         6.722 / 623.697       6.722 / 623.697     ms
[14280.316s][info][gc,stats    ]       Phase: Pause Mark End                                0.000 / 0.000         0.000 / 0.000         0.094 / 0.434         0.094 / 0.434       ms
[14280.316s][info][gc,stats    ]       Phase: Pause Mark Start                              0.000 / 0.000         0.000 / 0.000         0.023 / 0.223         0.023 / 0.223       ms
[14280.316s][info][gc,stats    ]       Phase: Pause Relocate Start                          0.000 / 0.000         0.000 / 0.000         0.045 / 0.309         0.045 / 0.309       ms
[14280.316s][info][gc,stats    ]    Subphase: Concurrent Classes Purge                      0.000 / 0.000         0.000 / 0.000         0.518 / 3.157         0.518 / 3.157       ms
[14280.316s][info][gc,stats    ]    Subphase: Concurrent Classes Unlink                     0.000 / 0.000         0.000 / 0.000        64.039 / 18382.834    64.039 / 18382.834   ms
[14280.316s][info][gc,stats    ]    Subphase: Concurrent Mark                               0.000 / 0.000         0.000 / 0.000       450.151 / 3398.532    450.151 / 3398.532    ms
[14280.316s][info][gc,stats    ]    Subphase: Concurrent Mark Try Flush                     0.000 / 0.000         0.000 / 0.000         1.565 / 934.939       1.565 / 934.939     ms
[14280.316s][info][gc,stats    ]    Subphase: Concurrent Mark Try Terminate                 0.000 / 0.000         0.000 / 0.000         1.072 / 934.940       1.072 / 934.940     ms
[14280.316s][info][gc,stats    ]    Subphase: Concurrent References Enqueue                 0.000 / 0.000         0.000 / 0.000         0.009 / 0.091         0.009 / 0.091       ms
[14280.316s][info][gc,stats    ]    Subphase: Concurrent References Process                 0.000 / 0.000         0.000 / 0.000         0.881 / 3.992         0.881 / 3.992       ms
[14280.316s][info][gc,stats    ]    Subphase: Concurrent Roots ClassLoaderDataGraph         0.000 / 0.000         0.000 / 0.000         0.833 / 3.889         0.833 / 3.889       ms
[14280.316s][info][gc,stats    ]    Subphase: Concurrent Roots CodeCache                    0.000 / 0.000         0.000 / 0.000         0.000 / 0.000         0.000 / 0.000       ms
[14280.316s][info][gc,stats    ]    Subphase: Concurrent Roots JavaThreads                  0.000 / 0.000         0.000 / 0.000         4.665 / 969.487       4.665 / 969.487     ms
[14280.316s][info][gc,stats    ]    Subphase: Concurrent Roots OopStorageSet                0.000 / 0.000         0.000 / 0.000         0.083 / 2.218         0.083 / 2.218       ms
[14280.316s][info][gc,stats    ]    Subphase: Concurrent Weak Roots OopStorageSet           0.000 / 0.000         0.000 / 0.000         1.501 / 13.633        1.501 / 13.633      ms
[14280.316s][info][gc,stats    ]    Subphase: Pause Mark Try Complete                       0.000 / 0.000         0.000 / 0.000         0.001 / 0.031         0.001 / 0.031       ms
[14280.316s][info][gc,stats    ]      System: Java Threads                                      0 / 0                 0 / 0              1929 / 4684           1929 / 4684        threads
[14280.316s][info][gc,stats    ] =========================================================================================================================================================
[14290.316s][info][gc,stats    ] === Garbage Collection Statistics =======================================================================================================================
[14290.316s][info][gc,stats    ]                                                              Last 10s              Last 10m              Last 10h                Total
[14290.316s][info][gc,stats    ]                                                              Avg / Max             Avg / Max             Avg / Max             Avg / Max
[14290.316s][info][gc,stats    ]   Collector: Garbage Collection Cycle                      0.000 / 0.000         0.000 / 0.000       665.978 / 19032.234   665.978 / 19032.234   ms
[14290.316s][info][gc,stats    ]  Contention: Mark Segment Reset Contention                     0 / 0                 0 / 0                 2 / 104               2 / 104         ops/s
[14290.316s][info][gc,stats    ]  Contention: Mark SeqNum Reset Contention                      0 / 0                 0 / 0                 0 / 7                 0 / 7           ops/s
[14290.316s][info][gc,stats    ]    Critical: Allocation Stall                                  0 / 0                 0 / 0                 0 / 827               0 / 827         ops/s
[14290.316s][info][gc,stats    ]    Critical: Allocation Stall                              0.000 / 0.000         0.000 / 0.000       146.230 / 487.490     146.230 / 487.490     ms
[14290.316s][info][gc,stats    ]    Critical: GC Locker Stall                                   0 / 0                 0 / 0                 0 / 2                 0 / 2           ops/s
[14290.316s][info][gc,stats    ]    Critical: GC Locker Stall                               0.000 / 0.000         0.000 / 0.000         0.167 / 4.787         0.167 / 4.787       ms
[14290.316s][info][gc,stats    ]    Critical: Relocation Stall                                  0 / 0                 0 / 0                 0 / 103               0 / 103         ops/s
[14290.316s][info][gc,stats    ]    Critical: Relocation Stall                              0.000 / 0.000         0.000 / 0.000        14.882 / 62.172       14.882 / 62.172      ms
[14290.316s][info][gc,stats    ]      Memory: Allocation Rate                                   0 / 0                 0 / 0               488 / 2790            488 / 2790        MB/s
[14290.316s][info][gc,stats    ]      Memory: Out Of Memory                                     0 / 0                 0 / 0                 0 / 0                 0 / 0           ops/s
[14290.316s][info][gc,stats    ]      Memory: Page Cache Flush                                  0 / 0                 0 / 0                 0 / 258               0 / 258         MB/s
[14290.316s][info][gc,stats    ]      Memory: Page Cache Hit L1                                 0 / 0                 0 / 0               237 / 1336            237 / 1336        ops/s
[14290.316s][info][gc,stats    ]      Memory: Page Cache Hit L2                                 0 / 0                 0 / 0                 0 / 0                 0 / 0           ops/s
[14290.316s][info][gc,stats    ]      Memory: Page Cache Hit L3                                 0 / 0                 0 / 0                 0 / 1028              0 / 1028        ops/s
[14290.316s][info][gc,stats    ]      Memory: Page Cache Miss                                   0 / 0                 0 / 0                 0 / 12                0 / 12          ops/s
[14290.316s][info][gc,stats    ]      Memory: Uncommit                                          0 / 0                 0 / 0                 0 / 0                 0 / 0           MB/s
[14290.316s][info][gc,stats    ]      Memory: Undo Object Allocation Failed                     0 / 0                 0 / 0                 0 / 5                 0 / 5           ops/s
[14290.316s][info][gc,stats    ]      Memory: Undo Object Allocation Succeeded                  0 / 0                 0 / 0                16 / 6595             16 / 6595        ops/s
[14290.316s][info][gc,stats    ]      Memory: Undo Page Allocation                              0 / 0                 0 / 0                 0 / 676               0 / 676         ops/s
[14290.316s][info][gc,stats    ]       Phase: Concurrent Mark                               0.000 / 0.000         0.000 / 0.000       571.218 / 3424.228    571.218 / 3424.228    ms
[14290.316s][info][gc,stats    ]       Phase: Concurrent Mark Continue                      0.000 / 0.000         0.000 / 0.000         0.000 / 0.000         0.000 / 0.000       ms
[14290.316s][info][gc,stats    ]       Phase: Concurrent Mark Free                          0.000 / 0.000         0.000 / 0.000         1.118 / 305.339       1.118 / 305.339     ms
[14290.316s][info][gc,stats    ]       Phase: Concurrent Process Non-Strong References      0.000 / 0.000         0.000 / 0.000        69.335 / 18388.762    69.335 / 18388.762   ms
[14290.316s][info][gc,stats    ]       Phase: Concurrent Relocate                           0.000 / 0.000         0.000 / 0.000        11.475 / 64.108       11.475 / 64.108      ms
[14290.316s][info][gc,stats    ]       Phase: Concurrent Reset Relocation Set               0.000 / 0.000         0.000 / 0.000         0.212 / 0.968         0.212 / 0.968       ms
[14290.316s][info][gc,stats    ]       Phase: Concurrent Select Relocation Set              0.000 / 0.000         0.000 / 0.000         6.722 / 623.697       6.722 / 623.697     ms
[14290.316s][info][gc,stats    ]       Phase: Pause Mark End                                0.000 / 0.000         0.000 / 0.000         0.094 / 0.434         0.094 / 0.434       ms
[14290.316s][info][gc,stats    ]       Phase: Pause Mark Start                              0.000 / 0.000         0.000 / 0.000         0.023 / 0.223         0.023 / 0.223       ms
[14290.316s][info][gc,stats    ]       Phase: Pause Relocate Start                          0.000 / 0.000         0.000 / 0.000         0.045 / 0.309         0.045 / 0.309       ms
[14290.316s][info][gc,stats    ]    Subphase: Concurrent Classes Purge                      0.000 / 0.000         0.000 / 0.000         0.518 / 3.157         0.518 / 3.157       ms
[14290.316s][info][gc,stats    ]    Subphase: Concurrent Classes Unlink                     0.000 / 0.000         0.000 / 0.000        64.039 / 18382.834    64.039 / 18382.834   ms
[14290.316s][info][gc,stats    ]    Subphase: Concurrent Mark                               0.000 / 0.000         0.000 / 0.000       450.151 / 3398.532    450.151 / 3398.532    ms
[14290.316s][info][gc,stats    ]    Subphase: Concurrent Mark Try Flush                     0.000 / 0.000         0.000 / 0.000         1.565 / 934.939       1.565 / 934.939     ms
[14290.316s][info][gc,stats    ]    Subphase: Concurrent Mark Try Terminate                 0.000 / 0.000         0.000 / 0.000         1.072 / 934.940       1.072 / 934.940     ms
[14290.316s][info][gc,stats    ]    Subphase: Concurrent References Enqueue                 0.000 / 0.000         0.000 / 0.000         0.009 / 0.091         0.009 / 0.091       ms
[14290.316s][info][gc,stats    ]    Subphase: Concurrent References Process                 0.000 / 0.000         0.000 / 0.000         0.881 / 3.992         0.881 / 3.992       ms
[14290.316s][info][gc,stats    ]    Subphase: Concurrent Roots ClassLoaderDataGraph         0.000 / 0.000         0.000 / 0.000         0.833 / 3.889         0.833 / 3.889       ms
[14290.316s][info][gc,stats    ]    Subphase: Concurrent Roots CodeCache                    0.000 / 0.000         0.000 / 0.000         0.000 / 0.000         0.000 / 0.000       ms
[14290.316s][info][gc,stats    ]    Subphase: Concurrent Roots JavaThreads                  0.000 / 0.000         0.000 / 0.000         4.665 / 969.487       4.665 / 969.487     ms
[14290.316s][info][gc,stats    ]    Subphase: Concurrent Roots OopStorageSet                0.000 / 0.000         0.000 / 0.000         0.083 / 2.218         0.083 / 2.218       ms
[14290.316s][info][gc,stats    ]    Subphase: Concurrent Weak Roots OopStorageSet           0.000 / 0.000         0.000 / 0.000         1.501 / 13.633        1.501 / 13.633      ms
[14290.316s][info][gc,stats    ]    Subphase: Pause Mark Try Complete                       0.000 / 0.000         0.000 / 0.000         0.001 / 0.031         0.001 / 0.031       ms
[14290.316s][info][gc,stats    ]      System: Java Threads                                      0 / 0                 0 / 0              1929 / 4684           1929 / 4684        threads
[14290.316s][info][gc,stats    ] =========================================================================================================================================================
[14300.315s][info][gc,stats    ] === Garbage Collection Statistics =======================================================================================================================
[14300.316s][info][gc,stats    ]                                                              Last 10s              Last 10m              Last 10h                Total
[14300.316s][info][gc,stats    ]                                                              Avg / Max             Avg / Max             Avg / Max             Avg / Max
[14300.316s][info][gc,stats    ]   Collector: Garbage Collection Cycle                      0.000 / 0.000         0.000 / 0.000       665.978 / 19032.234   665.978 / 19032.234   ms
[14300.316s][info][gc,stats    ]  Contention: Mark Segment Reset Contention                     0 / 0                 0 / 0                 2 / 104               2 / 104         ops/s
[14300.316s][info][gc,stats    ]  Contention: Mark SeqNum Reset Contention                      0 / 0                 0 / 0                 0 / 7                 0 / 7           ops/s
[14300.316s][info][gc,stats    ]    Critical: Allocation Stall                                  0 / 0                 0 / 0                 0 / 827               0 / 827         ops/s
[14300.316s][info][gc,stats    ]    Critical: Allocation Stall                              0.000 / 0.000         0.000 / 0.000       146.230 / 487.490     146.230 / 487.490     ms
[14300.316s][info][gc,stats    ]    Critical: GC Locker Stall                                   0 / 0                 0 / 0                 0 / 2                 0 / 2           ops/s
[14300.316s][info][gc,stats    ]    Critical: GC Locker Stall                               0.000 / 0.000         0.000 / 0.000         0.167 / 4.787         0.167 / 4.787       ms
[14300.316s][info][gc,stats    ]    Critical: Relocation Stall                                  0 / 0                 0 / 0                 0 / 103               0 / 103         ops/s
[14300.316s][info][gc,stats    ]    Critical: Relocation Stall                              0.000 / 0.000         0.000 / 0.000        14.882 / 62.172       14.882 / 62.172      ms
[14300.316s][info][gc,stats    ]      Memory: Allocation Rate                                   0 / 0                 0 / 0               487 / 2790            487 / 2790        MB/s
[14300.316s][info][gc,stats    ]      Memory: Out Of Memory                                     0 / 0                 0 / 0                 0 / 0                 0 / 0           ops/s
[14300.316s][info][gc,stats    ]      Memory: Page Cache Flush                                  0 / 0                 0 / 0                 0 / 258               0 / 258         MB/s
[14300.316s][info][gc,stats    ]      Memory: Page Cache Hit L1                                 0 / 0                 0 / 0               237 / 1336            237 / 1336        ops/s
[14300.316s][info][gc,stats    ]      Memory: Page Cache Hit L2                                 0 / 0                 0 / 0                 0 / 0                 0 / 0           ops/s
[14300.316s][info][gc,stats    ]      Memory: Page Cache Hit L3                                 0 / 0                 0 / 0                 0 / 1028              0 / 1028        ops/s
[14300.316s][info][gc,stats    ]      Memory: Page Cache Miss                                   0 / 0                 0 / 0                 0 / 12                0 / 12          ops/s
[14300.316s][info][gc,stats    ]      Memory: Uncommit                                          0 / 0                 0 / 0                 0 / 0                 0 / 0           MB/s
[14300.316s][info][gc,stats    ]      Memory: Undo Object Allocation Failed                     0 / 0                 0 / 0                 0 / 5                 0 / 5           ops/s
[14300.316s][info][gc,stats    ]      Memory: Undo Object Allocation Succeeded                  0 / 0                 0 / 0                16 / 6595             16 / 6595        ops/s
[14300.316s][info][gc,stats    ]      Memory: Undo Page Allocation                              0 / 0                 0 / 0                 0 / 676               0 / 676         ops/s
[14300.316s][info][gc,stats    ]       Phase: Concurrent Mark                               0.000 / 0.000         0.000 / 0.000       571.218 / 3424.228    571.218 / 3424.228    ms
[14300.316s][info][gc,stats    ]       Phase: Concurrent Mark Continue                      0.000 / 0.000         0.000 / 0.000         0.000 / 0.000         0.000 / 0.000       ms
[14300.316s][info][gc,stats    ]       Phase: Concurrent Mark Free                          0.000 / 0.000         0.000 / 0.000         1.118 / 305.339       1.118 / 305.339     ms
[14300.316s][info][gc,stats    ]       Phase: Concurrent Process Non-Strong References      0.000 / 0.000         0.000 / 0.000        69.335 / 18388.762    69.335 / 18388.762   ms
[14300.316s][info][gc,stats    ]       Phase: Concurrent Relocate                           0.000 / 0.000         0.000 / 0.000        11.475 / 64.108       11.475 / 64.108      ms
[14300.316s][info][gc,stats    ]       Phase: Concurrent Reset Relocation Set               0.000 / 0.000         0.000 / 0.000         0.212 / 0.968         0.212 / 0.968       ms
[14300.316s][info][gc,stats    ]       Phase: Concurrent Select Relocation Set              0.000 / 0.000         0.000 / 0.000         6.722 / 623.697       6.722 / 623.697     ms
[14300.316s][info][gc,stats    ]       Phase: Pause Mark End                                0.000 / 0.000         0.000 / 0.000         0.094 / 0.434         0.094 / 0.434       ms
[14300.316s][info][gc,stats    ]       Phase: Pause Mark Start                              0.000 / 0.000         0.000 / 0.000         0.023 / 0.223         0.023 / 0.223       ms
[14300.316s][info][gc,stats    ]       Phase: Pause Relocate Start                          0.000 / 0.000         0.000 / 0.000         0.045 / 0.309         0.045 / 0.309       ms
[14300.316s][info][gc,stats    ]    Subphase: Concurrent Classes Purge                      0.000 / 0.000         0.000 / 0.000         0.518 / 3.157         0.518 / 3.157       ms
[14300.316s][info][gc,stats    ]    Subphase: Concurrent Classes Unlink                     0.000 / 0.000         0.000 / 0.000        64.039 / 18382.834    64.039 / 18382.834   ms
[14300.316s][info][gc,stats    ]    Subphase: Concurrent Mark                               0.000 / 0.000         0.000 / 0.000       450.151 / 3398.532    450.151 / 3398.532    ms
[14300.316s][info][gc,stats    ]    Subphase: Concurrent Mark Try Flush                     0.000 / 0.000         0.000 / 0.000         1.565 / 934.939       1.565 / 934.939     ms
[14300.316s][info][gc,stats    ]    Subphase: Concurrent Mark Try Terminate                 0.000 / 0.000         0.000 / 0.000         1.072 / 934.940       1.072 / 934.940     ms
[14300.316s][info][gc,stats    ]    Subphase: Concurrent References Enqueue                 0.000 / 0.000         0.000 / 0.000         0.009 / 0.091         0.009 / 0.091       ms
[14300.316s][info][gc,stats    ]    Subphase: Concurrent References Process                 0.000 / 0.000         0.000 / 0.000         0.881 / 3.992         0.881 / 3.992       ms
[14300.316s][info][gc,stats    ]    Subphase: Concurrent Roots ClassLoaderDataGraph         0.000 / 0.000         0.000 / 0.000         0.833 / 3.889         0.833 / 3.889       ms
[14300.316s][info][gc,stats    ]    Subphase: Concurrent Roots CodeCache                    0.000 / 0.000         0.000 / 0.000         0.000 / 0.000         0.000 / 0.000       ms
[14300.316s][info][gc,stats    ]    Subphase: Concurrent Roots JavaThreads                  0.000 / 0.000         0.000 / 0.000         4.665 / 969.487       4.665 / 969.487     ms
[14300.316s][info][gc,stats    ]    Subphase: Concurrent Roots OopStorageSet                0.000 / 0.000         0.000 / 0.000         0.083 / 2.218         0.083 / 2.218       ms
[14300.316s][info][gc,stats    ]    Subphase: Concurrent Weak Roots OopStorageSet           0.000 / 0.000         0.000 / 0.000         1.501 / 13.633        1.501 / 13.633      ms
[14300.316s][info][gc,stats    ]    Subphase: Pause Mark Try Complete                       0.000 / 0.000         0.000 / 0.000         0.001 / 0.031         0.001 / 0.031       ms
[14300.316s][info][gc,stats    ]      System: Java Threads                                      0 / 0                 0 / 0              1929 / 4684           1929 / 4684        threads
[14300.316s][info][gc,stats    ] =========================================================================================================================================================
[14310.316s][info][gc,stats    ] === Garbage Collection Statistics =======================================================================================================================
[14310.316s][info][gc,stats    ]                                                              Last 10s              Last 10m              Last 10h                Total
[14310.316s][info][gc,stats    ]                                                              Avg / Max             Avg / Max             Avg / Max             Avg / Max
[14310.316s][info][gc,stats    ]   Collector: Garbage Collection Cycle                      0.000 / 0.000         0.000 / 0.000       665.978 / 19032.234   665.978 / 19032.234   ms
[14310.316s][info][gc,stats    ]  Contention: Mark Segment Reset Contention                     0 / 0                 0 / 0                 2 / 104               2 / 104         ops/s
[14310.316s][info][gc,stats    ]  Contention: Mark SeqNum Reset Contention                      0 / 0                 0 / 0                 0 / 7                 0 / 7           ops/s
[14310.316s][info][gc,stats    ]    Critical: Allocation Stall                                  0 / 0                 0 / 0                 0 / 827               0 / 827         ops/s
[14310.316s][info][gc,stats    ]    Critical: Allocation Stall                              0.000 / 0.000         0.000 / 0.000       146.230 / 487.490     146.230 / 487.490     ms
[14310.316s][info][gc,stats    ]    Critical: GC Locker Stall                                   0 / 0                 0 / 0                 0 / 2                 0 / 2           ops/s
[14310.316s][info][gc,stats    ]    Critical: GC Locker Stall                               0.000 / 0.000         0.000 / 0.000         0.167 / 4.787         0.167 / 4.787       ms
[14310.316s][info][gc,stats    ]    Critical: Relocation Stall                                  0 / 0                 0 / 0                 0 / 103               0 / 103         ops/s
[14310.316s][info][gc,stats    ]    Critical: Relocation Stall                              0.000 / 0.000         0.000 / 0.000        14.882 / 62.172       14.882 / 62.172      ms
[14310.316s][info][gc,stats    ]      Memory: Allocation Rate                                   0 / 0                 0 / 0               487 / 2790            487 / 2790        MB/s
[14310.316s][info][gc,stats    ]      Memory: Out Of Memory                                     0 / 0                 0 / 0                 0 / 0                 0 / 0           ops/s
[14310.316s][info][gc,stats    ]      Memory: Page Cache Flush                                  0 / 0                 0 / 0                 0 / 258               0 / 258         MB/s
[14310.316s][info][gc,stats    ]      Memory: Page Cache Hit L1                                 0 / 0                 0 / 0               237 / 1336            237 / 1336        ops/s
[14310.316s][info][gc,stats    ]      Memory: Page Cache Hit L2                                 0 / 0                 0 / 0                 0 / 0                 0 / 0           ops/s
[14310.316s][info][gc,stats    ]      Memory: Page Cache Hit L3                                 0 / 0                 0 / 0                 0 / 1028              0 / 1028        ops/s
[14310.316s][info][gc,stats    ]      Memory: Page Cache Miss                                   0 / 0                 0 / 0                 0 / 12                0 / 12          ops/s
[14310.316s][info][gc,stats    ]      Memory: Uncommit                                          0 / 0                 0 / 0                 0 / 0                 0 / 0           MB/s
[14310.316s][info][gc,stats    ]      Memory: Undo Object Allocation Failed                     0 / 0                 0 / 0                 0 / 5                 0 / 5           ops/s
[14310.316s][info][gc,stats    ]      Memory: Undo Object Allocation Succeeded                  0 / 0                 0 / 0                16 / 6595             16 / 6595        ops/s
[14310.316s][info][gc,stats    ]      Memory: Undo Page Allocation                              0 / 0                 0 / 0                 0 / 676               0 / 676         ops/s
[14310.316s][info][gc,stats    ]       Phase: Concurrent Mark                               0.000 / 0.000         0.000 / 0.000       571.218 / 3424.228    571.218 / 3424.228    ms
[14310.316s][info][gc,stats    ]       Phase: Concurrent Mark Continue                      0.000 / 0.000         0.000 / 0.000         0.000 / 0.000         0.000 / 0.000       ms
[14310.316s][info][gc,stats    ]       Phase: Concurrent Mark Free                          0.000 / 0.000         0.000 / 0.000         1.118 / 305.339       1.118 / 305.339     ms
[14310.316s][info][gc,stats    ]       Phase: Concurrent Process Non-Strong References      0.000 / 0.000         0.000 / 0.000        69.335 / 18388.762    69.335 / 18388.762   ms
[14310.316s][info][gc,stats    ]       Phase: Concurrent Relocate                           0.000 / 0.000         0.000 / 0.000        11.475 / 64.108       11.475 / 64.108      ms
[14310.316s][info][gc,stats    ]       Phase: Concurrent Reset Relocation Set               0.000 / 0.000         0.000 / 0.000         0.212 / 0.968         0.212 / 0.968       ms
[14310.316s][info][gc,stats    ]       Phase: Concurrent Select Relocation Set              0.000 / 0.000         0.000 / 0.000         6.722 / 623.697       6.722 / 623.697     ms
[14310.316s][info][gc,stats    ]       Phase: Pause Mark End                                0.000 / 0.000         0.000 / 0.000         0.094 / 0.434         0.094 / 0.434       ms
[14310.316s][info][gc,stats    ]       Phase: Pause Mark Start                              0.000 / 0.000         0.000 / 0.000         0.023 / 0.223         0.023 / 0.223       ms
[14310.316s][info][gc,stats    ]       Phase: Pause Relocate Start                          0.000 / 0.000         0.000 / 0.000         0.045 / 0.309         0.045 / 0.309       ms
[14310.316s][info][gc,stats    ]    Subphase: Concurrent Classes Purge                      0.000 / 0.000         0.000 / 0.000         0.518 / 3.157         0.518 / 3.157       ms
[14310.316s][info][gc,stats    ]    Subphase: Concurrent Classes Unlink                     0.000 / 0.000         0.000 / 0.000        64.039 / 18382.834    64.039 / 18382.834   ms
[14310.316s][info][gc,stats    ]    Subphase: Concurrent Mark                               0.000 / 0.000         0.000 / 0.000       450.151 / 3398.532    450.151 / 3398.532    ms
[14310.316s][info][gc,stats    ]    Subphase: Concurrent Mark Try Flush                     0.000 / 0.000         0.000 / 0.000         1.565 / 934.939       1.565 / 934.939     ms
[14310.316s][info][gc,stats    ]    Subphase: Concurrent Mark Try Terminate                 0.000 / 0.000         0.000 / 0.000         1.072 / 934.940       1.072 / 934.940     ms
[14310.316s][info][gc,stats    ]    Subphase: Concurrent References Enqueue                 0.000 / 0.000         0.000 / 0.000         0.009 / 0.091         0.009 / 0.091       ms
[14310.316s][info][gc,stats    ]    Subphase: Concurrent References Process                 0.000 / 0.000         0.000 / 0.000         0.881 / 3.992         0.881 / 3.992       ms
[14310.316s][info][gc,stats    ]    Subphase: Concurrent Roots ClassLoaderDataGraph         0.000 / 0.000         0.000 / 0.000         0.833 / 3.889         0.833 / 3.889       ms
[14310.316s][info][gc,stats    ]    Subphase: Concurrent Roots CodeCache                    0.000 / 0.000         0.000 / 0.000         0.000 / 0.000         0.000 / 0.000       ms
[14310.316s][info][gc,stats    ]    Subphase: Concurrent Roots JavaThreads                  0.000 / 0.000         0.000 / 0.000         4.665 / 969.487       4.665 / 969.487     ms
[14310.316s][info][gc,stats    ]    Subphase: Concurrent Roots OopStorageSet                0.000 / 0.000         0.000 / 0.000         0.083 / 2.218         0.083 / 2.218       ms
[14310.316s][info][gc,stats    ]    Subphase: Concurrent Weak Roots OopStorageSet           0.000 / 0.000         0.000 / 0.000         1.501 / 13.633        1.501 / 13.633      ms
[14310.316s][info][gc,stats    ]    Subphase: Pause Mark Try Complete                       0.000 / 0.000         0.000 / 0.000         0.001 / 0.031         0.001 / 0.031       ms
[14310.317s][info][gc,stats    ]      System: Java Threads                                      0 / 0                 0 / 0              1929 / 4684           1929 / 4684        threads
[14310.317s][info][gc,stats    ] =========================================================================================================================================================
[14320.316s][info][gc,stats    ] === Garbage Collection Statistics =======================================================================================================================
[14320.316s][info][gc,stats    ]                                                              Last 10s              Last 10m              Last 10h                Total
[14320.316s][info][gc,stats    ]                                                              Avg / Max             Avg / Max             Avg / Max             Avg / Max
[14320.316s][info][gc,stats    ]   Collector: Garbage Collection Cycle                      0.000 / 0.000         0.000 / 0.000       665.978 / 19032.234   665.978 / 19032.234   ms
[14320.316s][info][gc,stats    ]  Contention: Mark Segment Reset Contention                     0 / 0                 0 / 0                 2 / 104               2 / 104         ops/s
[14320.316s][info][gc,stats    ]  Contention: Mark SeqNum Reset Contention                      0 / 0                 0 / 0                 0 / 7                 0 / 7           ops/s
[14320.316s][info][gc,stats    ]    Critical: Allocation Stall                                  0 / 0                 0 / 0                 0 / 827               0 / 827         ops/s
[14320.316s][info][gc,stats    ]    Critical: Allocation Stall                              0.000 / 0.000         0.000 / 0.000       146.230 / 487.490     146.230 / 487.490     ms
[14320.316s][info][gc,stats    ]    Critical: GC Locker Stall                                   0 / 0                 0 / 0                 0 / 2                 0 / 2           ops/s
[14320.316s][info][gc,stats    ]    Critical: GC Locker Stall                               0.000 / 0.000         0.000 / 0.000         0.167 / 4.787         0.167 / 4.787       ms
[14320.316s][info][gc,stats    ]    Critical: Relocation Stall                                  0 / 0                 0 / 0                 0 / 103               0 / 103         ops/s
[14320.316s][info][gc,stats    ]    Critical: Relocation Stall                              0.000 / 0.000         0.000 / 0.000        14.882 / 62.172       14.882 / 62.172      ms
[14320.316s][info][gc,stats    ]      Memory: Allocation Rate                                   0 / 0                 0 / 0               487 / 2790            487 / 2790        MB/s
[14320.316s][info][gc,stats    ]      Memory: Out Of Memory                                     0 / 0                 0 / 0                 0 / 0                 0 / 0           ops/s
[14320.316s][info][gc,stats    ]      Memory: Page Cache Flush                                  0 / 0                 0 / 0                 0 / 258               0 / 258         MB/s
[14320.316s][info][gc,stats    ]      Memory: Page Cache Hit L1                                 0 / 0                 0 / 0               237 / 1336            237 / 1336        ops/s
[14320.316s][info][gc,stats    ]      Memory: Page Cache Hit L2                                 0 / 0                 0 / 0                 0 / 0                 0 / 0           ops/s
[14320.316s][info][gc,stats    ]      Memory: Page Cache Hit L3                                 0 / 0                 0 / 0                 0 / 1028              0 / 1028        ops/s
[14320.316s][info][gc,stats    ]      Memory: Page Cache Miss                                   0 / 0                 0 / 0                 0 / 12                0 / 12          ops/s
[14320.316s][info][gc,stats    ]      Memory: Uncommit                                          0 / 0                 0 / 0                 0 / 0                 0 / 0           MB/s
[14320.316s][info][gc,stats    ]      Memory: Undo Object Allocation Failed                     0 / 0                 0 / 0                 0 / 5                 0 / 5           ops/s
[14320.316s][info][gc,stats    ]      Memory: Undo Object Allocation Succeeded                  0 / 0                 0 / 0                16 / 6595             16 / 6595        ops/s
[14320.316s][info][gc,stats    ]      Memory: Undo Page Allocation                              0 / 0                 0 / 0                 0 / 676               0 / 676         ops/s
[14320.316s][info][gc,stats    ]       Phase: Concurrent Mark                               0.000 / 0.000         0.000 / 0.000       571.218 / 3424.228    571.218 / 3424.228    ms
[14320.316s][info][gc,stats    ]       Phase: Concurrent Mark Continue                      0.000 / 0.000         0.000 / 0.000         0.000 / 0.000         0.000 / 0.000       ms
[14320.316s][info][gc,stats    ]       Phase: Concurrent Mark Free                          0.000 / 0.000         0.000 / 0.000         1.118 / 305.339       1.118 / 305.339     ms
[14320.316s][info][gc,stats    ]       Phase: Concurrent Process Non-Strong References      0.000 / 0.000         0.000 / 0.000        69.335 / 18388.762    69.335 / 18388.762   ms
[14320.316s][info][gc,stats    ]       Phase: Concurrent Relocate                           0.000 / 0.000         0.000 / 0.000        11.475 / 64.108       11.475 / 64.108      ms
[14320.316s][info][gc,stats    ]       Phase: Concurrent Reset Relocation Set               0.000 / 0.000         0.000 / 0.000         0.212 / 0.968         0.212 / 0.968       ms
[14320.316s][info][gc,stats    ]       Phase: Concurrent Select Relocation Set              0.000 / 0.000         0.000 / 0.000         6.722 / 623.697       6.722 / 623.697     ms
[14320.316s][info][gc,stats    ]       Phase: Pause Mark End                                0.000 / 0.000         0.000 / 0.000         0.094 / 0.434         0.094 / 0.434       ms
[14320.316s][info][gc,stats    ]       Phase: Pause Mark Start                              0.000 / 0.000         0.000 / 0.000         0.023 / 0.223         0.023 / 0.223       ms
[14320.316s][info][gc,stats    ]       Phase: Pause Relocate Start                          0.000 / 0.000         0.000 / 0.000         0.045 / 0.309         0.045 / 0.309       ms
[14320.316s][info][gc,stats    ]    Subphase: Concurrent Classes Purge                      0.000 / 0.000         0.000 / 0.000         0.518 / 3.157         0.518 / 3.157       ms
[14320.316s][info][gc,stats    ]    Subphase: Concurrent Classes Unlink                     0.000 / 0.000         0.000 / 0.000        64.039 / 18382.834    64.039 / 18382.834   ms
[14320.316s][info][gc,stats    ]    Subphase: Concurrent Mark                               0.000 / 0.000         0.000 / 0.000       450.151 / 3398.532    450.151 / 3398.532    ms
[14320.316s][info][gc,stats    ]    Subphase: Concurrent Mark Try Flush                     0.000 / 0.000         0.000 / 0.000         1.565 / 934.939       1.565 / 934.939     ms
[14320.316s][info][gc,stats    ]    Subphase: Concurrent Mark Try Terminate                 0.000 / 0.000         0.000 / 0.000         1.072 / 934.940       1.072 / 934.940     ms
[14320.316s][info][gc,stats    ]    Subphase: Concurrent References Enqueue                 0.000 / 0.000         0.000 / 0.000         0.009 / 0.091         0.009 / 0.091       ms
[14320.316s][info][gc,stats    ]    Subphase: Concurrent References Process                 0.000 / 0.000         0.000 / 0.000         0.881 / 3.992         0.881 / 3.992       ms
[14320.316s][info][gc,stats    ]    Subphase: Concurrent Roots ClassLoaderDataGraph         0.000 / 0.000         0.000 / 0.000         0.833 / 3.889         0.833 / 3.889       ms
[14320.316s][info][gc,stats    ]    Subphase: Concurrent Roots CodeCache                    0.000 / 0.000         0.000 / 0.000         0.000 / 0.000         0.000 / 0.000       ms
[14320.316s][info][gc,stats    ]    Subphase: Concurrent Roots JavaThreads                  0.000 / 0.000         0.000 / 0.000         4.665 / 969.487       4.665 / 969.487     ms
[14320.316s][info][gc,stats    ]    Subphase: Concurrent Roots OopStorageSet                0.000 / 0.000         0.000 / 0.000         0.083 / 2.218         0.083 / 2.218       ms
[14320.316s][info][gc,stats    ]    Subphase: Concurrent Weak Roots OopStorageSet           0.000 / 0.000         0.000 / 0.000         1.501 / 13.633        1.501 / 13.633      ms
[14320.316s][info][gc,stats    ]    Subphase: Pause Mark Try Complete                       0.000 / 0.000         0.000 / 0.000         0.001 / 0.031         0.001 / 0.031       ms
[14320.316s][info][gc,stats    ]      System: Java Threads                                      0 / 0                 0 / 0              1929 / 4684           1929 / 4684        threads
[14320.316s][info][gc,stats    ] =========================================================================================================================================================
[14330.316s][info][gc,stats    ] === Garbage Collection Statistics =======================================================================================================================
[14330.316s][info][gc,stats    ]                                                              Last 10s              Last 10m              Last 10h                Total
[14330.316s][info][gc,stats    ]                                                              Avg / Max             Avg / Max             Avg / Max             Avg / Max
[14330.316s][info][gc,stats    ]   Collector: Garbage Collection Cycle                      0.000 / 0.000         0.000 / 0.000       665.978 / 19032.234   665.978 / 19032.234   ms
[14330.316s][info][gc,stats    ]  Contention: Mark Segment Reset Contention                     0 / 0                 0 / 0                 2 / 104               2 / 104         ops/s
[14330.316s][info][gc,stats    ]  Contention: Mark SeqNum Reset Contention                      0 / 0                 0 / 0                 0 / 7                 0 / 7           ops/s
[14330.316s][info][gc,stats    ]    Critical: Allocation Stall                                  0 / 0                 0 / 0                 0 / 827               0 / 827         ops/s
[14330.316s][info][gc,stats    ]    Critical: Allocation Stall                              0.000 / 0.000         0.000 / 0.000       146.230 / 487.490     146.230 / 487.490     ms
[14330.316s][info][gc,stats    ]    Critical: GC Locker Stall                                   0 / 0                 0 / 0                 0 / 2                 0 / 2           ops/s
[14330.316s][info][gc,stats    ]    Critical: GC Locker Stall                               0.000 / 0.000         0.000 / 0.000         0.167 / 4.787         0.167 / 4.787       ms
[14330.316s][info][gc,stats    ]    Critical: Relocation Stall                                  0 / 0                 0 / 0                 0 / 103               0 / 103         ops/s
[14330.316s][info][gc,stats    ]    Critical: Relocation Stall                              0.000 / 0.000         0.000 / 0.000        14.882 / 62.172       14.882 / 62.172      ms
[14330.316s][info][gc,stats    ]      Memory: Allocation Rate                                   0 / 0                 0 / 0               486 / 2790            486 / 2790        MB/s
[14330.316s][info][gc,stats    ]      Memory: Out Of Memory                                     0 / 0                 0 / 0                 0 / 0                 0 / 0           ops/s
[14330.316s][info][gc,stats    ]      Memory: Page Cache Flush                                  0 / 0                 0 / 0                 0 / 258               0 / 258         MB/s
[14330.316s][info][gc,stats    ]      Memory: Page Cache Hit L1                                 0 / 0                 0 / 0               237 / 1336            237 / 1336        ops/s
[14330.316s][info][gc,stats    ]      Memory: Page Cache Hit L2                                 0 / 0                 0 / 0                 0 / 0                 0 / 0           ops/s
[14330.316s][info][gc,stats    ]      Memory: Page Cache Hit L3                                 0 / 0                 0 / 0                 0 / 1028              0 / 1028        ops/s
[14330.316s][info][gc,stats    ]      Memory: Page Cache Miss                                   0 / 0                 0 / 0                 0 / 12                0 / 12          ops/s
[14330.316s][info][gc,stats    ]      Memory: Uncommit                                          0 / 0                 0 / 0                 0 / 0                 0 / 0           MB/s
[14330.316s][info][gc,stats    ]      Memory: Undo Object Allocation Failed                     0 / 0                 0 / 0                 0 / 5                 0 / 5           ops/s
[14330.316s][info][gc,stats    ]      Memory: Undo Object Allocation Succeeded                  0 / 0                 0 / 0                16 / 6595             16 / 6595        ops/s
[14330.316s][info][gc,stats    ]      Memory: Undo Page Allocation                              0 / 0                 0 / 0                 0 / 676               0 / 676         ops/s
[14330.316s][info][gc,stats    ]       Phase: Concurrent Mark                               0.000 / 0.000         0.000 / 0.000       571.218 / 3424.228    571.218 / 3424.228    ms
[14330.316s][info][gc,stats    ]       Phase: Concurrent Mark Continue                      0.000 / 0.000         0.000 / 0.000         0.000 / 0.000         0.000 / 0.000       ms
[14330.316s][info][gc,stats    ]       Phase: Concurrent Mark Free                          0.000 / 0.000         0.000 / 0.000         1.118 / 305.339       1.118 / 305.339     ms
[14330.316s][info][gc,stats    ]       Phase: Concurrent Process Non-Strong References      0.000 / 0.000         0.000 / 0.000        69.335 / 18388.762    69.335 / 18388.762   ms
[14330.316s][info][gc,stats    ]       Phase: Concurrent Relocate                           0.000 / 0.000         0.000 / 0.000        11.475 / 64.108       11.475 / 64.108      ms
[14330.316s][info][gc,stats    ]       Phase: Concurrent Reset Relocation Set               0.000 / 0.000         0.000 / 0.000         0.212 / 0.968         0.212 / 0.968       ms
[14330.316s][info][gc,stats    ]       Phase: Concurrent Select Relocation Set              0.000 / 0.000         0.000 / 0.000         6.722 / 623.697       6.722 / 623.697     ms
[14330.316s][info][gc,stats    ]       Phase: Pause Mark End                                0.000 / 0.000         0.000 / 0.000         0.094 / 0.434         0.094 / 0.434       ms
[14330.316s][info][gc,stats    ]       Phase: Pause Mark Start                              0.000 / 0.000         0.000 / 0.000         0.023 / 0.223         0.023 / 0.223       ms
[14330.316s][info][gc,stats    ]       Phase: Pause Relocate Start                          0.000 / 0.000         0.000 / 0.000         0.045 / 0.309         0.045 / 0.309       ms
[14330.316s][info][gc,stats    ]    Subphase: Concurrent Classes Purge                      0.000 / 0.000         0.000 / 0.000         0.518 / 3.157         0.518 / 3.157       ms
[14330.316s][info][gc,stats    ]    Subphase: Concurrent Classes Unlink                     0.000 / 0.000         0.000 / 0.000        64.039 / 18382.834    64.039 / 18382.834   ms
[14330.316s][info][gc,stats    ]    Subphase: Concurrent Mark                               0.000 / 0.000         0.000 / 0.000       450.151 / 3398.532    450.151 / 3398.532    ms
[14330.316s][info][gc,stats    ]    Subphase: Concurrent Mark Try Flush                     0.000 / 0.000         0.000 / 0.000         1.565 / 934.939       1.565 / 934.939     ms
[14330.316s][info][gc,stats    ]    Subphase: Concurrent Mark Try Terminate                 0.000 / 0.000         0.000 / 0.000         1.072 / 934.940       1.072 / 934.940     ms
[14330.316s][info][gc,stats    ]    Subphase: Concurrent References Enqueue                 0.000 / 0.000         0.000 / 0.000         0.009 / 0.091         0.009 / 0.091       ms
[14330.316s][info][gc,stats    ]    Subphase: Concurrent References Process                 0.000 / 0.000         0.000 / 0.000         0.881 / 3.992         0.881 / 3.992       ms
[14330.316s][info][gc,stats    ]    Subphase: Concurrent Roots ClassLoaderDataGraph         0.000 / 0.000         0.000 / 0.000         0.833 / 3.889         0.833 / 3.889       ms
[14330.316s][info][gc,stats    ]    Subphase: Concurrent Roots CodeCache                    0.000 / 0.000         0.000 / 0.000         0.000 / 0.000         0.000 / 0.000       ms
[14330.316s][info][gc,stats    ]    Subphase: Concurrent Roots JavaThreads                  0.000 / 0.000         0.000 / 0.000         4.665 / 969.487       4.665 / 969.487     ms
[14330.316s][info][gc,stats    ]    Subphase: Concurrent Roots OopStorageSet                0.000 / 0.000         0.000 / 0.000         0.083 / 2.218         0.083 / 2.218       ms
[14330.316s][info][gc,stats    ]    Subphase: Concurrent Weak Roots OopStorageSet           0.000 / 0.000         0.000 / 0.000         1.501 / 13.633        1.501 / 13.633      ms
[14330.316s][info][gc,stats    ]    Subphase: Pause Mark Try Complete                       0.000 / 0.000         0.000 / 0.000         0.001 / 0.031         0.001 / 0.031       ms
[14330.316s][info][gc,stats    ]      System: Java Threads                                      0 / 0                 0 / 0              1929 / 4684           1929 / 4684        threads
[14330.316s][info][gc,stats    ] =========================================================================================================================================================
[14340.316s][info][gc,stats    ] === Garbage Collection Statistics =======================================================================================================================
[14340.316s][info][gc,stats    ]                                                              Last 10s              Last 10m              Last 10h                Total
[14340.316s][info][gc,stats    ]                                                              Avg / Max             Avg / Max             Avg / Max             Avg / Max
[14340.316s][info][gc,stats    ]   Collector: Garbage Collection Cycle                      0.000 / 0.000         0.000 / 0.000       665.978 / 19032.234   665.978 / 19032.234   ms
[14340.316s][info][gc,stats    ]  Contention: Mark Segment Reset Contention                     0 / 0                 0 / 0                 2 / 104               2 / 104         ops/s
[14340.316s][info][gc,stats    ]  Contention: Mark SeqNum Reset Contention                      0 / 0                 0 / 0                 0 / 7                 0 / 7           ops/s
[14340.316s][info][gc,stats    ]    Critical: Allocation Stall                                  0 / 0                 0 / 0                 0 / 827               0 / 827         ops/s
[14340.316s][info][gc,stats    ]    Critical: Allocation Stall                              0.000 / 0.000         0.000 / 0.000       146.230 / 487.490     146.230 / 487.490     ms
[14340.316s][info][gc,stats    ]    Critical: GC Locker Stall                                   0 / 0                 0 / 0                 0 / 2                 0 / 2           ops/s
[14340.316s][info][gc,stats    ]    Critical: GC Locker Stall                               0.000 / 0.000         0.000 / 0.000         0.167 / 4.787         0.167 / 4.787       ms
[14340.316s][info][gc,stats    ]    Critical: Relocation Stall                                  0 / 0                 0 / 0                 0 / 103               0 / 103         ops/s
[14340.316s][info][gc,stats    ]    Critical: Relocation Stall                              0.000 / 0.000         0.000 / 0.000        14.882 / 62.172       14.882 / 62.172      ms
[14340.316s][info][gc,stats    ]      Memory: Allocation Rate                                   0 / 0                 0 / 0               486 / 2790            486 / 2790        MB/s
[14340.316s][info][gc,stats    ]      Memory: Out Of Memory                                     0 / 0                 0 / 0                 0 / 0                 0 / 0           ops/s
[14340.316s][info][gc,stats    ]      Memory: Page Cache Flush                                  0 / 0                 0 / 0                 0 / 258               0 / 258         MB/s
[14340.316s][info][gc,stats    ]      Memory: Page Cache Hit L1                                 0 / 0                 0 / 0               236 / 1336            236 / 1336        ops/s
[14340.316s][info][gc,stats    ]      Memory: Page Cache Hit L2                                 0 / 0                 0 / 0                 0 / 0                 0 / 0           ops/s
[14340.316s][info][gc,stats    ]      Memory: Page Cache Hit L3                                 0 / 0                 0 / 0                 0 / 1028              0 / 1028        ops/s
[14340.316s][info][gc,stats    ]      Memory: Page Cache Miss                                   0 / 0                 0 / 0                 0 / 12                0 / 12          ops/s
[14340.316s][info][gc,stats    ]      Memory: Uncommit                                          0 / 0                 0 / 0                 0 / 0                 0 / 0           MB/s
[14340.316s][info][gc,stats    ]      Memory: Undo Object Allocation Failed                     0 / 0                 0 / 0                 0 / 5                 0 / 5           ops/s
[14340.316s][info][gc,stats    ]      Memory: Undo Object Allocation Succeeded                  0 / 0                 0 / 0                16 / 6595             16 / 6595        ops/s
[14340.316s][info][gc,stats    ]      Memory: Undo Page Allocation                              0 / 0                 0 / 0                 0 / 676               0 / 676         ops/s
[14340.316s][info][gc,stats    ]       Phase: Concurrent Mark                               0.000 / 0.000         0.000 / 0.000       571.218 / 3424.228    571.218 / 3424.228    ms
[14340.316s][info][gc,stats    ]       Phase: Concurrent Mark Continue                      0.000 / 0.000         0.000 / 0.000         0.000 / 0.000         0.000 / 0.000       ms
[14340.316s][info][gc,stats    ]       Phase: Concurrent Mark Free                          0.000 / 0.000         0.000 / 0.000         1.118 / 305.339       1.118 / 305.339     ms
[14340.316s][info][gc,stats    ]       Phase: Concurrent Process Non-Strong References      0.000 / 0.000         0.000 / 0.000        69.335 / 18388.762    69.335 / 18388.762   ms
[14340.316s][info][gc,stats    ]       Phase: Concurrent Relocate                           0.000 / 0.000         0.000 / 0.000        11.475 / 64.108       11.475 / 64.108      ms
[14340.316s][info][gc,stats    ]       Phase: Concurrent Reset Relocation Set               0.000 / 0.000         0.000 / 0.000         0.212 / 0.968         0.212 / 0.968       ms
[14340.316s][info][gc,stats    ]       Phase: Concurrent Select Relocation Set              0.000 / 0.000         0.000 / 0.000         6.722 / 623.697       6.722 / 623.697     ms
[14340.316s][info][gc,stats    ]       Phase: Pause Mark End                                0.000 / 0.000         0.000 / 0.000         0.094 / 0.434         0.094 / 0.434       ms
[14340.316s][info][gc,stats    ]       Phase: Pause Mark Start                              0.000 / 0.000         0.000 / 0.000         0.023 / 0.223         0.023 / 0.223       ms
[14340.316s][info][gc,stats    ]       Phase: Pause Relocate Start                          0.000 / 0.000         0.000 / 0.000         0.045 / 0.309         0.045 / 0.309       ms
[14340.316s][info][gc,stats    ]    Subphase: Concurrent Classes Purge                      0.000 / 0.000         0.000 / 0.000         0.518 / 3.157         0.518 / 3.157       ms
[14340.316s][info][gc,stats    ]    Subphase: Concurrent Classes Unlink                     0.000 / 0.000         0.000 / 0.000        64.039 / 18382.834    64.039 / 18382.834   ms
[14340.316s][info][gc,stats    ]    Subphase: Concurrent Mark                               0.000 / 0.000         0.000 / 0.000       450.151 / 3398.532    450.151 / 3398.532    ms
[14340.316s][info][gc,stats    ]    Subphase: Concurrent Mark Try Flush                     0.000 / 0.000         0.000 / 0.000         1.565 / 934.939       1.565 / 934.939     ms
[14340.316s][info][gc,stats    ]    Subphase: Concurrent Mark Try Terminate                 0.000 / 0.000         0.000 / 0.000         1.072 / 934.940       1.072 / 934.940     ms
[14340.316s][info][gc,stats    ]    Subphase: Concurrent References Enqueue                 0.000 / 0.000         0.000 / 0.000         0.009 / 0.091         0.009 / 0.091       ms
[14340.316s][info][gc,stats    ]    Subphase: Concurrent References Process                 0.000 / 0.000         0.000 / 0.000         0.881 / 3.992         0.881 / 3.992       ms
[14340.316s][info][gc,stats    ]    Subphase: Concurrent Roots ClassLoaderDataGraph         0.000 / 0.000         0.000 / 0.000         0.833 / 3.889         0.833 / 3.889       ms
[14340.316s][info][gc,stats    ]    Subphase: Concurrent Roots CodeCache                    0.000 / 0.000         0.000 / 0.000         0.000 / 0.000         0.000 / 0.000       ms
[14340.316s][info][gc,stats    ]    Subphase: Concurrent Roots JavaThreads                  0.000 / 0.000         0.000 / 0.000         4.665 / 969.487       4.665 / 969.487     ms
[14340.316s][info][gc,stats    ]    Subphase: Concurrent Roots OopStorageSet                0.000 / 0.000         0.000 / 0.000         0.083 / 2.218         0.083 / 2.218       ms
[14340.316s][info][gc,stats    ]    Subphase: Concurrent Weak Roots OopStorageSet           0.000 / 0.000         0.000 / 0.000         1.501 / 13.633        1.501 / 13.633      ms
[14340.316s][info][gc,stats    ]    Subphase: Pause Mark Try Complete                       0.000 / 0.000         0.000 / 0.000         0.001 / 0.031         0.001 / 0.031       ms
[14340.316s][info][gc,stats    ]      System: Java Threads                                      0 / 0                 0 / 0              1929 / 4684           1929 / 4684        threads
[14340.316s][info][gc,stats    ] =========================================================================================================================================================
[14350.315s][info][gc,stats    ] === Garbage Collection Statistics =======================================================================================================================
[14350.315s][info][gc,stats    ]                                                              Last 10s              Last 10m              Last 10h                Total
[14350.315s][info][gc,stats    ]                                                              Avg / Max             Avg / Max             Avg / Max             Avg / Max
[14350.315s][info][gc,stats    ]   Collector: Garbage Collection Cycle                      0.000 / 0.000         0.000 / 0.000       665.978 / 19032.234   665.978 / 19032.234   ms
[14350.315s][info][gc,stats    ]  Contention: Mark Segment Reset Contention                     0 / 0                 0 / 0                 2 / 104               2 / 104         ops/s
[14350.316s][info][gc,stats    ]  Contention: Mark SeqNum Reset Contention                      0 / 0                 0 / 0                 0 / 7                 0 / 7           ops/s
[14350.316s][info][gc,stats    ]    Critical: Allocation Stall                                  0 / 0                 0 / 0                 0 / 827               0 / 827         ops/s
[14350.316s][info][gc,stats    ]    Critical: Allocation Stall                              0.000 / 0.000         0.000 / 0.000       146.230 / 487.490     146.230 / 487.490     ms
[14350.316s][info][gc,stats    ]    Critical: GC Locker Stall                                   0 / 0                 0 / 0                 0 / 2                 0 / 2           ops/s
[14350.316s][info][gc,stats    ]    Critical: GC Locker Stall                               0.000 / 0.000         0.000 / 0.000         0.167 / 4.787         0.167 / 4.787       ms
[14350.316s][info][gc,stats    ]    Critical: Relocation Stall                                  0 / 0                 0 / 0                 0 / 103               0 / 103         ops/s
[14350.316s][info][gc,stats    ]    Critical: Relocation Stall                              0.000 / 0.000         0.000 / 0.000        14.882 / 62.172       14.882 / 62.172      ms
[14350.316s][info][gc,stats    ]      Memory: Allocation Rate                                   0 / 0                 0 / 0               486 / 2790            486 / 2790        MB/s
[14350.316s][info][gc,stats    ]      Memory: Out Of Memory                                     0 / 0                 0 / 0                 0 / 0                 0 / 0           ops/s
[14350.316s][info][gc,stats    ]      Memory: Page Cache Flush                                  0 / 0                 0 / 0                 0 / 258               0 / 258         MB/s
[14350.316s][info][gc,stats    ]      Memory: Page Cache Hit L1                                 0 / 0                 0 / 0               236 / 1336            236 / 1336        ops/s
[14350.316s][info][gc,stats    ]      Memory: Page Cache Hit L2                                 0 / 0                 0 / 0                 0 / 0                 0 / 0           ops/s
[14350.316s][info][gc,stats    ]      Memory: Page Cache Hit L3                                 0 / 0                 0 / 0                 0 / 1028              0 / 1028        ops/s
[14350.316s][info][gc,stats    ]      Memory: Page Cache Miss                                   0 / 0                 0 / 0                 0 / 12                0 / 12          ops/s
[14350.316s][info][gc,stats    ]      Memory: Uncommit                                          0 / 0                 0 / 0                 0 / 0                 0 / 0           MB/s
[14350.316s][info][gc,stats    ]      Memory: Undo Object Allocation Failed                     0 / 0                 0 / 0                 0 / 5                 0 / 5           ops/s
[14350.316s][info][gc,stats    ]      Memory: Undo Object Allocation Succeeded                  0 / 0                 0 / 0                16 / 6595             16 / 6595        ops/s
[14350.316s][info][gc,stats    ]      Memory: Undo Page Allocation                              0 / 0                 0 / 0                 0 / 676               0 / 676         ops/s
[14350.316s][info][gc,stats    ]       Phase: Concurrent Mark                               0.000 / 0.000         0.000 / 0.000       571.218 / 3424.228    571.218 / 3424.228    ms
[14350.316s][info][gc,stats    ]       Phase: Concurrent Mark Continue                      0.000 / 0.000         0.000 / 0.000         0.000 / 0.000         0.000 / 0.000       ms
[14350.316s][info][gc,stats    ]       Phase: Concurrent Mark Free                          0.000 / 0.000         0.000 / 0.000         1.118 / 305.339       1.118 / 305.339     ms
[14350.316s][info][gc,stats    ]       Phase: Concurrent Process Non-Strong References      0.000 / 0.000         0.000 / 0.000        69.335 / 18388.762    69.335 / 18388.762   ms
[14350.316s][info][gc,stats    ]       Phase: Concurrent Relocate                           0.000 / 0.000         0.000 / 0.000        11.475 / 64.108       11.475 / 64.108      ms
[14350.316s][info][gc,stats    ]       Phase: Concurrent Reset Relocation Set               0.000 / 0.000         0.000 / 0.000         0.212 / 0.968         0.212 / 0.968       ms
[14350.316s][info][gc,stats    ]       Phase: Concurrent Select Relocation Set              0.000 / 0.000         0.000 / 0.000         6.722 / 623.697       6.722 / 623.697     ms
[14350.316s][info][gc,stats    ]       Phase: Pause Mark End                                0.000 / 0.000         0.000 / 0.000         0.094 / 0.434         0.094 / 0.434       ms
[14350.316s][info][gc,stats    ]       Phase: Pause Mark Start                              0.000 / 0.000         0.000 / 0.000         0.023 / 0.223         0.023 / 0.223       ms
[14350.316s][info][gc,stats    ]       Phase: Pause Relocate Start                          0.000 / 0.000         0.000 / 0.000         0.045 / 0.309         0.045 / 0.309       ms
[14350.316s][info][gc,stats    ]    Subphase: Concurrent Classes Purge                      0.000 / 0.000         0.000 / 0.000         0.518 / 3.157         0.518 / 3.157       ms
[14350.316s][info][gc,stats    ]    Subphase: Concurrent Classes Unlink                     0.000 / 0.000         0.000 / 0.000        64.039 / 18382.834    64.039 / 18382.834   ms
[14350.316s][info][gc,stats    ]    Subphase: Concurrent Mark                               0.000 / 0.000         0.000 / 0.000       450.151 / 3398.532    450.151 / 3398.532    ms
[14350.316s][info][gc,stats    ]    Subphase: Concurrent Mark Try Flush                     0.000 / 0.000         0.000 / 0.000         1.565 / 934.939       1.565 / 934.939     ms
[14350.316s][info][gc,stats    ]    Subphase: Concurrent Mark Try Terminate                 0.000 / 0.000         0.000 / 0.000         1.072 / 934.940       1.072 / 934.940     ms
[14350.316s][info][gc,stats    ]    Subphase: Concurrent References Enqueue                 0.000 / 0.000         0.000 / 0.000         0.009 / 0.091         0.009 / 0.091       ms
[14350.316s][info][gc,stats    ]    Subphase: Concurrent References Process                 0.000 / 0.000         0.000 / 0.000         0.881 / 3.992         0.881 / 3.992       ms
[14350.316s][info][gc,stats    ]    Subphase: Concurrent Roots ClassLoaderDataGraph         0.000 / 0.000         0.000 / 0.000         0.833 / 3.889         0.833 / 3.889       ms
[14350.316s][info][gc,stats    ]    Subphase: Concurrent Roots CodeCache                    0.000 / 0.000         0.000 / 0.000         0.000 / 0.000         0.000 / 0.000       ms
[14350.316s][info][gc,stats    ]    Subphase: Concurrent Roots JavaThreads                  0.000 / 0.000         0.000 / 0.000         4.665 / 969.487       4.665 / 969.487     ms
[14350.316s][info][gc,stats    ]    Subphase: Concurrent Roots OopStorageSet                0.000 / 0.000         0.000 / 0.000         0.083 / 2.218         0.083 / 2.218       ms
[14350.316s][info][gc,stats    ]    Subphase: Concurrent Weak Roots OopStorageSet           0.000 / 0.000         0.000 / 0.000         1.501 / 13.633        1.501 / 13.633      ms
[14350.316s][info][gc,stats    ]    Subphase: Pause Mark Try Complete                       0.000 / 0.000         0.000 / 0.000         0.001 / 0.031         0.001 / 0.031       ms
[14350.316s][info][gc,stats    ]      System: Java Threads                                      0 / 0                 0 / 0              1929 / 4684           1929 / 4684        threads
[14350.316s][info][gc,stats    ] =========================================================================================================================================================
[14360.315s][info][gc,stats    ] === Garbage Collection Statistics =======================================================================================================================
[14360.315s][info][gc,stats    ]                                                              Last 10s              Last 10m              Last 10h                Total
[14360.315s][info][gc,stats    ]                                                              Avg / Max             Avg / Max             Avg / Max             Avg / Max
[14360.315s][info][gc,stats    ]   Collector: Garbage Collection Cycle                      0.000 / 0.000         0.000 / 0.000       665.978 / 19032.234   665.978 / 19032.234   ms
[14360.315s][info][gc,stats    ]  Contention: Mark Segment Reset Contention                     0 / 0                 0 / 0                 2 / 104               2 / 104         ops/s
[14360.315s][info][gc,stats    ]  Contention: Mark SeqNum Reset Contention                      0 / 0                 0 / 0                 0 / 7                 0 / 7           ops/s
[14360.315s][info][gc,stats    ]    Critical: Allocation Stall                                  0 / 0                 0 / 0                 0 / 827               0 / 827         ops/s
[14360.315s][info][gc,stats    ]    Critical: Allocation Stall                              0.000 / 0.000         0.000 / 0.000       146.230 / 487.490     146.230 / 487.490     ms
[14360.315s][info][gc,stats    ]    Critical: GC Locker Stall                                   0 / 0                 0 / 0                 0 / 2                 0 / 2           ops/s
[14360.315s][info][gc,stats    ]    Critical: GC Locker Stall                               0.000 / 0.000         0.000 / 0.000         0.167 / 4.787         0.167 / 4.787       ms
[14360.315s][info][gc,stats    ]    Critical: Relocation Stall                                  0 / 0                 0 / 0                 0 / 103               0 / 103         ops/s
[14360.315s][info][gc,stats    ]    Critical: Relocation Stall                              0.000 / 0.000         0.000 / 0.000        14.882 / 62.172       14.882 / 62.172      ms
[14360.315s][info][gc,stats    ]      Memory: Allocation Rate                                   0 / 0                 0 / 0               485 / 2790            485 / 2790        MB/s
[14360.315s][info][gc,stats    ]      Memory: Out Of Memory                                     0 / 0                 0 / 0                 0 / 0                 0 / 0           ops/s
[14360.315s][info][gc,stats    ]      Memory: Page Cache Flush                                  0 / 0                 0 / 0                 0 / 258               0 / 258         MB/s
[14360.315s][info][gc,stats    ]      Memory: Page Cache Hit L1                                 0 / 0                 0 / 0               236 / 1336            236 / 1336        ops/s
[14360.315s][info][gc,stats    ]      Memory: Page Cache Hit L2                                 0 / 0                 0 / 0                 0 / 0                 0 / 0           ops/s
[14360.315s][info][gc,stats    ]      Memory: Page Cache Hit L3                                 0 / 0                 0 / 0                 0 / 1028              0 / 1028        ops/s
[14360.315s][info][gc,stats    ]      Memory: Page Cache Miss                                   0 / 0                 0 / 0                 0 / 12                0 / 12          ops/s
[14360.315s][info][gc,stats    ]      Memory: Uncommit                                          0 / 0                 0 / 0                 0 / 0                 0 / 0           MB/s
[14360.315s][info][gc,stats    ]      Memory: Undo Object Allocation Failed                     0 / 0                 0 / 0                 0 / 5                 0 / 5           ops/s
[14360.315s][info][gc,stats    ]      Memory: Undo Object Allocation Succeeded                  0 / 0                 0 / 0                16 / 6595             16 / 6595        ops/s
[14360.315s][info][gc,stats    ]      Memory: Undo Page Allocation                              0 / 0                 0 / 0                 0 / 676               0 / 676         ops/s
[14360.316s][info][gc,stats    ]       Phase: Concurrent Mark                               0.000 / 0.000         0.000 / 0.000       571.218 / 3424.228    571.218 / 3424.228    ms
[14360.316s][info][gc,stats    ]       Phase: Concurrent Mark Continue                      0.000 / 0.000         0.000 / 0.000         0.000 / 0.000         0.000 / 0.000       ms
[14360.316s][info][gc,stats    ]       Phase: Concurrent Mark Free                          0.000 / 0.000         0.000 / 0.000         1.118 / 305.339       1.118 / 305.339     ms
[14360.316s][info][gc,stats    ]       Phase: Concurrent Process Non-Strong References      0.000 / 0.000         0.000 / 0.000        69.335 / 18388.762    69.335 / 18388.762   ms
[14360.316s][info][gc,stats    ]       Phase: Concurrent Relocate                           0.000 / 0.000         0.000 / 0.000        11.475 / 64.108       11.475 / 64.108      ms
[14360.316s][info][gc,stats    ]       Phase: Concurrent Reset Relocation Set               0.000 / 0.000         0.000 / 0.000         0.212 / 0.968         0.212 / 0.968       ms
[14360.316s][info][gc,stats    ]       Phase: Concurrent Select Relocation Set              0.000 / 0.000         0.000 / 0.000         6.722 / 623.697       6.722 / 623.697     ms
[14360.316s][info][gc,stats    ]       Phase: Pause Mark End                                0.000 / 0.000         0.000 / 0.000         0.094 / 0.434         0.094 / 0.434       ms
[14360.316s][info][gc,stats    ]       Phase: Pause Mark Start                              0.000 / 0.000         0.000 / 0.000         0.023 / 0.223         0.023 / 0.223       ms
[14360.316s][info][gc,stats    ]       Phase: Pause Relocate Start                          0.000 / 0.000         0.000 / 0.000         0.045 / 0.309         0.045 / 0.309       ms
[14360.316s][info][gc,stats    ]    Subphase: Concurrent Classes Purge                      0.000 / 0.000         0.000 / 0.000         0.518 / 3.157         0.518 / 3.157       ms
[14360.316s][info][gc,stats    ]    Subphase: Concurrent Classes Unlink                     0.000 / 0.000         0.000 / 0.000        64.039 / 18382.834    64.039 / 18382.834   ms
[14360.316s][info][gc,stats    ]    Subphase: Concurrent Mark                               0.000 / 0.000         0.000 / 0.000       450.151 / 3398.532    450.151 / 3398.532    ms
[14360.316s][info][gc,stats    ]    Subphase: Concurrent Mark Try Flush                     0.000 / 0.000         0.000 / 0.000         1.565 / 934.939       1.565 / 934.939     ms
[14360.316s][info][gc,stats    ]    Subphase: Concurrent Mark Try Terminate                 0.000 / 0.000         0.000 / 0.000         1.072 / 934.940       1.072 / 934.940     ms
[14360.316s][info][gc,stats    ]    Subphase: Concurrent References Enqueue                 0.000 / 0.000         0.000 / 0.000         0.009 / 0.091         0.009 / 0.091       ms
[14360.316s][info][gc,stats    ]    Subphase: Concurrent References Process                 0.000 / 0.000         0.000 / 0.000         0.881 / 3.992         0.881 / 3.992       ms
[14360.316s][info][gc,stats    ]    Subphase: Concurrent Roots ClassLoaderDataGraph         0.000 / 0.000         0.000 / 0.000         0.833 / 3.889         0.833 / 3.889       ms
[14360.316s][info][gc,stats    ]    Subphase: Concurrent Roots CodeCache                    0.000 / 0.000         0.000 / 0.000         0.000 / 0.000         0.000 / 0.000       ms
[14360.316s][info][gc,stats    ]    Subphase: Concurrent Roots JavaThreads                  0.000 / 0.000         0.000 / 0.000         4.665 / 969.487       4.665 / 969.487     ms
[14360.316s][info][gc,stats    ]    Subphase: Concurrent Roots OopStorageSet                0.000 / 0.000         0.000 / 0.000         0.083 / 2.218         0.083 / 2.218       ms
[14360.316s][info][gc,stats    ]    Subphase: Concurrent Weak Roots OopStorageSet           0.000 / 0.000         0.000 / 0.000         1.501 / 13.633        1.501 / 13.633      ms
[14360.316s][info][gc,stats    ]    Subphase: Pause Mark Try Complete                       0.000 / 0.000         0.000 / 0.000         0.001 / 0.031         0.001 / 0.031       ms
[14360.316s][info][gc,stats    ]      System: Java Threads                                      0 / 0                 0 / 0              1929 / 4684           1929 / 4684        threads
[14360.316s][info][gc,stats    ] =========================================================================================================================================================
[14370.315s][info][gc,stats    ] === Garbage Collection Statistics =======================================================================================================================
[14370.315s][info][gc,stats    ]                                                              Last 10s              Last 10m              Last 10h                Total
[14370.315s][info][gc,stats    ]                                                              Avg / Max             Avg / Max             Avg / Max             Avg / Max
[14370.315s][info][gc,stats    ]   Collector: Garbage Collection Cycle                      0.000 / 0.000         0.000 / 0.000       665.978 / 19032.234   665.978 / 19032.234   ms
[14370.315s][info][gc,stats    ]  Contention: Mark Segment Reset Contention                     0 / 0                 0 / 0                 2 / 104               2 / 104         ops/s
[14370.315s][info][gc,stats    ]  Contention: Mark SeqNum Reset Contention                      0 / 0                 0 / 0                 0 / 7                 0 / 7           ops/s
[14370.315s][info][gc,stats    ]    Critical: Allocation Stall                                  0 / 0                 0 / 0                 0 / 827               0 / 827         ops/s
[14370.315s][info][gc,stats    ]    Critical: Allocation Stall                              0.000 / 0.000         0.000 / 0.000       146.230 / 487.490     146.230 / 487.490     ms
[14370.315s][info][gc,stats    ]    Critical: GC Locker Stall                                   0 / 0                 0 / 0                 0 / 2                 0 / 2           ops/s
[14370.315s][info][gc,stats    ]    Critical: GC Locker Stall                               0.000 / 0.000         0.000 / 0.000         0.167 / 4.787         0.167 / 4.787       ms
[14370.315s][info][gc,stats    ]    Critical: Relocation Stall                                  0 / 0                 0 / 0                 0 / 103               0 / 103         ops/s
[14370.315s][info][gc,stats    ]    Critical: Relocation Stall                              0.000 / 0.000         0.000 / 0.000        14.882 / 62.172       14.882 / 62.172      ms
[14370.315s][info][gc,stats    ]      Memory: Allocation Rate                                   0 / 0                 0 / 0               485 / 2790            485 / 2790        MB/s
[14370.315s][info][gc,stats    ]      Memory: Out Of Memory                                     0 / 0                 0 / 0                 0 / 0                 0 / 0           ops/s
[14370.315s][info][gc,stats    ]      Memory: Page Cache Flush                                  0 / 0                 0 / 0                 0 / 258               0 / 258         MB/s
[14370.315s][info][gc,stats    ]      Memory: Page Cache Hit L1                                 0 / 0                 0 / 0               236 / 1336            236 / 1336        ops/s
[14370.315s][info][gc,stats    ]      Memory: Page Cache Hit L2                                 0 / 0                 0 / 0                 0 / 0                 0 / 0           ops/s
[14370.315s][info][gc,stats    ]      Memory: Page Cache Hit L3                                 0 / 0                 0 / 0                 0 / 1028              0 / 1028        ops/s
[14370.315s][info][gc,stats    ]      Memory: Page Cache Miss                                   0 / 0                 0 / 0                 0 / 12                0 / 12          ops/s
[14370.315s][info][gc,stats    ]      Memory: Uncommit                                          0 / 0                 0 / 0                 0 / 0                 0 / 0           MB/s
[14370.315s][info][gc,stats    ]      Memory: Undo Object Allocation Failed                     0 / 0                 0 / 0                 0 / 5                 0 / 5           ops/s
[14370.315s][info][gc,stats    ]      Memory: Undo Object Allocation Succeeded                  0 / 0                 0 / 0                16 / 6595             16 / 6595        ops/s
[14370.315s][info][gc,stats    ]      Memory: Undo Page Allocation                              0 / 0                 0 / 0                 0 / 676               0 / 676         ops/s
[14370.315s][info][gc,stats    ]       Phase: Concurrent Mark                               0.000 / 0.000         0.000 / 0.000       571.218 / 3424.228    571.218 / 3424.228    ms
[14370.315s][info][gc,stats    ]       Phase: Concurrent Mark Continue                      0.000 / 0.000         0.000 / 0.000         0.000 / 0.000         0.000 / 0.000       ms
[14370.315s][info][gc,stats    ]       Phase: Concurrent Mark Free                          0.000 / 0.000         0.000 / 0.000         1.118 / 305.339       1.118 / 305.339     ms
[14370.315s][info][gc,stats    ]       Phase: Concurrent Process Non-Strong References      0.000 / 0.000         0.000 / 0.000        69.335 / 18388.762    69.335 / 18388.762   ms
[14370.315s][info][gc,stats    ]       Phase: Concurrent Relocate                           0.000 / 0.000         0.000 / 0.000        11.475 / 64.108       11.475 / 64.108      ms
[14370.315s][info][gc,stats    ]       Phase: Concurrent Reset Relocation Set               0.000 / 0.000         0.000 / 0.000         0.212 / 0.968         0.212 / 0.968       ms
[14370.315s][info][gc,stats    ]       Phase: Concurrent Select Relocation Set              0.000 / 0.000         0.000 / 0.000         6.722 / 623.697       6.722 / 623.697     ms
[14370.315s][info][gc,stats    ]       Phase: Pause Mark End                                0.000 / 0.000         0.000 / 0.000         0.094 / 0.434         0.094 / 0.434       ms
[14370.315s][info][gc,stats    ]       Phase: Pause Mark Start                              0.000 / 0.000         0.000 / 0.000         0.023 / 0.223         0.023 / 0.223       ms
[14370.315s][info][gc,stats    ]       Phase: Pause Relocate Start                          0.000 / 0.000         0.000 / 0.000         0.045 / 0.309         0.045 / 0.309       ms
[14370.315s][info][gc,stats    ]    Subphase: Concurrent Classes Purge                      0.000 / 0.000         0.000 / 0.000         0.518 / 3.157         0.518 / 3.157       ms
[14370.315s][info][gc,stats    ]    Subphase: Concurrent Classes Unlink                     0.000 / 0.000         0.000 / 0.000        64.039 / 18382.834    64.039 / 18382.834   ms
[14370.315s][info][gc,stats    ]    Subphase: Concurrent Mark                               0.000 / 0.000         0.000 / 0.000       450.151 / 3398.532    450.151 / 3398.532    ms
[14370.315s][info][gc,stats    ]    Subphase: Concurrent Mark Try Flush                     0.000 / 0.000         0.000 / 0.000         1.565 / 934.939       1.565 / 934.939     ms
[14370.316s][info][gc,stats    ]    Subphase: Concurrent Mark Try Terminate                 0.000 / 0.000         0.000 / 0.000         1.072 / 934.940       1.072 / 934.940     ms
[14370.316s][info][gc,stats    ]    Subphase: Concurrent References Enqueue                 0.000 / 0.000         0.000 / 0.000         0.009 / 0.091         0.009 / 0.091       ms
[14370.316s][info][gc,stats    ]    Subphase: Concurrent References Process                 0.000 / 0.000         0.000 / 0.000         0.881 / 3.992         0.881 / 3.992       ms
[14370.316s][info][gc,stats    ]    Subphase: Concurrent Roots ClassLoaderDataGraph         0.000 / 0.000         0.000 / 0.000         0.833 / 3.889         0.833 / 3.889       ms
[14370.316s][info][gc,stats    ]    Subphase: Concurrent Roots CodeCache                    0.000 / 0.000         0.000 / 0.000         0.000 / 0.000         0.000 / 0.000       ms
[14370.316s][info][gc,stats    ]    Subphase: Concurrent Roots JavaThreads                  0.000 / 0.000         0.000 / 0.000         4.665 / 969.487       4.665 / 969.487     ms
[14370.316s][info][gc,stats    ]    Subphase: Concurrent Roots OopStorageSet                0.000 / 0.000         0.000 / 0.000         0.083 / 2.218         0.083 / 2.218       ms
[14370.316s][info][gc,stats    ]    Subphase: Concurrent Weak Roots OopStorageSet           0.000 / 0.000         0.000 / 0.000         1.501 / 13.633        1.501 / 13.633      ms
[14370.316s][info][gc,stats    ]    Subphase: Pause Mark Try Complete                       0.000 / 0.000         0.000 / 0.000         0.001 / 0.031         0.001 / 0.031       ms
[14370.316s][info][gc,stats    ]      System: Java Threads                                      0 / 0                 0 / 0              1929 / 4684           1929 / 4684        threads
[14370.316s][info][gc,stats    ] =========================================================================================================================================================
[14380.316s][info][gc,stats    ] === Garbage Collection Statistics =======================================================================================================================
[14380.316s][info][gc,stats    ]                                                              Last 10s              Last 10m              Last 10h                Total
[14380.316s][info][gc,stats    ]                                                              Avg / Max             Avg / Max             Avg / Max             Avg / Max
[14380.316s][info][gc,stats    ]   Collector: Garbage Collection Cycle                      0.000 / 0.000         0.000 / 0.000       665.978 / 19032.234   665.978 / 19032.234   ms
[14380.316s][info][gc,stats    ]  Contention: Mark Segment Reset Contention                     0 / 0                 0 / 0                 2 / 104               2 / 104         ops/s
[14380.316s][info][gc,stats    ]  Contention: Mark SeqNum Reset Contention                      0 / 0                 0 / 0                 0 / 7                 0 / 7           ops/s
[14380.316s][info][gc,stats    ]    Critical: Allocation Stall                                  0 / 0                 0 / 0                 0 / 827               0 / 827         ops/s
[14380.316s][info][gc,stats    ]    Critical: Allocation Stall                              0.000 / 0.000         0.000 / 0.000       146.230 / 487.490     146.230 / 487.490     ms
[14380.316s][info][gc,stats    ]    Critical: GC Locker Stall                                   0 / 0                 0 / 0                 0 / 2                 0 / 2           ops/s
[14380.316s][info][gc,stats    ]    Critical: GC Locker Stall                               0.000 / 0.000         0.000 / 0.000         0.167 / 4.787         0.167 / 4.787       ms
[14380.316s][info][gc,stats    ]    Critical: Relocation Stall                                  0 / 0                 0 / 0                 0 / 103               0 / 103         ops/s
[14380.316s][info][gc,stats    ]    Critical: Relocation Stall                              0.000 / 0.000         0.000 / 0.000        14.882 / 62.172       14.882 / 62.172      ms
[14380.316s][info][gc,stats    ]      Memory: Allocation Rate                                   0 / 0                 0 / 0               485 / 2790            485 / 2790        MB/s
[14380.316s][info][gc,stats    ]      Memory: Out Of Memory                                     0 / 0                 0 / 0                 0 / 0                 0 / 0           ops/s
[14380.316s][info][gc,stats    ]      Memory: Page Cache Flush                                  0 / 0                 0 / 0                 0 / 258               0 / 258         MB/s
[14380.316s][info][gc,stats    ]      Memory: Page Cache Hit L1                                 0 / 0                 0 / 0               236 / 1336            236 / 1336        ops/s
[14380.316s][info][gc,stats    ]      Memory: Page Cache Hit L2                                 0 / 0                 0 / 0                 0 / 0                 0 / 0           ops/s
[14380.316s][info][gc,stats    ]      Memory: Page Cache Hit L3                                 0 / 0                 0 / 0                 0 / 1028              0 / 1028        ops/s
[14380.316s][info][gc,stats    ]      Memory: Page Cache Miss                                   0 / 0                 0 / 0                 0 / 12                0 / 12          ops/s
[14380.316s][info][gc,stats    ]      Memory: Uncommit                                          0 / 0                 0 / 0                 0 / 0                 0 / 0           MB/s
[14380.316s][info][gc,stats    ]      Memory: Undo Object Allocation Failed                     0 / 0                 0 / 0                 0 / 5                 0 / 5           ops/s
[14380.316s][info][gc,stats    ]      Memory: Undo Object Allocation Succeeded                  0 / 0                 0 / 0                16 / 6595             16 / 6595        ops/s
[14380.316s][info][gc,stats    ]      Memory: Undo Page Allocation                              0 / 0                 0 / 0                 0 / 676               0 / 676         ops/s
[14380.316s][info][gc,stats    ]       Phase: Concurrent Mark                               0.000 / 0.000         0.000 / 0.000       571.218 / 3424.228    571.218 / 3424.228    ms
[14380.316s][info][gc,stats    ]       Phase: Concurrent Mark Continue                      0.000 / 0.000         0.000 / 0.000         0.000 / 0.000         0.000 / 0.000       ms
[14380.316s][info][gc,stats    ]       Phase: Concurrent Mark Free                          0.000 / 0.000         0.000 / 0.000         1.118 / 305.339       1.118 / 305.339     ms
[14380.316s][info][gc,stats    ]       Phase: Concurrent Process Non-Strong References      0.000 / 0.000         0.000 / 0.000        69.335 / 18388.762    69.335 / 18388.762   ms
[14380.316s][info][gc,stats    ]       Phase: Concurrent Relocate                           0.000 / 0.000         0.000 / 0.000        11.475 / 64.108       11.475 / 64.108      ms
[14380.316s][info][gc,stats    ]       Phase: Concurrent Reset Relocation Set               0.000 / 0.000         0.000 / 0.000         0.212 / 0.968         0.212 / 0.968       ms
[14380.316s][info][gc,stats    ]       Phase: Concurrent Select Relocation Set              0.000 / 0.000         0.000 / 0.000         6.722 / 623.697       6.722 / 623.697     ms
[14380.316s][info][gc,stats    ]       Phase: Pause Mark End                                0.000 / 0.000         0.000 / 0.000         0.094 / 0.434         0.094 / 0.434       ms
[14380.316s][info][gc,stats    ]       Phase: Pause Mark Start                              0.000 / 0.000         0.000 / 0.000         0.023 / 0.223         0.023 / 0.223       ms
[14380.316s][info][gc,stats    ]       Phase: Pause Relocate Start                          0.000 / 0.000         0.000 / 0.000         0.045 / 0.309         0.045 / 0.309       ms
[14380.316s][info][gc,stats    ]    Subphase: Concurrent Classes Purge                      0.000 / 0.000         0.000 / 0.000         0.518 / 3.157         0.518 / 3.157       ms
[14380.316s][info][gc,stats    ]    Subphase: Concurrent Classes Unlink                     0.000 / 0.000         0.000 / 0.000        64.039 / 18382.834    64.039 / 18382.834   ms
[14380.316s][info][gc,stats    ]    Subphase: Concurrent Mark                               0.000 / 0.000         0.000 / 0.000       450.151 / 3398.532    450.151 / 3398.532    ms
[14380.316s][info][gc,stats    ]    Subphase: Concurrent Mark Try Flush                     0.000 / 0.000         0.000 / 0.000         1.565 / 934.939       1.565 / 934.939     ms
[14380.316s][info][gc,stats    ]    Subphase: Concurrent Mark Try Terminate                 0.000 / 0.000         0.000 / 0.000         1.072 / 934.940       1.072 / 934.940     ms
[14380.316s][info][gc,stats    ]    Subphase: Concurrent References Enqueue                 0.000 / 0.000         0.000 / 0.000         0.009 / 0.091         0.009 / 0.091       ms
[14380.316s][info][gc,stats    ]    Subphase: Concurrent References Process                 0.000 / 0.000         0.000 / 0.000         0.881 / 3.992         0.881 / 3.992       ms
[14380.316s][info][gc,stats    ]    Subphase: Concurrent Roots ClassLoaderDataGraph         0.000 / 0.000         0.000 / 0.000         0.833 / 3.889         0.833 / 3.889       ms
[14380.316s][info][gc,stats    ]    Subphase: Concurrent Roots CodeCache                    0.000 / 0.000         0.000 / 0.000         0.000 / 0.000         0.000 / 0.000       ms
[14380.316s][info][gc,stats    ]    Subphase: Concurrent Roots JavaThreads                  0.000 / 0.000         0.000 / 0.000         4.665 / 969.487       4.665 / 969.487     ms
[14380.316s][info][gc,stats    ]    Subphase: Concurrent Roots OopStorageSet                0.000 / 0.000         0.000 / 0.000         0.083 / 2.218         0.083 / 2.218       ms
[14380.316s][info][gc,stats    ]    Subphase: Concurrent Weak Roots OopStorageSet           0.000 / 0.000         0.000 / 0.000         1.501 / 13.633        1.501 / 13.633      ms
[14380.317s][info][gc,stats    ]    Subphase: Pause Mark Try Complete                       0.000 / 0.000         0.000 / 0.000         0.001 / 0.031         0.001 / 0.031       ms
[14380.317s][info][gc,stats    ]      System: Java Threads                                      0 / 0                 0 / 0              1929 / 4684           1929 / 4684        threads
[14380.317s][info][gc,stats    ] =========================================================================================================================================================
[14390.316s][info][gc,stats    ] === Garbage Collection Statistics =======================================================================================================================
[14390.316s][info][gc,stats    ]                                                              Last 10s              Last 10m              Last 10h                Total
[14390.316s][info][gc,stats    ]                                                              Avg / Max             Avg / Max             Avg / Max             Avg / Max
[14390.316s][info][gc,stats    ]   Collector: Garbage Collection Cycle                      0.000 / 0.000         0.000 / 0.000       665.978 / 19032.234   665.978 / 19032.234   ms
[14390.316s][info][gc,stats    ]  Contention: Mark Segment Reset Contention                     0 / 0                 0 / 0                 2 / 104               2 / 104         ops/s
[14390.316s][info][gc,stats    ]  Contention: Mark SeqNum Reset Contention                      0 / 0                 0 / 0                 0 / 7                 0 / 7           ops/s
[14390.316s][info][gc,stats    ]    Critical: Allocation Stall                                  0 / 0                 0 / 0                 0 / 827               0 / 827         ops/s
[14390.316s][info][gc,stats    ]    Critical: Allocation Stall                              0.000 / 0.000         0.000 / 0.000       146.230 / 487.490     146.230 / 487.490     ms
[14390.316s][info][gc,stats    ]    Critical: GC Locker Stall                                   0 / 0                 0 / 0                 0 / 2                 0 / 2           ops/s
[14390.316s][info][gc,stats    ]    Critical: GC Locker Stall                               0.000 / 0.000         0.000 / 0.000         0.167 / 4.787         0.167 / 4.787       ms
[14390.316s][info][gc,stats    ]    Critical: Relocation Stall                                  0 / 0                 0 / 0                 0 / 103               0 / 103         ops/s
[14390.316s][info][gc,stats    ]    Critical: Relocation Stall                              0.000 / 0.000         0.000 / 0.000        14.882 / 62.172       14.882 / 62.172      ms
[14390.316s][info][gc,stats    ]      Memory: Allocation Rate                                   0 / 0                 0 / 0               484 / 2790            484 / 2790        MB/s
[14390.316s][info][gc,stats    ]      Memory: Out Of Memory                                     0 / 0                 0 / 0                 0 / 0                 0 / 0           ops/s
[14390.316s][info][gc,stats    ]      Memory: Page Cache Flush                                  0 / 0                 0 / 0                 0 / 258               0 / 258         MB/s
[14390.316s][info][gc,stats    ]      Memory: Page Cache Hit L1                                 0 / 0                 0 / 0               236 / 1336            236 / 1336        ops/s
[14390.316s][info][gc,stats    ]      Memory: Page Cache Hit L2                                 0 / 0                 0 / 0                 0 / 0                 0 / 0           ops/s
[14390.316s][info][gc,stats    ]      Memory: Page Cache Hit L3                                 0 / 0                 0 / 0                 0 / 1028              0 / 1028        ops/s
[14390.316s][info][gc,stats    ]      Memory: Page Cache Miss                                   0 / 0                 0 / 0                 0 / 12                0 / 12          ops/s
[14390.316s][info][gc,stats    ]      Memory: Uncommit                                          0 / 0                 0 / 0                 0 / 0                 0 / 0           MB/s
[14390.316s][info][gc,stats    ]      Memory: Undo Object Allocation Failed                     0 / 0                 0 / 0                 0 / 5                 0 / 5           ops/s
[14390.316s][info][gc,stats    ]      Memory: Undo Object Allocation Succeeded                  0 / 0                 0 / 0                16 / 6595             16 / 6595        ops/s
[14390.316s][info][gc,stats    ]      Memory: Undo Page Allocation                              0 / 0                 0 / 0                 0 / 676               0 / 676         ops/s
[14390.316s][info][gc,stats    ]       Phase: Concurrent Mark                               0.000 / 0.000         0.000 / 0.000       571.218 / 3424.228    571.218 / 3424.228    ms
[14390.316s][info][gc,stats    ]       Phase: Concurrent Mark Continue                      0.000 / 0.000         0.000 / 0.000         0.000 / 0.000         0.000 / 0.000       ms
[14390.316s][info][gc,stats    ]       Phase: Concurrent Mark Free                          0.000 / 0.000         0.000 / 0.000         1.118 / 305.339       1.118 / 305.339     ms
[14390.316s][info][gc,stats    ]       Phase: Concurrent Process Non-Strong References      0.000 / 0.000         0.000 / 0.000        69.335 / 18388.762    69.335 / 18388.762   ms
[14390.316s][info][gc,stats    ]       Phase: Concurrent Relocate                           0.000 / 0.000         0.000 / 0.000        11.475 / 64.108       11.475 / 64.108      ms
[14390.316s][info][gc,stats    ]       Phase: Concurrent Reset Relocation Set               0.000 / 0.000         0.000 / 0.000         0.212 / 0.968         0.212 / 0.968       ms
[14390.316s][info][gc,stats    ]       Phase: Concurrent Select Relocation Set              0.000 / 0.000         0.000 / 0.000         6.722 / 623.697       6.722 / 623.697     ms
[14390.316s][info][gc,stats    ]       Phase: Pause Mark End                                0.000 / 0.000         0.000 / 0.000         0.094 / 0.434         0.094 / 0.434       ms
[14390.316s][info][gc,stats    ]       Phase: Pause Mark Start                              0.000 / 0.000         0.000 / 0.000         0.023 / 0.223         0.023 / 0.223       ms
[14390.316s][info][gc,stats    ]       Phase: Pause Relocate Start                          0.000 / 0.000         0.000 / 0.000         0.045 / 0.309         0.045 / 0.309       ms
[14390.316s][info][gc,stats    ]    Subphase: Concurrent Classes Purge                      0.000 / 0.000         0.000 / 0.000         0.518 / 3.157         0.518 / 3.157       ms
[14390.316s][info][gc,stats    ]    Subphase: Concurrent Classes Unlink                     0.000 / 0.000         0.000 / 0.000        64.039 / 18382.834    64.039 / 18382.834   ms
[14390.316s][info][gc,stats    ]    Subphase: Concurrent Mark                               0.000 / 0.000         0.000 / 0.000       450.151 / 3398.532    450.151 / 3398.532    ms
[14390.316s][info][gc,stats    ]    Subphase: Concurrent Mark Try Flush                     0.000 / 0.000         0.000 / 0.000         1.565 / 934.939       1.565 / 934.939     ms
[14390.316s][info][gc,stats    ]    Subphase: Concurrent Mark Try Terminate                 0.000 / 0.000         0.000 / 0.000         1.072 / 934.940       1.072 / 934.940     ms
[14390.316s][info][gc,stats    ]    Subphase: Concurrent References Enqueue                 0.000 / 0.000         0.000 / 0.000         0.009 / 0.091         0.009 / 0.091       ms
[14390.316s][info][gc,stats    ]    Subphase: Concurrent References Process                 0.000 / 0.000         0.000 / 0.000         0.881 / 3.992         0.881 / 3.992       ms
[14390.316s][info][gc,stats    ]    Subphase: Concurrent Roots ClassLoaderDataGraph         0.000 / 0.000         0.000 / 0.000         0.833 / 3.889         0.833 / 3.889       ms
[14390.316s][info][gc,stats    ]    Subphase: Concurrent Roots CodeCache                    0.000 / 0.000         0.000 / 0.000         0.000 / 0.000         0.000 / 0.000       ms
[14390.316s][info][gc,stats    ]    Subphase: Concurrent Roots JavaThreads                  0.000 / 0.000         0.000 / 0.000         4.665 / 969.487       4.665 / 969.487     ms
[14390.316s][info][gc,stats    ]    Subphase: Concurrent Roots OopStorageSet                0.000 / 0.000         0.000 / 0.000         0.083 / 2.218         0.083 / 2.218       ms
[14390.316s][info][gc,stats    ]    Subphase: Concurrent Weak Roots OopStorageSet           0.000 / 0.000         0.000 / 0.000         1.501 / 13.633        1.501 / 13.633      ms
[14390.316s][info][gc,stats    ]    Subphase: Pause Mark Try Complete                       0.000 / 0.000         0.000 / 0.000         0.001 / 0.031         0.001 / 0.031       ms
[14390.316s][info][gc,stats    ]      System: Java Threads                                      0 / 0                 0 / 0              1929 / 4684           1929 / 4684        threads
[14390.316s][info][gc,stats    ] =========================================================================================================================================================
[14400.316s][info][gc,stats    ] === Garbage Collection Statistics =======================================================================================================================
[14400.316s][info][gc,stats    ]                                                              Last 10s              Last 10m              Last 10h                Total
[14400.316s][info][gc,stats    ]                                                              Avg / Max             Avg / Max             Avg / Max             Avg / Max
[14400.316s][info][gc,stats    ]   Collector: Garbage Collection Cycle                      0.000 / 0.000         0.000 / 0.000       665.978 / 19032.234   665.978 / 19032.234   ms
[14400.316s][info][gc,stats    ]  Contention: Mark Segment Reset Contention                     0 / 0                 0 / 0                 2 / 104               2 / 104         ops/s
[14400.316s][info][gc,stats    ]  Contention: Mark SeqNum Reset Contention                      0 / 0                 0 / 0                 0 / 7                 0 / 7           ops/s
[14400.316s][info][gc,stats    ]    Critical: Allocation Stall                                  0 / 0                 0 / 0                 0 / 827               0 / 827         ops/s
[14400.316s][info][gc,stats    ]    Critical: Allocation Stall                              0.000 / 0.000         0.000 / 0.000       146.230 / 487.490     146.230 / 487.490     ms
[14400.316s][info][gc,stats    ]    Critical: GC Locker Stall                                   0 / 0                 0 / 0                 0 / 2                 0 / 2           ops/s
[14400.316s][info][gc,stats    ]    Critical: GC Locker Stall                               0.000 / 0.000         0.000 / 0.000         0.167 / 4.787         0.167 / 4.787       ms
[14400.316s][info][gc,stats    ]    Critical: Relocation Stall                                  0 / 0                 0 / 0                 0 / 103               0 / 103         ops/s
[14400.316s][info][gc,stats    ]    Critical: Relocation Stall                              0.000 / 0.000         0.000 / 0.000        14.882 / 62.172       14.882 / 62.172      ms
[14400.316s][info][gc,stats    ]      Memory: Allocation Rate                                   0 / 0                 0 / 0               484 / 2790            484 / 2790        MB/s
[14400.316s][info][gc,stats    ]      Memory: Out Of Memory                                     0 / 0                 0 / 0                 0 / 0                 0 / 0           ops/s
[14400.316s][info][gc,stats    ]      Memory: Page Cache Flush                                  0 / 0                 0 / 0                 0 / 258               0 / 258         MB/s
[14400.316s][info][gc,stats    ]      Memory: Page Cache Hit L1                                 0 / 0                 0 / 0               235 / 1336            235 / 1336        ops/s
[14400.316s][info][gc,stats    ]      Memory: Page Cache Hit L2                                 0 / 0                 0 / 0                 0 / 0                 0 / 0           ops/s
[14400.316s][info][gc,stats    ]      Memory: Page Cache Hit L3                                 0 / 0                 0 / 0                 0 / 1028              0 / 1028        ops/s
[14400.316s][info][gc,stats    ]      Memory: Page Cache Miss                                   0 / 0                 0 / 0                 0 / 12                0 / 12          ops/s
[14400.316s][info][gc,stats    ]      Memory: Uncommit                                          0 / 0                 0 / 0                 0 / 0                 0 / 0           MB/s
[14400.316s][info][gc,stats    ]      Memory: Undo Object Allocation Failed                     0 / 0                 0 / 0                 0 / 5                 0 / 5           ops/s
[14400.316s][info][gc,stats    ]      Memory: Undo Object Allocation Succeeded                  0 / 0                 0 / 0                16 / 6595             16 / 6595        ops/s
[14400.316s][info][gc,stats    ]      Memory: Undo Page Allocation                              0 / 0                 0 / 0                 0 / 676               0 / 676         ops/s
[14400.316s][info][gc,stats    ]       Phase: Concurrent Mark                               0.000 / 0.000         0.000 / 0.000       571.218 / 3424.228    571.218 / 3424.228    ms
[14400.316s][info][gc,stats    ]       Phase: Concurrent Mark Continue                      0.000 / 0.000         0.000 / 0.000         0.000 / 0.000         0.000 / 0.000       ms
[14400.316s][info][gc,stats    ]       Phase: Concurrent Mark Free                          0.000 / 0.000         0.000 / 0.000         1.118 / 305.339       1.118 / 305.339     ms
[14400.316s][info][gc,stats    ]       Phase: Concurrent Process Non-Strong References      0.000 / 0.000         0.000 / 0.000        69.335 / 18388.762    69.335 / 18388.762   ms
[14400.316s][info][gc,stats    ]       Phase: Concurrent Relocate                           0.000 / 0.000         0.000 / 0.000        11.475 / 64.108       11.475 / 64.108      ms
[14400.316s][info][gc,stats    ]       Phase: Concurrent Reset Relocation Set               0.000 / 0.000         0.000 / 0.000         0.212 / 0.968         0.212 / 0.968       ms
[14400.316s][info][gc,stats    ]       Phase: Concurrent Select Relocation Set              0.000 / 0.000         0.000 / 0.000         6.722 / 623.697       6.722 / 623.697     ms
[14400.316s][info][gc,stats    ]       Phase: Pause Mark End                                0.000 / 0.000         0.000 / 0.000         0.094 / 0.434         0.094 / 0.434       ms
[14400.316s][info][gc,stats    ]       Phase: Pause Mark Start                              0.000 / 0.000         0.000 / 0.000         0.023 / 0.223         0.023 / 0.223       ms
[14400.316s][info][gc,stats    ]       Phase: Pause Relocate Start                          0.000 / 0.000         0.000 / 0.000         0.045 / 0.309         0.045 / 0.309       ms
[14400.316s][info][gc,stats    ]    Subphase: Concurrent Classes Purge                      0.000 / 0.000         0.000 / 0.000         0.518 / 3.157         0.518 / 3.157       ms
[14400.316s][info][gc,stats    ]    Subphase: Concurrent Classes Unlink                     0.000 / 0.000         0.000 / 0.000        64.039 / 18382.834    64.039 / 18382.834   ms
[14400.316s][info][gc,stats    ]    Subphase: Concurrent Mark                               0.000 / 0.000         0.000 / 0.000       450.151 / 3398.532    450.151 / 3398.532    ms
[14400.316s][info][gc,stats    ]    Subphase: Concurrent Mark Try Flush                     0.000 / 0.000         0.000 / 0.000         1.565 / 934.939       1.565 / 934.939     ms
[14400.316s][info][gc,stats    ]    Subphase: Concurrent Mark Try Terminate                 0.000 / 0.000         0.000 / 0.000         1.072 / 934.940       1.072 / 934.940     ms
[14400.316s][info][gc,stats    ]    Subphase: Concurrent References Enqueue                 0.000 / 0.000         0.000 / 0.000         0.009 / 0.091         0.009 / 0.091       ms
[14400.316s][info][gc,stats    ]    Subphase: Concurrent References Process                 0.000 / 0.000         0.000 / 0.000         0.881 / 3.992         0.881 / 3.992       ms
[14400.316s][info][gc,stats    ]    Subphase: Concurrent Roots ClassLoaderDataGraph         0.000 / 0.000         0.000 / 0.000         0.833 / 3.889         0.833 / 3.889       ms
[14400.316s][info][gc,stats    ]    Subphase: Concurrent Roots CodeCache                    0.000 / 0.000         0.000 / 0.000         0.000 / 0.000         0.000 / 0.000       ms
[14400.316s][info][gc,stats    ]    Subphase: Concurrent Roots JavaThreads                  0.000 / 0.000         0.000 / 0.000         4.665 / 969.487       4.665 / 969.487     ms
[14400.316s][info][gc,stats    ]    Subphase: Concurrent Roots OopStorageSet                0.000 / 0.000         0.000 / 0.000         0.083 / 2.218         0.083 / 2.218       ms
[14400.316s][info][gc,stats    ]    Subphase: Concurrent Weak Roots OopStorageSet           0.000 / 0.000         0.000 / 0.000         1.501 / 13.633        1.501 / 13.633      ms
[14400.316s][info][gc,stats    ]    Subphase: Pause Mark Try Complete                       0.000 / 0.000         0.000 / 0.000         0.001 / 0.031         0.001 / 0.031       ms
[14400.316s][info][gc,stats    ]      System: Java Threads                                      0 / 0                 0 / 0              1929 / 4684           1929 / 4684        threads
[14400.316s][info][gc,stats    ] =========================================================================================================================================================
[14410.316s][info][gc,stats    ] === Garbage Collection Statistics =======================================================================================================================
[14410.316s][info][gc,stats    ]                                                              Last 10s              Last 10m              Last 10h                Total
[14410.316s][info][gc,stats    ]                                                              Avg / Max             Avg / Max             Avg / Max             Avg / Max
[14410.316s][info][gc,stats    ]   Collector: Garbage Collection Cycle                      0.000 / 0.000         0.000 / 0.000       665.978 / 19032.234   665.978 / 19032.234   ms
[14410.316s][info][gc,stats    ]  Contention: Mark Segment Reset Contention                     0 / 0                 0 / 0                 2 / 104               2 / 104         ops/s
[14410.316s][info][gc,stats    ]  Contention: Mark SeqNum Reset Contention                      0 / 0                 0 / 0                 0 / 7                 0 / 7           ops/s
[14410.316s][info][gc,stats    ]    Critical: Allocation Stall                                  0 / 0                 0 / 0                 0 / 827               0 / 827         ops/s
[14410.316s][info][gc,stats    ]    Critical: Allocation Stall                              0.000 / 0.000         0.000 / 0.000       146.230 / 487.490     146.230 / 487.490     ms
[14410.316s][info][gc,stats    ]    Critical: GC Locker Stall                                   0 / 0                 0 / 0                 0 / 2                 0 / 2           ops/s
[14410.316s][info][gc,stats    ]    Critical: GC Locker Stall                               0.000 / 0.000         0.000 / 0.000         0.167 / 4.787         0.167 / 4.787       ms
[14410.316s][info][gc,stats    ]    Critical: Relocation Stall                                  0 / 0                 0 / 0                 0 / 103               0 / 103         ops/s
[14410.316s][info][gc,stats    ]    Critical: Relocation Stall                              0.000 / 0.000         0.000 / 0.000        14.882 / 62.172       14.882 / 62.172      ms
[14410.316s][info][gc,stats    ]      Memory: Allocation Rate                                   0 / 0                 0 / 0               484 / 2790            484 / 2790        MB/s
[14410.316s][info][gc,stats    ]      Memory: Out Of Memory                                     0 / 0                 0 / 0                 0 / 0                 0 / 0           ops/s
[14410.316s][info][gc,stats    ]      Memory: Page Cache Flush                                  0 / 0                 0 / 0                 0 / 258               0 / 258         MB/s
[14410.316s][info][gc,stats    ]      Memory: Page Cache Hit L1                                 0 / 0                 0 / 0               235 / 1336            235 / 1336        ops/s
[14410.316s][info][gc,stats    ]      Memory: Page Cache Hit L2                                 0 / 0                 0 / 0                 0 / 0                 0 / 0           ops/s
[14410.316s][info][gc,stats    ]      Memory: Page Cache Hit L3                                 0 / 0                 0 / 0                 0 / 1028              0 / 1028        ops/s
[14410.316s][info][gc,stats    ]      Memory: Page Cache Miss                                   0 / 0                 0 / 0                 0 / 12                0 / 12          ops/s
[14410.316s][info][gc,stats    ]      Memory: Uncommit                                          0 / 0                 0 / 0                 0 / 0                 0 / 0           MB/s
[14410.316s][info][gc,stats    ]      Memory: Undo Object Allocation Failed                     0 / 0                 0 / 0                 0 / 5                 0 / 5           ops/s
[14410.316s][info][gc,stats    ]      Memory: Undo Object Allocation Succeeded                  0 / 0                 0 / 0                16 / 6595             16 / 6595        ops/s
[14410.316s][info][gc,stats    ]      Memory: Undo Page Allocation                              0 / 0                 0 / 0                 0 / 676               0 / 676         ops/s
[14410.316s][info][gc,stats    ]       Phase: Concurrent Mark                               0.000 / 0.000         0.000 / 0.000       571.218 / 3424.228    571.218 / 3424.228    ms
[14410.316s][info][gc,stats    ]       Phase: Concurrent Mark Continue                      0.000 / 0.000         0.000 / 0.000         0.000 / 0.000         0.000 / 0.000       ms
[14410.316s][info][gc,stats    ]       Phase: Concurrent Mark Free                          0.000 / 0.000         0.000 / 0.000         1.118 / 305.339       1.118 / 305.339     ms
[14410.316s][info][gc,stats    ]       Phase: Concurrent Process Non-Strong References      0.000 / 0.000         0.000 / 0.000        69.335 / 18388.762    69.335 / 18388.762   ms
[14410.316s][info][gc,stats    ]       Phase: Concurrent Relocate                           0.000 / 0.000         0.000 / 0.000        11.475 / 64.108       11.475 / 64.108      ms
[14410.316s][info][gc,stats    ]       Phase: Concurrent Reset Relocation Set               0.000 / 0.000         0.000 / 0.000         0.212 / 0.968         0.212 / 0.968       ms
[14410.316s][info][gc,stats    ]       Phase: Concurrent Select Relocation Set              0.000 / 0.000         0.000 / 0.000         6.722 / 623.697       6.722 / 623.697     ms
[14410.316s][info][gc,stats    ]       Phase: Pause Mark End                                0.000 / 0.000         0.000 / 0.000         0.094 / 0.434         0.094 / 0.434       ms
[14410.316s][info][gc,stats    ]       Phase: Pause Mark Start                              0.000 / 0.000         0.000 / 0.000         0.023 / 0.223         0.023 / 0.223       ms
[14410.316s][info][gc,stats    ]       Phase: Pause Relocate Start                          0.000 / 0.000         0.000 / 0.000         0.045 / 0.309         0.045 / 0.309       ms
[14410.316s][info][gc,stats    ]    Subphase: Concurrent Classes Purge                      0.000 / 0.000         0.000 / 0.000         0.518 / 3.157         0.518 / 3.157       ms
[14410.316s][info][gc,stats    ]    Subphase: Concurrent Classes Unlink                     0.000 / 0.000         0.000 / 0.000        64.039 / 18382.834    64.039 / 18382.834   ms
[14410.316s][info][gc,stats    ]    Subphase: Concurrent Mark                               0.000 / 0.000         0.000 / 0.000       450.151 / 3398.532    450.151 / 3398.532    ms
[14410.316s][info][gc,stats    ]    Subphase: Concurrent Mark Try Flush                     0.000 / 0.000         0.000 / 0.000         1.565 / 934.939       1.565 / 934.939     ms
[14410.316s][info][gc,stats    ]    Subphase: Concurrent Mark Try Terminate                 0.000 / 0.000         0.000 / 0.000         1.072 / 934.940       1.072 / 934.940     ms
[14410.316s][info][gc,stats    ]    Subphase: Concurrent References Enqueue                 0.000 / 0.000         0.000 / 0.000         0.009 / 0.091         0.009 / 0.091       ms
[14410.316s][info][gc,stats    ]    Subphase: Concurrent References Process                 0.000 / 0.000         0.000 / 0.000         0.881 / 3.992         0.881 / 3.992       ms
[14410.316s][info][gc,stats    ]    Subphase: Concurrent Roots ClassLoaderDataGraph         0.000 / 0.000         0.000 / 0.000         0.833 / 3.889         0.833 / 3.889       ms
[14410.316s][info][gc,stats    ]    Subphase: Concurrent Roots CodeCache                    0.000 / 0.000         0.000 / 0.000         0.000 / 0.000         0.000 / 0.000       ms
[14410.316s][info][gc,stats    ]    Subphase: Concurrent Roots JavaThreads                  0.000 / 0.000         0.000 / 0.000         4.665 / 969.487       4.665 / 969.487     ms
[14410.316s][info][gc,stats    ]    Subphase: Concurrent Roots OopStorageSet                0.000 / 0.000         0.000 / 0.000         0.083 / 2.218         0.083 / 2.218       ms
[14410.316s][info][gc,stats    ]    Subphase: Concurrent Weak Roots OopStorageSet           0.000 / 0.000         0.000 / 0.000         1.501 / 13.633        1.501 / 13.633      ms
[14410.316s][info][gc,stats    ]    Subphase: Pause Mark Try Complete                       0.000 / 0.000         0.000 / 0.000         0.001 / 0.031         0.001 / 0.031       ms
[14410.316s][info][gc,stats    ]      System: Java Threads                                      0 / 0                 0 / 0              1929 / 4684           1929 / 4684        threads
[14410.316s][info][gc,stats    ] =========================================================================================================================================================
[14420.316s][info][gc,stats    ] === Garbage Collection Statistics =======================================================================================================================
[14420.316s][info][gc,stats    ]                                                              Last 10s              Last 10m              Last 10h                Total
[14420.316s][info][gc,stats    ]                                                              Avg / Max             Avg / Max             Avg / Max             Avg / Max
[14420.316s][info][gc,stats    ]   Collector: Garbage Collection Cycle                      0.000 / 0.000         0.000 / 0.000       665.978 / 19032.234   665.978 / 19032.234   ms
[14420.316s][info][gc,stats    ]  Contention: Mark Segment Reset Contention                     0 / 0                 0 / 0                 2 / 104               2 / 104         ops/s
[14420.316s][info][gc,stats    ]  Contention: Mark SeqNum Reset Contention                      0 / 0                 0 / 0                 0 / 7                 0 / 7           ops/s
[14420.316s][info][gc,stats    ]    Critical: Allocation Stall                                  0 / 0                 0 / 0                 0 / 827               0 / 827         ops/s
[14420.316s][info][gc,stats    ]    Critical: Allocation Stall                              0.000 / 0.000         0.000 / 0.000       146.230 / 487.490     146.230 / 487.490     ms
[14420.316s][info][gc,stats    ]    Critical: GC Locker Stall                                   0 / 0                 0 / 0                 0 / 2                 0 / 2           ops/s
[14420.316s][info][gc,stats    ]    Critical: GC Locker Stall                               0.000 / 0.000         0.000 / 0.000         0.167 / 4.787         0.167 / 4.787       ms
[14420.316s][info][gc,stats    ]    Critical: Relocation Stall                                  0 / 0                 0 / 0                 0 / 103               0 / 103         ops/s
[14420.316s][info][gc,stats    ]    Critical: Relocation Stall                              0.000 / 0.000         0.000 / 0.000        14.882 / 62.172       14.882 / 62.172      ms
[14420.316s][info][gc,stats    ]      Memory: Allocation Rate                                   0 / 0                 0 / 0               483 / 2790            483 / 2790        MB/s
[14420.316s][info][gc,stats    ]      Memory: Out Of Memory                                     0 / 0                 0 / 0                 0 / 0                 0 / 0           ops/s
[14420.316s][info][gc,stats    ]      Memory: Page Cache Flush                                  0 / 0                 0 / 0                 0 / 258               0 / 258         MB/s
[14420.316s][info][gc,stats    ]      Memory: Page Cache Hit L1                                 0 / 0                 0 / 0               235 / 1336            235 / 1336        ops/s
[14420.316s][info][gc,stats    ]      Memory: Page Cache Hit L2                                 0 / 0                 0 / 0                 0 / 0                 0 / 0           ops/s
[14420.316s][info][gc,stats    ]      Memory: Page Cache Hit L3                                 0 / 0                 0 / 0                 0 / 1028              0 / 1028        ops/s
[14420.316s][info][gc,stats    ]      Memory: Page Cache Miss                                   0 / 0                 0 / 0                 0 / 12                0 / 12          ops/s
[14420.316s][info][gc,stats    ]      Memory: Uncommit                                          0 / 0                 0 / 0                 0 / 0                 0 / 0           MB/s
[14420.316s][info][gc,stats    ]      Memory: Undo Object Allocation Failed                     0 / 0                 0 / 0                 0 / 5                 0 / 5           ops/s
[14420.316s][info][gc,stats    ]      Memory: Undo Object Allocation Succeeded                  0 / 0                 0 / 0                16 / 6595             16 / 6595        ops/s
[14420.316s][info][gc,stats    ]      Memory: Undo Page Allocation                              0 / 0                 0 / 0                 0 / 676               0 / 676         ops/s
[14420.316s][info][gc,stats    ]       Phase: Concurrent Mark                               0.000 / 0.000         0.000 / 0.000       571.218 / 3424.228    571.218 / 3424.228    ms
[14420.316s][info][gc,stats    ]       Phase: Concurrent Mark Continue                      0.000 / 0.000         0.000 / 0.000         0.000 / 0.000         0.000 / 0.000       ms
[14420.316s][info][gc,stats    ]       Phase: Concurrent Mark Free                          0.000 / 0.000         0.000 / 0.000         1.118 / 305.339       1.118 / 305.339     ms
[14420.316s][info][gc,stats    ]       Phase: Concurrent Process Non-Strong References      0.000 / 0.000         0.000 / 0.000        69.335 / 18388.762    69.335 / 18388.762   ms
[14420.316s][info][gc,stats    ]       Phase: Concurrent Relocate                           0.000 / 0.000         0.000 / 0.000        11.475 / 64.108       11.475 / 64.108      ms
[14420.316s][info][gc,stats    ]       Phase: Concurrent Reset Relocation Set               0.000 / 0.000         0.000 / 0.000         0.212 / 0.968         0.212 / 0.968       ms
[14420.316s][info][gc,stats    ]       Phase: Concurrent Select Relocation Set              0.000 / 0.000         0.000 / 0.000         6.722 / 623.697       6.722 / 623.697     ms
[14420.316s][info][gc,stats    ]       Phase: Pause Mark End                                0.000 / 0.000         0.000 / 0.000         0.094 / 0.434         0.094 / 0.434       ms
[14420.316s][info][gc,stats    ]       Phase: Pause Mark Start                              0.000 / 0.000         0.000 / 0.000         0.023 / 0.223         0.023 / 0.223       ms
[14420.316s][info][gc,stats    ]       Phase: Pause Relocate Start                          0.000 / 0.000         0.000 / 0.000         0.045 / 0.309         0.045 / 0.309       ms
[14420.316s][info][gc,stats    ]    Subphase: Concurrent Classes Purge                      0.000 / 0.000         0.000 / 0.000         0.518 / 3.157         0.518 / 3.157       ms
[14420.316s][info][gc,stats    ]    Subphase: Concurrent Classes Unlink                     0.000 / 0.000         0.000 / 0.000        64.039 / 18382.834    64.039 / 18382.834   ms
[14420.316s][info][gc,stats    ]    Subphase: Concurrent Mark                               0.000 / 0.000         0.000 / 0.000       450.151 / 3398.532    450.151 / 3398.532    ms
[14420.316s][info][gc,stats    ]    Subphase: Concurrent Mark Try Flush                     0.000 / 0.000         0.000 / 0.000         1.565 / 934.939       1.565 / 934.939     ms
[14420.316s][info][gc,stats    ]    Subphase: Concurrent Mark Try Terminate                 0.000 / 0.000         0.000 / 0.000         1.072 / 934.940       1.072 / 934.940     ms
[14420.316s][info][gc,stats    ]    Subphase: Concurrent References Enqueue                 0.000 / 0.000         0.000 / 0.000         0.009 / 0.091         0.009 / 0.091       ms
[14420.316s][info][gc,stats    ]    Subphase: Concurrent References Process                 0.000 / 0.000         0.000 / 0.000         0.881 / 3.992         0.881 / 3.992       ms
[14420.316s][info][gc,stats    ]    Subphase: Concurrent Roots ClassLoaderDataGraph         0.000 / 0.000         0.000 / 0.000         0.833 / 3.889         0.833 / 3.889       ms
[14420.316s][info][gc,stats    ]    Subphase: Concurrent Roots CodeCache                    0.000 / 0.000         0.000 / 0.000         0.000 / 0.000         0.000 / 0.000       ms
[14420.316s][info][gc,stats    ]    Subphase: Concurrent Roots JavaThreads                  0.000 / 0.000         0.000 / 0.000         4.665 / 969.487       4.665 / 969.487     ms
[14420.316s][info][gc,stats    ]    Subphase: Concurrent Roots OopStorageSet                0.000 / 0.000         0.000 / 0.000         0.083 / 2.218         0.083 / 2.218       ms
[14420.316s][info][gc,stats    ]    Subphase: Concurrent Weak Roots OopStorageSet           0.000 / 0.000         0.000 / 0.000         1.501 / 13.633        1.501 / 13.633      ms
[14420.316s][info][gc,stats    ]    Subphase: Pause Mark Try Complete                       0.000 / 0.000         0.000 / 0.000         0.001 / 0.031         0.001 / 0.031       ms
[14420.316s][info][gc,stats    ]      System: Java Threads                                      0 / 0                 0 / 0              1929 / 4684           1929 / 4684        threads
[14420.316s][info][gc,stats    ] =========================================================================================================================================================
[14430.316s][info][gc,stats    ] === Garbage Collection Statistics =======================================================================================================================
[14430.316s][info][gc,stats    ]                                                              Last 10s              Last 10m              Last 10h                Total
[14430.316s][info][gc,stats    ]                                                              Avg / Max             Avg / Max             Avg / Max             Avg / Max
[14430.316s][info][gc,stats    ]   Collector: Garbage Collection Cycle                      0.000 / 0.000         0.000 / 0.000       665.978 / 19032.234   665.978 / 19032.234   ms
[14430.316s][info][gc,stats    ]  Contention: Mark Segment Reset Contention                     0 / 0                 0 / 0                 2 / 104               2 / 104         ops/s
[14430.316s][info][gc,stats    ]  Contention: Mark SeqNum Reset Contention                      0 / 0                 0 / 0                 0 / 7                 0 / 7           ops/s
[14430.316s][info][gc,stats    ]    Critical: Allocation Stall                                  0 / 0                 0 / 0                 0 / 827               0 / 827         ops/s
[14430.316s][info][gc,stats    ]    Critical: Allocation Stall                              0.000 / 0.000         0.000 / 0.000       146.230 / 487.490     146.230 / 487.490     ms
[14430.316s][info][gc,stats    ]    Critical: GC Locker Stall                                   0 / 0                 0 / 0                 0 / 2                 0 / 2           ops/s
[14430.316s][info][gc,stats    ]    Critical: GC Locker Stall                               0.000 / 0.000         0.000 / 0.000         0.167 / 4.787         0.167 / 4.787       ms
[14430.316s][info][gc,stats    ]    Critical: Relocation Stall                                  0 / 0                 0 / 0                 0 / 103               0 / 103         ops/s
[14430.316s][info][gc,stats    ]    Critical: Relocation Stall                              0.000 / 0.000         0.000 / 0.000        14.882 / 62.172       14.882 / 62.172      ms
[14430.316s][info][gc,stats    ]      Memory: Allocation Rate                                   0 / 0                 0 / 0               483 / 2790            483 / 2790        MB/s
[14430.316s][info][gc,stats    ]      Memory: Out Of Memory                                     0 / 0                 0 / 0                 0 / 0                 0 / 0           ops/s
[14430.316s][info][gc,stats    ]      Memory: Page Cache Flush                                  0 / 0                 0 / 0                 0 / 258               0 / 258         MB/s
[14430.316s][info][gc,stats    ]      Memory: Page Cache Hit L1                                 0 / 0                 0 / 0               235 / 1336            235 / 1336        ops/s
[14430.316s][info][gc,stats    ]      Memory: Page Cache Hit L2                                 0 / 0                 0 / 0                 0 / 0                 0 / 0           ops/s
[14430.316s][info][gc,stats    ]      Memory: Page Cache Hit L3                                 0 / 0                 0 / 0                 0 / 1028              0 / 1028        ops/s
[14430.316s][info][gc,stats    ]      Memory: Page Cache Miss                                   0 / 0                 0 / 0                 0 / 12                0 / 12          ops/s
[14430.316s][info][gc,stats    ]      Memory: Uncommit                                          0 / 0                 0 / 0                 0 / 0                 0 / 0           MB/s
[14430.316s][info][gc,stats    ]      Memory: Undo Object Allocation Failed                     0 / 0                 0 / 0                 0 / 5                 0 / 5           ops/s
[14430.316s][info][gc,stats    ]      Memory: Undo Object Allocation Succeeded                  0 / 0                 0 / 0                16 / 6595             16 / 6595        ops/s
[14430.316s][info][gc,stats    ]      Memory: Undo Page Allocation                              0 / 0                 0 / 0                 0 / 676               0 / 676         ops/s
[14430.316s][info][gc,stats    ]       Phase: Concurrent Mark                               0.000 / 0.000         0.000 / 0.000       571.218 / 3424.228    571.218 / 3424.228    ms
[14430.316s][info][gc,stats    ]       Phase: Concurrent Mark Continue                      0.000 / 0.000         0.000 / 0.000         0.000 / 0.000         0.000 / 0.000       ms
[14430.316s][info][gc,stats    ]       Phase: Concurrent Mark Free                          0.000 / 0.000         0.000 / 0.000         1.118 / 305.339       1.118 / 305.339     ms
[14430.316s][info][gc,stats    ]       Phase: Concurrent Process Non-Strong References      0.000 / 0.000         0.000 / 0.000        69.335 / 18388.762    69.335 / 18388.762   ms
[14430.316s][info][gc,stats    ]       Phase: Concurrent Relocate                           0.000 / 0.000         0.000 / 0.000        11.475 / 64.108       11.475 / 64.108      ms
[14430.316s][info][gc,stats    ]       Phase: Concurrent Reset Relocation Set               0.000 / 0.000         0.000 / 0.000         0.212 / 0.968         0.212 / 0.968       ms
[14430.316s][info][gc,stats    ]       Phase: Concurrent Select Relocation Set              0.000 / 0.000         0.000 / 0.000         6.722 / 623.697       6.722 / 623.697     ms
[14430.316s][info][gc,stats    ]       Phase: Pause Mark End                                0.000 / 0.000         0.000 / 0.000         0.094 / 0.434         0.094 / 0.434       ms
[14430.316s][info][gc,stats    ]       Phase: Pause Mark Start                              0.000 / 0.000         0.000 / 0.000         0.023 / 0.223         0.023 / 0.223       ms
[14430.316s][info][gc,stats    ]       Phase: Pause Relocate Start                          0.000 / 0.000         0.000 / 0.000         0.045 / 0.309         0.045 / 0.309       ms
[14430.316s][info][gc,stats    ]    Subphase: Concurrent Classes Purge                      0.000 / 0.000         0.000 / 0.000         0.518 / 3.157         0.518 / 3.157       ms
[14430.316s][info][gc,stats    ]    Subphase: Concurrent Classes Unlink                     0.000 / 0.000         0.000 / 0.000        64.039 / 18382.834    64.039 / 18382.834   ms
[14430.316s][info][gc,stats    ]    Subphase: Concurrent Mark                               0.000 / 0.000         0.000 / 0.000       450.151 / 3398.532    450.151 / 3398.532    ms
[14430.316s][info][gc,stats    ]    Subphase: Concurrent Mark Try Flush                     0.000 / 0.000         0.000 / 0.000         1.565 / 934.939       1.565 / 934.939     ms
[14430.316s][info][gc,stats    ]    Subphase: Concurrent Mark Try Terminate                 0.000 / 0.000         0.000 / 0.000         1.072 / 934.940       1.072 / 934.940     ms
[14430.316s][info][gc,stats    ]    Subphase: Concurrent References Enqueue                 0.000 / 0.000         0.000 / 0.000         0.009 / 0.091         0.009 / 0.091       ms
[14430.316s][info][gc,stats    ]    Subphase: Concurrent References Process                 0.000 / 0.000         0.000 / 0.000         0.881 / 3.992         0.881 / 3.992       ms
[14430.316s][info][gc,stats    ]    Subphase: Concurrent Roots ClassLoaderDataGraph         0.000 / 0.000         0.000 / 0.000         0.833 / 3.889         0.833 / 3.889       ms
[14430.316s][info][gc,stats    ]    Subphase: Concurrent Roots CodeCache                    0.000 / 0.000         0.000 / 0.000         0.000 / 0.000         0.000 / 0.000       ms
[14430.316s][info][gc,stats    ]    Subphase: Concurrent Roots JavaThreads                  0.000 / 0.000         0.000 / 0.000         4.665 / 969.487       4.665 / 969.487     ms
[14430.316s][info][gc,stats    ]    Subphase: Concurrent Roots OopStorageSet                0.000 / 0.000         0.000 / 0.000         0.083 / 2.218         0.083 / 2.218       ms
[14430.316s][info][gc,stats    ]    Subphase: Concurrent Weak Roots OopStorageSet           0.000 / 0.000         0.000 / 0.000         1.501 / 13.633        1.501 / 13.633      ms
[14430.316s][info][gc,stats    ]    Subphase: Pause Mark Try Complete                       0.000 / 0.000         0.000 / 0.000         0.001 / 0.031         0.001 / 0.031       ms
[14430.316s][info][gc,stats    ]      System: Java Threads                                      0 / 0                 0 / 0              1929 / 4684           1929 / 4684        threads
[14430.316s][info][gc,stats    ] =========================================================================================================================================================
[14440.315s][info][gc,stats    ] === Garbage Collection Statistics =======================================================================================================================
[14440.315s][info][gc,stats    ]                                                              Last 10s              Last 10m              Last 10h                Total
[14440.315s][info][gc,stats    ]                                                              Avg / Max             Avg / Max             Avg / Max             Avg / Max
[14440.315s][info][gc,stats    ]   Collector: Garbage Collection Cycle                      0.000 / 0.000         0.000 / 0.000       665.978 / 19032.234   665.978 / 19032.234   ms
[14440.316s][info][gc,stats    ]  Contention: Mark Segment Reset Contention                     0 / 0                 0 / 0                 2 / 104               2 / 104         ops/s
[14440.316s][info][gc,stats    ]  Contention: Mark SeqNum Reset Contention                      0 / 0                 0 / 0                 0 / 7                 0 / 7           ops/s
[14440.316s][info][gc,stats    ]    Critical: Allocation Stall                                  0 / 0                 0 / 0                 0 / 827               0 / 827         ops/s
[14440.316s][info][gc,stats    ]    Critical: Allocation Stall                              0.000 / 0.000         0.000 / 0.000       146.230 / 487.490     146.230 / 487.490     ms
[14440.316s][info][gc,stats    ]    Critical: GC Locker Stall                                   0 / 0                 0 / 0                 0 / 2                 0 / 2           ops/s
[14440.316s][info][gc,stats    ]    Critical: GC Locker Stall                               0.000 / 0.000         0.000 / 0.000         0.167 / 4.787         0.167 / 4.787       ms
[14440.316s][info][gc,stats    ]    Critical: Relocation Stall                                  0 / 0                 0 / 0                 0 / 103               0 / 103         ops/s
[14440.316s][info][gc,stats    ]    Critical: Relocation Stall                              0.000 / 0.000         0.000 / 0.000        14.882 / 62.172       14.882 / 62.172      ms
[14440.316s][info][gc,stats    ]      Memory: Allocation Rate                                   0 / 0                 0 / 0               483 / 2790            483 / 2790        MB/s
[14440.316s][info][gc,stats    ]      Memory: Out Of Memory                                     0 / 0                 0 / 0                 0 / 0                 0 / 0           ops/s
[14440.316s][info][gc,stats    ]      Memory: Page Cache Flush                                  0 / 0                 0 / 0                 0 / 258               0 / 258         MB/s
[14440.316s][info][gc,stats    ]      Memory: Page Cache Hit L1                                 0 / 0                 0 / 0               235 / 1336            235 / 1336        ops/s
[14440.316s][info][gc,stats    ]      Memory: Page Cache Hit L2                                 0 / 0                 0 / 0                 0 / 0                 0 / 0           ops/s
[14440.316s][info][gc,stats    ]      Memory: Page Cache Hit L3                                 0 / 0                 0 / 0                 0 / 1028              0 / 1028        ops/s
[14440.316s][info][gc,stats    ]      Memory: Page Cache Miss                                   0 / 0                 0 / 0                 0 / 12                0 / 12          ops/s
[14440.316s][info][gc,stats    ]      Memory: Uncommit                                          0 / 0                 0 / 0                 0 / 0                 0 / 0           MB/s
[14440.316s][info][gc,stats    ]      Memory: Undo Object Allocation Failed                     0 / 0                 0 / 0                 0 / 5                 0 / 5           ops/s
[14440.316s][info][gc,stats    ]      Memory: Undo Object Allocation Succeeded                  0 / 0                 0 / 0                16 / 6595             16 / 6595        ops/s
[14440.316s][info][gc,stats    ]      Memory: Undo Page Allocation                              0 / 0                 0 / 0                 0 / 676               0 / 676         ops/s
[14440.316s][info][gc,stats    ]       Phase: Concurrent Mark                               0.000 / 0.000         0.000 / 0.000       571.218 / 3424.228    571.218 / 3424.228    ms
[14440.316s][info][gc,stats    ]       Phase: Concurrent Mark Continue                      0.000 / 0.000         0.000 / 0.000         0.000 / 0.000         0.000 / 0.000       ms
[14440.316s][info][gc,stats    ]       Phase: Concurrent Mark Free                          0.000 / 0.000         0.000 / 0.000         1.118 / 305.339       1.118 / 305.339     ms
[14440.316s][info][gc,stats    ]       Phase: Concurrent Process Non-Strong References      0.000 / 0.000         0.000 / 0.000        69.335 / 18388.762    69.335 / 18388.762   ms
[14440.316s][info][gc,stats    ]       Phase: Concurrent Relocate                           0.000 / 0.000         0.000 / 0.000        11.475 / 64.108       11.475 / 64.108      ms
[14440.316s][info][gc,stats    ]       Phase: Concurrent Reset Relocation Set               0.000 / 0.000         0.000 / 0.000         0.212 / 0.968         0.212 / 0.968       ms
[14440.316s][info][gc,stats    ]       Phase: Concurrent Select Relocation Set              0.000 / 0.000         0.000 / 0.000         6.722 / 623.697       6.722 / 623.697     ms
[14440.316s][info][gc,stats    ]       Phase: Pause Mark End                                0.000 / 0.000         0.000 / 0.000         0.094 / 0.434         0.094 / 0.434       ms
[14440.316s][info][gc,stats    ]       Phase: Pause Mark Start                              0.000 / 0.000         0.000 / 0.000         0.023 / 0.223         0.023 / 0.223       ms
[14440.316s][info][gc,stats    ]       Phase: Pause Relocate Start                          0.000 / 0.000         0.000 / 0.000         0.045 / 0.309         0.045 / 0.309       ms
[14440.316s][info][gc,stats    ]    Subphase: Concurrent Classes Purge                      0.000 / 0.000         0.000 / 0.000         0.518 / 3.157         0.518 / 3.157       ms
[14440.316s][info][gc,stats    ]    Subphase: Concurrent Classes Unlink                     0.000 / 0.000         0.000 / 0.000        64.039 / 18382.834    64.039 / 18382.834   ms
[14440.316s][info][gc,stats    ]    Subphase: Concurrent Mark                               0.000 / 0.000         0.000 / 0.000       450.151 / 3398.532    450.151 / 3398.532    ms
[14440.316s][info][gc,stats    ]    Subphase: Concurrent Mark Try Flush                     0.000 / 0.000         0.000 / 0.000         1.565 / 934.939       1.565 / 934.939     ms
[14440.316s][info][gc,stats    ]    Subphase: Concurrent Mark Try Terminate                 0.000 / 0.000         0.000 / 0.000         1.072 / 934.940       1.072 / 934.940     ms
[14440.316s][info][gc,stats    ]    Subphase: Concurrent References Enqueue                 0.000 / 0.000         0.000 / 0.000         0.009 / 0.091         0.009 / 0.091       ms
[14440.316s][info][gc,stats    ]    Subphase: Concurrent References Process                 0.000 / 0.000         0.000 / 0.000         0.881 / 3.992         0.881 / 3.992       ms
[14440.316s][info][gc,stats    ]    Subphase: Concurrent Roots ClassLoaderDataGraph         0.000 / 0.000         0.000 / 0.000         0.833 / 3.889         0.833 / 3.889       ms
[14440.316s][info][gc,stats    ]    Subphase: Concurrent Roots CodeCache                    0.000 / 0.000         0.000 / 0.000         0.000 / 0.000         0.000 / 0.000       ms
[14440.316s][info][gc,stats    ]    Subphase: Concurrent Roots JavaThreads                  0.000 / 0.000         0.000 / 0.000         4.665 / 969.487       4.665 / 969.487     ms
[14440.316s][info][gc,stats    ]    Subphase: Concurrent Roots OopStorageSet                0.000 / 0.000         0.000 / 0.000         0.083 / 2.218         0.083 / 2.218       ms
[14440.316s][info][gc,stats    ]    Subphase: Concurrent Weak Roots OopStorageSet           0.000 / 0.000         0.000 / 0.000         1.501 / 13.633        1.501 / 13.633      ms
[14440.316s][info][gc,stats    ]    Subphase: Pause Mark Try Complete                       0.000 / 0.000         0.000 / 0.000         0.001 / 0.031         0.001 / 0.031       ms
[14440.316s][info][gc,stats    ]      System: Java Threads                                      0 / 0                 0 / 0              1929 / 4684           1929 / 4684        threads
[14440.316s][info][gc,stats    ] =========================================================================================================================================================
[14450.315s][info][gc,stats    ] === Garbage Collection Statistics =======================================================================================================================
[14450.315s][info][gc,stats    ]                                                              Last 10s              Last 10m              Last 10h                Total
[14450.315s][info][gc,stats    ]                                                              Avg / Max             Avg / Max             Avg / Max             Avg / Max
[14450.315s][info][gc,stats    ]   Collector: Garbage Collection Cycle                      0.000 / 0.000         0.000 / 0.000       665.978 / 19032.234   665.978 / 19032.234   ms
[14450.315s][info][gc,stats    ]  Contention: Mark Segment Reset Contention                     0 / 0                 0 / 0                 2 / 104               2 / 104         ops/s
[14450.315s][info][gc,stats    ]  Contention: Mark SeqNum Reset Contention                      0 / 0                 0 / 0                 0 / 7                 0 / 7           ops/s
[14450.315s][info][gc,stats    ]    Critical: Allocation Stall                                  0 / 0                 0 / 0                 0 / 827               0 / 827         ops/s
[14450.315s][info][gc,stats    ]    Critical: Allocation Stall                              0.000 / 0.000         0.000 / 0.000       146.230 / 487.490     146.230 / 487.490     ms
[14450.315s][info][gc,stats    ]    Critical: GC Locker Stall                                   0 / 0                 0 / 0                 0 / 2                 0 / 2           ops/s
[14450.315s][info][gc,stats    ]    Critical: GC Locker Stall                               0.000 / 0.000         0.000 / 0.000         0.167 / 4.787         0.167 / 4.787       ms
[14450.315s][info][gc,stats    ]    Critical: Relocation Stall                                  0 / 0                 0 / 0                 0 / 103               0 / 103         ops/s
[14450.315s][info][gc,stats    ]    Critical: Relocation Stall                              0.000 / 0.000         0.000 / 0.000        14.882 / 62.172       14.882 / 62.172      ms
[14450.315s][info][gc,stats    ]      Memory: Allocation Rate                                   0 / 0                 0 / 0               482 / 2790            482 / 2790        MB/s
[14450.315s][info][gc,stats    ]      Memory: Out Of Memory                                     0 / 0                 0 / 0                 0 / 0                 0 / 0           ops/s
[14450.315s][info][gc,stats    ]      Memory: Page Cache Flush                                  0 / 0                 0 / 0                 0 / 258               0 / 258         MB/s
[14450.315s][info][gc,stats    ]      Memory: Page Cache Hit L1                                 0 / 0                 0 / 0               235 / 1336            235 / 1336        ops/s
[14450.315s][info][gc,stats    ]      Memory: Page Cache Hit L2                                 0 / 0                 0 / 0                 0 / 0                 0 / 0           ops/s
[14450.315s][info][gc,stats    ]      Memory: Page Cache Hit L3                                 0 / 0                 0 / 0                 0 / 1028              0 / 1028        ops/s
[14450.315s][info][gc,stats    ]      Memory: Page Cache Miss                                   0 / 0                 0 / 0                 0 / 12                0 / 12          ops/s
[14450.315s][info][gc,stats    ]      Memory: Uncommit                                          0 / 0                 0 / 0                 0 / 0                 0 / 0           MB/s
[14450.315s][info][gc,stats    ]      Memory: Undo Object Allocation Failed                     0 / 0                 0 / 0                 0 / 5                 0 / 5           ops/s
[14450.316s][info][gc,stats    ]      Memory: Undo Object Allocation Succeeded                  0 / 0                 0 / 0                16 / 6595             16 / 6595        ops/s
[14450.316s][info][gc,stats    ]      Memory: Undo Page Allocation                              0 / 0                 0 / 0                 0 / 676               0 / 676         ops/s
[14450.316s][info][gc,stats    ]       Phase: Concurrent Mark                               0.000 / 0.000         0.000 / 0.000       571.218 / 3424.228    571.218 / 3424.228    ms
[14450.316s][info][gc,stats    ]       Phase: Concurrent Mark Continue                      0.000 / 0.000         0.000 / 0.000         0.000 / 0.000         0.000 / 0.000       ms
[14450.316s][info][gc,stats    ]       Phase: Concurrent Mark Free                          0.000 / 0.000         0.000 / 0.000         1.118 / 305.339       1.118 / 305.339     ms
[14450.316s][info][gc,stats    ]       Phase: Concurrent Process Non-Strong References      0.000 / 0.000         0.000 / 0.000        69.335 / 18388.762    69.335 / 18388.762   ms
[14450.316s][info][gc,stats    ]       Phase: Concurrent Relocate                           0.000 / 0.000         0.000 / 0.000        11.475 / 64.108       11.475 / 64.108      ms
[14450.316s][info][gc,stats    ]       Phase: Concurrent Reset Relocation Set               0.000 / 0.000         0.000 / 0.000         0.212 / 0.968         0.212 / 0.968       ms
[14450.316s][info][gc,stats    ]       Phase: Concurrent Select Relocation Set              0.000 / 0.000         0.000 / 0.000         6.722 / 623.697       6.722 / 623.697     ms
[14450.316s][info][gc,stats    ]       Phase: Pause Mark End                                0.000 / 0.000         0.000 / 0.000         0.094 / 0.434         0.094 / 0.434       ms
[14450.316s][info][gc,stats    ]       Phase: Pause Mark Start                              0.000 / 0.000         0.000 / 0.000         0.023 / 0.223         0.023 / 0.223       ms
[14450.316s][info][gc,stats    ]       Phase: Pause Relocate Start                          0.000 / 0.000         0.000 / 0.000         0.045 / 0.309         0.045 / 0.309       ms
[14450.316s][info][gc,stats    ]    Subphase: Concurrent Classes Purge                      0.000 / 0.000         0.000 / 0.000         0.518 / 3.157         0.518 / 3.157       ms
[14450.316s][info][gc,stats    ]    Subphase: Concurrent Classes Unlink                     0.000 / 0.000         0.000 / 0.000        64.039 / 18382.834    64.039 / 18382.834   ms
[14450.316s][info][gc,stats    ]    Subphase: Concurrent Mark                               0.000 / 0.000         0.000 / 0.000       450.151 / 3398.532    450.151 / 3398.532    ms
[14450.316s][info][gc,stats    ]    Subphase: Concurrent Mark Try Flush                     0.000 / 0.000         0.000 / 0.000         1.565 / 934.939       1.565 / 934.939     ms
[14450.316s][info][gc,stats    ]    Subphase: Concurrent Mark Try Terminate                 0.000 / 0.000         0.000 / 0.000         1.072 / 934.940       1.072 / 934.940     ms
[14450.316s][info][gc,stats    ]    Subphase: Concurrent References Enqueue                 0.000 / 0.000         0.000 / 0.000         0.009 / 0.091         0.009 / 0.091       ms
[14450.316s][info][gc,stats    ]    Subphase: Concurrent References Process                 0.000 / 0.000         0.000 / 0.000         0.881 / 3.992         0.881 / 3.992       ms
[14450.316s][info][gc,stats    ]    Subphase: Concurrent Roots ClassLoaderDataGraph         0.000 / 0.000         0.000 / 0.000         0.833 / 3.889         0.833 / 3.889       ms
[14450.316s][info][gc,stats    ]    Subphase: Concurrent Roots CodeCache                    0.000 / 0.000         0.000 / 0.000         0.000 / 0.000         0.000 / 0.000       ms
[14450.316s][info][gc,stats    ]    Subphase: Concurrent Roots JavaThreads                  0.000 / 0.000         0.000 / 0.000         4.665 / 969.487       4.665 / 969.487     ms
[14450.316s][info][gc,stats    ]    Subphase: Concurrent Roots OopStorageSet                0.000 / 0.000         0.000 / 0.000         0.083 / 2.218         0.083 / 2.218       ms
[14450.316s][info][gc,stats    ]    Subphase: Concurrent Weak Roots OopStorageSet           0.000 / 0.000         0.000 / 0.000         1.501 / 13.633        1.501 / 13.633      ms
[14450.316s][info][gc,stats    ]    Subphase: Pause Mark Try Complete                       0.000 / 0.000         0.000 / 0.000         0.001 / 0.031         0.001 / 0.031       ms
[14450.316s][info][gc,stats    ]      System: Java Threads                                      0 / 0                 0 / 0              1929 / 4684           1929 / 4684        threads
[14450.316s][info][gc,stats    ] =========================================================================================================================================================
[14460.316s][info][gc,stats    ] === Garbage Collection Statistics =======================================================================================================================
[14460.316s][info][gc,stats    ]                                                              Last 10s              Last 10m              Last 10h                Total
[14460.316s][info][gc,stats    ]                                                              Avg / Max             Avg / Max             Avg / Max             Avg / Max
[14460.316s][info][gc,stats    ]   Collector: Garbage Collection Cycle                      0.000 / 0.000         0.000 / 0.000       665.978 / 19032.234   665.978 / 19032.234   ms
[14460.316s][info][gc,stats    ]  Contention: Mark Segment Reset Contention                     0 / 0                 0 / 0                 2 / 104               2 / 104         ops/s
[14460.316s][info][gc,stats    ]  Contention: Mark SeqNum Reset Contention                      0 / 0                 0 / 0                 0 / 7                 0 / 7           ops/s
[14460.316s][info][gc,stats    ]    Critical: Allocation Stall                                  0 / 0                 0 / 0                 0 / 827               0 / 827         ops/s
[14460.316s][info][gc,stats    ]    Critical: Allocation Stall                              0.000 / 0.000         0.000 / 0.000       146.230 / 487.490     146.230 / 487.490     ms
[14460.316s][info][gc,stats    ]    Critical: GC Locker Stall                                   0 / 0                 0 / 0                 0 / 2                 0 / 2           ops/s
[14460.316s][info][gc,stats    ]    Critical: GC Locker Stall                               0.000 / 0.000         0.000 / 0.000         0.167 / 4.787         0.167 / 4.787       ms
[14460.316s][info][gc,stats    ]    Critical: Relocation Stall                                  0 / 0                 0 / 0                 0 / 103               0 / 103         ops/s
[14460.316s][info][gc,stats    ]    Critical: Relocation Stall                              0.000 / 0.000         0.000 / 0.000        14.882 / 62.172       14.882 / 62.172      ms
[14460.316s][info][gc,stats    ]      Memory: Allocation Rate                                   0 / 0                 0 / 0               482 / 2790            482 / 2790        MB/s
[14460.316s][info][gc,stats    ]      Memory: Out Of Memory                                     0 / 0                 0 / 0                 0 / 0                 0 / 0           ops/s
[14460.316s][info][gc,stats    ]      Memory: Page Cache Flush                                  0 / 0                 0 / 0                 0 / 258               0 / 258         MB/s
[14460.316s][info][gc,stats    ]      Memory: Page Cache Hit L1                                 0 / 0                 0 / 0               235 / 1336            235 / 1336        ops/s
[14460.316s][info][gc,stats    ]      Memory: Page Cache Hit L2                                 0 / 0                 0 / 0                 0 / 0                 0 / 0           ops/s
[14460.316s][info][gc,stats    ]      Memory: Page Cache Hit L3                                 0 / 0                 0 / 0                 0 / 1028              0 / 1028        ops/s
[14460.316s][info][gc,stats    ]      Memory: Page Cache Miss                                   0 / 0                 0 / 0                 0 / 12                0 / 12          ops/s
[14460.316s][info][gc,stats    ]      Memory: Uncommit                                          0 / 0                 0 / 0                 0 / 0                 0 / 0           MB/s
[14460.316s][info][gc,stats    ]      Memory: Undo Object Allocation Failed                     0 / 0                 0 / 0                 0 / 5                 0 / 5           ops/s
[14460.316s][info][gc,stats    ]      Memory: Undo Object Allocation Succeeded                  0 / 0                 0 / 0                16 / 6595             16 / 6595        ops/s
[14460.316s][info][gc,stats    ]      Memory: Undo Page Allocation                              0 / 0                 0 / 0                 0 / 676               0 / 676         ops/s
[14460.316s][info][gc,stats    ]       Phase: Concurrent Mark                               0.000 / 0.000         0.000 / 0.000       571.218 / 3424.228    571.218 / 3424.228    ms
[14460.316s][info][gc,stats    ]       Phase: Concurrent Mark Continue                      0.000 / 0.000         0.000 / 0.000         0.000 / 0.000         0.000 / 0.000       ms
[14460.316s][info][gc,stats    ]       Phase: Concurrent Mark Free                          0.000 / 0.000         0.000 / 0.000         1.118 / 305.339       1.118 / 305.339     ms
[14460.316s][info][gc,stats    ]       Phase: Concurrent Process Non-Strong References      0.000 / 0.000         0.000 / 0.000        69.335 / 18388.762    69.335 / 18388.762   ms
[14460.316s][info][gc,stats    ]       Phase: Concurrent Relocate                           0.000 / 0.000         0.000 / 0.000        11.475 / 64.108       11.475 / 64.108      ms
[14460.316s][info][gc,stats    ]       Phase: Concurrent Reset Relocation Set               0.000 / 0.000         0.000 / 0.000         0.212 / 0.968         0.212 / 0.968       ms
[14460.316s][info][gc,stats    ]       Phase: Concurrent Select Relocation Set              0.000 / 0.000         0.000 / 0.000         6.722 / 623.697       6.722 / 623.697     ms
[14460.316s][info][gc,stats    ]       Phase: Pause Mark End                                0.000 / 0.000         0.000 / 0.000         0.094 / 0.434         0.094 / 0.434       ms
[14460.316s][info][gc,stats    ]       Phase: Pause Mark Start                              0.000 / 0.000         0.000 / 0.000         0.023 / 0.223         0.023 / 0.223       ms
[14460.316s][info][gc,stats    ]       Phase: Pause Relocate Start                          0.000 / 0.000         0.000 / 0.000         0.045 / 0.309         0.045 / 0.309       ms
[14460.316s][info][gc,stats    ]    Subphase: Concurrent Classes Purge                      0.000 / 0.000         0.000 / 0.000         0.518 / 3.157         0.518 / 3.157       ms
[14460.316s][info][gc,stats    ]    Subphase: Concurrent Classes Unlink                     0.000 / 0.000         0.000 / 0.000        64.039 / 18382.834    64.039 / 18382.834   ms
[14460.316s][info][gc,stats    ]    Subphase: Concurrent Mark                               0.000 / 0.000         0.000 / 0.000       450.151 / 3398.532    450.151 / 3398.532    ms
[14460.316s][info][gc,stats    ]    Subphase: Concurrent Mark Try Flush                     0.000 / 0.000         0.000 / 0.000         1.565 / 934.939       1.565 / 934.939     ms
[14460.316s][info][gc,stats    ]    Subphase: Concurrent Mark Try Terminate                 0.000 / 0.000         0.000 / 0.000         1.072 / 934.940       1.072 / 934.940     ms
[14460.316s][info][gc,stats    ]    Subphase: Concurrent References Enqueue                 0.000 / 0.000         0.000 / 0.000         0.009 / 0.091         0.009 / 0.091       ms
[14460.316s][info][gc,stats    ]    Subphase: Concurrent References Process                 0.000 / 0.000         0.000 / 0.000         0.881 / 3.992         0.881 / 3.992       ms
[14460.316s][info][gc,stats    ]    Subphase: Concurrent Roots ClassLoaderDataGraph         0.000 / 0.000         0.000 / 0.000         0.833 / 3.889         0.833 / 3.889       ms
[14460.316s][info][gc,stats    ]    Subphase: Concurrent Roots CodeCache                    0.000 / 0.000         0.000 / 0.000         0.000 / 0.000         0.000 / 0.000       ms
[14460.316s][info][gc,stats    ]    Subphase: Concurrent Roots JavaThreads                  0.000 / 0.000         0.000 / 0.000         4.665 / 969.487       4.665 / 969.487     ms
[14460.316s][info][gc,stats    ]    Subphase: Concurrent Roots OopStorageSet                0.000 / 0.000         0.000 / 0.000         0.083 / 2.218         0.083 / 2.218       ms
[14460.316s][info][gc,stats    ]    Subphase: Concurrent Weak Roots OopStorageSet           0.000 / 0.000         0.000 / 0.000         1.501 / 13.633        1.501 / 13.633      ms
[14460.317s][info][gc,stats    ]    Subphase: Pause Mark Try Complete                       0.000 / 0.000         0.000 / 0.000         0.001 / 0.031         0.001 / 0.031       ms
[14460.317s][info][gc,stats    ]      System: Java Threads                                      0 / 0                 0 / 0              1929 / 4684           1929 / 4684        threads
[14460.317s][info][gc,stats    ] =========================================================================================================================================================
[14470.316s][info][gc,stats    ] === Garbage Collection Statistics =======================================================================================================================
[14470.316s][info][gc,stats    ]                                                              Last 10s              Last 10m              Last 10h                Total
[14470.316s][info][gc,stats    ]                                                              Avg / Max             Avg / Max             Avg / Max             Avg / Max
[14470.316s][info][gc,stats    ]   Collector: Garbage Collection Cycle                      0.000 / 0.000         0.000 / 0.000       665.978 / 19032.234   665.978 / 19032.234   ms
[14470.316s][info][gc,stats    ]  Contention: Mark Segment Reset Contention                     0 / 0                 0 / 0                 2 / 104               2 / 104         ops/s
[14470.316s][info][gc,stats    ]  Contention: Mark SeqNum Reset Contention                      0 / 0                 0 / 0                 0 / 7                 0 / 7           ops/s
[14470.316s][info][gc,stats    ]    Critical: Allocation Stall                                  0 / 0                 0 / 0                 0 / 827               0 / 827         ops/s
[14470.316s][info][gc,stats    ]    Critical: Allocation Stall                              0.000 / 0.000         0.000 / 0.000       146.230 / 487.490     146.230 / 487.490     ms
[14470.316s][info][gc,stats    ]    Critical: GC Locker Stall                                   0 / 0                 0 / 0                 0 / 2                 0 / 2           ops/s
[14470.316s][info][gc,stats    ]    Critical: GC Locker Stall                               0.000 / 0.000         0.000 / 0.000         0.167 / 4.787         0.167 / 4.787       ms
[14470.316s][info][gc,stats    ]    Critical: Relocation Stall                                  0 / 0                 0 / 0                 0 / 103               0 / 103         ops/s
[14470.316s][info][gc,stats    ]    Critical: Relocation Stall                              0.000 / 0.000         0.000 / 0.000        14.882 / 62.172       14.882 / 62.172      ms
[14470.316s][info][gc,stats    ]      Memory: Allocation Rate                                   0 / 0                 0 / 0               482 / 2790            482 / 2790        MB/s
[14470.316s][info][gc,stats    ]      Memory: Out Of Memory                                     0 / 0                 0 / 0                 0 / 0                 0 / 0           ops/s
[14470.316s][info][gc,stats    ]      Memory: Page Cache Flush                                  0 / 0                 0 / 0                 0 / 258               0 / 258         MB/s
[14470.316s][info][gc,stats    ]      Memory: Page Cache Hit L1                                 0 / 0                 0 / 0               234 / 1336            234 / 1336        ops/s
[14470.316s][info][gc,stats    ]      Memory: Page Cache Hit L2                                 0 / 0                 0 / 0                 0 / 0                 0 / 0           ops/s
[14470.316s][info][gc,stats    ]      Memory: Page Cache Hit L3                                 0 / 0                 0 / 0                 0 / 1028              0 / 1028        ops/s
[14470.316s][info][gc,stats    ]      Memory: Page Cache Miss                                   0 / 0                 0 / 0                 0 / 12                0 / 12          ops/s
[14470.316s][info][gc,stats    ]      Memory: Uncommit                                          0 / 0                 0 / 0                 0 / 0                 0 / 0           MB/s
[14470.316s][info][gc,stats    ]      Memory: Undo Object Allocation Failed                     0 / 0                 0 / 0                 0 / 5                 0 / 5           ops/s
[14470.316s][info][gc,stats    ]      Memory: Undo Object Allocation Succeeded                  0 / 0                 0 / 0                16 / 6595             16 / 6595        ops/s
[14470.316s][info][gc,stats    ]      Memory: Undo Page Allocation                              0 / 0                 0 / 0                 0 / 676               0 / 676         ops/s
[14470.316s][info][gc,stats    ]       Phase: Concurrent Mark                               0.000 / 0.000         0.000 / 0.000       571.218 / 3424.228    571.218 / 3424.228    ms
[14470.316s][info][gc,stats    ]       Phase: Concurrent Mark Continue                      0.000 / 0.000         0.000 / 0.000         0.000 / 0.000         0.000 / 0.000       ms
[14470.316s][info][gc,stats    ]       Phase: Concurrent Mark Free                          0.000 / 0.000         0.000 / 0.000         1.118 / 305.339       1.118 / 305.339     ms
[14470.316s][info][gc,stats    ]       Phase: Concurrent Process Non-Strong References      0.000 / 0.000         0.000 / 0.000        69.335 / 18388.762    69.335 / 18388.762   ms
[14470.316s][info][gc,stats    ]       Phase: Concurrent Relocate                           0.000 / 0.000         0.000 / 0.000        11.475 / 64.108       11.475 / 64.108      ms
[14470.316s][info][gc,stats    ]       Phase: Concurrent Reset Relocation Set               0.000 / 0.000         0.000 / 0.000         0.212 / 0.968         0.212 / 0.968       ms
[14470.316s][info][gc,stats    ]       Phase: Concurrent Select Relocation Set              0.000 / 0.000         0.000 / 0.000         6.722 / 623.697       6.722 / 623.697     ms
[14470.316s][info][gc,stats    ]       Phase: Pause Mark End                                0.000 / 0.000         0.000 / 0.000         0.094 / 0.434         0.094 / 0.434       ms
[14470.316s][info][gc,stats    ]       Phase: Pause Mark Start                              0.000 / 0.000         0.000 / 0.000         0.023 / 0.223         0.023 / 0.223       ms
[14470.316s][info][gc,stats    ]       Phase: Pause Relocate Start                          0.000 / 0.000         0.000 / 0.000         0.045 / 0.309         0.045 / 0.309       ms
[14470.316s][info][gc,stats    ]    Subphase: Concurrent Classes Purge                      0.000 / 0.000         0.000 / 0.000         0.518 / 3.157         0.518 / 3.157       ms
[14470.316s][info][gc,stats    ]    Subphase: Concurrent Classes Unlink                     0.000 / 0.000         0.000 / 0.000        64.039 / 18382.834    64.039 / 18382.834   ms
[14470.316s][info][gc,stats    ]    Subphase: Concurrent Mark                               0.000 / 0.000         0.000 / 0.000       450.151 / 3398.532    450.151 / 3398.532    ms
[14470.316s][info][gc,stats    ]    Subphase: Concurrent Mark Try Flush                     0.000 / 0.000         0.000 / 0.000         1.565 / 934.939       1.565 / 934.939     ms
[14470.316s][info][gc,stats    ]    Subphase: Concurrent Mark Try Terminate                 0.000 / 0.000         0.000 / 0.000         1.072 / 934.940       1.072 / 934.940     ms
[14470.316s][info][gc,stats    ]    Subphase: Concurrent References Enqueue                 0.000 / 0.000         0.000 / 0.000         0.009 / 0.091         0.009 / 0.091       ms
[14470.316s][info][gc,stats    ]    Subphase: Concurrent References Process                 0.000 / 0.000         0.000 / 0.000         0.881 / 3.992         0.881 / 3.992       ms
[14470.316s][info][gc,stats    ]    Subphase: Concurrent Roots ClassLoaderDataGraph         0.000 / 0.000         0.000 / 0.000         0.833 / 3.889         0.833 / 3.889       ms
[14470.316s][info][gc,stats    ]    Subphase: Concurrent Roots CodeCache                    0.000 / 0.000         0.000 / 0.000         0.000 / 0.000         0.000 / 0.000       ms
[14470.316s][info][gc,stats    ]    Subphase: Concurrent Roots JavaThreads                  0.000 / 0.000         0.000 / 0.000         4.665 / 969.487       4.665 / 969.487     ms
[14470.316s][info][gc,stats    ]    Subphase: Concurrent Roots OopStorageSet                0.000 / 0.000         0.000 / 0.000         0.083 / 2.218         0.083 / 2.218       ms
[14470.316s][info][gc,stats    ]    Subphase: Concurrent Weak Roots OopStorageSet           0.000 / 0.000         0.000 / 0.000         1.501 / 13.633        1.501 / 13.633      ms
[14470.316s][info][gc,stats    ]    Subphase: Pause Mark Try Complete                       0.000 / 0.000         0.000 / 0.000         0.001 / 0.031         0.001 / 0.031       ms
[14470.316s][info][gc,stats    ]      System: Java Threads                                      0 / 0                 0 / 0              1929 / 4684           1929 / 4684        threads
[14470.316s][info][gc,stats    ] =========================================================================================================================================================
[14480.315s][info][gc,stats    ] === Garbage Collection Statistics =======================================================================================================================
[14480.315s][info][gc,stats    ]                                                              Last 10s              Last 10m              Last 10h                Total
[14480.315s][info][gc,stats    ]                                                              Avg / Max             Avg / Max             Avg / Max             Avg / Max
[14480.315s][info][gc,stats    ]   Collector: Garbage Collection Cycle                      0.000 / 0.000         0.000 / 0.000       665.978 / 19032.234   665.978 / 19032.234   ms
[14480.315s][info][gc,stats    ]  Contention: Mark Segment Reset Contention                     0 / 0                 0 / 0                 2 / 104               2 / 104         ops/s
[14480.315s][info][gc,stats    ]  Contention: Mark SeqNum Reset Contention                      0 / 0                 0 / 0                 0 / 7                 0 / 7           ops/s
[14480.315s][info][gc,stats    ]    Critical: Allocation Stall                                  0 / 0                 0 / 0                 0 / 827               0 / 827         ops/s
[14480.315s][info][gc,stats    ]    Critical: Allocation Stall                              0.000 / 0.000         0.000 / 0.000       146.230 / 487.490     146.230 / 487.490     ms
[14480.315s][info][gc,stats    ]    Critical: GC Locker Stall                                   0 / 0                 0 / 0                 0 / 2                 0 / 2           ops/s
[14480.315s][info][gc,stats    ]    Critical: GC Locker Stall                               0.000 / 0.000         0.000 / 0.000         0.167 / 4.787         0.167 / 4.787       ms
[14480.315s][info][gc,stats    ]    Critical: Relocation Stall                                  0 / 0                 0 / 0                 0 / 103               0 / 103         ops/s
[14480.315s][info][gc,stats    ]    Critical: Relocation Stall                              0.000 / 0.000         0.000 / 0.000        14.882 / 62.172       14.882 / 62.172      ms
[14480.315s][info][gc,stats    ]      Memory: Allocation Rate                                   0 / 0                 0 / 0               481 / 2790            481 / 2790        MB/s
[14480.315s][info][gc,stats    ]      Memory: Out Of Memory                                     0 / 0                 0 / 0                 0 / 0                 0 / 0           ops/s
[14480.316s][info][gc,stats    ]      Memory: Page Cache Flush                                  0 / 0                 0 / 0                 0 / 258               0 / 258         MB/s
[14480.316s][info][gc,stats    ]      Memory: Page Cache Hit L1                                 0 / 0                 0 / 0               234 / 1336            234 / 1336        ops/s
[14480.316s][info][gc,stats    ]      Memory: Page Cache Hit L2                                 0 / 0                 0 / 0                 0 / 0                 0 / 0           ops/s
[14480.316s][info][gc,stats    ]      Memory: Page Cache Hit L3                                 0 / 0                 0 / 0                 0 / 1028              0 / 1028        ops/s
[14480.316s][info][gc,stats    ]      Memory: Page Cache Miss                                   0 / 0                 0 / 0                 0 / 12                0 / 12          ops/s
[14480.316s][info][gc,stats    ]      Memory: Uncommit                                          0 / 0                 0 / 0                 0 / 0                 0 / 0           MB/s
[14480.316s][info][gc,stats    ]      Memory: Undo Object Allocation Failed                     0 / 0                 0 / 0                 0 / 5                 0 / 5           ops/s
[14480.316s][info][gc,stats    ]      Memory: Undo Object Allocation Succeeded                  0 / 0                 0 / 0                16 / 6595             16 / 6595        ops/s
[14480.316s][info][gc,stats    ]      Memory: Undo Page Allocation                              0 / 0                 0 / 0                 0 / 676               0 / 676         ops/s
[14480.316s][info][gc,stats    ]       Phase: Concurrent Mark                               0.000 / 0.000         0.000 / 0.000       571.218 / 3424.228    571.218 / 3424.228    ms
[14480.316s][info][gc,stats    ]       Phase: Concurrent Mark Continue                      0.000 / 0.000         0.000 / 0.000         0.000 / 0.000         0.000 / 0.000       ms
[14480.316s][info][gc,stats    ]       Phase: Concurrent Mark Free                          0.000 / 0.000         0.000 / 0.000         1.118 / 305.339       1.118 / 305.339     ms
[14480.316s][info][gc,stats    ]       Phase: Concurrent Process Non-Strong References      0.000 / 0.000         0.000 / 0.000        69.335 / 18388.762    69.335 / 18388.762   ms
[14480.316s][info][gc,stats    ]       Phase: Concurrent Relocate                           0.000 / 0.000         0.000 / 0.000        11.475 / 64.108       11.475 / 64.108      ms
[14480.316s][info][gc,stats    ]       Phase: Concurrent Reset Relocation Set               0.000 / 0.000         0.000 / 0.000         0.212 / 0.968         0.212 / 0.968       ms
[14480.316s][info][gc,stats    ]       Phase: Concurrent Select Relocation Set              0.000 / 0.000         0.000 / 0.000         6.722 / 623.697       6.722 / 623.697     ms
[14480.316s][info][gc,stats    ]       Phase: Pause Mark End                                0.000 / 0.000         0.000 / 0.000         0.094 / 0.434         0.094 / 0.434       ms
[14480.316s][info][gc,stats    ]       Phase: Pause Mark Start                              0.000 / 0.000         0.000 / 0.000         0.023 / 0.223         0.023 / 0.223       ms
[14480.316s][info][gc,stats    ]       Phase: Pause Relocate Start                          0.000 / 0.000         0.000 / 0.000         0.045 / 0.309         0.045 / 0.309       ms
[14480.316s][info][gc,stats    ]    Subphase: Concurrent Classes Purge                      0.000 / 0.000         0.000 / 0.000         0.518 / 3.157         0.518 / 3.157       ms
[14480.316s][info][gc,stats    ]    Subphase: Concurrent Classes Unlink                     0.000 / 0.000         0.000 / 0.000        64.039 / 18382.834    64.039 / 18382.834   ms
[14480.316s][info][gc,stats    ]    Subphase: Concurrent Mark                               0.000 / 0.000         0.000 / 0.000       450.151 / 3398.532    450.151 / 3398.532    ms
[14480.316s][info][gc,stats    ]    Subphase: Concurrent Mark Try Flush                     0.000 / 0.000         0.000 / 0.000         1.565 / 934.939       1.565 / 934.939     ms
[14480.316s][info][gc,stats    ]    Subphase: Concurrent Mark Try Terminate                 0.000 / 0.000         0.000 / 0.000         1.072 / 934.940       1.072 / 934.940     ms
[14480.316s][info][gc,stats    ]    Subphase: Concurrent References Enqueue                 0.000 / 0.000         0.000 / 0.000         0.009 / 0.091         0.009 / 0.091       ms
[14480.316s][info][gc,stats    ]    Subphase: Concurrent References Process                 0.000 / 0.000         0.000 / 0.000         0.881 / 3.992         0.881 / 3.992       ms
[14480.316s][info][gc,stats    ]    Subphase: Concurrent Roots ClassLoaderDataGraph         0.000 / 0.000         0.000 / 0.000         0.833 / 3.889         0.833 / 3.889       ms
[14480.316s][info][gc,stats    ]    Subphase: Concurrent Roots CodeCache                    0.000 / 0.000         0.000 / 0.000         0.000 / 0.000         0.000 / 0.000       ms
[14480.316s][info][gc,stats    ]    Subphase: Concurrent Roots JavaThreads                  0.000 / 0.000         0.000 / 0.000         4.665 / 969.487       4.665 / 969.487     ms
[14480.316s][info][gc,stats    ]    Subphase: Concurrent Roots OopStorageSet                0.000 / 0.000         0.000 / 0.000         0.083 / 2.218         0.083 / 2.218       ms
[14480.316s][info][gc,stats    ]    Subphase: Concurrent Weak Roots OopStorageSet           0.000 / 0.000         0.000 / 0.000         1.501 / 13.633        1.501 / 13.633      ms
[14480.316s][info][gc,stats    ]    Subphase: Pause Mark Try Complete                       0.000 / 0.000         0.000 / 0.000         0.001 / 0.031         0.001 / 0.031       ms
[14480.316s][info][gc,stats    ]      System: Java Threads                                      0 / 0                 0 / 0              1929 / 4684           1929 / 4684        threads
[14480.316s][info][gc,stats    ] =========================================================================================================================================================
[14490.315s][info][gc,stats    ] === Garbage Collection Statistics =======================================================================================================================
[14490.315s][info][gc,stats    ]                                                              Last 10s              Last 10m              Last 10h                Total
[14490.315s][info][gc,stats    ]                                                              Avg / Max             Avg / Max             Avg / Max             Avg / Max
[14490.315s][info][gc,stats    ]   Collector: Garbage Collection Cycle                      0.000 / 0.000         0.000 / 0.000       665.978 / 19032.234   665.978 / 19032.234   ms
[14490.315s][info][gc,stats    ]  Contention: Mark Segment Reset Contention                     0 / 0                 0 / 0                 2 / 104               2 / 104         ops/s
[14490.315s][info][gc,stats    ]  Contention: Mark SeqNum Reset Contention                      0 / 0                 0 / 0                 0 / 7                 0 / 7           ops/s
[14490.315s][info][gc,stats    ]    Critical: Allocation Stall                                  0 / 0                 0 / 0                 0 / 827               0 / 827         ops/s
[14490.315s][info][gc,stats    ]    Critical: Allocation Stall                              0.000 / 0.000         0.000 / 0.000       146.230 / 487.490     146.230 / 487.490     ms
[14490.315s][info][gc,stats    ]    Critical: GC Locker Stall                                   0 / 0                 0 / 0                 0 / 2                 0 / 2           ops/s
[14490.315s][info][gc,stats    ]    Critical: GC Locker Stall                               0.000 / 0.000         0.000 / 0.000         0.167 / 4.787         0.167 / 4.787       ms
[14490.315s][info][gc,stats    ]    Critical: Relocation Stall                                  0 / 0                 0 / 0                 0 / 103               0 / 103         ops/s
[14490.315s][info][gc,stats    ]    Critical: Relocation Stall                              0.000 / 0.000         0.000 / 0.000        14.882 / 62.172       14.882 / 62.172      ms
[14490.315s][info][gc,stats    ]      Memory: Allocation Rate                                   0 / 0                 0 / 0               481 / 2790            481 / 2790        MB/s
[14490.315s][info][gc,stats    ]      Memory: Out Of Memory                                     0 / 0                 0 / 0                 0 / 0                 0 / 0           ops/s
[14490.315s][info][gc,stats    ]      Memory: Page Cache Flush                                  0 / 0                 0 / 0                 0 / 258               0 / 258         MB/s
[14490.315s][info][gc,stats    ]      Memory: Page Cache Hit L1                                 0 / 0                 0 / 0               234 / 1336            234 / 1336        ops/s
[14490.315s][info][gc,stats    ]      Memory: Page Cache Hit L2                                 0 / 0                 0 / 0                 0 / 0                 0 / 0           ops/s
[14490.315s][info][gc,stats    ]      Memory: Page Cache Hit L3                                 0 / 0                 0 / 0                 0 / 1028              0 / 1028        ops/s
[14490.315s][info][gc,stats    ]      Memory: Page Cache Miss                                   0 / 0                 0 / 0                 0 / 12                0 / 12          ops/s
[14490.315s][info][gc,stats    ]      Memory: Uncommit                                          0 / 0                 0 / 0                 0 / 0                 0 / 0           MB/s
[14490.315s][info][gc,stats    ]      Memory: Undo Object Allocation Failed                     0 / 0                 0 / 0                 0 / 5                 0 / 5           ops/s
[14490.315s][info][gc,stats    ]      Memory: Undo Object Allocation Succeeded                  0 / 0                 0 / 0                16 / 6595             16 / 6595        ops/s
[14490.315s][info][gc,stats    ]      Memory: Undo Page Allocation                              0 / 0                 0 / 0                 0 / 676               0 / 676         ops/s
[14490.315s][info][gc,stats    ]       Phase: Concurrent Mark                               0.000 / 0.000         0.000 / 0.000       571.218 / 3424.228    571.218 / 3424.228    ms
[14490.315s][info][gc,stats    ]       Phase: Concurrent Mark Continue                      0.000 / 0.000         0.000 / 0.000         0.000 / 0.000         0.000 / 0.000       ms
[14490.315s][info][gc,stats    ]       Phase: Concurrent Mark Free                          0.000 / 0.000         0.000 / 0.000         1.118 / 305.339       1.118 / 305.339     ms
[14490.315s][info][gc,stats    ]       Phase: Concurrent Process Non-Strong References      0.000 / 0.000         0.000 / 0.000        69.335 / 18388.762    69.335 / 18388.762   ms
[14490.315s][info][gc,stats    ]       Phase: Concurrent Relocate                           0.000 / 0.000         0.000 / 0.000        11.475 / 64.108       11.475 / 64.108      ms
[14490.315s][info][gc,stats    ]       Phase: Concurrent Reset Relocation Set               0.000 / 0.000         0.000 / 0.000         0.212 / 0.968         0.212 / 0.968       ms
[14490.315s][info][gc,stats    ]       Phase: Concurrent Select Relocation Set              0.000 / 0.000         0.000 / 0.000         6.722 / 623.697       6.722 / 623.697     ms
[14490.315s][info][gc,stats    ]       Phase: Pause Mark End                                0.000 / 0.000         0.000 / 0.000         0.094 / 0.434         0.094 / 0.434       ms
[14490.315s][info][gc,stats    ]       Phase: Pause Mark Start                              0.000 / 0.000         0.000 / 0.000         0.023 / 0.223         0.023 / 0.223       ms
[14490.315s][info][gc,stats    ]       Phase: Pause Relocate Start                          0.000 / 0.000         0.000 / 0.000         0.045 / 0.309         0.045 / 0.309       ms
[14490.315s][info][gc,stats    ]    Subphase: Concurrent Classes Purge                      0.000 / 0.000         0.000 / 0.000         0.518 / 3.157         0.518 / 3.157       ms
[14490.315s][info][gc,stats    ]    Subphase: Concurrent Classes Unlink                     0.000 / 0.000         0.000 / 0.000        64.039 / 18382.834    64.039 / 18382.834   ms
[14490.316s][info][gc,stats    ]    Subphase: Concurrent Mark                               0.000 / 0.000         0.000 / 0.000       450.151 / 3398.532    450.151 / 3398.532    ms
[14490.316s][info][gc,stats    ]    Subphase: Concurrent Mark Try Flush                     0.000 / 0.000         0.000 / 0.000         1.565 / 934.939       1.565 / 934.939     ms
[14490.316s][info][gc,stats    ]    Subphase: Concurrent Mark Try Terminate                 0.000 / 0.000         0.000 / 0.000         1.072 / 934.940       1.072 / 934.940     ms
[14490.316s][info][gc,stats    ]    Subphase: Concurrent References Enqueue                 0.000 / 0.000         0.000 / 0.000         0.009 / 0.091         0.009 / 0.091       ms
[14490.316s][info][gc,stats    ]    Subphase: Concurrent References Process                 0.000 / 0.000         0.000 / 0.000         0.881 / 3.992         0.881 / 3.992       ms
[14490.316s][info][gc,stats    ]    Subphase: Concurrent Roots ClassLoaderDataGraph         0.000 / 0.000         0.000 / 0.000         0.833 / 3.889         0.833 / 3.889       ms
[14490.316s][info][gc,stats    ]    Subphase: Concurrent Roots CodeCache                    0.000 / 0.000         0.000 / 0.000         0.000 / 0.000         0.000 / 0.000       ms
[14490.316s][info][gc,stats    ]    Subphase: Concurrent Roots JavaThreads                  0.000 / 0.000         0.000 / 0.000         4.665 / 969.487       4.665 / 969.487     ms
[14490.316s][info][gc,stats    ]    Subphase: Concurrent Roots OopStorageSet                0.000 / 0.000         0.000 / 0.000         0.083 / 2.218         0.083 / 2.218       ms
[14490.316s][info][gc,stats    ]    Subphase: Concurrent Weak Roots OopStorageSet           0.000 / 0.000         0.000 / 0.000         1.501 / 13.633        1.501 / 13.633      ms
[14490.316s][info][gc,stats    ]    Subphase: Pause Mark Try Complete                       0.000 / 0.000         0.000 / 0.000         0.001 / 0.031         0.001 / 0.031       ms
[14490.316s][info][gc,stats    ]      System: Java Threads                                      0 / 0                 0 / 0              1929 / 4684           1929 / 4684        threads
[14490.316s][info][gc,stats    ] =========================================================================================================================================================
[14500.316s][info][gc,stats    ] === Garbage Collection Statistics =======================================================================================================================
[14500.316s][info][gc,stats    ]                                                              Last 10s              Last 10m              Last 10h                Total
[14500.316s][info][gc,stats    ]                                                              Avg / Max             Avg / Max             Avg / Max             Avg / Max
[14500.316s][info][gc,stats    ]   Collector: Garbage Collection Cycle                      0.000 / 0.000         0.000 / 0.000       665.978 / 19032.234   665.978 / 19032.234   ms
[14500.316s][info][gc,stats    ]  Contention: Mark Segment Reset Contention                     0 / 0                 0 / 0                 2 / 104               2 / 104         ops/s
[14500.316s][info][gc,stats    ]  Contention: Mark SeqNum Reset Contention                      0 / 0                 0 / 0                 0 / 7                 0 / 7           ops/s
[14500.316s][info][gc,stats    ]    Critical: Allocation Stall                                  0 / 0                 0 / 0                 0 / 827               0 / 827         ops/s
[14500.316s][info][gc,stats    ]    Critical: Allocation Stall                              0.000 / 0.000         0.000 / 0.000       146.230 / 487.490     146.230 / 487.490     ms
[14500.316s][info][gc,stats    ]    Critical: GC Locker Stall                                   0 / 0                 0 / 0                 0 / 2                 0 / 2           ops/s
[14500.316s][info][gc,stats    ]    Critical: GC Locker Stall                               0.000 / 0.000         0.000 / 0.000         0.167 / 4.787         0.167 / 4.787       ms
[14500.316s][info][gc,stats    ]    Critical: Relocation Stall                                  0 / 0                 0 / 0                 0 / 103               0 / 103         ops/s
[14500.316s][info][gc,stats    ]    Critical: Relocation Stall                              0.000 / 0.000         0.000 / 0.000        14.882 / 62.172       14.882 / 62.172      ms
[14500.316s][info][gc,stats    ]      Memory: Allocation Rate                                   0 / 0                 0 / 0               481 / 2790            481 / 2790        MB/s
[14500.316s][info][gc,stats    ]      Memory: Out Of Memory                                     0 / 0                 0 / 0                 0 / 0                 0 / 0           ops/s
[14500.316s][info][gc,stats    ]      Memory: Page Cache Flush                                  0 / 0                 0 / 0                 0 / 258               0 / 258         MB/s
[14500.316s][info][gc,stats    ]      Memory: Page Cache Hit L1                                 0 / 0                 0 / 0               234 / 1336            234 / 1336        ops/s
[14500.316s][info][gc,stats    ]      Memory: Page Cache Hit L2                                 0 / 0                 0 / 0                 0 / 0                 0 / 0           ops/s
[14500.316s][info][gc,stats    ]      Memory: Page Cache Hit L3                                 0 / 0                 0 / 0                 0 / 1028              0 / 1028        ops/s
[14500.316s][info][gc,stats    ]      Memory: Page Cache Miss                                   0 / 0                 0 / 0                 0 / 12                0 / 12          ops/s
[14500.316s][info][gc,stats    ]      Memory: Uncommit                                          0 / 0                 0 / 0                 0 / 0                 0 / 0           MB/s
[14500.316s][info][gc,stats    ]      Memory: Undo Object Allocation Failed                     0 / 0                 0 / 0                 0 / 5                 0 / 5           ops/s
[14500.316s][info][gc,stats    ]      Memory: Undo Object Allocation Succeeded                  0 / 0                 0 / 0                16 / 6595             16 / 6595        ops/s
[14500.316s][info][gc,stats    ]      Memory: Undo Page Allocation                              0 / 0                 0 / 0                 0 / 676               0 / 676         ops/s
[14500.316s][info][gc,stats    ]       Phase: Concurrent Mark                               0.000 / 0.000         0.000 / 0.000       571.218 / 3424.228    571.218 / 3424.228    ms
[14500.316s][info][gc,stats    ]       Phase: Concurrent Mark Continue                      0.000 / 0.000         0.000 / 0.000         0.000 / 0.000         0.000 / 0.000       ms
[14500.316s][info][gc,stats    ]       Phase: Concurrent Mark Free                          0.000 / 0.000         0.000 / 0.000         1.118 / 305.339       1.118 / 305.339     ms
[14500.316s][info][gc,stats    ]       Phase: Concurrent Process Non-Strong References      0.000 / 0.000         0.000 / 0.000        69.335 / 18388.762    69.335 / 18388.762   ms
[14500.316s][info][gc,stats    ]       Phase: Concurrent Relocate                           0.000 / 0.000         0.000 / 0.000        11.475 / 64.108       11.475 / 64.108      ms
[14500.316s][info][gc,stats    ]       Phase: Concurrent Reset Relocation Set               0.000 / 0.000         0.000 / 0.000         0.212 / 0.968         0.212 / 0.968       ms
[14500.316s][info][gc,stats    ]       Phase: Concurrent Select Relocation Set              0.000 / 0.000         0.000 / 0.000         6.722 / 623.697       6.722 / 623.697     ms
[14500.316s][info][gc,stats    ]       Phase: Pause Mark End                                0.000 / 0.000         0.000 / 0.000         0.094 / 0.434         0.094 / 0.434       ms
[14500.316s][info][gc,stats    ]       Phase: Pause Mark Start                              0.000 / 0.000         0.000 / 0.000         0.023 / 0.223         0.023 / 0.223       ms
[14500.316s][info][gc,stats    ]       Phase: Pause Relocate Start                          0.000 / 0.000         0.000 / 0.000         0.045 / 0.309         0.045 / 0.309       ms
[14500.316s][info][gc,stats    ]    Subphase: Concurrent Classes Purge                      0.000 / 0.000         0.000 / 0.000         0.518 / 3.157         0.518 / 3.157       ms
[14500.316s][info][gc,stats    ]    Subphase: Concurrent Classes Unlink                     0.000 / 0.000         0.000 / 0.000        64.039 / 18382.834    64.039 / 18382.834   ms
[14500.316s][info][gc,stats    ]    Subphase: Concurrent Mark                               0.000 / 0.000         0.000 / 0.000       450.151 / 3398.532    450.151 / 3398.532    ms
[14500.316s][info][gc,stats    ]    Subphase: Concurrent Mark Try Flush                     0.000 / 0.000         0.000 / 0.000         1.565 / 934.939       1.565 / 934.939     ms
[14500.316s][info][gc,stats    ]    Subphase: Concurrent Mark Try Terminate                 0.000 / 0.000         0.000 / 0.000         1.072 / 934.940       1.072 / 934.940     ms
[14500.316s][info][gc,stats    ]    Subphase: Concurrent References Enqueue                 0.000 / 0.000         0.000 / 0.000         0.009 / 0.091         0.009 / 0.091       ms
[14500.316s][info][gc,stats    ]    Subphase: Concurrent References Process                 0.000 / 0.000         0.000 / 0.000         0.881 / 3.992         0.881 / 3.992       ms
[14500.316s][info][gc,stats    ]    Subphase: Concurrent Roots ClassLoaderDataGraph         0.000 / 0.000         0.000 / 0.000         0.833 / 3.889         0.833 / 3.889       ms
[14500.316s][info][gc,stats    ]    Subphase: Concurrent Roots CodeCache                    0.000 / 0.000         0.000 / 0.000         0.000 / 0.000         0.000 / 0.000       ms
[14500.316s][info][gc,stats    ]    Subphase: Concurrent Roots JavaThreads                  0.000 / 0.000         0.000 / 0.000         4.665 / 969.487       4.665 / 969.487     ms
[14500.316s][info][gc,stats    ]    Subphase: Concurrent Roots OopStorageSet                0.000 / 0.000         0.000 / 0.000         0.083 / 2.218         0.083 / 2.218       ms
[14500.316s][info][gc,stats    ]    Subphase: Concurrent Weak Roots OopStorageSet           0.000 / 0.000         0.000 / 0.000         1.501 / 13.633        1.501 / 13.633      ms
[14500.317s][info][gc,stats    ]    Subphase: Pause Mark Try Complete                       0.000 / 0.000         0.000 / 0.000         0.001 / 0.031         0.001 / 0.031       ms
[14500.317s][info][gc,stats    ]      System: Java Threads                                      0 / 0                 0 / 0              1929 / 4684           1929 / 4684        threads
[14500.317s][info][gc,stats    ] =========================================================================================================================================================
[14510.316s][info][gc,stats    ] === Garbage Collection Statistics =======================================================================================================================
[14510.316s][info][gc,stats    ]                                                              Last 10s              Last 10m              Last 10h                Total
[14510.316s][info][gc,stats    ]                                                              Avg / Max             Avg / Max             Avg / Max             Avg / Max
[14510.316s][info][gc,stats    ]   Collector: Garbage Collection Cycle                      0.000 / 0.000         0.000 / 0.000       665.978 / 19032.234   665.978 / 19032.234   ms
[14510.316s][info][gc,stats    ]  Contention: Mark Segment Reset Contention                     0 / 0                 0 / 0                 2 / 104               2 / 104         ops/s
[14510.316s][info][gc,stats    ]  Contention: Mark SeqNum Reset Contention                      0 / 0                 0 / 0                 0 / 7                 0 / 7           ops/s
[14510.316s][info][gc,stats    ]    Critical: Allocation Stall                                  0 / 0                 0 / 0                 0 / 827               0 / 827         ops/s
[14510.316s][info][gc,stats    ]    Critical: Allocation Stall                              0.000 / 0.000         0.000 / 0.000       146.230 / 487.490     146.230 / 487.490     ms
[14510.316s][info][gc,stats    ]    Critical: GC Locker Stall                                   0 / 0                 0 / 0                 0 / 2                 0 / 2           ops/s
[14510.316s][info][gc,stats    ]    Critical: GC Locker Stall                               0.000 / 0.000         0.000 / 0.000         0.167 / 4.787         0.167 / 4.787       ms
[14510.316s][info][gc,stats    ]    Critical: Relocation Stall                                  0 / 0                 0 / 0                 0 / 103               0 / 103         ops/s
[14510.316s][info][gc,stats    ]    Critical: Relocation Stall                              0.000 / 0.000         0.000 / 0.000        14.882 / 62.172       14.882 / 62.172      ms
[14510.316s][info][gc,stats    ]      Memory: Allocation Rate                                   0 / 0                 0 / 0               480 / 2790            480 / 2790        MB/s
[14510.316s][info][gc,stats    ]      Memory: Out Of Memory                                     0 / 0                 0 / 0                 0 / 0                 0 / 0           ops/s
[14510.316s][info][gc,stats    ]      Memory: Page Cache Flush                                  0 / 0                 0 / 0                 0 / 258               0 / 258         MB/s
[14510.316s][info][gc,stats    ]      Memory: Page Cache Hit L1                                 0 / 0                 0 / 0               234 / 1336            234 / 1336        ops/s
[14510.316s][info][gc,stats    ]      Memory: Page Cache Hit L2                                 0 / 0                 0 / 0                 0 / 0                 0 / 0           ops/s
[14510.316s][info][gc,stats    ]      Memory: Page Cache Hit L3                                 0 / 0                 0 / 0                 0 / 1028              0 / 1028        ops/s
[14510.316s][info][gc,stats    ]      Memory: Page Cache Miss                                   0 / 0                 0 / 0                 0 / 12                0 / 12          ops/s
[14510.316s][info][gc,stats    ]      Memory: Uncommit                                          0 / 0                 0 / 0                 0 / 0                 0 / 0           MB/s
[14510.316s][info][gc,stats    ]      Memory: Undo Object Allocation Failed                     0 / 0                 0 / 0                 0 / 5                 0 / 5           ops/s
[14510.316s][info][gc,stats    ]      Memory: Undo Object Allocation Succeeded                  0 / 0                 0 / 0                16 / 6595             16 / 6595        ops/s
[14510.316s][info][gc,stats    ]      Memory: Undo Page Allocation                              0 / 0                 0 / 0                 0 / 676               0 / 676         ops/s
[14510.316s][info][gc,stats    ]       Phase: Concurrent Mark                               0.000 / 0.000         0.000 / 0.000       571.218 / 3424.228    571.218 / 3424.228    ms
[14510.316s][info][gc,stats    ]       Phase: Concurrent Mark Continue                      0.000 / 0.000         0.000 / 0.000         0.000 / 0.000         0.000 / 0.000       ms
[14510.316s][info][gc,stats    ]       Phase: Concurrent Mark Free                          0.000 / 0.000         0.000 / 0.000         1.118 / 305.339       1.118 / 305.339     ms
[14510.316s][info][gc,stats    ]       Phase: Concurrent Process Non-Strong References      0.000 / 0.000         0.000 / 0.000        69.335 / 18388.762    69.335 / 18388.762   ms
[14510.316s][info][gc,stats    ]       Phase: Concurrent Relocate                           0.000 / 0.000         0.000 / 0.000        11.475 / 64.108       11.475 / 64.108      ms
[14510.316s][info][gc,stats    ]       Phase: Concurrent Reset Relocation Set               0.000 / 0.000         0.000 / 0.000         0.212 / 0.968         0.212 / 0.968       ms
[14510.316s][info][gc,stats    ]       Phase: Concurrent Select Relocation Set              0.000 / 0.000         0.000 / 0.000         6.722 / 623.697       6.722 / 623.697     ms
[14510.316s][info][gc,stats    ]       Phase: Pause Mark End                                0.000 / 0.000         0.000 / 0.000         0.094 / 0.434         0.094 / 0.434       ms
[14510.316s][info][gc,stats    ]       Phase: Pause Mark Start                              0.000 / 0.000         0.000 / 0.000         0.023 / 0.223         0.023 / 0.223       ms
[14510.316s][info][gc,stats    ]       Phase: Pause Relocate Start                          0.000 / 0.000         0.000 / 0.000         0.045 / 0.309         0.045 / 0.309       ms
[14510.316s][info][gc,stats    ]    Subphase: Concurrent Classes Purge                      0.000 / 0.000         0.000 / 0.000         0.518 / 3.157         0.518 / 3.157       ms
[14510.316s][info][gc,stats    ]    Subphase: Concurrent Classes Unlink                     0.000 / 0.000         0.000 / 0.000        64.039 / 18382.834    64.039 / 18382.834   ms
[14510.316s][info][gc,stats    ]    Subphase: Concurrent Mark                               0.000 / 0.000         0.000 / 0.000       450.151 / 3398.532    450.151 / 3398.532    ms
[14510.316s][info][gc,stats    ]    Subphase: Concurrent Mark Try Flush                     0.000 / 0.000         0.000 / 0.000         1.565 / 934.939       1.565 / 934.939     ms
[14510.316s][info][gc,stats    ]    Subphase: Concurrent Mark Try Terminate                 0.000 / 0.000         0.000 / 0.000         1.072 / 934.940       1.072 / 934.940     ms
[14510.316s][info][gc,stats    ]    Subphase: Concurrent References Enqueue                 0.000 / 0.000         0.000 / 0.000         0.009 / 0.091         0.009 / 0.091       ms
[14510.316s][info][gc,stats    ]    Subphase: Concurrent References Process                 0.000 / 0.000         0.000 / 0.000         0.881 / 3.992         0.881 / 3.992       ms
[14510.316s][info][gc,stats    ]    Subphase: Concurrent Roots ClassLoaderDataGraph         0.000 / 0.000         0.000 / 0.000         0.833 / 3.889         0.833 / 3.889       ms
[14510.316s][info][gc,stats    ]    Subphase: Concurrent Roots CodeCache                    0.000 / 0.000         0.000 / 0.000         0.000 / 0.000         0.000 / 0.000       ms
[14510.316s][info][gc,stats    ]    Subphase: Concurrent Roots JavaThreads                  0.000 / 0.000         0.000 / 0.000         4.665 / 969.487       4.665 / 969.487     ms
[14510.316s][info][gc,stats    ]    Subphase: Concurrent Roots OopStorageSet                0.000 / 0.000         0.000 / 0.000         0.083 / 2.218         0.083 / 2.218       ms
[14510.316s][info][gc,stats    ]    Subphase: Concurrent Weak Roots OopStorageSet           0.000 / 0.000         0.000 / 0.000         1.501 / 13.633        1.501 / 13.633      ms
[14510.316s][info][gc,stats    ]    Subphase: Pause Mark Try Complete                       0.000 / 0.000         0.000 / 0.000         0.001 / 0.031         0.001 / 0.031       ms
[14510.316s][info][gc,stats    ]      System: Java Threads                                      0 / 0                 0 / 0              1929 / 4684           1929 / 4684        threads
[14510.316s][info][gc,stats    ] =========================================================================================================================================================
[14520.315s][info][gc,stats    ] === Garbage Collection Statistics =======================================================================================================================
[14520.316s][info][gc,stats    ]                                                              Last 10s              Last 10m              Last 10h                Total
[14520.316s][info][gc,stats    ]                                                              Avg / Max             Avg / Max             Avg / Max             Avg / Max
[14520.316s][info][gc,stats    ]   Collector: Garbage Collection Cycle                      0.000 / 0.000         0.000 / 0.000       665.978 / 19032.234   665.978 / 19032.234   ms
[14520.316s][info][gc,stats    ]  Contention: Mark Segment Reset Contention                     0 / 0                 0 / 0                 2 / 104               2 / 104         ops/s
[14520.316s][info][gc,stats    ]  Contention: Mark SeqNum Reset Contention                      0 / 0                 0 / 0                 0 / 7                 0 / 7           ops/s
[14520.316s][info][gc,stats    ]    Critical: Allocation Stall                                  0 / 0                 0 / 0                 0 / 827               0 / 827         ops/s
[14520.316s][info][gc,stats    ]    Critical: Allocation Stall                              0.000 / 0.000         0.000 / 0.000       146.230 / 487.490     146.230 / 487.490     ms
[14520.316s][info][gc,stats    ]    Critical: GC Locker Stall                                   0 / 0                 0 / 0                 0 / 2                 0 / 2           ops/s
[14520.316s][info][gc,stats    ]    Critical: GC Locker Stall                               0.000 / 0.000         0.000 / 0.000         0.167 / 4.787         0.167 / 4.787       ms
[14520.316s][info][gc,stats    ]    Critical: Relocation Stall                                  0 / 0                 0 / 0                 0 / 103               0 / 103         ops/s
[14520.316s][info][gc,stats    ]    Critical: Relocation Stall                              0.000 / 0.000         0.000 / 0.000        14.882 / 62.172       14.882 / 62.172      ms
[14520.316s][info][gc,stats    ]      Memory: Allocation Rate                                   0 / 0                 0 / 0               480 / 2790            480 / 2790        MB/s
[14520.316s][info][gc,stats    ]      Memory: Out Of Memory                                     0 / 0                 0 / 0                 0 / 0                 0 / 0           ops/s
[14520.316s][info][gc,stats    ]      Memory: Page Cache Flush                                  0 / 0                 0 / 0                 0 / 258               0 / 258         MB/s
[14520.316s][info][gc,stats    ]      Memory: Page Cache Hit L1                                 0 / 0                 0 / 0               234 / 1336            234 / 1336        ops/s
[14520.316s][info][gc,stats    ]      Memory: Page Cache Hit L2                                 0 / 0                 0 / 0                 0 / 0                 0 / 0           ops/s
[14520.316s][info][gc,stats    ]      Memory: Page Cache Hit L3                                 0 / 0                 0 / 0                 0 / 1028              0 / 1028        ops/s
[14520.316s][info][gc,stats    ]      Memory: Page Cache Miss                                   0 / 0                 0 / 0                 0 / 12                0 / 12          ops/s
[14520.316s][info][gc,stats    ]      Memory: Uncommit                                          0 / 0                 0 / 0                 0 / 0                 0 / 0           MB/s
[14520.316s][info][gc,stats    ]      Memory: Undo Object Allocation Failed                     0 / 0                 0 / 0                 0 / 5                 0 / 5           ops/s
[14520.316s][info][gc,stats    ]      Memory: Undo Object Allocation Succeeded                  0 / 0                 0 / 0                16 / 6595             16 / 6595        ops/s
[14520.316s][info][gc,stats    ]      Memory: Undo Page Allocation                              0 / 0                 0 / 0                 0 / 676               0 / 676         ops/s
[14520.316s][info][gc,stats    ]       Phase: Concurrent Mark                               0.000 / 0.000         0.000 / 0.000       571.218 / 3424.228    571.218 / 3424.228    ms
[14520.316s][info][gc,stats    ]       Phase: Concurrent Mark Continue                      0.000 / 0.000         0.000 / 0.000         0.000 / 0.000         0.000 / 0.000       ms
[14520.316s][info][gc,stats    ]       Phase: Concurrent Mark Free                          0.000 / 0.000         0.000 / 0.000         1.118 / 305.339       1.118 / 305.339     ms
[14520.316s][info][gc,stats    ]       Phase: Concurrent Process Non-Strong References      0.000 / 0.000         0.000 / 0.000        69.335 / 18388.762    69.335 / 18388.762   ms
[14520.316s][info][gc,stats    ]       Phase: Concurrent Relocate                           0.000 / 0.000         0.000 / 0.000        11.475 / 64.108       11.475 / 64.108      ms
[14520.316s][info][gc,stats    ]       Phase: Concurrent Reset Relocation Set               0.000 / 0.000         0.000 / 0.000         0.212 / 0.968         0.212 / 0.968       ms
[14520.316s][info][gc,stats    ]       Phase: Concurrent Select Relocation Set              0.000 / 0.000         0.000 / 0.000         6.722 / 623.697       6.722 / 623.697     ms
[14520.316s][info][gc,stats    ]       Phase: Pause Mark End                                0.000 / 0.000         0.000 / 0.000         0.094 / 0.434         0.094 / 0.434       ms
[14520.316s][info][gc,stats    ]       Phase: Pause Mark Start                              0.000 / 0.000         0.000 / 0.000         0.023 / 0.223         0.023 / 0.223       ms
[14520.316s][info][gc,stats    ]       Phase: Pause Relocate Start                          0.000 / 0.000         0.000 / 0.000         0.045 / 0.309         0.045 / 0.309       ms
[14520.316s][info][gc,stats    ]    Subphase: Concurrent Classes Purge                      0.000 / 0.000         0.000 / 0.000         0.518 / 3.157         0.518 / 3.157       ms
[14520.316s][info][gc,stats    ]    Subphase: Concurrent Classes Unlink                     0.000 / 0.000         0.000 / 0.000        64.039 / 18382.834    64.039 / 18382.834   ms
[14520.316s][info][gc,stats    ]    Subphase: Concurrent Mark                               0.000 / 0.000         0.000 / 0.000       450.151 / 3398.532    450.151 / 3398.532    ms
[14520.316s][info][gc,stats    ]    Subphase: Concurrent Mark Try Flush                     0.000 / 0.000         0.000 / 0.000         1.565 / 934.939       1.565 / 934.939     ms
[14520.316s][info][gc,stats    ]    Subphase: Concurrent Mark Try Terminate                 0.000 / 0.000         0.000 / 0.000         1.072 / 934.940       1.072 / 934.940     ms
[14520.316s][info][gc,stats    ]    Subphase: Concurrent References Enqueue                 0.000 / 0.000         0.000 / 0.000         0.009 / 0.091         0.009 / 0.091       ms
[14520.316s][info][gc,stats    ]    Subphase: Concurrent References Process                 0.000 / 0.000         0.000 / 0.000         0.881 / 3.992         0.881 / 3.992       ms
[14520.316s][info][gc,stats    ]    Subphase: Concurrent Roots ClassLoaderDataGraph         0.000 / 0.000         0.000 / 0.000         0.833 / 3.889         0.833 / 3.889       ms
[14520.316s][info][gc,stats    ]    Subphase: Concurrent Roots CodeCache                    0.000 / 0.000         0.000 / 0.000         0.000 / 0.000         0.000 / 0.000       ms
[14520.316s][info][gc,stats    ]    Subphase: Concurrent Roots JavaThreads                  0.000 / 0.000         0.000 / 0.000         4.665 / 969.487       4.665 / 969.487     ms
[14520.316s][info][gc,stats    ]    Subphase: Concurrent Roots OopStorageSet                0.000 / 0.000         0.000 / 0.000         0.083 / 2.218         0.083 / 2.218       ms
[14520.316s][info][gc,stats    ]    Subphase: Concurrent Weak Roots OopStorageSet           0.000 / 0.000         0.000 / 0.000         1.501 / 13.633        1.501 / 13.633      ms
[14520.316s][info][gc,stats    ]    Subphase: Pause Mark Try Complete                       0.000 / 0.000         0.000 / 0.000         0.001 / 0.031         0.001 / 0.031       ms
[14520.316s][info][gc,stats    ]      System: Java Threads                                      0 / 0                 0 / 0              1929 / 4684           1929 / 4684        threads
[14520.316s][info][gc,stats    ] =========================================================================================================================================================
[14530.315s][info][gc,stats    ] === Garbage Collection Statistics =======================================================================================================================
[14530.315s][info][gc,stats    ]                                                              Last 10s              Last 10m              Last 10h                Total
[14530.315s][info][gc,stats    ]                                                              Avg / Max             Avg / Max             Avg / Max             Avg / Max
[14530.316s][info][gc,stats    ]   Collector: Garbage Collection Cycle                      0.000 / 0.000         0.000 / 0.000       665.978 / 19032.234   665.978 / 19032.234   ms
[14530.316s][info][gc,stats    ]  Contention: Mark Segment Reset Contention                     0 / 0                 0 / 0                 2 / 104               2 / 104         ops/s
[14530.316s][info][gc,stats    ]  Contention: Mark SeqNum Reset Contention                      0 / 0                 0 / 0                 0 / 7                 0 / 7           ops/s
[14530.316s][info][gc,stats    ]    Critical: Allocation Stall                                  0 / 0                 0 / 0                 0 / 827               0 / 827         ops/s
[14530.316s][info][gc,stats    ]    Critical: Allocation Stall                              0.000 / 0.000         0.000 / 0.000       146.230 / 487.490     146.230 / 487.490     ms
[14530.316s][info][gc,stats    ]    Critical: GC Locker Stall                                   0 / 0                 0 / 0                 0 / 2                 0 / 2           ops/s
[14530.316s][info][gc,stats    ]    Critical: GC Locker Stall                               0.000 / 0.000         0.000 / 0.000         0.167 / 4.787         0.167 / 4.787       ms
[14530.316s][info][gc,stats    ]    Critical: Relocation Stall                                  0 / 0                 0 / 0                 0 / 103               0 / 103         ops/s
[14530.316s][info][gc,stats    ]    Critical: Relocation Stall                              0.000 / 0.000         0.000 / 0.000        14.882 / 62.172       14.882 / 62.172      ms
[14530.316s][info][gc,stats    ]      Memory: Allocation Rate                                   0 / 0                 0 / 0               480 / 2790            480 / 2790        MB/s
[14530.316s][info][gc,stats    ]      Memory: Out Of Memory                                     0 / 0                 0 / 0                 0 / 0                 0 / 0           ops/s
[14530.316s][info][gc,stats    ]      Memory: Page Cache Flush                                  0 / 0                 0 / 0                 0 / 258               0 / 258         MB/s
[14530.316s][info][gc,stats    ]      Memory: Page Cache Hit L1                                 0 / 0                 0 / 0               233 / 1336            233 / 1336        ops/s
[14530.316s][info][gc,stats    ]      Memory: Page Cache Hit L2                                 0 / 0                 0 / 0                 0 / 0                 0 / 0           ops/s
[14530.316s][info][gc,stats    ]      Memory: Page Cache Hit L3                                 0 / 0                 0 / 0                 0 / 1028              0 / 1028        ops/s
[14530.316s][info][gc,stats    ]      Memory: Page Cache Miss                                   0 / 0                 0 / 0                 0 / 12                0 / 12          ops/s
[14530.316s][info][gc,stats    ]      Memory: Uncommit                                          0 / 0                 0 / 0                 0 / 0                 0 / 0           MB/s
[14530.316s][info][gc,stats    ]      Memory: Undo Object Allocation Failed                     0 / 0                 0 / 0                 0 / 5                 0 / 5           ops/s
[14530.316s][info][gc,stats    ]      Memory: Undo Object Allocation Succeeded                  0 / 0                 0 / 0                16 / 6595             16 / 6595        ops/s
[14530.316s][info][gc,stats    ]      Memory: Undo Page Allocation                              0 / 0                 0 / 0                 0 / 676               0 / 676         ops/s
[14530.316s][info][gc,stats    ]       Phase: Concurrent Mark                               0.000 / 0.000         0.000 / 0.000       571.218 / 3424.228    571.218 / 3424.228    ms
[14530.316s][info][gc,stats    ]       Phase: Concurrent Mark Continue                      0.000 / 0.000         0.000 / 0.000         0.000 / 0.000         0.000 / 0.000       ms
[14530.316s][info][gc,stats    ]       Phase: Concurrent Mark Free                          0.000 / 0.000         0.000 / 0.000         1.118 / 305.339       1.118 / 305.339     ms
[14530.316s][info][gc,stats    ]       Phase: Concurrent Process Non-Strong References      0.000 / 0.000         0.000 / 0.000        69.335 / 18388.762    69.335 / 18388.762   ms
[14530.316s][info][gc,stats    ]       Phase: Concurrent Relocate                           0.000 / 0.000         0.000 / 0.000        11.475 / 64.108       11.475 / 64.108      ms
[14530.316s][info][gc,stats    ]       Phase: Concurrent Reset Relocation Set               0.000 / 0.000         0.000 / 0.000         0.212 / 0.968         0.212 / 0.968       ms
[14530.316s][info][gc,stats    ]       Phase: Concurrent Select Relocation Set              0.000 / 0.000         0.000 / 0.000         6.722 / 623.697       6.722 / 623.697     ms
[14530.316s][info][gc,stats    ]       Phase: Pause Mark End                                0.000 / 0.000         0.000 / 0.000         0.094 / 0.434         0.094 / 0.434       ms
[14530.316s][info][gc,stats    ]       Phase: Pause Mark Start                              0.000 / 0.000         0.000 / 0.000         0.023 / 0.223         0.023 / 0.223       ms
[14530.316s][info][gc,stats    ]       Phase: Pause Relocate Start                          0.000 / 0.000         0.000 / 0.000         0.045 / 0.309         0.045 / 0.309       ms
[14530.316s][info][gc,stats    ]    Subphase: Concurrent Classes Purge                      0.000 / 0.000         0.000 / 0.000         0.518 / 3.157         0.518 / 3.157       ms
[14530.316s][info][gc,stats    ]    Subphase: Concurrent Classes Unlink                     0.000 / 0.000         0.000 / 0.000        64.039 / 18382.834    64.039 / 18382.834   ms
[14530.316s][info][gc,stats    ]    Subphase: Concurrent Mark                               0.000 / 0.000         0.000 / 0.000       450.151 / 3398.532    450.151 / 3398.532    ms
[14530.316s][info][gc,stats    ]    Subphase: Concurrent Mark Try Flush                     0.000 / 0.000         0.000 / 0.000         1.565 / 934.939       1.565 / 934.939     ms
[14530.316s][info][gc,stats    ]    Subphase: Concurrent Mark Try Terminate                 0.000 / 0.000         0.000 / 0.000         1.072 / 934.940       1.072 / 934.940     ms
[14530.316s][info][gc,stats    ]    Subphase: Concurrent References Enqueue                 0.000 / 0.000         0.000 / 0.000         0.009 / 0.091         0.009 / 0.091       ms
[14530.316s][info][gc,stats    ]    Subphase: Concurrent References Process                 0.000 / 0.000         0.000 / 0.000         0.881 / 3.992         0.881 / 3.992       ms
[14530.316s][info][gc,stats    ]    Subphase: Concurrent Roots ClassLoaderDataGraph         0.000 / 0.000         0.000 / 0.000         0.833 / 3.889         0.833 / 3.889       ms
[14530.316s][info][gc,stats    ]    Subphase: Concurrent Roots CodeCache                    0.000 / 0.000         0.000 / 0.000         0.000 / 0.000         0.000 / 0.000       ms
[14530.316s][info][gc,stats    ]    Subphase: Concurrent Roots JavaThreads                  0.000 / 0.000         0.000 / 0.000         4.665 / 969.487       4.665 / 969.487     ms
[14530.316s][info][gc,stats    ]    Subphase: Concurrent Roots OopStorageSet                0.000 / 0.000         0.000 / 0.000         0.083 / 2.218         0.083 / 2.218       ms
[14530.316s][info][gc,stats    ]    Subphase: Concurrent Weak Roots OopStorageSet           0.000 / 0.000         0.000 / 0.000         1.501 / 13.633        1.501 / 13.633      ms
[14530.316s][info][gc,stats    ]    Subphase: Pause Mark Try Complete                       0.000 / 0.000         0.000 / 0.000         0.001 / 0.031         0.001 / 0.031       ms
[14530.316s][info][gc,stats    ]      System: Java Threads                                      0 / 0                 0 / 0              1929 / 4684           1929 / 4684        threads
[14530.316s][info][gc,stats    ] =========================================================================================================================================================
[14540.315s][info][gc,stats    ] === Garbage Collection Statistics =======================================================================================================================
[14540.315s][info][gc,stats    ]                                                              Last 10s              Last 10m              Last 10h                Total
[14540.315s][info][gc,stats    ]                                                              Avg / Max             Avg / Max             Avg / Max             Avg / Max
[14540.315s][info][gc,stats    ]   Collector: Garbage Collection Cycle                      0.000 / 0.000         0.000 / 0.000       665.978 / 19032.234   665.978 / 19032.234   ms
[14540.315s][info][gc,stats    ]  Contention: Mark Segment Reset Contention                     0 / 0                 0 / 0                 2 / 104               2 / 104         ops/s
[14540.315s][info][gc,stats    ]  Contention: Mark SeqNum Reset Contention                      0 / 0                 0 / 0                 0 / 7                 0 / 7           ops/s
[14540.315s][info][gc,stats    ]    Critical: Allocation Stall                                  0 / 0                 0 / 0                 0 / 827               0 / 827         ops/s
[14540.315s][info][gc,stats    ]    Critical: Allocation Stall                              0.000 / 0.000         0.000 / 0.000       146.230 / 487.490     146.230 / 487.490     ms
[14540.315s][info][gc,stats    ]    Critical: GC Locker Stall                                   0 / 0                 0 / 0                 0 / 2                 0 / 2           ops/s
[14540.315s][info][gc,stats    ]    Critical: GC Locker Stall                               0.000 / 0.000         0.000 / 0.000         0.167 / 4.787         0.167 / 4.787       ms
[14540.315s][info][gc,stats    ]    Critical: Relocation Stall                                  0 / 0                 0 / 0                 0 / 103               0 / 103         ops/s
[14540.315s][info][gc,stats    ]    Critical: Relocation Stall                              0.000 / 0.000         0.000 / 0.000        14.882 / 62.172       14.882 / 62.172      ms
[14540.315s][info][gc,stats    ]      Memory: Allocation Rate                                   0 / 0                 0 / 0               479 / 2790            479 / 2790        MB/s
[14540.315s][info][gc,stats    ]      Memory: Out Of Memory                                     0 / 0                 0 / 0                 0 / 0                 0 / 0           ops/s
[14540.315s][info][gc,stats    ]      Memory: Page Cache Flush                                  0 / 0                 0 / 0                 0 / 258               0 / 258         MB/s
[14540.315s][info][gc,stats    ]      Memory: Page Cache Hit L1                                 0 / 0                 0 / 0               233 / 1336            233 / 1336        ops/s
[14540.315s][info][gc,stats    ]      Memory: Page Cache Hit L2                                 0 / 0                 0 / 0                 0 / 0                 0 / 0           ops/s
[14540.315s][info][gc,stats    ]      Memory: Page Cache Hit L3                                 0 / 0                 0 / 0                 0 / 1028              0 / 1028        ops/s
[14540.315s][info][gc,stats    ]      Memory: Page Cache Miss                                   0 / 0                 0 / 0                 0 / 12                0 / 12          ops/s
[14540.315s][info][gc,stats    ]      Memory: Uncommit                                          0 / 0                 0 / 0                 0 / 0                 0 / 0           MB/s
[14540.315s][info][gc,stats    ]      Memory: Undo Object Allocation Failed                     0 / 0                 0 / 0                 0 / 5                 0 / 5           ops/s
[14540.315s][info][gc,stats    ]      Memory: Undo Object Allocation Succeeded                  0 / 0                 0 / 0                16 / 6595             16 / 6595        ops/s
[14540.315s][info][gc,stats    ]      Memory: Undo Page Allocation                              0 / 0                 0 / 0                 0 / 676               0 / 676         ops/s
[14540.315s][info][gc,stats    ]       Phase: Concurrent Mark                               0.000 / 0.000         0.000 / 0.000       571.218 / 3424.228    571.218 / 3424.228    ms
[14540.315s][info][gc,stats    ]       Phase: Concurrent Mark Continue                      0.000 / 0.000         0.000 / 0.000         0.000 / 0.000         0.000 / 0.000       ms
[14540.315s][info][gc,stats    ]       Phase: Concurrent Mark Free                          0.000 / 0.000         0.000 / 0.000         1.118 / 305.339       1.118 / 305.339     ms
[14540.315s][info][gc,stats    ]       Phase: Concurrent Process Non-Strong References      0.000 / 0.000         0.000 / 0.000        69.335 / 18388.762    69.335 / 18388.762   ms
[14540.316s][info][gc,stats    ]       Phase: Concurrent Relocate                           0.000 / 0.000         0.000 / 0.000        11.475 / 64.108       11.475 / 64.108      ms
[14540.316s][info][gc,stats    ]       Phase: Concurrent Reset Relocation Set               0.000 / 0.000         0.000 / 0.000         0.212 / 0.968         0.212 / 0.968       ms
[14540.316s][info][gc,stats    ]       Phase: Concurrent Select Relocation Set              0.000 / 0.000         0.000 / 0.000         6.722 / 623.697       6.722 / 623.697     ms
[14540.316s][info][gc,stats    ]       Phase: Pause Mark End                                0.000 / 0.000         0.000 / 0.000         0.094 / 0.434         0.094 / 0.434       ms
[14540.316s][info][gc,stats    ]       Phase: Pause Mark Start                              0.000 / 0.000         0.000 / 0.000         0.023 / 0.223         0.023 / 0.223       ms
[14540.316s][info][gc,stats    ]       Phase: Pause Relocate Start                          0.000 / 0.000         0.000 / 0.000         0.045 / 0.309         0.045 / 0.309       ms
[14540.316s][info][gc,stats    ]    Subphase: Concurrent Classes Purge                      0.000 / 0.000         0.000 / 0.000         0.518 / 3.157         0.518 / 3.157       ms
[14540.316s][info][gc,stats    ]    Subphase: Concurrent Classes Unlink                     0.000 / 0.000         0.000 / 0.000        64.039 / 18382.834    64.039 / 18382.834   ms
[14540.316s][info][gc,stats    ]    Subphase: Concurrent Mark                               0.000 / 0.000         0.000 / 0.000       450.151 / 3398.532    450.151 / 3398.532    ms
[14540.316s][info][gc,stats    ]    Subphase: Concurrent Mark Try Flush                     0.000 / 0.000         0.000 / 0.000         1.565 / 934.939       1.565 / 934.939     ms
[14540.316s][info][gc,stats    ]    Subphase: Concurrent Mark Try Terminate                 0.000 / 0.000         0.000 / 0.000         1.072 / 934.940       1.072 / 934.940     ms
[14540.316s][info][gc,stats    ]    Subphase: Concurrent References Enqueue                 0.000 / 0.000         0.000 / 0.000         0.009 / 0.091         0.009 / 0.091       ms
[14540.316s][info][gc,stats    ]    Subphase: Concurrent References Process                 0.000 / 0.000         0.000 / 0.000         0.881 / 3.992         0.881 / 3.992       ms
[14540.316s][info][gc,stats    ]    Subphase: Concurrent Roots ClassLoaderDataGraph         0.000 / 0.000         0.000 / 0.000         0.833 / 3.889         0.833 / 3.889       ms
[14540.316s][info][gc,stats    ]    Subphase: Concurrent Roots CodeCache                    0.000 / 0.000         0.000 / 0.000         0.000 / 0.000         0.000 / 0.000       ms
[14540.316s][info][gc,stats    ]    Subphase: Concurrent Roots JavaThreads                  0.000 / 0.000         0.000 / 0.000         4.665 / 969.487       4.665 / 969.487     ms
[14540.316s][info][gc,stats    ]    Subphase: Concurrent Roots OopStorageSet                0.000 / 0.000         0.000 / 0.000         0.083 / 2.218         0.083 / 2.218       ms
[14540.316s][info][gc,stats    ]    Subphase: Concurrent Weak Roots OopStorageSet           0.000 / 0.000         0.000 / 0.000         1.501 / 13.633        1.501 / 13.633      ms
[14540.316s][info][gc,stats    ]    Subphase: Pause Mark Try Complete                       0.000 / 0.000         0.000 / 0.000         0.001 / 0.031         0.001 / 0.031       ms
[14540.316s][info][gc,stats    ]      System: Java Threads                                      0 / 0                 0 / 0              1929 / 4684           1929 / 4684        threads
[14540.316s][info][gc,stats    ] =========================================================================================================================================================
[14550.316s][info][gc,stats    ] === Garbage Collection Statistics =======================================================================================================================
[14550.316s][info][gc,stats    ]                                                              Last 10s              Last 10m              Last 10h                Total
[14550.316s][info][gc,stats    ]                                                              Avg / Max             Avg / Max             Avg / Max             Avg / Max
[14550.316s][info][gc,stats    ]   Collector: Garbage Collection Cycle                      0.000 / 0.000         0.000 / 0.000       665.978 / 19032.234   665.978 / 19032.234   ms
[14550.316s][info][gc,stats    ]  Contention: Mark Segment Reset Contention                     0 / 0                 0 / 0                 2 / 104               2 / 104         ops/s
[14550.316s][info][gc,stats    ]  Contention: Mark SeqNum Reset Contention                      0 / 0                 0 / 0                 0 / 7                 0 / 7           ops/s
[14550.316s][info][gc,stats    ]    Critical: Allocation Stall                                  0 / 0                 0 / 0                 0 / 827               0 / 827         ops/s
[14550.316s][info][gc,stats    ]    Critical: Allocation Stall                              0.000 / 0.000         0.000 / 0.000       146.230 / 487.490     146.230 / 487.490     ms
[14550.316s][info][gc,stats    ]    Critical: GC Locker Stall                                   0 / 0                 0 / 0                 0 / 2                 0 / 2           ops/s
[14550.316s][info][gc,stats    ]    Critical: GC Locker Stall                               0.000 / 0.000         0.000 / 0.000         0.167 / 4.787         0.167 / 4.787       ms
[14550.316s][info][gc,stats    ]    Critical: Relocation Stall                                  0 / 0                 0 / 0                 0 / 103               0 / 103         ops/s
[14550.316s][info][gc,stats    ]    Critical: Relocation Stall                              0.000 / 0.000         0.000 / 0.000        14.882 / 62.172       14.882 / 62.172      ms
[14550.316s][info][gc,stats    ]      Memory: Allocation Rate                                   0 / 0                 0 / 0               479 / 2790            479 / 2790        MB/s
[14550.316s][info][gc,stats    ]      Memory: Out Of Memory                                     0 / 0                 0 / 0                 0 / 0                 0 / 0           ops/s
[14550.316s][info][gc,stats    ]      Memory: Page Cache Flush                                  0 / 0                 0 / 0                 0 / 258               0 / 258         MB/s
[14550.316s][info][gc,stats    ]      Memory: Page Cache Hit L1                                 0 / 0                 0 / 0               233 / 1336            233 / 1336        ops/s
[14550.316s][info][gc,stats    ]      Memory: Page Cache Hit L2                                 0 / 0                 0 / 0                 0 / 0                 0 / 0           ops/s
[14550.316s][info][gc,stats    ]      Memory: Page Cache Hit L3                                 0 / 0                 0 / 0                 0 / 1028              0 / 1028        ops/s
[14550.316s][info][gc,stats    ]      Memory: Page Cache Miss                                   0 / 0                 0 / 0                 0 / 12                0 / 12          ops/s
[14550.316s][info][gc,stats    ]      Memory: Uncommit                                          0 / 0                 0 / 0                 0 / 0                 0 / 0           MB/s
[14550.316s][info][gc,stats    ]      Memory: Undo Object Allocation Failed                     0 / 0                 0 / 0                 0 / 5                 0 / 5           ops/s
[14550.316s][info][gc,stats    ]      Memory: Undo Object Allocation Succeeded                  0 / 0                 0 / 0                16 / 6595             16 / 6595        ops/s
[14550.316s][info][gc,stats    ]      Memory: Undo Page Allocation                              0 / 0                 0 / 0                 0 / 676               0 / 676         ops/s
[14550.316s][info][gc,stats    ]       Phase: Concurrent Mark                               0.000 / 0.000         0.000 / 0.000       571.218 / 3424.228    571.218 / 3424.228    ms
[14550.316s][info][gc,stats    ]       Phase: Concurrent Mark Continue                      0.000 / 0.000         0.000 / 0.000         0.000 / 0.000         0.000 / 0.000       ms
[14550.316s][info][gc,stats    ]       Phase: Concurrent Mark Free                          0.000 / 0.000         0.000 / 0.000         1.118 / 305.339       1.118 / 305.339     ms
[14550.316s][info][gc,stats    ]       Phase: Concurrent Process Non-Strong References      0.000 / 0.000         0.000 / 0.000        69.335 / 18388.762    69.335 / 18388.762   ms
[14550.316s][info][gc,stats    ]       Phase: Concurrent Relocate                           0.000 / 0.000         0.000 / 0.000        11.475 / 64.108       11.475 / 64.108      ms
[14550.316s][info][gc,stats    ]       Phase: Concurrent Reset Relocation Set               0.000 / 0.000         0.000 / 0.000         0.212 / 0.968         0.212 / 0.968       ms
[14550.316s][info][gc,stats    ]       Phase: Concurrent Select Relocation Set              0.000 / 0.000         0.000 / 0.000         6.722 / 623.697       6.722 / 623.697     ms
[14550.316s][info][gc,stats    ]       Phase: Pause Mark End                                0.000 / 0.000         0.000 / 0.000         0.094 / 0.434         0.094 / 0.434       ms
[14550.316s][info][gc,stats    ]       Phase: Pause Mark Start                              0.000 / 0.000         0.000 / 0.000         0.023 / 0.223         0.023 / 0.223       ms
[14550.316s][info][gc,stats    ]       Phase: Pause Relocate Start                          0.000 / 0.000         0.000 / 0.000         0.045 / 0.309         0.045 / 0.309       ms
[14550.316s][info][gc,stats    ]    Subphase: Concurrent Classes Purge                      0.000 / 0.000         0.000 / 0.000         0.518 / 3.157         0.518 / 3.157       ms
[14550.316s][info][gc,stats    ]    Subphase: Concurrent Classes Unlink                     0.000 / 0.000         0.000 / 0.000        64.039 / 18382.834    64.039 / 18382.834   ms
[14550.316s][info][gc,stats    ]    Subphase: Concurrent Mark                               0.000 / 0.000         0.000 / 0.000       450.151 / 3398.532    450.151 / 3398.532    ms
[14550.316s][info][gc,stats    ]    Subphase: Concurrent Mark Try Flush                     0.000 / 0.000         0.000 / 0.000         1.565 / 934.939       1.565 / 934.939     ms
[14550.316s][info][gc,stats    ]    Subphase: Concurrent Mark Try Terminate                 0.000 / 0.000         0.000 / 0.000         1.072 / 934.940       1.072 / 934.940     ms
[14550.316s][info][gc,stats    ]    Subphase: Concurrent References Enqueue                 0.000 / 0.000         0.000 / 0.000         0.009 / 0.091         0.009 / 0.091       ms
[14550.316s][info][gc,stats    ]    Subphase: Concurrent References Process                 0.000 / 0.000         0.000 / 0.000         0.881 / 3.992         0.881 / 3.992       ms
[14550.316s][info][gc,stats    ]    Subphase: Concurrent Roots ClassLoaderDataGraph         0.000 / 0.000         0.000 / 0.000         0.833 / 3.889         0.833 / 3.889       ms
[14550.317s][info][gc,stats    ]    Subphase: Concurrent Roots CodeCache                    0.000 / 0.000         0.000 / 0.000         0.000 / 0.000         0.000 / 0.000       ms
[14550.317s][info][gc,stats    ]    Subphase: Concurrent Roots JavaThreads                  0.000 / 0.000         0.000 / 0.000         4.665 / 969.487       4.665 / 969.487     ms
[14550.317s][info][gc,stats    ]    Subphase: Concurrent Roots OopStorageSet                0.000 / 0.000         0.000 / 0.000         0.083 / 2.218         0.083 / 2.218       ms
[14550.317s][info][gc,stats    ]    Subphase: Concurrent Weak Roots OopStorageSet           0.000 / 0.000         0.000 / 0.000         1.501 / 13.633        1.501 / 13.633      ms
[14550.317s][info][gc,stats    ]    Subphase: Pause Mark Try Complete                       0.000 / 0.000         0.000 / 0.000         0.001 / 0.031         0.001 / 0.031       ms
[14550.317s][info][gc,stats    ]      System: Java Threads                                      0 / 0                 0 / 0              1929 / 4684           1929 / 4684        threads
[14550.317s][info][gc,stats    ] =========================================================================================================================================================
[14560.316s][info][gc,stats    ] === Garbage Collection Statistics =======================================================================================================================
[14560.316s][info][gc,stats    ]                                                              Last 10s              Last 10m              Last 10h                Total
[14560.316s][info][gc,stats    ]                                                              Avg / Max             Avg / Max             Avg / Max             Avg / Max
[14560.316s][info][gc,stats    ]   Collector: Garbage Collection Cycle                      0.000 / 0.000         0.000 / 0.000       665.978 / 19032.234   665.978 / 19032.234   ms
[14560.316s][info][gc,stats    ]  Contention: Mark Segment Reset Contention                     0 / 0                 0 / 0                 2 / 104               2 / 104         ops/s
[14560.316s][info][gc,stats    ]  Contention: Mark SeqNum Reset Contention                      0 / 0                 0 / 0                 0 / 7                 0 / 7           ops/s
[14560.316s][info][gc,stats    ]    Critical: Allocation Stall                                  0 / 0                 0 / 0                 0 / 827               0 / 827         ops/s
[14560.316s][info][gc,stats    ]    Critical: Allocation Stall                              0.000 / 0.000         0.000 / 0.000       146.230 / 487.490     146.230 / 487.490     ms
[14560.316s][info][gc,stats    ]    Critical: GC Locker Stall                                   0 / 0                 0 / 0                 0 / 2                 0 / 2           ops/s
[14560.316s][info][gc,stats    ]    Critical: GC Locker Stall                               0.000 / 0.000         0.000 / 0.000         0.167 / 4.787         0.167 / 4.787       ms
[14560.316s][info][gc,stats    ]    Critical: Relocation Stall                                  0 / 0                 0 / 0                 0 / 103               0 / 103         ops/s
[14560.316s][info][gc,stats    ]    Critical: Relocation Stall                              0.000 / 0.000         0.000 / 0.000        14.882 / 62.172       14.882 / 62.172      ms
[14560.316s][info][gc,stats    ]      Memory: Allocation Rate                                   0 / 0                 0 / 0               479 / 2790            479 / 2790        MB/s
[14560.316s][info][gc,stats    ]      Memory: Out Of Memory                                     0 / 0                 0 / 0                 0 / 0                 0 / 0           ops/s
[14560.316s][info][gc,stats    ]      Memory: Page Cache Flush                                  0 / 0                 0 / 0                 0 / 258               0 / 258         MB/s
[14560.316s][info][gc,stats    ]      Memory: Page Cache Hit L1                                 0 / 0                 0 / 0               233 / 1336            233 / 1336        ops/s
[14560.316s][info][gc,stats    ]      Memory: Page Cache Hit L2                                 0 / 0                 0 / 0                 0 / 0                 0 / 0           ops/s
[14560.316s][info][gc,stats    ]      Memory: Page Cache Hit L3                                 0 / 0                 0 / 0                 0 / 1028              0 / 1028        ops/s
[14560.316s][info][gc,stats    ]      Memory: Page Cache Miss                                   0 / 0                 0 / 0                 0 / 12                0 / 12          ops/s
[14560.316s][info][gc,stats    ]      Memory: Uncommit                                          0 / 0                 0 / 0                 0 / 0                 0 / 0           MB/s
[14560.316s][info][gc,stats    ]      Memory: Undo Object Allocation Failed                     0 / 0                 0 / 0                 0 / 5                 0 / 5           ops/s
[14560.316s][info][gc,stats    ]      Memory: Undo Object Allocation Succeeded                  0 / 0                 0 / 0                16 / 6595             16 / 6595        ops/s
[14560.316s][info][gc,stats    ]      Memory: Undo Page Allocation                              0 / 0                 0 / 0                 0 / 676               0 / 676         ops/s
[14560.316s][info][gc,stats    ]       Phase: Concurrent Mark                               0.000 / 0.000         0.000 / 0.000       571.218 / 3424.228    571.218 / 3424.228    ms
[14560.316s][info][gc,stats    ]       Phase: Concurrent Mark Continue                      0.000 / 0.000         0.000 / 0.000         0.000 / 0.000         0.000 / 0.000       ms
[14560.316s][info][gc,stats    ]       Phase: Concurrent Mark Free                          0.000 / 0.000         0.000 / 0.000         1.118 / 305.339       1.118 / 305.339     ms
[14560.316s][info][gc,stats    ]       Phase: Concurrent Process Non-Strong References      0.000 / 0.000         0.000 / 0.000        69.335 / 18388.762    69.335 / 18388.762   ms
[14560.316s][info][gc,stats    ]       Phase: Concurrent Relocate                           0.000 / 0.000         0.000 / 0.000        11.475 / 64.108       11.475 / 64.108      ms
[14560.316s][info][gc,stats    ]       Phase: Concurrent Reset Relocation Set               0.000 / 0.000         0.000 / 0.000         0.212 / 0.968         0.212 / 0.968       ms
[14560.316s][info][gc,stats    ]       Phase: Concurrent Select Relocation Set              0.000 / 0.000         0.000 / 0.000         6.722 / 623.697       6.722 / 623.697     ms
[14560.316s][info][gc,stats    ]       Phase: Pause Mark End                                0.000 / 0.000         0.000 / 0.000         0.094 / 0.434         0.094 / 0.434       ms
[14560.316s][info][gc,stats    ]       Phase: Pause Mark Start                              0.000 / 0.000         0.000 / 0.000         0.023 / 0.223         0.023 / 0.223       ms
[14560.316s][info][gc,stats    ]       Phase: Pause Relocate Start                          0.000 / 0.000         0.000 / 0.000         0.045 / 0.309         0.045 / 0.309       ms
[14560.316s][info][gc,stats    ]    Subphase: Concurrent Classes Purge                      0.000 / 0.000         0.000 / 0.000         0.518 / 3.157         0.518 / 3.157       ms
[14560.316s][info][gc,stats    ]    Subphase: Concurrent Classes Unlink                     0.000 / 0.000         0.000 / 0.000        64.039 / 18382.834    64.039 / 18382.834   ms
[14560.316s][info][gc,stats    ]    Subphase: Concurrent Mark                               0.000 / 0.000         0.000 / 0.000       450.151 / 3398.532    450.151 / 3398.532    ms
[14560.316s][info][gc,stats    ]    Subphase: Concurrent Mark Try Flush                     0.000 / 0.000         0.000 / 0.000         1.565 / 934.939       1.565 / 934.939     ms
[14560.316s][info][gc,stats    ]    Subphase: Concurrent Mark Try Terminate                 0.000 / 0.000         0.000 / 0.000         1.072 / 934.940       1.072 / 934.940     ms
[14560.316s][info][gc,stats    ]    Subphase: Concurrent References Enqueue                 0.000 / 0.000         0.000 / 0.000         0.009 / 0.091         0.009 / 0.091       ms
[14560.316s][info][gc,stats    ]    Subphase: Concurrent References Process                 0.000 / 0.000         0.000 / 0.000         0.881 / 3.992         0.881 / 3.992       ms
[14560.316s][info][gc,stats    ]    Subphase: Concurrent Roots ClassLoaderDataGraph         0.000 / 0.000         0.000 / 0.000         0.833 / 3.889         0.833 / 3.889       ms
[14560.316s][info][gc,stats    ]    Subphase: Concurrent Roots CodeCache                    0.000 / 0.000         0.000 / 0.000         0.000 / 0.000         0.000 / 0.000       ms
[14560.316s][info][gc,stats    ]    Subphase: Concurrent Roots JavaThreads                  0.000 / 0.000         0.000 / 0.000         4.665 / 969.487       4.665 / 969.487     ms
[14560.316s][info][gc,stats    ]    Subphase: Concurrent Roots OopStorageSet                0.000 / 0.000         0.000 / 0.000         0.083 / 2.218         0.083 / 2.218       ms
[14560.316s][info][gc,stats    ]    Subphase: Concurrent Weak Roots OopStorageSet           0.000 / 0.000         0.000 / 0.000         1.501 / 13.633        1.501 / 13.633      ms
[14560.316s][info][gc,stats    ]    Subphase: Pause Mark Try Complete                       0.000 / 0.000         0.000 / 0.000         0.001 / 0.031         0.001 / 0.031       ms
[14560.316s][info][gc,stats    ]      System: Java Threads                                      0 / 0                 0 / 0              1929 / 4684           1929 / 4684        threads
[14560.316s][info][gc,stats    ] =========================================================================================================================================================
[14570.316s][info][gc,stats    ] === Garbage Collection Statistics =======================================================================================================================
[14570.316s][info][gc,stats    ]                                                              Last 10s              Last 10m              Last 10h                Total
[14570.316s][info][gc,stats    ]                                                              Avg / Max             Avg / Max             Avg / Max             Avg / Max
[14570.316s][info][gc,stats    ]   Collector: Garbage Collection Cycle                      0.000 / 0.000         0.000 / 0.000       665.978 / 19032.234   665.978 / 19032.234   ms
[14570.316s][info][gc,stats    ]  Contention: Mark Segment Reset Contention                     0 / 0                 0 / 0                 2 / 104               2 / 104         ops/s
[14570.316s][info][gc,stats    ]  Contention: Mark SeqNum Reset Contention                      0 / 0                 0 / 0                 0 / 7                 0 / 7           ops/s
[14570.316s][info][gc,stats    ]    Critical: Allocation Stall                                  0 / 0                 0 / 0                 0 / 827               0 / 827         ops/s
[14570.316s][info][gc,stats    ]    Critical: Allocation Stall                              0.000 / 0.000         0.000 / 0.000       146.230 / 487.490     146.230 / 487.490     ms
[14570.316s][info][gc,stats    ]    Critical: GC Locker Stall                                   0 / 0                 0 / 0                 0 / 2                 0 / 2           ops/s
[14570.316s][info][gc,stats    ]    Critical: GC Locker Stall                               0.000 / 0.000         0.000 / 0.000         0.167 / 4.787         0.167 / 4.787       ms
[14570.316s][info][gc,stats    ]    Critical: Relocation Stall                                  0 / 0                 0 / 0                 0 / 103               0 / 103         ops/s
[14570.316s][info][gc,stats    ]    Critical: Relocation Stall                              0.000 / 0.000         0.000 / 0.000        14.882 / 62.172       14.882 / 62.172      ms
[14570.316s][info][gc,stats    ]      Memory: Allocation Rate                                   0 / 0                 0 / 0               478 / 2790            478 / 2790        MB/s
[14570.316s][info][gc,stats    ]      Memory: Out Of Memory                                     0 / 0                 0 / 0                 0 / 0                 0 / 0           ops/s
[14570.316s][info][gc,stats    ]      Memory: Page Cache Flush                                  0 / 0                 0 / 0                 0 / 258               0 / 258         MB/s
[14570.316s][info][gc,stats    ]      Memory: Page Cache Hit L1                                 0 / 0                 0 / 0               233 / 1336            233 / 1336        ops/s
[14570.316s][info][gc,stats    ]      Memory: Page Cache Hit L2                                 0 / 0                 0 / 0                 0 / 0                 0 / 0           ops/s
[14570.316s][info][gc,stats    ]      Memory: Page Cache Hit L3                                 0 / 0                 0 / 0                 0 / 1028              0 / 1028        ops/s
[14570.316s][info][gc,stats    ]      Memory: Page Cache Miss                                   0 / 0                 0 / 0                 0 / 12                0 / 12          ops/s
[14570.316s][info][gc,stats    ]      Memory: Uncommit                                          0 / 0                 0 / 0                 0 / 0                 0 / 0           MB/s
[14570.316s][info][gc,stats    ]      Memory: Undo Object Allocation Failed                     0 / 0                 0 / 0                 0 / 5                 0 / 5           ops/s
[14570.316s][info][gc,stats    ]      Memory: Undo Object Allocation Succeeded                  0 / 0                 0 / 0                16 / 6595             16 / 6595        ops/s
[14570.316s][info][gc,stats    ]      Memory: Undo Page Allocation                              0 / 0                 0 / 0                 0 / 676               0 / 676         ops/s
[14570.316s][info][gc,stats    ]       Phase: Concurrent Mark                               0.000 / 0.000         0.000 / 0.000       571.218 / 3424.228    571.218 / 3424.228    ms
[14570.316s][info][gc,stats    ]       Phase: Concurrent Mark Continue                      0.000 / 0.000         0.000 / 0.000         0.000 / 0.000         0.000 / 0.000       ms
[14570.316s][info][gc,stats    ]       Phase: Concurrent Mark Free                          0.000 / 0.000         0.000 / 0.000         1.118 / 305.339       1.118 / 305.339     ms
[14570.316s][info][gc,stats    ]       Phase: Concurrent Process Non-Strong References      0.000 / 0.000         0.000 / 0.000        69.335 / 18388.762    69.335 / 18388.762   ms
[14570.316s][info][gc,stats    ]       Phase: Concurrent Relocate                           0.000 / 0.000         0.000 / 0.000        11.475 / 64.108       11.475 / 64.108      ms
[14570.316s][info][gc,stats    ]       Phase: Concurrent Reset Relocation Set               0.000 / 0.000         0.000 / 0.000         0.212 / 0.968         0.212 / 0.968       ms
[14570.316s][info][gc,stats    ]       Phase: Concurrent Select Relocation Set              0.000 / 0.000         0.000 / 0.000         6.722 / 623.697       6.722 / 623.697     ms
[14570.316s][info][gc,stats    ]       Phase: Pause Mark End                                0.000 / 0.000         0.000 / 0.000         0.094 / 0.434         0.094 / 0.434       ms
[14570.316s][info][gc,stats    ]       Phase: Pause Mark Start                              0.000 / 0.000         0.000 / 0.000         0.023 / 0.223         0.023 / 0.223       ms
[14570.316s][info][gc,stats    ]       Phase: Pause Relocate Start                          0.000 / 0.000         0.000 / 0.000         0.045 / 0.309         0.045 / 0.309       ms
[14570.316s][info][gc,stats    ]    Subphase: Concurrent Classes Purge                      0.000 / 0.000         0.000 / 0.000         0.518 / 3.157         0.518 / 3.157       ms
[14570.316s][info][gc,stats    ]    Subphase: Concurrent Classes Unlink                     0.000 / 0.000         0.000 / 0.000        64.039 / 18382.834    64.039 / 18382.834   ms
[14570.316s][info][gc,stats    ]    Subphase: Concurrent Mark                               0.000 / 0.000         0.000 / 0.000       450.151 / 3398.532    450.151 / 3398.532    ms
[14570.316s][info][gc,stats    ]    Subphase: Concurrent Mark Try Flush                     0.000 / 0.000         0.000 / 0.000         1.565 / 934.939       1.565 / 934.939     ms
[14570.316s][info][gc,stats    ]    Subphase: Concurrent Mark Try Terminate                 0.000 / 0.000         0.000 / 0.000         1.072 / 934.940       1.072 / 934.940     ms
[14570.316s][info][gc,stats    ]    Subphase: Concurrent References Enqueue                 0.000 / 0.000         0.000 / 0.000         0.009 / 0.091         0.009 / 0.091       ms
[14570.316s][info][gc,stats    ]    Subphase: Concurrent References Process                 0.000 / 0.000         0.000 / 0.000         0.881 / 3.992         0.881 / 3.992       ms
[14570.316s][info][gc,stats    ]    Subphase: Concurrent Roots ClassLoaderDataGraph         0.000 / 0.000         0.000 / 0.000         0.833 / 3.889         0.833 / 3.889       ms
[14570.316s][info][gc,stats    ]    Subphase: Concurrent Roots CodeCache                    0.000 / 0.000         0.000 / 0.000         0.000 / 0.000         0.000 / 0.000       ms
[14570.316s][info][gc,stats    ]    Subphase: Concurrent Roots JavaThreads                  0.000 / 0.000         0.000 / 0.000         4.665 / 969.487       4.665 / 969.487     ms
[14570.316s][info][gc,stats    ]    Subphase: Concurrent Roots OopStorageSet                0.000 / 0.000         0.000 / 0.000         0.083 / 2.218         0.083 / 2.218       ms
[14570.316s][info][gc,stats    ]    Subphase: Concurrent Weak Roots OopStorageSet           0.000 / 0.000         0.000 / 0.000         1.501 / 13.633        1.501 / 13.633      ms
[14570.316s][info][gc,stats    ]    Subphase: Pause Mark Try Complete                       0.000 / 0.000         0.000 / 0.000         0.001 / 0.031         0.001 / 0.031       ms
[14570.316s][info][gc,stats    ]      System: Java Threads                                      0 / 0                 0 / 0              1929 / 4684           1929 / 4684        threads
[14570.316s][info][gc,stats    ] =========================================================================================================================================================
[14580.315s][info][gc,stats    ] === Garbage Collection Statistics =======================================================================================================================
[14580.315s][info][gc,stats    ]                                                              Last 10s              Last 10m              Last 10h                Total
[14580.315s][info][gc,stats    ]                                                              Avg / Max             Avg / Max             Avg / Max             Avg / Max
[14580.315s][info][gc,stats    ]   Collector: Garbage Collection Cycle                      0.000 / 0.000         0.000 / 0.000       665.978 / 19032.234   665.978 / 19032.234   ms
[14580.315s][info][gc,stats    ]  Contention: Mark Segment Reset Contention                     0 / 0                 0 / 0                 2 / 104               2 / 104         ops/s
[14580.315s][info][gc,stats    ]  Contention: Mark SeqNum Reset Contention                      0 / 0                 0 / 0                 0 / 7                 0 / 7           ops/s
[14580.315s][info][gc,stats    ]    Critical: Allocation Stall                                  0 / 0                 0 / 0                 0 / 827               0 / 827         ops/s
[14580.315s][info][gc,stats    ]    Critical: Allocation Stall                              0.000 / 0.000         0.000 / 0.000       146.230 / 487.490     146.230 / 487.490     ms
[14580.315s][info][gc,stats    ]    Critical: GC Locker Stall                                   0 / 0                 0 / 0                 0 / 2                 0 / 2           ops/s
[14580.315s][info][gc,stats    ]    Critical: GC Locker Stall                               0.000 / 0.000         0.000 / 0.000         0.167 / 4.787         0.167 / 4.787       ms
[14580.315s][info][gc,stats    ]    Critical: Relocation Stall                                  0 / 0                 0 / 0                 0 / 103               0 / 103         ops/s
[14580.315s][info][gc,stats    ]    Critical: Relocation Stall                              0.000 / 0.000         0.000 / 0.000        14.882 / 62.172       14.882 / 62.172      ms
[14580.315s][info][gc,stats    ]      Memory: Allocation Rate                                   0 / 0                 0 / 0               478 / 2790            478 / 2790        MB/s
[14580.315s][info][gc,stats    ]      Memory: Out Of Memory                                     0 / 0                 0 / 0                 0 / 0                 0 / 0           ops/s
[14580.315s][info][gc,stats    ]      Memory: Page Cache Flush                                  0 / 0                 0 / 0                 0 / 258               0 / 258         MB/s
[14580.315s][info][gc,stats    ]      Memory: Page Cache Hit L1                                 0 / 0                 0 / 0               233 / 1336            233 / 1336        ops/s
[14580.315s][info][gc,stats    ]      Memory: Page Cache Hit L2                                 0 / 0                 0 / 0                 0 / 0                 0 / 0           ops/s
[14580.315s][info][gc,stats    ]      Memory: Page Cache Hit L3                                 0 / 0                 0 / 0                 0 / 1028              0 / 1028        ops/s
[14580.315s][info][gc,stats    ]      Memory: Page Cache Miss                                   0 / 0                 0 / 0                 0 / 12                0 / 12          ops/s
[14580.315s][info][gc,stats    ]      Memory: Uncommit                                          0 / 0                 0 / 0                 0 / 0                 0 / 0           MB/s
[14580.315s][info][gc,stats    ]      Memory: Undo Object Allocation Failed                     0 / 0                 0 / 0                 0 / 5                 0 / 5           ops/s
[14580.315s][info][gc,stats    ]      Memory: Undo Object Allocation Succeeded                  0 / 0                 0 / 0                16 / 6595             16 / 6595        ops/s
[14580.315s][info][gc,stats    ]      Memory: Undo Page Allocation                              0 / 0                 0 / 0                 0 / 676               0 / 676         ops/s
[14580.315s][info][gc,stats    ]       Phase: Concurrent Mark                               0.000 / 0.000         0.000 / 0.000       571.218 / 3424.228    571.218 / 3424.228    ms
[14580.315s][info][gc,stats    ]       Phase: Concurrent Mark Continue                      0.000 / 0.000         0.000 / 0.000         0.000 / 0.000         0.000 / 0.000       ms
[14580.315s][info][gc,stats    ]       Phase: Concurrent Mark Free                          0.000 / 0.000         0.000 / 0.000         1.118 / 305.339       1.118 / 305.339     ms
[14580.315s][info][gc,stats    ]       Phase: Concurrent Process Non-Strong References      0.000 / 0.000         0.000 / 0.000        69.335 / 18388.762    69.335 / 18388.762   ms
[14580.315s][info][gc,stats    ]       Phase: Concurrent Relocate                           0.000 / 0.000         0.000 / 0.000        11.475 / 64.108       11.475 / 64.108      ms
[14580.315s][info][gc,stats    ]       Phase: Concurrent Reset Relocation Set               0.000 / 0.000         0.000 / 0.000         0.212 / 0.968         0.212 / 0.968       ms
[14580.315s][info][gc,stats    ]       Phase: Concurrent Select Relocation Set              0.000 / 0.000         0.000 / 0.000         6.722 / 623.697       6.722 / 623.697     ms
[14580.315s][info][gc,stats    ]       Phase: Pause Mark End                                0.000 / 0.000         0.000 / 0.000         0.094 / 0.434         0.094 / 0.434       ms
[14580.315s][info][gc,stats    ]       Phase: Pause Mark Start                              0.000 / 0.000         0.000 / 0.000         0.023 / 0.223         0.023 / 0.223       ms
[14580.315s][info][gc,stats    ]       Phase: Pause Relocate Start                          0.000 / 0.000         0.000 / 0.000         0.045 / 0.309         0.045 / 0.309       ms
[14580.315s][info][gc,stats    ]    Subphase: Concurrent Classes Purge                      0.000 / 0.000         0.000 / 0.000         0.518 / 3.157         0.518 / 3.157       ms
[14580.315s][info][gc,stats    ]    Subphase: Concurrent Classes Unlink                     0.000 / 0.000         0.000 / 0.000        64.039 / 18382.834    64.039 / 18382.834   ms
[14580.315s][info][gc,stats    ]    Subphase: Concurrent Mark                               0.000 / 0.000         0.000 / 0.000       450.151 / 3398.532    450.151 / 3398.532    ms
[14580.315s][info][gc,stats    ]    Subphase: Concurrent Mark Try Flush                     0.000 / 0.000         0.000 / 0.000         1.565 / 934.939       1.565 / 934.939     ms
[14580.315s][info][gc,stats    ]    Subphase: Concurrent Mark Try Terminate                 0.000 / 0.000         0.000 / 0.000         1.072 / 934.940       1.072 / 934.940     ms
[14580.315s][info][gc,stats    ]    Subphase: Concurrent References Enqueue                 0.000 / 0.000         0.000 / 0.000         0.009 / 0.091         0.009 / 0.091       ms
[14580.315s][info][gc,stats    ]    Subphase: Concurrent References Process                 0.000 / 0.000         0.000 / 0.000         0.881 / 3.992         0.881 / 3.992       ms
[14580.315s][info][gc,stats    ]    Subphase: Concurrent Roots ClassLoaderDataGraph         0.000 / 0.000         0.000 / 0.000         0.833 / 3.889         0.833 / 3.889       ms
[14580.315s][info][gc,stats    ]    Subphase: Concurrent Roots CodeCache                    0.000 / 0.000         0.000 / 0.000         0.000 / 0.000         0.000 / 0.000       ms
[14580.315s][info][gc,stats    ]    Subphase: Concurrent Roots JavaThreads                  0.000 / 0.000         0.000 / 0.000         4.665 / 969.487       4.665 / 969.487     ms
[14580.315s][info][gc,stats    ]    Subphase: Concurrent Roots OopStorageSet                0.000 / 0.000         0.000 / 0.000         0.083 / 2.218         0.083 / 2.218       ms
[14580.315s][info][gc,stats    ]    Subphase: Concurrent Weak Roots OopStorageSet           0.000 / 0.000         0.000 / 0.000         1.501 / 13.633        1.501 / 13.633      ms
[14580.315s][info][gc,stats    ]    Subphase: Pause Mark Try Complete                       0.000 / 0.000         0.000 / 0.000         0.001 / 0.031         0.001 / 0.031       ms
[14580.315s][info][gc,stats    ]      System: Java Threads                                      0 / 0                 0 / 0              1929 / 4684           1929 / 4684        threads
[14580.315s][info][gc,stats    ] =========================================================================================================================================================
[14590.316s][info][gc,stats    ] === Garbage Collection Statistics =======================================================================================================================
[14590.316s][info][gc,stats    ]                                                              Last 10s              Last 10m              Last 10h                Total
[14590.316s][info][gc,stats    ]                                                              Avg / Max             Avg / Max             Avg / Max             Avg / Max
[14590.316s][info][gc,stats    ]   Collector: Garbage Collection Cycle                      0.000 / 0.000         0.000 / 0.000       665.978 / 19032.234   665.978 / 19032.234   ms
[14590.316s][info][gc,stats    ]  Contention: Mark Segment Reset Contention                     0 / 0                 0 / 0                 2 / 104               2 / 104         ops/s
[14590.316s][info][gc,stats    ]  Contention: Mark SeqNum Reset Contention                      0 / 0                 0 / 0                 0 / 7                 0 / 7           ops/s
[14590.316s][info][gc,stats    ]    Critical: Allocation Stall                                  0 / 0                 0 / 0                 0 / 827               0 / 827         ops/s
[14590.316s][info][gc,stats    ]    Critical: Allocation Stall                              0.000 / 0.000         0.000 / 0.000       146.230 / 487.490     146.230 / 487.490     ms
[14590.316s][info][gc,stats    ]    Critical: GC Locker Stall                                   0 / 0                 0 / 0                 0 / 2                 0 / 2           ops/s
[14590.316s][info][gc,stats    ]    Critical: GC Locker Stall                               0.000 / 0.000         0.000 / 0.000         0.167 / 4.787         0.167 / 4.787       ms
[14590.316s][info][gc,stats    ]    Critical: Relocation Stall                                  0 / 0                 0 / 0                 0 / 103               0 / 103         ops/s
[14590.316s][info][gc,stats    ]    Critical: Relocation Stall                              0.000 / 0.000         0.000 / 0.000        14.882 / 62.172       14.882 / 62.172      ms
[14590.316s][info][gc,stats    ]      Memory: Allocation Rate                                   0 / 0                 0 / 0               478 / 2790            478 / 2790        MB/s
[14590.316s][info][gc,stats    ]      Memory: Out Of Memory                                     0 / 0                 0 / 0                 0 / 0                 0 / 0           ops/s
[14590.316s][info][gc,stats    ]      Memory: Page Cache Flush                                  0 / 0                 0 / 0                 0 / 258               0 / 258         MB/s
[14590.316s][info][gc,stats    ]      Memory: Page Cache Hit L1                                 0 / 0                 0 / 0               232 / 1336            232 / 1336        ops/s
[14590.316s][info][gc,stats    ]      Memory: Page Cache Hit L2                                 0 / 0                 0 / 0                 0 / 0                 0 / 0           ops/s
[14590.316s][info][gc,stats    ]      Memory: Page Cache Hit L3                                 0 / 0                 0 / 0                 0 / 1028              0 / 1028        ops/s
[14590.316s][info][gc,stats    ]      Memory: Page Cache Miss                                   0 / 0                 0 / 0                 0 / 12                0 / 12          ops/s
[14590.316s][info][gc,stats    ]      Memory: Uncommit                                          0 / 0                 0 / 0                 0 / 0                 0 / 0           MB/s
[14590.316s][info][gc,stats    ]      Memory: Undo Object Allocation Failed                     0 / 0                 0 / 0                 0 / 5                 0 / 5           ops/s
[14590.316s][info][gc,stats    ]      Memory: Undo Object Allocation Succeeded                  0 / 0                 0 / 0                16 / 6595             16 / 6595        ops/s
[14590.316s][info][gc,stats    ]      Memory: Undo Page Allocation                              0 / 0                 0 / 0                 0 / 676               0 / 676         ops/s
[14590.316s][info][gc,stats    ]       Phase: Concurrent Mark                               0.000 / 0.000         0.000 / 0.000       571.218 / 3424.228    571.218 / 3424.228    ms
[14590.316s][info][gc,stats    ]       Phase: Concurrent Mark Continue                      0.000 / 0.000         0.000 / 0.000         0.000 / 0.000         0.000 / 0.000       ms
[14590.316s][info][gc,stats    ]       Phase: Concurrent Mark Free                          0.000 / 0.000         0.000 / 0.000         1.118 / 305.339       1.118 / 305.339     ms
[14590.316s][info][gc,stats    ]       Phase: Concurrent Process Non-Strong References      0.000 / 0.000         0.000 / 0.000        69.335 / 18388.762    69.335 / 18388.762   ms
[14590.316s][info][gc,stats    ]       Phase: Concurrent Relocate                           0.000 / 0.000         0.000 / 0.000        11.475 / 64.108       11.475 / 64.108      ms
[14590.316s][info][gc,stats    ]       Phase: Concurrent Reset Relocation Set               0.000 / 0.000         0.000 / 0.000         0.212 / 0.968         0.212 / 0.968       ms
[14590.316s][info][gc,stats    ]       Phase: Concurrent Select Relocation Set              0.000 / 0.000         0.000 / 0.000         6.722 / 623.697       6.722 / 623.697     ms
[14590.316s][info][gc,stats    ]       Phase: Pause Mark End                                0.000 / 0.000         0.000 / 0.000         0.094 / 0.434         0.094 / 0.434       ms
[14590.316s][info][gc,stats    ]       Phase: Pause Mark Start                              0.000 / 0.000         0.000 / 0.000         0.023 / 0.223         0.023 / 0.223       ms
[14590.316s][info][gc,stats    ]       Phase: Pause Relocate Start                          0.000 / 0.000         0.000 / 0.000         0.045 / 0.309         0.045 / 0.309       ms
[14590.316s][info][gc,stats    ]    Subphase: Concurrent Classes Purge                      0.000 / 0.000         0.000 / 0.000         0.518 / 3.157         0.518 / 3.157       ms
[14590.316s][info][gc,stats    ]    Subphase: Concurrent Classes Unlink                     0.000 / 0.000         0.000 / 0.000        64.039 / 18382.834    64.039 / 18382.834   ms
[14590.316s][info][gc,stats    ]    Subphase: Concurrent Mark                               0.000 / 0.000         0.000 / 0.000       450.151 / 3398.532    450.151 / 3398.532    ms
[14590.316s][info][gc,stats    ]    Subphase: Concurrent Mark Try Flush                     0.000 / 0.000         0.000 / 0.000         1.565 / 934.939       1.565 / 934.939     ms
[14590.316s][info][gc,stats    ]    Subphase: Concurrent Mark Try Terminate                 0.000 / 0.000         0.000 / 0.000         1.072 / 934.940       1.072 / 934.940     ms
[14590.316s][info][gc,stats    ]    Subphase: Concurrent References Enqueue                 0.000 / 0.000         0.000 / 0.000         0.009 / 0.091         0.009 / 0.091       ms
[14590.316s][info][gc,stats    ]    Subphase: Concurrent References Process                 0.000 / 0.000         0.000 / 0.000         0.881 / 3.992         0.881 / 3.992       ms
[14590.316s][info][gc,stats    ]    Subphase: Concurrent Roots ClassLoaderDataGraph         0.000 / 0.000         0.000 / 0.000         0.833 / 3.889         0.833 / 3.889       ms
[14590.316s][info][gc,stats    ]    Subphase: Concurrent Roots CodeCache                    0.000 / 0.000         0.000 / 0.000         0.000 / 0.000         0.000 / 0.000       ms
[14590.316s][info][gc,stats    ]    Subphase: Concurrent Roots JavaThreads                  0.000 / 0.000         0.000 / 0.000         4.665 / 969.487       4.665 / 969.487     ms
[14590.316s][info][gc,stats    ]    Subphase: Concurrent Roots OopStorageSet                0.000 / 0.000         0.000 / 0.000         0.083 / 2.218         0.083 / 2.218       ms
[14590.316s][info][gc,stats    ]    Subphase: Concurrent Weak Roots OopStorageSet           0.000 / 0.000         0.000 / 0.000         1.501 / 13.633        1.501 / 13.633      ms
[14590.316s][info][gc,stats    ]    Subphase: Pause Mark Try Complete                       0.000 / 0.000         0.000 / 0.000         0.001 / 0.031         0.001 / 0.031       ms
[14590.316s][info][gc,stats    ]      System: Java Threads                                      0 / 0                 0 / 0              1929 / 4684           1929 / 4684        threads
[14590.316s][info][gc,stats    ] =========================================================================================================================================================
[14600.316s][info][gc,stats    ] === Garbage Collection Statistics =======================================================================================================================
[14600.316s][info][gc,stats    ]                                                              Last 10s              Last 10m              Last 10h                Total
[14600.316s][info][gc,stats    ]                                                              Avg / Max             Avg / Max             Avg / Max             Avg / Max
[14600.316s][info][gc,stats    ]   Collector: Garbage Collection Cycle                      0.000 / 0.000         0.000 / 0.000       665.978 / 19032.234   665.978 / 19032.234   ms
[14600.316s][info][gc,stats    ]  Contention: Mark Segment Reset Contention                     0 / 0                 0 / 0                 2 / 104               2 / 104         ops/s
[14600.316s][info][gc,stats    ]  Contention: Mark SeqNum Reset Contention                      0 / 0                 0 / 0                 0 / 7                 0 / 7           ops/s
[14600.316s][info][gc,stats    ]    Critical: Allocation Stall                                  0 / 0                 0 / 0                 0 / 827               0 / 827         ops/s
[14600.316s][info][gc,stats    ]    Critical: Allocation Stall                              0.000 / 0.000         0.000 / 0.000       146.230 / 487.490     146.230 / 487.490     ms
[14600.316s][info][gc,stats    ]    Critical: GC Locker Stall                                   0 / 0                 0 / 0                 0 / 2                 0 / 2           ops/s
[14600.316s][info][gc,stats    ]    Critical: GC Locker Stall                               0.000 / 0.000         0.000 / 0.000         0.167 / 4.787         0.167 / 4.787       ms
[14600.316s][info][gc,stats    ]    Critical: Relocation Stall                                  0 / 0                 0 / 0                 0 / 103               0 / 103         ops/s
[14600.316s][info][gc,stats    ]    Critical: Relocation Stall                              0.000 / 0.000         0.000 / 0.000        14.882 / 62.172       14.882 / 62.172      ms
[14600.316s][info][gc,stats    ]      Memory: Allocation Rate                                   0 / 0                 0 / 0               477 / 2790            477 / 2790        MB/s
[14600.316s][info][gc,stats    ]      Memory: Out Of Memory                                     0 / 0                 0 / 0                 0 / 0                 0 / 0           ops/s
[14600.316s][info][gc,stats    ]      Memory: Page Cache Flush                                  0 / 0                 0 / 0                 0 / 258               0 / 258         MB/s
[14600.316s][info][gc,stats    ]      Memory: Page Cache Hit L1                                 0 / 0                 0 / 0               232 / 1336            232 / 1336        ops/s
[14600.316s][info][gc,stats    ]      Memory: Page Cache Hit L2                                 0 / 0                 0 / 0                 0 / 0                 0 / 0           ops/s
[14600.316s][info][gc,stats    ]      Memory: Page Cache Hit L3                                 0 / 0                 0 / 0                 0 / 1028              0 / 1028        ops/s
[14600.316s][info][gc,stats    ]      Memory: Page Cache Miss                                   0 / 0                 0 / 0                 0 / 12                0 / 12          ops/s
[14600.316s][info][gc,stats    ]      Memory: Uncommit                                          0 / 0                 0 / 0                 0 / 0                 0 / 0           MB/s
[14600.316s][info][gc,stats    ]      Memory: Undo Object Allocation Failed                     0 / 0                 0 / 0                 0 / 5                 0 / 5           ops/s
[14600.316s][info][gc,stats    ]      Memory: Undo Object Allocation Succeeded                  0 / 0                 0 / 0                16 / 6595             16 / 6595        ops/s
[14600.316s][info][gc,stats    ]      Memory: Undo Page Allocation                              0 / 0                 0 / 0                 0 / 676               0 / 676         ops/s
[14600.316s][info][gc,stats    ]       Phase: Concurrent Mark                               0.000 / 0.000         0.000 / 0.000       571.218 / 3424.228    571.218 / 3424.228    ms
[14600.316s][info][gc,stats    ]       Phase: Concurrent Mark Continue                      0.000 / 0.000         0.000 / 0.000         0.000 / 0.000         0.000 / 0.000       ms
[14600.316s][info][gc,stats    ]       Phase: Concurrent Mark Free                          0.000 / 0.000         0.000 / 0.000         1.118 / 305.339       1.118 / 305.339     ms
[14600.316s][info][gc,stats    ]       Phase: Concurrent Process Non-Strong References      0.000 / 0.000         0.000 / 0.000        69.335 / 18388.762    69.335 / 18388.762   ms
[14600.316s][info][gc,stats    ]       Phase: Concurrent Relocate                           0.000 / 0.000         0.000 / 0.000        11.475 / 64.108       11.475 / 64.108      ms
[14600.316s][info][gc,stats    ]       Phase: Concurrent Reset Relocation Set               0.000 / 0.000         0.000 / 0.000         0.212 / 0.968         0.212 / 0.968       ms
[14600.316s][info][gc,stats    ]       Phase: Concurrent Select Relocation Set              0.000 / 0.000         0.000 / 0.000         6.722 / 623.697       6.722 / 623.697     ms
[14600.316s][info][gc,stats    ]       Phase: Pause Mark End                                0.000 / 0.000         0.000 / 0.000         0.094 / 0.434         0.094 / 0.434       ms
[14600.316s][info][gc,stats    ]       Phase: Pause Mark Start                              0.000 / 0.000         0.000 / 0.000         0.023 / 0.223         0.023 / 0.223       ms
[14600.316s][info][gc,stats    ]       Phase: Pause Relocate Start                          0.000 / 0.000         0.000 / 0.000         0.045 / 0.309         0.045 / 0.309       ms
[14600.316s][info][gc,stats    ]    Subphase: Concurrent Classes Purge                      0.000 / 0.000         0.000 / 0.000         0.518 / 3.157         0.518 / 3.157       ms
[14600.316s][info][gc,stats    ]    Subphase: Concurrent Classes Unlink                     0.000 / 0.000         0.000 / 0.000        64.039 / 18382.834    64.039 / 18382.834   ms
[14600.316s][info][gc,stats    ]    Subphase: Concurrent Mark                               0.000 / 0.000         0.000 / 0.000       450.151 / 3398.532    450.151 / 3398.532    ms
[14600.316s][info][gc,stats    ]    Subphase: Concurrent Mark Try Flush                     0.000 / 0.000         0.000 / 0.000         1.565 / 934.939       1.565 / 934.939     ms
[14600.316s][info][gc,stats    ]    Subphase: Concurrent Mark Try Terminate                 0.000 / 0.000         0.000 / 0.000         1.072 / 934.940       1.072 / 934.940     ms
[14600.316s][info][gc,stats    ]    Subphase: Concurrent References Enqueue                 0.000 / 0.000         0.000 / 0.000         0.009 / 0.091         0.009 / 0.091       ms
[14600.316s][info][gc,stats    ]    Subphase: Concurrent References Process                 0.000 / 0.000         0.000 / 0.000         0.881 / 3.992         0.881 / 3.992       ms
[14600.316s][info][gc,stats    ]    Subphase: Concurrent Roots ClassLoaderDataGraph         0.000 / 0.000         0.000 / 0.000         0.833 / 3.889         0.833 / 3.889       ms
[14600.316s][info][gc,stats    ]    Subphase: Concurrent Roots CodeCache                    0.000 / 0.000         0.000 / 0.000         0.000 / 0.000         0.000 / 0.000       ms
[14600.316s][info][gc,stats    ]    Subphase: Concurrent Roots JavaThreads                  0.000 / 0.000         0.000 / 0.000         4.665 / 969.487       4.665 / 969.487     ms
[14600.316s][info][gc,stats    ]    Subphase: Concurrent Roots OopStorageSet                0.000 / 0.000         0.000 / 0.000         0.083 / 2.218         0.083 / 2.218       ms
[14600.316s][info][gc,stats    ]    Subphase: Concurrent Weak Roots OopStorageSet           0.000 / 0.000         0.000 / 0.000         1.501 / 13.633        1.501 / 13.633      ms
[14600.316s][info][gc,stats    ]    Subphase: Pause Mark Try Complete                       0.000 / 0.000         0.000 / 0.000         0.001 / 0.031         0.001 / 0.031       ms
[14600.316s][info][gc,stats    ]      System: Java Threads                                      0 / 0                 0 / 0              1929 / 4684           1929 / 4684        threads
[14600.316s][info][gc,stats    ] =========================================================================================================================================================
[14610.315s][info][gc,stats    ] === Garbage Collection Statistics =======================================================================================================================
[14610.315s][info][gc,stats    ]                                                              Last 10s              Last 10m              Last 10h                Total
[14610.315s][info][gc,stats    ]                                                              Avg / Max             Avg / Max             Avg / Max             Avg / Max
[14610.315s][info][gc,stats    ]   Collector: Garbage Collection Cycle                      0.000 / 0.000         0.000 / 0.000       665.978 / 19032.234   665.978 / 19032.234   ms
[14610.315s][info][gc,stats    ]  Contention: Mark Segment Reset Contention                     0 / 0                 0 / 0                 2 / 104               2 / 104         ops/s
[14610.315s][info][gc,stats    ]  Contention: Mark SeqNum Reset Contention                      0 / 0                 0 / 0                 0 / 7                 0 / 7           ops/s
[14610.315s][info][gc,stats    ]    Critical: Allocation Stall                                  0 / 0                 0 / 0                 0 / 827               0 / 827         ops/s
[14610.315s][info][gc,stats    ]    Critical: Allocation Stall                              0.000 / 0.000         0.000 / 0.000       146.230 / 487.490     146.230 / 487.490     ms
[14610.315s][info][gc,stats    ]    Critical: GC Locker Stall                                   0 / 0                 0 / 0                 0 / 2                 0 / 2           ops/s
[14610.315s][info][gc,stats    ]    Critical: GC Locker Stall                               0.000 / 0.000         0.000 / 0.000         0.167 / 4.787         0.167 / 4.787       ms
[14610.315s][info][gc,stats    ]    Critical: Relocation Stall                                  0 / 0                 0 / 0                 0 / 103               0 / 103         ops/s
[14610.315s][info][gc,stats    ]    Critical: Relocation Stall                              0.000 / 0.000         0.000 / 0.000        14.882 / 62.172       14.882 / 62.172      ms
[14610.315s][info][gc,stats    ]      Memory: Allocation Rate                                   0 / 0                 0 / 0               477 / 2790            477 / 2790        MB/s
[14610.315s][info][gc,stats    ]      Memory: Out Of Memory                                     0 / 0                 0 / 0                 0 / 0                 0 / 0           ops/s
[14610.315s][info][gc,stats    ]      Memory: Page Cache Flush                                  0 / 0                 0 / 0                 0 / 258               0 / 258         MB/s
[14610.315s][info][gc,stats    ]      Memory: Page Cache Hit L1                                 0 / 0                 0 / 0               232 / 1336            232 / 1336        ops/s
[14610.315s][info][gc,stats    ]      Memory: Page Cache Hit L2                                 0 / 0                 0 / 0                 0 / 0                 0 / 0           ops/s
[14610.315s][info][gc,stats    ]      Memory: Page Cache Hit L3                                 0 / 0                 0 / 0                 0 / 1028              0 / 1028        ops/s
[14610.315s][info][gc,stats    ]      Memory: Page Cache Miss                                   0 / 0                 0 / 0                 0 / 12                0 / 12          ops/s
[14610.316s][info][gc,stats    ]      Memory: Uncommit                                          0 / 0                 0 / 0                 0 / 0                 0 / 0           MB/s
[14610.316s][info][gc,stats    ]      Memory: Undo Object Allocation Failed                     0 / 0                 0 / 0                 0 / 5                 0 / 5           ops/s
[14610.316s][info][gc,stats    ]      Memory: Undo Object Allocation Succeeded                  0 / 0                 0 / 0                16 / 6595             16 / 6595        ops/s
[14610.316s][info][gc,stats    ]      Memory: Undo Page Allocation                              0 / 0                 0 / 0                 0 / 676               0 / 676         ops/s
[14610.316s][info][gc,stats    ]       Phase: Concurrent Mark                               0.000 / 0.000         0.000 / 0.000       571.218 / 3424.228    571.218 / 3424.228    ms
[14610.316s][info][gc,stats    ]       Phase: Concurrent Mark Continue                      0.000 / 0.000         0.000 / 0.000         0.000 / 0.000         0.000 / 0.000       ms
[14610.316s][info][gc,stats    ]       Phase: Concurrent Mark Free                          0.000 / 0.000         0.000 / 0.000         1.118 / 305.339       1.118 / 305.339     ms
[14610.316s][info][gc,stats    ]       Phase: Concurrent Process Non-Strong References      0.000 / 0.000         0.000 / 0.000        69.335 / 18388.762    69.335 / 18388.762   ms
[14610.316s][info][gc,stats    ]       Phase: Concurrent Relocate                           0.000 / 0.000         0.000 / 0.000        11.475 / 64.108       11.475 / 64.108      ms
[14610.316s][info][gc,stats    ]       Phase: Concurrent Reset Relocation Set               0.000 / 0.000         0.000 / 0.000         0.212 / 0.968         0.212 / 0.968       ms
[14610.316s][info][gc,stats    ]       Phase: Concurrent Select Relocation Set              0.000 / 0.000         0.000 / 0.000         6.722 / 623.697       6.722 / 623.697     ms
[14610.316s][info][gc,stats    ]       Phase: Pause Mark End                                0.000 / 0.000         0.000 / 0.000         0.094 / 0.434         0.094 / 0.434       ms
[14610.316s][info][gc,stats    ]       Phase: Pause Mark Start                              0.000 / 0.000         0.000 / 0.000         0.023 / 0.223         0.023 / 0.223       ms
[14610.316s][info][gc,stats    ]       Phase: Pause Relocate Start                          0.000 / 0.000         0.000 / 0.000         0.045 / 0.309         0.045 / 0.309       ms
[14610.316s][info][gc,stats    ]    Subphase: Concurrent Classes Purge                      0.000 / 0.000         0.000 / 0.000         0.518 / 3.157         0.518 / 3.157       ms
[14610.316s][info][gc,stats    ]    Subphase: Concurrent Classes Unlink                     0.000 / 0.000         0.000 / 0.000        64.039 / 18382.834    64.039 / 18382.834   ms
[14610.316s][info][gc,stats    ]    Subphase: Concurrent Mark                               0.000 / 0.000         0.000 / 0.000       450.151 / 3398.532    450.151 / 3398.532    ms
[14610.316s][info][gc,stats    ]    Subphase: Concurrent Mark Try Flush                     0.000 / 0.000         0.000 / 0.000         1.565 / 934.939       1.565 / 934.939     ms
[14610.316s][info][gc,stats    ]    Subphase: Concurrent Mark Try Terminate                 0.000 / 0.000         0.000 / 0.000         1.072 / 934.940       1.072 / 934.940     ms
[14610.316s][info][gc,stats    ]    Subphase: Concurrent References Enqueue                 0.000 / 0.000         0.000 / 0.000         0.009 / 0.091         0.009 / 0.091       ms
[14610.316s][info][gc,stats    ]    Subphase: Concurrent References Process                 0.000 / 0.000         0.000 / 0.000         0.881 / 3.992         0.881 / 3.992       ms
[14610.316s][info][gc,stats    ]    Subphase: Concurrent Roots ClassLoaderDataGraph         0.000 / 0.000         0.000 / 0.000         0.833 / 3.889         0.833 / 3.889       ms
[14610.316s][info][gc,stats    ]    Subphase: Concurrent Roots CodeCache                    0.000 / 0.000         0.000 / 0.000         0.000 / 0.000         0.000 / 0.000       ms
[14610.316s][info][gc,stats    ]    Subphase: Concurrent Roots JavaThreads                  0.000 / 0.000         0.000 / 0.000         4.665 / 969.487       4.665 / 969.487     ms
[14610.316s][info][gc,stats    ]    Subphase: Concurrent Roots OopStorageSet                0.000 / 0.000         0.000 / 0.000         0.083 / 2.218         0.083 / 2.218       ms
[14610.316s][info][gc,stats    ]    Subphase: Concurrent Weak Roots OopStorageSet           0.000 / 0.000         0.000 / 0.000         1.501 / 13.633        1.501 / 13.633      ms
[14610.316s][info][gc,stats    ]    Subphase: Pause Mark Try Complete                       0.000 / 0.000         0.000 / 0.000         0.001 / 0.031         0.001 / 0.031       ms
[14610.316s][info][gc,stats    ]      System: Java Threads                                      0 / 0                 0 / 0              1929 / 4684           1929 / 4684        threads
[14610.316s][info][gc,stats    ] =========================================================================================================================================================
[14620.316s][info][gc,stats    ] === Garbage Collection Statistics =======================================================================================================================
[14620.316s][info][gc,stats    ]                                                              Last 10s              Last 10m              Last 10h                Total
[14620.316s][info][gc,stats    ]                                                              Avg / Max             Avg / Max             Avg / Max             Avg / Max
[14620.316s][info][gc,stats    ]   Collector: Garbage Collection Cycle                      0.000 / 0.000         0.000 / 0.000       665.978 / 19032.234   665.978 / 19032.234   ms
[14620.316s][info][gc,stats    ]  Contention: Mark Segment Reset Contention                     0 / 0                 0 / 0                 2 / 104               2 / 104         ops/s
[14620.316s][info][gc,stats    ]  Contention: Mark SeqNum Reset Contention                      0 / 0                 0 / 0                 0 / 7                 0 / 7           ops/s
[14620.316s][info][gc,stats    ]    Critical: Allocation Stall                                  0 / 0                 0 / 0                 0 / 827               0 / 827         ops/s
[14620.316s][info][gc,stats    ]    Critical: Allocation Stall                              0.000 / 0.000         0.000 / 0.000       146.230 / 487.490     146.230 / 487.490     ms
[14620.316s][info][gc,stats    ]    Critical: GC Locker Stall                                   0 / 0                 0 / 0                 0 / 2                 0 / 2           ops/s
[14620.316s][info][gc,stats    ]    Critical: GC Locker Stall                               0.000 / 0.000         0.000 / 0.000         0.167 / 4.787         0.167 / 4.787       ms
[14620.316s][info][gc,stats    ]    Critical: Relocation Stall                                  0 / 0                 0 / 0                 0 / 103               0 / 103         ops/s
[14620.316s][info][gc,stats    ]    Critical: Relocation Stall                              0.000 / 0.000         0.000 / 0.000        14.882 / 62.172       14.882 / 62.172      ms
[14620.316s][info][gc,stats    ]      Memory: Allocation Rate                                   0 / 0                 0 / 0               477 / 2790            477 / 2790        MB/s
[14620.316s][info][gc,stats    ]      Memory: Out Of Memory                                     0 / 0                 0 / 0                 0 / 0                 0 / 0           ops/s
[14620.316s][info][gc,stats    ]      Memory: Page Cache Flush                                  0 / 0                 0 / 0                 0 / 258               0 / 258         MB/s
[14620.316s][info][gc,stats    ]      Memory: Page Cache Hit L1                                 0 / 0                 0 / 0               232 / 1336            232 / 1336        ops/s
[14620.316s][info][gc,stats    ]      Memory: Page Cache Hit L2                                 0 / 0                 0 / 0                 0 / 0                 0 / 0           ops/s
[14620.316s][info][gc,stats    ]      Memory: Page Cache Hit L3                                 0 / 0                 0 / 0                 0 / 1028              0 / 1028        ops/s
[14620.316s][info][gc,stats    ]      Memory: Page Cache Miss                                   0 / 0                 0 / 0                 0 / 12                0 / 12          ops/s
[14620.316s][info][gc,stats    ]      Memory: Uncommit                                          0 / 0                 0 / 0                 0 / 0                 0 / 0           MB/s
[14620.316s][info][gc,stats    ]      Memory: Undo Object Allocation Failed                     0 / 0                 0 / 0                 0 / 5                 0 / 5           ops/s
[14620.316s][info][gc,stats    ]      Memory: Undo Object Allocation Succeeded                  0 / 0                 0 / 0                16 / 6595             16 / 6595        ops/s
[14620.316s][info][gc,stats    ]      Memory: Undo Page Allocation                              0 / 0                 0 / 0                 0 / 676               0 / 676         ops/s
[14620.316s][info][gc,stats    ]       Phase: Concurrent Mark                               0.000 / 0.000         0.000 / 0.000       571.218 / 3424.228    571.218 / 3424.228    ms
[14620.316s][info][gc,stats    ]       Phase: Concurrent Mark Continue                      0.000 / 0.000         0.000 / 0.000         0.000 / 0.000         0.000 / 0.000       ms
[14620.316s][info][gc,stats    ]       Phase: Concurrent Mark Free                          0.000 / 0.000         0.000 / 0.000         1.118 / 305.339       1.118 / 305.339     ms
[14620.316s][info][gc,stats    ]       Phase: Concurrent Process Non-Strong References      0.000 / 0.000         0.000 / 0.000        69.335 / 18388.762    69.335 / 18388.762   ms
[14620.316s][info][gc,stats    ]       Phase: Concurrent Relocate                           0.000 / 0.000         0.000 / 0.000        11.475 / 64.108       11.475 / 64.108      ms
[14620.316s][info][gc,stats    ]       Phase: Concurrent Reset Relocation Set               0.000 / 0.000         0.000 / 0.000         0.212 / 0.968         0.212 / 0.968       ms
[14620.316s][info][gc,stats    ]       Phase: Concurrent Select Relocation Set              0.000 / 0.000         0.000 / 0.000         6.722 / 623.697       6.722 / 623.697     ms
[14620.316s][info][gc,stats    ]       Phase: Pause Mark End                                0.000 / 0.000         0.000 / 0.000         0.094 / 0.434         0.094 / 0.434       ms
[14620.316s][info][gc,stats    ]       Phase: Pause Mark Start                              0.000 / 0.000         0.000 / 0.000         0.023 / 0.223         0.023 / 0.223       ms
[14620.316s][info][gc,stats    ]       Phase: Pause Relocate Start                          0.000 / 0.000         0.000 / 0.000         0.045 / 0.309         0.045 / 0.309       ms
[14620.316s][info][gc,stats    ]    Subphase: Concurrent Classes Purge                      0.000 / 0.000         0.000 / 0.000         0.518 / 3.157         0.518 / 3.157       ms
[14620.316s][info][gc,stats    ]    Subphase: Concurrent Classes Unlink                     0.000 / 0.000         0.000 / 0.000        64.039 / 18382.834    64.039 / 18382.834   ms
[14620.316s][info][gc,stats    ]    Subphase: Concurrent Mark                               0.000 / 0.000         0.000 / 0.000       450.151 / 3398.532    450.151 / 3398.532    ms
[14620.316s][info][gc,stats    ]    Subphase: Concurrent Mark Try Flush                     0.000 / 0.000         0.000 / 0.000         1.565 / 934.939       1.565 / 934.939     ms
[14620.316s][info][gc,stats    ]    Subphase: Concurrent Mark Try Terminate                 0.000 / 0.000         0.000 / 0.000         1.072 / 934.940       1.072 / 934.940     ms
[14620.316s][info][gc,stats    ]    Subphase: Concurrent References Enqueue                 0.000 / 0.000         0.000 / 0.000         0.009 / 0.091         0.009 / 0.091       ms
[14620.316s][info][gc,stats    ]    Subphase: Concurrent References Process                 0.000 / 0.000         0.000 / 0.000         0.881 / 3.992         0.881 / 3.992       ms
[14620.316s][info][gc,stats    ]    Subphase: Concurrent Roots ClassLoaderDataGraph         0.000 / 0.000         0.000 / 0.000         0.833 / 3.889         0.833 / 3.889       ms
[14620.316s][info][gc,stats    ]    Subphase: Concurrent Roots CodeCache                    0.000 / 0.000         0.000 / 0.000         0.000 / 0.000         0.000 / 0.000       ms
[14620.316s][info][gc,stats    ]    Subphase: Concurrent Roots JavaThreads                  0.000 / 0.000         0.000 / 0.000         4.665 / 969.487       4.665 / 969.487     ms
[14620.316s][info][gc,stats    ]    Subphase: Concurrent Roots OopStorageSet                0.000 / 0.000         0.000 / 0.000         0.083 / 2.218         0.083 / 2.218       ms
[14620.316s][info][gc,stats    ]    Subphase: Concurrent Weak Roots OopStorageSet           0.000 / 0.000         0.000 / 0.000         1.501 / 13.633        1.501 / 13.633      ms
[14620.316s][info][gc,stats    ]    Subphase: Pause Mark Try Complete                       0.000 / 0.000         0.000 / 0.000         0.001 / 0.031         0.001 / 0.031       ms
[14620.316s][info][gc,stats    ]      System: Java Threads                                      0 / 0                 0 / 0              1929 / 4684           1929 / 4684        threads
[14620.316s][info][gc,stats    ] =========================================================================================================================================================
[14630.316s][info][gc,stats    ] === Garbage Collection Statistics =======================================================================================================================
[14630.316s][info][gc,stats    ]                                                              Last 10s              Last 10m              Last 10h                Total
[14630.316s][info][gc,stats    ]                                                              Avg / Max             Avg / Max             Avg / Max             Avg / Max
[14630.316s][info][gc,stats    ]   Collector: Garbage Collection Cycle                      0.000 / 0.000         0.000 / 0.000       665.978 / 19032.234   665.978 / 19032.234   ms
[14630.316s][info][gc,stats    ]  Contention: Mark Segment Reset Contention                     0 / 0                 0 / 0                 2 / 104               2 / 104         ops/s
[14630.316s][info][gc,stats    ]  Contention: Mark SeqNum Reset Contention                      0 / 0                 0 / 0                 0 / 7                 0 / 7           ops/s
[14630.316s][info][gc,stats    ]    Critical: Allocation Stall                                  0 / 0                 0 / 0                 0 / 827               0 / 827         ops/s
[14630.316s][info][gc,stats    ]    Critical: Allocation Stall                              0.000 / 0.000         0.000 / 0.000       146.230 / 487.490     146.230 / 487.490     ms
[14630.316s][info][gc,stats    ]    Critical: GC Locker Stall                                   0 / 0                 0 / 0                 0 / 2                 0 / 2           ops/s
[14630.316s][info][gc,stats    ]    Critical: GC Locker Stall                               0.000 / 0.000         0.000 / 0.000         0.167 / 4.787         0.167 / 4.787       ms
[14630.316s][info][gc,stats    ]    Critical: Relocation Stall                                  0 / 0                 0 / 0                 0 / 103               0 / 103         ops/s
[14630.316s][info][gc,stats    ]    Critical: Relocation Stall                              0.000 / 0.000         0.000 / 0.000        14.882 / 62.172       14.882 / 62.172      ms
[14630.316s][info][gc,stats    ]      Memory: Allocation Rate                                   0 / 0                 0 / 0               476 / 2790            476 / 2790        MB/s
[14630.316s][info][gc,stats    ]      Memory: Out Of Memory                                     0 / 0                 0 / 0                 0 / 0                 0 / 0           ops/s
[14630.316s][info][gc,stats    ]      Memory: Page Cache Flush                                  0 / 0                 0 / 0                 0 / 258               0 / 258         MB/s
[14630.316s][info][gc,stats    ]      Memory: Page Cache Hit L1                                 0 / 0                 0 / 0               232 / 1336            232 / 1336        ops/s
[14630.316s][info][gc,stats    ]      Memory: Page Cache Hit L2                                 0 / 0                 0 / 0                 0 / 0                 0 / 0           ops/s
[14630.316s][info][gc,stats    ]      Memory: Page Cache Hit L3                                 0 / 0                 0 / 0                 0 / 1028              0 / 1028        ops/s
[14630.316s][info][gc,stats    ]      Memory: Page Cache Miss                                   0 / 0                 0 / 0                 0 / 12                0 / 12          ops/s
[14630.316s][info][gc,stats    ]      Memory: Uncommit                                          0 / 0                 0 / 0                 0 / 0                 0 / 0           MB/s
[14630.316s][info][gc,stats    ]      Memory: Undo Object Allocation Failed                     0 / 0                 0 / 0                 0 / 5                 0 / 5           ops/s
[14630.316s][info][gc,stats    ]      Memory: Undo Object Allocation Succeeded                  0 / 0                 0 / 0                16 / 6595             16 / 6595        ops/s
[14630.316s][info][gc,stats    ]      Memory: Undo Page Allocation                              0 / 0                 0 / 0                 0 / 676               0 / 676         ops/s
[14630.316s][info][gc,stats    ]       Phase: Concurrent Mark                               0.000 / 0.000         0.000 / 0.000       571.218 / 3424.228    571.218 / 3424.228    ms
[14630.316s][info][gc,stats    ]       Phase: Concurrent Mark Continue                      0.000 / 0.000         0.000 / 0.000         0.000 / 0.000         0.000 / 0.000       ms
[14630.316s][info][gc,stats    ]       Phase: Concurrent Mark Free                          0.000 / 0.000         0.000 / 0.000         1.118 / 305.339       1.118 / 305.339     ms
[14630.316s][info][gc,stats    ]       Phase: Concurrent Process Non-Strong References      0.000 / 0.000         0.000 / 0.000        69.335 / 18388.762    69.335 / 18388.762   ms
[14630.316s][info][gc,stats    ]       Phase: Concurrent Relocate                           0.000 / 0.000         0.000 / 0.000        11.475 / 64.108       11.475 / 64.108      ms
[14630.316s][info][gc,stats    ]       Phase: Concurrent Reset Relocation Set               0.000 / 0.000         0.000 / 0.000         0.212 / 0.968         0.212 / 0.968       ms
[14630.316s][info][gc,stats    ]       Phase: Concurrent Select Relocation Set              0.000 / 0.000         0.000 / 0.000         6.722 / 623.697       6.722 / 623.697     ms
[14630.316s][info][gc,stats    ]       Phase: Pause Mark End                                0.000 / 0.000         0.000 / 0.000         0.094 / 0.434         0.094 / 0.434       ms
[14630.316s][info][gc,stats    ]       Phase: Pause Mark Start                              0.000 / 0.000         0.000 / 0.000         0.023 / 0.223         0.023 / 0.223       ms
[14630.316s][info][gc,stats    ]       Phase: Pause Relocate Start                          0.000 / 0.000         0.000 / 0.000         0.045 / 0.309         0.045 / 0.309       ms
[14630.316s][info][gc,stats    ]    Subphase: Concurrent Classes Purge                      0.000 / 0.000         0.000 / 0.000         0.518 / 3.157         0.518 / 3.157       ms
[14630.316s][info][gc,stats    ]    Subphase: Concurrent Classes Unlink                     0.000 / 0.000         0.000 / 0.000        64.039 / 18382.834    64.039 / 18382.834   ms
[14630.316s][info][gc,stats    ]    Subphase: Concurrent Mark                               0.000 / 0.000         0.000 / 0.000       450.151 / 3398.532    450.151 / 3398.532    ms
[14630.316s][info][gc,stats    ]    Subphase: Concurrent Mark Try Flush                     0.000 / 0.000         0.000 / 0.000         1.565 / 934.939       1.565 / 934.939     ms
[14630.316s][info][gc,stats    ]    Subphase: Concurrent Mark Try Terminate                 0.000 / 0.000         0.000 / 0.000         1.072 / 934.940       1.072 / 934.940     ms
[14630.316s][info][gc,stats    ]    Subphase: Concurrent References Enqueue                 0.000 / 0.000         0.000 / 0.000         0.009 / 0.091         0.009 / 0.091       ms
[14630.316s][info][gc,stats    ]    Subphase: Concurrent References Process                 0.000 / 0.000         0.000 / 0.000         0.881 / 3.992         0.881 / 3.992       ms
[14630.316s][info][gc,stats    ]    Subphase: Concurrent Roots ClassLoaderDataGraph         0.000 / 0.000         0.000 / 0.000         0.833 / 3.889         0.833 / 3.889       ms
[14630.316s][info][gc,stats    ]    Subphase: Concurrent Roots CodeCache                    0.000 / 0.000         0.000 / 0.000         0.000 / 0.000         0.000 / 0.000       ms
[14630.316s][info][gc,stats    ]    Subphase: Concurrent Roots JavaThreads                  0.000 / 0.000         0.000 / 0.000         4.665 / 969.487       4.665 / 969.487     ms
[14630.316s][info][gc,stats    ]    Subphase: Concurrent Roots OopStorageSet                0.000 / 0.000         0.000 / 0.000         0.083 / 2.218         0.083 / 2.218       ms
[14630.316s][info][gc,stats    ]    Subphase: Concurrent Weak Roots OopStorageSet           0.000 / 0.000         0.000 / 0.000         1.501 / 13.633        1.501 / 13.633      ms
[14630.316s][info][gc,stats    ]    Subphase: Pause Mark Try Complete                       0.000 / 0.000         0.000 / 0.000         0.001 / 0.031         0.001 / 0.031       ms
[14630.316s][info][gc,stats    ]      System: Java Threads                                      0 / 0                 0 / 0              1929 / 4684           1929 / 4684        threads
[14630.316s][info][gc,stats    ] =========================================================================================================================================================
[14640.315s][info][gc,stats    ] === Garbage Collection Statistics =======================================================================================================================
[14640.315s][info][gc,stats    ]                                                              Last 10s              Last 10m              Last 10h                Total
[14640.315s][info][gc,stats    ]                                                              Avg / Max             Avg / Max             Avg / Max             Avg / Max
[14640.315s][info][gc,stats    ]   Collector: Garbage Collection Cycle                      0.000 / 0.000         0.000 / 0.000       665.978 / 19032.234   665.978 / 19032.234   ms
[14640.315s][info][gc,stats    ]  Contention: Mark Segment Reset Contention                     0 / 0                 0 / 0                 2 / 104               2 / 104         ops/s
[14640.315s][info][gc,stats    ]  Contention: Mark SeqNum Reset Contention                      0 / 0                 0 / 0                 0 / 7                 0 / 7           ops/s
[14640.315s][info][gc,stats    ]    Critical: Allocation Stall                                  0 / 0                 0 / 0                 0 / 827               0 / 827         ops/s
[14640.315s][info][gc,stats    ]    Critical: Allocation Stall                              0.000 / 0.000         0.000 / 0.000       146.230 / 487.490     146.230 / 487.490     ms
[14640.315s][info][gc,stats    ]    Critical: GC Locker Stall                                   0 / 0                 0 / 0                 0 / 2                 0 / 2           ops/s
[14640.315s][info][gc,stats    ]    Critical: GC Locker Stall                               0.000 / 0.000         0.000 / 0.000         0.167 / 4.787         0.167 / 4.787       ms
[14640.315s][info][gc,stats    ]    Critical: Relocation Stall                                  0 / 0                 0 / 0                 0 / 103               0 / 103         ops/s
[14640.315s][info][gc,stats    ]    Critical: Relocation Stall                              0.000 / 0.000         0.000 / 0.000        14.882 / 62.172       14.882 / 62.172      ms
[14640.315s][info][gc,stats    ]      Memory: Allocation Rate                                   0 / 0                 0 / 0               476 / 2790            476 / 2790        MB/s
[14640.315s][info][gc,stats    ]      Memory: Out Of Memory                                     0 / 0                 0 / 0                 0 / 0                 0 / 0           ops/s
[14640.315s][info][gc,stats    ]      Memory: Page Cache Flush                                  0 / 0                 0 / 0                 0 / 258               0 / 258         MB/s
[14640.315s][info][gc,stats    ]      Memory: Page Cache Hit L1                                 0 / 0                 0 / 0               232 / 1336            232 / 1336        ops/s
[14640.315s][info][gc,stats    ]      Memory: Page Cache Hit L2                                 0 / 0                 0 / 0                 0 / 0                 0 / 0           ops/s
[14640.315s][info][gc,stats    ]      Memory: Page Cache Hit L3                                 0 / 0                 0 / 0                 0 / 1028              0 / 1028        ops/s
[14640.315s][info][gc,stats    ]      Memory: Page Cache Miss                                   0 / 0                 0 / 0                 0 / 12                0 / 12          ops/s
[14640.315s][info][gc,stats    ]      Memory: Uncommit                                          0 / 0                 0 / 0                 0 / 0                 0 / 0           MB/s
[14640.315s][info][gc,stats    ]      Memory: Undo Object Allocation Failed                     0 / 0                 0 / 0                 0 / 5                 0 / 5           ops/s
[14640.315s][info][gc,stats    ]      Memory: Undo Object Allocation Succeeded                  0 / 0                 0 / 0                16 / 6595             16 / 6595        ops/s
[14640.316s][info][gc,stats    ]      Memory: Undo Page Allocation                              0 / 0                 0 / 0                 0 / 676               0 / 676         ops/s
[14640.316s][info][gc,stats    ]       Phase: Concurrent Mark                               0.000 / 0.000         0.000 / 0.000       571.218 / 3424.228    571.218 / 3424.228    ms
[14640.316s][info][gc,stats    ]       Phase: Concurrent Mark Continue                      0.000 / 0.000         0.000 / 0.000         0.000 / 0.000         0.000 / 0.000       ms
[14640.316s][info][gc,stats    ]       Phase: Concurrent Mark Free                          0.000 / 0.000         0.000 / 0.000         1.118 / 305.339       1.118 / 305.339     ms
[14640.316s][info][gc,stats    ]       Phase: Concurrent Process Non-Strong References      0.000 / 0.000         0.000 / 0.000        69.335 / 18388.762    69.335 / 18388.762   ms
[14640.316s][info][gc,stats    ]       Phase: Concurrent Relocate                           0.000 / 0.000         0.000 / 0.000        11.475 / 64.108       11.475 / 64.108      ms
[14640.316s][info][gc,stats    ]       Phase: Concurrent Reset Relocation Set               0.000 / 0.000         0.000 / 0.000         0.212 / 0.968         0.212 / 0.968       ms
[14640.316s][info][gc,stats    ]       Phase: Concurrent Select Relocation Set              0.000 / 0.000         0.000 / 0.000         6.722 / 623.697       6.722 / 623.697     ms
[14640.316s][info][gc,stats    ]       Phase: Pause Mark End                                0.000 / 0.000         0.000 / 0.000         0.094 / 0.434         0.094 / 0.434       ms
[14640.316s][info][gc,stats    ]       Phase: Pause Mark Start                              0.000 / 0.000         0.000 / 0.000         0.023 / 0.223         0.023 / 0.223       ms
[14640.316s][info][gc,stats    ]       Phase: Pause Relocate Start                          0.000 / 0.000         0.000 / 0.000         0.045 / 0.309         0.045 / 0.309       ms
[14640.316s][info][gc,stats    ]    Subphase: Concurrent Classes Purge                      0.000 / 0.000         0.000 / 0.000         0.518 / 3.157         0.518 / 3.157       ms
[14640.316s][info][gc,stats    ]    Subphase: Concurrent Classes Unlink                     0.000 / 0.000         0.000 / 0.000        64.039 / 18382.834    64.039 / 18382.834   ms
[14640.316s][info][gc,stats    ]    Subphase: Concurrent Mark                               0.000 / 0.000         0.000 / 0.000       450.151 / 3398.532    450.151 / 3398.532    ms
[14640.316s][info][gc,stats    ]    Subphase: Concurrent Mark Try Flush                     0.000 / 0.000         0.000 / 0.000         1.565 / 934.939       1.565 / 934.939     ms
[14640.316s][info][gc,stats    ]    Subphase: Concurrent Mark Try Terminate                 0.000 / 0.000         0.000 / 0.000         1.072 / 934.940       1.072 / 934.940     ms
[14640.316s][info][gc,stats    ]    Subphase: Concurrent References Enqueue                 0.000 / 0.000         0.000 / 0.000         0.009 / 0.091         0.009 / 0.091       ms
[14640.316s][info][gc,stats    ]    Subphase: Concurrent References Process                 0.000 / 0.000         0.000 / 0.000         0.881 / 3.992         0.881 / 3.992       ms
[14640.316s][info][gc,stats    ]    Subphase: Concurrent Roots ClassLoaderDataGraph         0.000 / 0.000         0.000 / 0.000         0.833 / 3.889         0.833 / 3.889       ms
[14640.316s][info][gc,stats    ]    Subphase: Concurrent Roots CodeCache                    0.000 / 0.000         0.000 / 0.000         0.000 / 0.000         0.000 / 0.000       ms
[14640.316s][info][gc,stats    ]    Subphase: Concurrent Roots JavaThreads                  0.000 / 0.000         0.000 / 0.000         4.665 / 969.487       4.665 / 969.487     ms
[14640.316s][info][gc,stats    ]    Subphase: Concurrent Roots OopStorageSet                0.000 / 0.000         0.000 / 0.000         0.083 / 2.218         0.083 / 2.218       ms
[14640.316s][info][gc,stats    ]    Subphase: Concurrent Weak Roots OopStorageSet           0.000 / 0.000         0.000 / 0.000         1.501 / 13.633        1.501 / 13.633      ms
[14640.316s][info][gc,stats    ]    Subphase: Pause Mark Try Complete                       0.000 / 0.000         0.000 / 0.000         0.001 / 0.031         0.001 / 0.031       ms
[14640.316s][info][gc,stats    ]      System: Java Threads                                      0 / 0                 0 / 0              1929 / 4684           1929 / 4684        threads
[14640.316s][info][gc,stats    ] =========================================================================================================================================================
[14650.316s][info][gc,stats    ] === Garbage Collection Statistics =======================================================================================================================
[14650.316s][info][gc,stats    ]                                                              Last 10s              Last 10m              Last 10h                Total
[14650.316s][info][gc,stats    ]                                                              Avg / Max             Avg / Max             Avg / Max             Avg / Max
[14650.316s][info][gc,stats    ]   Collector: Garbage Collection Cycle                      0.000 / 0.000         0.000 / 0.000       665.978 / 19032.234   665.978 / 19032.234   ms
[14650.316s][info][gc,stats    ]  Contention: Mark Segment Reset Contention                     0 / 0                 0 / 0                 2 / 104               2 / 104         ops/s
[14650.316s][info][gc,stats    ]  Contention: Mark SeqNum Reset Contention                      0 / 0                 0 / 0                 0 / 7                 0 / 7           ops/s
[14650.316s][info][gc,stats    ]    Critical: Allocation Stall                                  0 / 0                 0 / 0                 0 / 827               0 / 827         ops/s
[14650.316s][info][gc,stats    ]    Critical: Allocation Stall                              0.000 / 0.000         0.000 / 0.000       146.230 / 487.490     146.230 / 487.490     ms
[14650.316s][info][gc,stats    ]    Critical: GC Locker Stall                                   0 / 0                 0 / 0                 0 / 2                 0 / 2           ops/s
[14650.316s][info][gc,stats    ]    Critical: GC Locker Stall                               0.000 / 0.000         0.000 / 0.000         0.167 / 4.787         0.167 / 4.787       ms
[14650.316s][info][gc,stats    ]    Critical: Relocation Stall                                  0 / 0                 0 / 0                 0 / 103               0 / 103         ops/s
[14650.316s][info][gc,stats    ]    Critical: Relocation Stall                              0.000 / 0.000         0.000 / 0.000        14.882 / 62.172       14.882 / 62.172      ms
[14650.316s][info][gc,stats    ]      Memory: Allocation Rate                                   0 / 0                 0 / 0               476 / 2790            476 / 2790        MB/s
[14650.316s][info][gc,stats    ]      Memory: Out Of Memory                                     0 / 0                 0 / 0                 0 / 0                 0 / 0           ops/s
[14650.316s][info][gc,stats    ]      Memory: Page Cache Flush                                  0 / 0                 0 / 0                 0 / 258               0 / 258         MB/s
[14650.316s][info][gc,stats    ]      Memory: Page Cache Hit L1                                 0 / 0                 0 / 0               231 / 1336            231 / 1336        ops/s
[14650.316s][info][gc,stats    ]      Memory: Page Cache Hit L2                                 0 / 0                 0 / 0                 0 / 0                 0 / 0           ops/s
[14650.316s][info][gc,stats    ]      Memory: Page Cache Hit L3                                 0 / 0                 0 / 0                 0 / 1028              0 / 1028        ops/s
[14650.316s][info][gc,stats    ]      Memory: Page Cache Miss                                   0 / 0                 0 / 0                 0 / 12                0 / 12          ops/s
[14650.316s][info][gc,stats    ]      Memory: Uncommit                                          0 / 0                 0 / 0                 0 / 0                 0 / 0           MB/s
[14650.316s][info][gc,stats    ]      Memory: Undo Object Allocation Failed                     0 / 0                 0 / 0                 0 / 5                 0 / 5           ops/s
[14650.316s][info][gc,stats    ]      Memory: Undo Object Allocation Succeeded                  0 / 0                 0 / 0                16 / 6595             16 / 6595        ops/s
[14650.316s][info][gc,stats    ]      Memory: Undo Page Allocation                              0 / 0                 0 / 0                 0 / 676               0 / 676         ops/s
[14650.316s][info][gc,stats    ]       Phase: Concurrent Mark                               0.000 / 0.000         0.000 / 0.000       571.218 / 3424.228    571.218 / 3424.228    ms
[14650.316s][info][gc,stats    ]       Phase: Concurrent Mark Continue                      0.000 / 0.000         0.000 / 0.000         0.000 / 0.000         0.000 / 0.000       ms
[14650.316s][info][gc,stats    ]       Phase: Concurrent Mark Free                          0.000 / 0.000         0.000 / 0.000         1.118 / 305.339       1.118 / 305.339     ms
[14650.316s][info][gc,stats    ]       Phase: Concurrent Process Non-Strong References      0.000 / 0.000         0.000 / 0.000        69.335 / 18388.762    69.335 / 18388.762   ms
[14650.316s][info][gc,stats    ]       Phase: Concurrent Relocate                           0.000 / 0.000         0.000 / 0.000        11.475 / 64.108       11.475 / 64.108      ms
[14650.316s][info][gc,stats    ]       Phase: Concurrent Reset Relocation Set               0.000 / 0.000         0.000 / 0.000         0.212 / 0.968         0.212 / 0.968       ms
[14650.316s][info][gc,stats    ]       Phase: Concurrent Select Relocation Set              0.000 / 0.000         0.000 / 0.000         6.722 / 623.697       6.722 / 623.697     ms
[14650.316s][info][gc,stats    ]       Phase: Pause Mark End                                0.000 / 0.000         0.000 / 0.000         0.094 / 0.434         0.094 / 0.434       ms
[14650.316s][info][gc,stats    ]       Phase: Pause Mark Start                              0.000 / 0.000         0.000 / 0.000         0.023 / 0.223         0.023 / 0.223       ms
[14650.316s][info][gc,stats    ]       Phase: Pause Relocate Start                          0.000 / 0.000         0.000 / 0.000         0.045 / 0.309         0.045 / 0.309       ms
[14650.316s][info][gc,stats    ]    Subphase: Concurrent Classes Purge                      0.000 / 0.000         0.000 / 0.000         0.518 / 3.157         0.518 / 3.157       ms
[14650.316s][info][gc,stats    ]    Subphase: Concurrent Classes Unlink                     0.000 / 0.000         0.000 / 0.000        64.039 / 18382.834    64.039 / 18382.834   ms
[14650.316s][info][gc,stats    ]    Subphase: Concurrent Mark                               0.000 / 0.000         0.000 / 0.000       450.151 / 3398.532    450.151 / 3398.532    ms
[14650.316s][info][gc,stats    ]    Subphase: Concurrent Mark Try Flush                     0.000 / 0.000         0.000 / 0.000         1.565 / 934.939       1.565 / 934.939     ms
[14650.316s][info][gc,stats    ]    Subphase: Concurrent Mark Try Terminate                 0.000 / 0.000         0.000 / 0.000         1.072 / 934.940       1.072 / 934.940     ms
[14650.316s][info][gc,stats    ]    Subphase: Concurrent References Enqueue                 0.000 / 0.000         0.000 / 0.000         0.009 / 0.091         0.009 / 0.091       ms
[14650.316s][info][gc,stats    ]    Subphase: Concurrent References Process                 0.000 / 0.000         0.000 / 0.000         0.881 / 3.992         0.881 / 3.992       ms
[14650.316s][info][gc,stats    ]    Subphase: Concurrent Roots ClassLoaderDataGraph         0.000 / 0.000         0.000 / 0.000         0.833 / 3.889         0.833 / 3.889       ms
[14650.316s][info][gc,stats    ]    Subphase: Concurrent Roots CodeCache                    0.000 / 0.000         0.000 / 0.000         0.000 / 0.000         0.000 / 0.000       ms
[14650.316s][info][gc,stats    ]    Subphase: Concurrent Roots JavaThreads                  0.000 / 0.000         0.000 / 0.000         4.665 / 969.487       4.665 / 969.487     ms
[14650.316s][info][gc,stats    ]    Subphase: Concurrent Roots OopStorageSet                0.000 / 0.000         0.000 / 0.000         0.083 / 2.218         0.083 / 2.218       ms
[14650.316s][info][gc,stats    ]    Subphase: Concurrent Weak Roots OopStorageSet           0.000 / 0.000         0.000 / 0.000         1.501 / 13.633        1.501 / 13.633      ms
[14650.316s][info][gc,stats    ]    Subphase: Pause Mark Try Complete                       0.000 / 0.000         0.000 / 0.000         0.001 / 0.031         0.001 / 0.031       ms
[14650.317s][info][gc,stats    ]      System: Java Threads                                      0 / 0                 0 / 0              1929 / 4684           1929 / 4684        threads
[14650.317s][info][gc,stats    ] =========================================================================================================================================================
[14660.316s][info][gc,stats    ] === Garbage Collection Statistics =======================================================================================================================
[14660.316s][info][gc,stats    ]                                                              Last 10s              Last 10m              Last 10h                Total
[14660.316s][info][gc,stats    ]                                                              Avg / Max             Avg / Max             Avg / Max             Avg / Max
[14660.316s][info][gc,stats    ]   Collector: Garbage Collection Cycle                      0.000 / 0.000         0.000 / 0.000       665.978 / 19032.234   665.978 / 19032.234   ms
[14660.316s][info][gc,stats    ]  Contention: Mark Segment Reset Contention                     0 / 0                 0 / 0                 2 / 104               2 / 104         ops/s
[14660.316s][info][gc,stats    ]  Contention: Mark SeqNum Reset Contention                      0 / 0                 0 / 0                 0 / 7                 0 / 7           ops/s
[14660.316s][info][gc,stats    ]    Critical: Allocation Stall                                  0 / 0                 0 / 0                 0 / 827               0 / 827         ops/s
[14660.316s][info][gc,stats    ]    Critical: Allocation Stall                              0.000 / 0.000         0.000 / 0.000       146.230 / 487.490     146.230 / 487.490     ms
[14660.316s][info][gc,stats    ]    Critical: GC Locker Stall                                   0 / 0                 0 / 0                 0 / 2                 0 / 2           ops/s
[14660.316s][info][gc,stats    ]    Critical: GC Locker Stall                               0.000 / 0.000         0.000 / 0.000         0.167 / 4.787         0.167 / 4.787       ms
[14660.316s][info][gc,stats    ]    Critical: Relocation Stall                                  0 / 0                 0 / 0                 0 / 103               0 / 103         ops/s
[14660.316s][info][gc,stats    ]    Critical: Relocation Stall                              0.000 / 0.000         0.000 / 0.000        14.882 / 62.172       14.882 / 62.172      ms
[14660.316s][info][gc,stats    ]      Memory: Allocation Rate                                   0 / 0                 0 / 0               475 / 2790            475 / 2790        MB/s
[14660.316s][info][gc,stats    ]      Memory: Out Of Memory                                     0 / 0                 0 / 0                 0 / 0                 0 / 0           ops/s
[14660.316s][info][gc,stats    ]      Memory: Page Cache Flush                                  0 / 0                 0 / 0                 0 / 258               0 / 258         MB/s
[14660.316s][info][gc,stats    ]      Memory: Page Cache Hit L1                                 0 / 0                 0 / 0               231 / 1336            231 / 1336        ops/s
[14660.316s][info][gc,stats    ]      Memory: Page Cache Hit L2                                 0 / 0                 0 / 0                 0 / 0                 0 / 0           ops/s
[14660.316s][info][gc,stats    ]      Memory: Page Cache Hit L3                                 0 / 0                 0 / 0                 0 / 1028              0 / 1028        ops/s
[14660.316s][info][gc,stats    ]      Memory: Page Cache Miss                                   0 / 0                 0 / 0                 0 / 12                0 / 12          ops/s
[14660.316s][info][gc,stats    ]      Memory: Uncommit                                          0 / 0                 0 / 0                 0 / 0                 0 / 0           MB/s
[14660.316s][info][gc,stats    ]      Memory: Undo Object Allocation Failed                     0 / 0                 0 / 0                 0 / 5                 0 / 5           ops/s
[14660.316s][info][gc,stats    ]      Memory: Undo Object Allocation Succeeded                  0 / 0                 0 / 0                16 / 6595             16 / 6595        ops/s
[14660.316s][info][gc,stats    ]      Memory: Undo Page Allocation                              0 / 0                 0 / 0                 0 / 676               0 / 676         ops/s
[14660.316s][info][gc,stats    ]       Phase: Concurrent Mark                               0.000 / 0.000         0.000 / 0.000       571.218 / 3424.228    571.218 / 3424.228    ms
[14660.316s][info][gc,stats    ]       Phase: Concurrent Mark Continue                      0.000 / 0.000         0.000 / 0.000         0.000 / 0.000         0.000 / 0.000       ms
[14660.316s][info][gc,stats    ]       Phase: Concurrent Mark Free                          0.000 / 0.000         0.000 / 0.000         1.118 / 305.339       1.118 / 305.339     ms
[14660.316s][info][gc,stats    ]       Phase: Concurrent Process Non-Strong References      0.000 / 0.000         0.000 / 0.000        69.335 / 18388.762    69.335 / 18388.762   ms
[14660.316s][info][gc,stats    ]       Phase: Concurrent Relocate                           0.000 / 0.000         0.000 / 0.000        11.475 / 64.108       11.475 / 64.108      ms
[14660.316s][info][gc,stats    ]       Phase: Concurrent Reset Relocation Set               0.000 / 0.000         0.000 / 0.000         0.212 / 0.968         0.212 / 0.968       ms
[14660.316s][info][gc,stats    ]       Phase: Concurrent Select Relocation Set              0.000 / 0.000         0.000 / 0.000         6.722 / 623.697       6.722 / 623.697     ms
[14660.316s][info][gc,stats    ]       Phase: Pause Mark End                                0.000 / 0.000         0.000 / 0.000         0.094 / 0.434         0.094 / 0.434       ms
[14660.316s][info][gc,stats    ]       Phase: Pause Mark Start                              0.000 / 0.000         0.000 / 0.000         0.023 / 0.223         0.023 / 0.223       ms
[14660.316s][info][gc,stats    ]       Phase: Pause Relocate Start                          0.000 / 0.000         0.000 / 0.000         0.045 / 0.309         0.045 / 0.309       ms
[14660.316s][info][gc,stats    ]    Subphase: Concurrent Classes Purge                      0.000 / 0.000         0.000 / 0.000         0.518 / 3.157         0.518 / 3.157       ms
[14660.316s][info][gc,stats    ]    Subphase: Concurrent Classes Unlink                     0.000 / 0.000         0.000 / 0.000        64.039 / 18382.834    64.039 / 18382.834   ms
[14660.316s][info][gc,stats    ]    Subphase: Concurrent Mark                               0.000 / 0.000         0.000 / 0.000       450.151 / 3398.532    450.151 / 3398.532    ms
[14660.316s][info][gc,stats    ]    Subphase: Concurrent Mark Try Flush                     0.000 / 0.000         0.000 / 0.000         1.565 / 934.939       1.565 / 934.939     ms
[14660.316s][info][gc,stats    ]    Subphase: Concurrent Mark Try Terminate                 0.000 / 0.000         0.000 / 0.000         1.072 / 934.940       1.072 / 934.940     ms
[14660.316s][info][gc,stats    ]    Subphase: Concurrent References Enqueue                 0.000 / 0.000         0.000 / 0.000         0.009 / 0.091         0.009 / 0.091       ms
[14660.316s][info][gc,stats    ]    Subphase: Concurrent References Process                 0.000 / 0.000         0.000 / 0.000         0.881 / 3.992         0.881 / 3.992       ms
[14660.316s][info][gc,stats    ]    Subphase: Concurrent Roots ClassLoaderDataGraph         0.000 / 0.000         0.000 / 0.000         0.833 / 3.889         0.833 / 3.889       ms
[14660.316s][info][gc,stats    ]    Subphase: Concurrent Roots CodeCache                    0.000 / 0.000         0.000 / 0.000         0.000 / 0.000         0.000 / 0.000       ms
[14660.316s][info][gc,stats    ]    Subphase: Concurrent Roots JavaThreads                  0.000 / 0.000         0.000 / 0.000         4.665 / 969.487       4.665 / 969.487     ms
[14660.316s][info][gc,stats    ]    Subphase: Concurrent Roots OopStorageSet                0.000 / 0.000         0.000 / 0.000         0.083 / 2.218         0.083 / 2.218       ms
[14660.316s][info][gc,stats    ]    Subphase: Concurrent Weak Roots OopStorageSet           0.000 / 0.000         0.000 / 0.000         1.501 / 13.633        1.501 / 13.633      ms
[14660.316s][info][gc,stats    ]    Subphase: Pause Mark Try Complete                       0.000 / 0.000         0.000 / 0.000         0.001 / 0.031         0.001 / 0.031       ms
[14660.316s][info][gc,stats    ]      System: Java Threads                                      0 / 0                 0 / 0              1929 / 4684           1929 / 4684        threads
[14660.316s][info][gc,stats    ] =========================================================================================================================================================
[14670.315s][info][gc,stats    ] === Garbage Collection Statistics =======================================================================================================================
[14670.315s][info][gc,stats    ]                                                              Last 10s              Last 10m              Last 10h                Total
[14670.315s][info][gc,stats    ]                                                              Avg / Max             Avg / Max             Avg / Max             Avg / Max
[14670.315s][info][gc,stats    ]   Collector: Garbage Collection Cycle                      0.000 / 0.000         0.000 / 0.000       665.978 / 19032.234   665.978 / 19032.234   ms
[14670.315s][info][gc,stats    ]  Contention: Mark Segment Reset Contention                     0 / 0                 0 / 0                 2 / 104               2 / 104         ops/s
[14670.315s][info][gc,stats    ]  Contention: Mark SeqNum Reset Contention                      0 / 0                 0 / 0                 0 / 7                 0 / 7           ops/s
[14670.315s][info][gc,stats    ]    Critical: Allocation Stall                                  0 / 0                 0 / 0                 0 / 827               0 / 827         ops/s
[14670.315s][info][gc,stats    ]    Critical: Allocation Stall                              0.000 / 0.000         0.000 / 0.000       146.230 / 487.490     146.230 / 487.490     ms
[14670.315s][info][gc,stats    ]    Critical: GC Locker Stall                                   0 / 0                 0 / 0                 0 / 2                 0 / 2           ops/s
[14670.315s][info][gc,stats    ]    Critical: GC Locker Stall                               0.000 / 0.000         0.000 / 0.000         0.167 / 4.787         0.167 / 4.787       ms
[14670.315s][info][gc,stats    ]    Critical: Relocation Stall                                  0 / 0                 0 / 0                 0 / 103               0 / 103         ops/s
[14670.315s][info][gc,stats    ]    Critical: Relocation Stall                              0.000 / 0.000         0.000 / 0.000        14.882 / 62.172       14.882 / 62.172      ms
[14670.315s][info][gc,stats    ]      Memory: Allocation Rate                                   0 / 0                 0 / 0               475 / 2790            475 / 2790        MB/s
[14670.315s][info][gc,stats    ]      Memory: Out Of Memory                                     0 / 0                 0 / 0                 0 / 0                 0 / 0           ops/s
[14670.316s][info][gc,stats    ]      Memory: Page Cache Flush                                  0 / 0                 0 / 0                 0 / 258               0 / 258         MB/s
[14670.316s][info][gc,stats    ]      Memory: Page Cache Hit L1                                 0 / 0                 0 / 0               231 / 1336            231 / 1336        ops/s
[14670.316s][info][gc,stats    ]      Memory: Page Cache Hit L2                                 0 / 0                 0 / 0                 0 / 0                 0 / 0           ops/s
[14670.316s][info][gc,stats    ]      Memory: Page Cache Hit L3                                 0 / 0                 0 / 0                 0 / 1028              0 / 1028        ops/s
[14670.316s][info][gc,stats    ]      Memory: Page Cache Miss                                   0 / 0                 0 / 0                 0 / 12                0 / 12          ops/s
[14670.316s][info][gc,stats    ]      Memory: Uncommit                                          0 / 0                 0 / 0                 0 / 0                 0 / 0           MB/s
[14670.316s][info][gc,stats    ]      Memory: Undo Object Allocation Failed                     0 / 0                 0 / 0                 0 / 5                 0 / 5           ops/s
[14670.316s][info][gc,stats    ]      Memory: Undo Object Allocation Succeeded                  0 / 0                 0 / 0                16 / 6595             16 / 6595        ops/s
[14670.316s][info][gc,stats    ]      Memory: Undo Page Allocation                              0 / 0                 0 / 0                 0 / 676               0 / 676         ops/s
[14670.316s][info][gc,stats    ]       Phase: Concurrent Mark                               0.000 / 0.000         0.000 / 0.000       571.218 / 3424.228    571.218 / 3424.228    ms
[14670.316s][info][gc,stats    ]       Phase: Concurrent Mark Continue                      0.000 / 0.000         0.000 / 0.000         0.000 / 0.000         0.000 / 0.000       ms
[14670.316s][info][gc,stats    ]       Phase: Concurrent Mark Free                          0.000 / 0.000         0.000 / 0.000         1.118 / 305.339       1.118 / 305.339     ms
[14670.316s][info][gc,stats    ]       Phase: Concurrent Process Non-Strong References      0.000 / 0.000         0.000 / 0.000        69.335 / 18388.762    69.335 / 18388.762   ms
[14670.316s][info][gc,stats    ]       Phase: Concurrent Relocate                           0.000 / 0.000         0.000 / 0.000        11.475 / 64.108       11.475 / 64.108      ms
[14670.316s][info][gc,stats    ]       Phase: Concurrent Reset Relocation Set               0.000 / 0.000         0.000 / 0.000         0.212 / 0.968         0.212 / 0.968       ms
[14670.316s][info][gc,stats    ]       Phase: Concurrent Select Relocation Set              0.000 / 0.000         0.000 / 0.000         6.722 / 623.697       6.722 / 623.697     ms
[14670.316s][info][gc,stats    ]       Phase: Pause Mark End                                0.000 / 0.000         0.000 / 0.000         0.094 / 0.434         0.094 / 0.434       ms
[14670.316s][info][gc,stats    ]       Phase: Pause Mark Start                              0.000 / 0.000         0.000 / 0.000         0.023 / 0.223         0.023 / 0.223       ms
[14670.316s][info][gc,stats    ]       Phase: Pause Relocate Start                          0.000 / 0.000         0.000 / 0.000         0.045 / 0.309         0.045 / 0.309       ms
[14670.316s][info][gc,stats    ]    Subphase: Concurrent Classes Purge                      0.000 / 0.000         0.000 / 0.000         0.518 / 3.157         0.518 / 3.157       ms
[14670.316s][info][gc,stats    ]    Subphase: Concurrent Classes Unlink                     0.000 / 0.000         0.000 / 0.000        64.039 / 18382.834    64.039 / 18382.834   ms
[14670.316s][info][gc,stats    ]    Subphase: Concurrent Mark                               0.000 / 0.000         0.000 / 0.000       450.151 / 3398.532    450.151 / 3398.532    ms
[14670.316s][info][gc,stats    ]    Subphase: Concurrent Mark Try Flush                     0.000 / 0.000         0.000 / 0.000         1.565 / 934.939       1.565 / 934.939     ms
[14670.316s][info][gc,stats    ]    Subphase: Concurrent Mark Try Terminate                 0.000 / 0.000         0.000 / 0.000         1.072 / 934.940       1.072 / 934.940     ms
[14670.316s][info][gc,stats    ]    Subphase: Concurrent References Enqueue                 0.000 / 0.000         0.000 / 0.000         0.009 / 0.091         0.009 / 0.091       ms
[14670.316s][info][gc,stats    ]    Subphase: Concurrent References Process                 0.000 / 0.000         0.000 / 0.000         0.881 / 3.992         0.881 / 3.992       ms
[14670.316s][info][gc,stats    ]    Subphase: Concurrent Roots ClassLoaderDataGraph         0.000 / 0.000         0.000 / 0.000         0.833 / 3.889         0.833 / 3.889       ms
[14670.316s][info][gc,stats    ]    Subphase: Concurrent Roots CodeCache                    0.000 / 0.000         0.000 / 0.000         0.000 / 0.000         0.000 / 0.000       ms
[14670.316s][info][gc,stats    ]    Subphase: Concurrent Roots JavaThreads                  0.000 / 0.000         0.000 / 0.000         4.665 / 969.487       4.665 / 969.487     ms
[14670.316s][info][gc,stats    ]    Subphase: Concurrent Roots OopStorageSet                0.000 / 0.000         0.000 / 0.000         0.083 / 2.218         0.083 / 2.218       ms
[14670.316s][info][gc,stats    ]    Subphase: Concurrent Weak Roots OopStorageSet           0.000 / 0.000         0.000 / 0.000         1.501 / 13.633        1.501 / 13.633      ms
[14670.316s][info][gc,stats    ]    Subphase: Pause Mark Try Complete                       0.000 / 0.000         0.000 / 0.000         0.001 / 0.031         0.001 / 0.031       ms
[14670.316s][info][gc,stats    ]      System: Java Threads                                      0 / 0                 0 / 0              1929 / 4684           1929 / 4684        threads
[14670.316s][info][gc,stats    ] =========================================================================================================================================================
[14680.315s][info][gc,stats    ] === Garbage Collection Statistics =======================================================================================================================
[14680.315s][info][gc,stats    ]                                                              Last 10s              Last 10m              Last 10h                Total
[14680.315s][info][gc,stats    ]                                                              Avg / Max             Avg / Max             Avg / Max             Avg / Max
[14680.315s][info][gc,stats    ]   Collector: Garbage Collection Cycle                      0.000 / 0.000         0.000 / 0.000       665.978 / 19032.234   665.978 / 19032.234   ms
[14680.315s][info][gc,stats    ]  Contention: Mark Segment Reset Contention                     0 / 0                 0 / 0                 2 / 104               2 / 104         ops/s
[14680.315s][info][gc,stats    ]  Contention: Mark SeqNum Reset Contention                      0 / 0                 0 / 0                 0 / 7                 0 / 7           ops/s
[14680.315s][info][gc,stats    ]    Critical: Allocation Stall                                  0 / 0                 0 / 0                 0 / 827               0 / 827         ops/s
[14680.315s][info][gc,stats    ]    Critical: Allocation Stall                              0.000 / 0.000         0.000 / 0.000       146.230 / 487.490     146.230 / 487.490     ms
[14680.315s][info][gc,stats    ]    Critical: GC Locker Stall                                   0 / 0                 0 / 0                 0 / 2                 0 / 2           ops/s
[14680.315s][info][gc,stats    ]    Critical: GC Locker Stall                               0.000 / 0.000         0.000 / 0.000         0.167 / 4.787         0.167 / 4.787       ms
[14680.315s][info][gc,stats    ]    Critical: Relocation Stall                                  0 / 0                 0 / 0                 0 / 103               0 / 103         ops/s
[14680.315s][info][gc,stats    ]    Critical: Relocation Stall                              0.000 / 0.000         0.000 / 0.000        14.882 / 62.172       14.882 / 62.172      ms
[14680.315s][info][gc,stats    ]      Memory: Allocation Rate                                   0 / 0                 0 / 0               475 / 2790            475 / 2790        MB/s
[14680.315s][info][gc,stats    ]      Memory: Out Of Memory                                     0 / 0                 0 / 0                 0 / 0                 0 / 0           ops/s
[14680.315s][info][gc,stats    ]      Memory: Page Cache Flush                                  0 / 0                 0 / 0                 0 / 258               0 / 258         MB/s
[14680.315s][info][gc,stats    ]      Memory: Page Cache Hit L1                                 0 / 0                 0 / 0               231 / 1336            231 / 1336        ops/s
[14680.315s][info][gc,stats    ]      Memory: Page Cache Hit L2                                 0 / 0                 0 / 0                 0 / 0                 0 / 0           ops/s
[14680.315s][info][gc,stats    ]      Memory: Page Cache Hit L3                                 0 / 0                 0 / 0                 0 / 1028              0 / 1028        ops/s
[14680.315s][info][gc,stats    ]      Memory: Page Cache Miss                                   0 / 0                 0 / 0                 0 / 12                0 / 12          ops/s
[14680.315s][info][gc,stats    ]      Memory: Uncommit                                          0 / 0                 0 / 0                 0 / 0                 0 / 0           MB/s
[14680.315s][info][gc,stats    ]      Memory: Undo Object Allocation Failed                     0 / 0                 0 / 0                 0 / 5                 0 / 5           ops/s
[14680.315s][info][gc,stats    ]      Memory: Undo Object Allocation Succeeded                  0 / 0                 0 / 0                16 / 6595             16 / 6595        ops/s
[14680.315s][info][gc,stats    ]      Memory: Undo Page Allocation                              0 / 0                 0 / 0                 0 / 676               0 / 676         ops/s
[14680.315s][info][gc,stats    ]       Phase: Concurrent Mark                               0.000 / 0.000         0.000 / 0.000       571.218 / 3424.228    571.218 / 3424.228    ms
[14680.315s][info][gc,stats    ]       Phase: Concurrent Mark Continue                      0.000 / 0.000         0.000 / 0.000         0.000 / 0.000         0.000 / 0.000       ms
[14680.315s][info][gc,stats    ]       Phase: Concurrent Mark Free                          0.000 / 0.000         0.000 / 0.000         1.118 / 305.339       1.118 / 305.339     ms
[14680.315s][info][gc,stats    ]       Phase: Concurrent Process Non-Strong References      0.000 / 0.000         0.000 / 0.000        69.335 / 18388.762    69.335 / 18388.762   ms
[14680.315s][info][gc,stats    ]       Phase: Concurrent Relocate                           0.000 / 0.000         0.000 / 0.000        11.475 / 64.108       11.475 / 64.108      ms
[14680.315s][info][gc,stats    ]       Phase: Concurrent Reset Relocation Set               0.000 / 0.000         0.000 / 0.000         0.212 / 0.968         0.212 / 0.968       ms
[14680.315s][info][gc,stats    ]       Phase: Concurrent Select Relocation Set              0.000 / 0.000         0.000 / 0.000         6.722 / 623.697       6.722 / 623.697     ms
[14680.315s][info][gc,stats    ]       Phase: Pause Mark End                                0.000 / 0.000         0.000 / 0.000         0.094 / 0.434         0.094 / 0.434       ms
[14680.315s][info][gc,stats    ]       Phase: Pause Mark Start                              0.000 / 0.000         0.000 / 0.000         0.023 / 0.223         0.023 / 0.223       ms
[14680.316s][info][gc,stats    ]       Phase: Pause Relocate Start                          0.000 / 0.000         0.000 / 0.000         0.045 / 0.309         0.045 / 0.309       ms
[14680.316s][info][gc,stats    ]    Subphase: Concurrent Classes Purge                      0.000 / 0.000         0.000 / 0.000         0.518 / 3.157         0.518 / 3.157       ms
[14680.316s][info][gc,stats    ]    Subphase: Concurrent Classes Unlink                     0.000 / 0.000         0.000 / 0.000        64.039 / 18382.834    64.039 / 18382.834   ms
[14680.316s][info][gc,stats    ]    Subphase: Concurrent Mark                               0.000 / 0.000         0.000 / 0.000       450.151 / 3398.532    450.151 / 3398.532    ms
[14680.316s][info][gc,stats    ]    Subphase: Concurrent Mark Try Flush                     0.000 / 0.000         0.000 / 0.000         1.565 / 934.939       1.565 / 934.939     ms
[14680.316s][info][gc,stats    ]    Subphase: Concurrent Mark Try Terminate                 0.000 / 0.000         0.000 / 0.000         1.072 / 934.940       1.072 / 934.940     ms
[14680.316s][info][gc,stats    ]    Subphase: Concurrent References Enqueue                 0.000 / 0.000         0.000 / 0.000         0.009 / 0.091         0.009 / 0.091       ms
[14680.316s][info][gc,stats    ]    Subphase: Concurrent References Process                 0.000 / 0.000         0.000 / 0.000         0.881 / 3.992         0.881 / 3.992       ms
[14680.316s][info][gc,stats    ]    Subphase: Concurrent Roots ClassLoaderDataGraph         0.000 / 0.000         0.000 / 0.000         0.833 / 3.889         0.833 / 3.889       ms
[14680.316s][info][gc,stats    ]    Subphase: Concurrent Roots CodeCache                    0.000 / 0.000         0.000 / 0.000         0.000 / 0.000         0.000 / 0.000       ms
[14680.316s][info][gc,stats    ]    Subphase: Concurrent Roots JavaThreads                  0.000 / 0.000         0.000 / 0.000         4.665 / 969.487       4.665 / 969.487     ms
[14680.316s][info][gc,stats    ]    Subphase: Concurrent Roots OopStorageSet                0.000 / 0.000         0.000 / 0.000         0.083 / 2.218         0.083 / 2.218       ms
[14680.316s][info][gc,stats    ]    Subphase: Concurrent Weak Roots OopStorageSet           0.000 / 0.000         0.000 / 0.000         1.501 / 13.633        1.501 / 13.633      ms
[14680.316s][info][gc,stats    ]    Subphase: Pause Mark Try Complete                       0.000 / 0.000         0.000 / 0.000         0.001 / 0.031         0.001 / 0.031       ms
[14680.316s][info][gc,stats    ]      System: Java Threads                                      0 / 0                 0 / 0              1929 / 4684           1929 / 4684        threads
[14680.316s][info][gc,stats    ] =========================================================================================================================================================
[14690.316s][info][gc,stats    ] === Garbage Collection Statistics =======================================================================================================================
[14690.316s][info][gc,stats    ]                                                              Last 10s              Last 10m              Last 10h                Total
[14690.316s][info][gc,stats    ]                                                              Avg / Max             Avg / Max             Avg / Max             Avg / Max
[14690.316s][info][gc,stats    ]   Collector: Garbage Collection Cycle                      0.000 / 0.000         0.000 / 0.000       665.978 / 19032.234   665.978 / 19032.234   ms
[14690.316s][info][gc,stats    ]  Contention: Mark Segment Reset Contention                     0 / 0                 0 / 0                 2 / 104               2 / 104         ops/s
[14690.316s][info][gc,stats    ]  Contention: Mark SeqNum Reset Contention                      0 / 0                 0 / 0                 0 / 7                 0 / 7           ops/s
[14690.316s][info][gc,stats    ]    Critical: Allocation Stall                                  0 / 0                 0 / 0                 0 / 827               0 / 827         ops/s
[14690.316s][info][gc,stats    ]    Critical: Allocation Stall                              0.000 / 0.000         0.000 / 0.000       146.230 / 487.490     146.230 / 487.490     ms
[14690.316s][info][gc,stats    ]    Critical: GC Locker Stall                                   0 / 0                 0 / 0                 0 / 2                 0 / 2           ops/s
[14690.316s][info][gc,stats    ]    Critical: GC Locker Stall                               0.000 / 0.000         0.000 / 0.000         0.167 / 4.787         0.167 / 4.787       ms
[14690.316s][info][gc,stats    ]    Critical: Relocation Stall                                  0 / 0                 0 / 0                 0 / 103               0 / 103         ops/s
[14690.316s][info][gc,stats    ]    Critical: Relocation Stall                              0.000 / 0.000         0.000 / 0.000        14.882 / 62.172       14.882 / 62.172      ms
[14690.316s][info][gc,stats    ]      Memory: Allocation Rate                                   0 / 0                 0 / 0               474 / 2790            474 / 2790        MB/s
[14690.316s][info][gc,stats    ]      Memory: Out Of Memory                                     0 / 0                 0 / 0                 0 / 0                 0 / 0           ops/s
[14690.316s][info][gc,stats    ]      Memory: Page Cache Flush                                  0 / 0                 0 / 0                 0 / 258               0 / 258         MB/s
[14690.316s][info][gc,stats    ]      Memory: Page Cache Hit L1                                 0 / 0                 0 / 0               231 / 1336            231 / 1336        ops/s
[14690.316s][info][gc,stats    ]      Memory: Page Cache Hit L2                                 0 / 0                 0 / 0                 0 / 0                 0 / 0           ops/s
[14690.316s][info][gc,stats    ]      Memory: Page Cache Hit L3                                 0 / 0                 0 / 0                 0 / 1028              0 / 1028        ops/s
[14690.316s][info][gc,stats    ]      Memory: Page Cache Miss                                   0 / 0                 0 / 0                 0 / 12                0 / 12          ops/s
[14690.316s][info][gc,stats    ]      Memory: Uncommit                                          0 / 0                 0 / 0                 0 / 0                 0 / 0           MB/s
[14690.316s][info][gc,stats    ]      Memory: Undo Object Allocation Failed                     0 / 0                 0 / 0                 0 / 5                 0 / 5           ops/s
[14690.316s][info][gc,stats    ]      Memory: Undo Object Allocation Succeeded                  0 / 0                 0 / 0                16 / 6595             16 / 6595        ops/s
[14690.316s][info][gc,stats    ]      Memory: Undo Page Allocation                              0 / 0                 0 / 0                 0 / 676               0 / 676         ops/s
[14690.316s][info][gc,stats    ]       Phase: Concurrent Mark                               0.000 / 0.000         0.000 / 0.000       571.218 / 3424.228    571.218 / 3424.228    ms
[14690.316s][info][gc,stats    ]       Phase: Concurrent Mark Continue                      0.000 / 0.000         0.000 / 0.000         0.000 / 0.000         0.000 / 0.000       ms
[14690.316s][info][gc,stats    ]       Phase: Concurrent Mark Free                          0.000 / 0.000         0.000 / 0.000         1.118 / 305.339       1.118 / 305.339     ms
[14690.316s][info][gc,stats    ]       Phase: Concurrent Process Non-Strong References      0.000 / 0.000         0.000 / 0.000        69.335 / 18388.762    69.335 / 18388.762   ms
[14690.316s][info][gc,stats    ]       Phase: Concurrent Relocate                           0.000 / 0.000         0.000 / 0.000        11.475 / 64.108       11.475 / 64.108      ms
[14690.316s][info][gc,stats    ]       Phase: Concurrent Reset Relocation Set               0.000 / 0.000         0.000 / 0.000         0.212 / 0.968         0.212 / 0.968       ms
[14690.316s][info][gc,stats    ]       Phase: Concurrent Select Relocation Set              0.000 / 0.000         0.000 / 0.000         6.722 / 623.697       6.722 / 623.697     ms
[14690.316s][info][gc,stats    ]       Phase: Pause Mark End                                0.000 / 0.000         0.000 / 0.000         0.094 / 0.434         0.094 / 0.434       ms
[14690.316s][info][gc,stats    ]       Phase: Pause Mark Start                              0.000 / 0.000         0.000 / 0.000         0.023 / 0.223         0.023 / 0.223       ms
[14690.316s][info][gc,stats    ]       Phase: Pause Relocate Start                          0.000 / 0.000         0.000 / 0.000         0.045 / 0.309         0.045 / 0.309       ms
[14690.316s][info][gc,stats    ]    Subphase: Concurrent Classes Purge                      0.000 / 0.000         0.000 / 0.000         0.518 / 3.157         0.518 / 3.157       ms
[14690.316s][info][gc,stats    ]    Subphase: Concurrent Classes Unlink                     0.000 / 0.000         0.000 / 0.000        64.039 / 18382.834    64.039 / 18382.834   ms
[14690.316s][info][gc,stats    ]    Subphase: Concurrent Mark                               0.000 / 0.000         0.000 / 0.000       450.151 / 3398.532    450.151 / 3398.532    ms
[14690.316s][info][gc,stats    ]    Subphase: Concurrent Mark Try Flush                     0.000 / 0.000         0.000 / 0.000         1.565 / 934.939       1.565 / 934.939     ms
[14690.316s][info][gc,stats    ]    Subphase: Concurrent Mark Try Terminate                 0.000 / 0.000         0.000 / 0.000         1.072 / 934.940       1.072 / 934.940     ms
[14690.316s][info][gc,stats    ]    Subphase: Concurrent References Enqueue                 0.000 / 0.000         0.000 / 0.000         0.009 / 0.091         0.009 / 0.091       ms
[14690.316s][info][gc,stats    ]    Subphase: Concurrent References Process                 0.000 / 0.000         0.000 / 0.000         0.881 / 3.992         0.881 / 3.992       ms
[14690.317s][info][gc,stats    ]    Subphase: Concurrent Roots ClassLoaderDataGraph         0.000 / 0.000         0.000 / 0.000         0.833 / 3.889         0.833 / 3.889       ms
[14690.317s][info][gc,stats    ]    Subphase: Concurrent Roots CodeCache                    0.000 / 0.000         0.000 / 0.000         0.000 / 0.000         0.000 / 0.000       ms
[14690.317s][info][gc,stats    ]    Subphase: Concurrent Roots JavaThreads                  0.000 / 0.000         0.000 / 0.000         4.665 / 969.487       4.665 / 969.487     ms
[14690.317s][info][gc,stats    ]    Subphase: Concurrent Roots OopStorageSet                0.000 / 0.000         0.000 / 0.000         0.083 / 2.218         0.083 / 2.218       ms
[14690.317s][info][gc,stats    ]    Subphase: Concurrent Weak Roots OopStorageSet           0.000 / 0.000         0.000 / 0.000         1.501 / 13.633        1.501 / 13.633      ms
[14690.317s][info][gc,stats    ]    Subphase: Pause Mark Try Complete                       0.000 / 0.000         0.000 / 0.000         0.001 / 0.031         0.001 / 0.031       ms
[14690.317s][info][gc,stats    ]      System: Java Threads                                      0 / 0                 0 / 0              1929 / 4684           1929 / 4684        threads
[14690.317s][info][gc,stats    ] =========================================================================================================================================================
[14700.316s][info][gc,stats    ] === Garbage Collection Statistics =======================================================================================================================
[14700.316s][info][gc,stats    ]                                                              Last 10s              Last 10m              Last 10h                Total
[14700.316s][info][gc,stats    ]                                                              Avg / Max             Avg / Max             Avg / Max             Avg / Max
[14700.316s][info][gc,stats    ]   Collector: Garbage Collection Cycle                      0.000 / 0.000         0.000 / 0.000       665.978 / 19032.234   665.978 / 19032.234   ms
[14700.316s][info][gc,stats    ]  Contention: Mark Segment Reset Contention                     0 / 0                 0 / 0                 2 / 104               2 / 104         ops/s
[14700.316s][info][gc,stats    ]  Contention: Mark SeqNum Reset Contention                      0 / 0                 0 / 0                 0 / 7                 0 / 7           ops/s
[14700.316s][info][gc,stats    ]    Critical: Allocation Stall                                  0 / 0                 0 / 0                 0 / 827               0 / 827         ops/s
[14700.316s][info][gc,stats    ]    Critical: Allocation Stall                              0.000 / 0.000         0.000 / 0.000       146.230 / 487.490     146.230 / 487.490     ms
[14700.316s][info][gc,stats    ]    Critical: GC Locker Stall                                   0 / 0                 0 / 0                 0 / 2                 0 / 2           ops/s
[14700.316s][info][gc,stats    ]    Critical: GC Locker Stall                               0.000 / 0.000         0.000 / 0.000         0.167 / 4.787         0.167 / 4.787       ms
[14700.316s][info][gc,stats    ]    Critical: Relocation Stall                                  0 / 0                 0 / 0                 0 / 103               0 / 103         ops/s
[14700.316s][info][gc,stats    ]    Critical: Relocation Stall                              0.000 / 0.000         0.000 / 0.000        14.882 / 62.172       14.882 / 62.172      ms
[14700.316s][info][gc,stats    ]      Memory: Allocation Rate                                   0 / 0                 0 / 0               474 / 2790            474 / 2790        MB/s
[14700.316s][info][gc,stats    ]      Memory: Out Of Memory                                     0 / 0                 0 / 0                 0 / 0                 0 / 0           ops/s
[14700.316s][info][gc,stats    ]      Memory: Page Cache Flush                                  0 / 0                 0 / 0                 0 / 258               0 / 258         MB/s
[14700.316s][info][gc,stats    ]      Memory: Page Cache Hit L1                                 0 / 0                 0 / 0               231 / 1336            231 / 1336        ops/s
[14700.316s][info][gc,stats    ]      Memory: Page Cache Hit L2                                 0 / 0                 0 / 0                 0 / 0                 0 / 0           ops/s
[14700.316s][info][gc,stats    ]      Memory: Page Cache Hit L3                                 0 / 0                 0 / 0                 0 / 1028              0 / 1028        ops/s
[14700.316s][info][gc,stats    ]      Memory: Page Cache Miss                                   0 / 0                 0 / 0                 0 / 12                0 / 12          ops/s
[14700.316s][info][gc,stats    ]      Memory: Uncommit                                          0 / 0                 0 / 0                 0 / 0                 0 / 0           MB/s
[14700.316s][info][gc,stats    ]      Memory: Undo Object Allocation Failed                     0 / 0                 0 / 0                 0 / 5                 0 / 5           ops/s
[14700.316s][info][gc,stats    ]      Memory: Undo Object Allocation Succeeded                  0 / 0                 0 / 0                16 / 6595             16 / 6595        ops/s
[14700.316s][info][gc,stats    ]      Memory: Undo Page Allocation                              0 / 0                 0 / 0                 0 / 676               0 / 676         ops/s
[14700.316s][info][gc,stats    ]       Phase: Concurrent Mark                               0.000 / 0.000         0.000 / 0.000       571.218 / 3424.228    571.218 / 3424.228    ms
[14700.316s][info][gc,stats    ]       Phase: Concurrent Mark Continue                      0.000 / 0.000         0.000 / 0.000         0.000 / 0.000         0.000 / 0.000       ms
[14700.316s][info][gc,stats    ]       Phase: Concurrent Mark Free                          0.000 / 0.000         0.000 / 0.000         1.118 / 305.339       1.118 / 305.339     ms
[14700.316s][info][gc,stats    ]       Phase: Concurrent Process Non-Strong References      0.000 / 0.000         0.000 / 0.000        69.335 / 18388.762    69.335 / 18388.762   ms
[14700.316s][info][gc,stats    ]       Phase: Concurrent Relocate                           0.000 / 0.000         0.000 / 0.000        11.475 / 64.108       11.475 / 64.108      ms
[14700.316s][info][gc,stats    ]       Phase: Concurrent Reset Relocation Set               0.000 / 0.000         0.000 / 0.000         0.212 / 0.968         0.212 / 0.968       ms
[14700.316s][info][gc,stats    ]       Phase: Concurrent Select Relocation Set              0.000 / 0.000         0.000 / 0.000         6.722 / 623.697       6.722 / 623.697     ms
[14700.316s][info][gc,stats    ]       Phase: Pause Mark End                                0.000 / 0.000         0.000 / 0.000         0.094 / 0.434         0.094 / 0.434       ms
[14700.316s][info][gc,stats    ]       Phase: Pause Mark Start                              0.000 / 0.000         0.000 / 0.000         0.023 / 0.223         0.023 / 0.223       ms
[14700.316s][info][gc,stats    ]       Phase: Pause Relocate Start                          0.000 / 0.000         0.000 / 0.000         0.045 / 0.309         0.045 / 0.309       ms
[14700.316s][info][gc,stats    ]    Subphase: Concurrent Classes Purge                      0.000 / 0.000         0.000 / 0.000         0.518 / 3.157         0.518 / 3.157       ms
[14700.316s][info][gc,stats    ]    Subphase: Concurrent Classes Unlink                     0.000 / 0.000         0.000 / 0.000        64.039 / 18382.834    64.039 / 18382.834   ms
[14700.316s][info][gc,stats    ]    Subphase: Concurrent Mark                               0.000 / 0.000         0.000 / 0.000       450.151 / 3398.532    450.151 / 3398.532    ms
[14700.316s][info][gc,stats    ]    Subphase: Concurrent Mark Try Flush                     0.000 / 0.000         0.000 / 0.000         1.565 / 934.939       1.565 / 934.939     ms
[14700.316s][info][gc,stats    ]    Subphase: Concurrent Mark Try Terminate                 0.000 / 0.000         0.000 / 0.000         1.072 / 934.940       1.072 / 934.940     ms
[14700.316s][info][gc,stats    ]    Subphase: Concurrent References Enqueue                 0.000 / 0.000         0.000 / 0.000         0.009 / 0.091         0.009 / 0.091       ms
[14700.316s][info][gc,stats    ]    Subphase: Concurrent References Process                 0.000 / 0.000         0.000 / 0.000         0.881 / 3.992         0.881 / 3.992       ms
[14700.316s][info][gc,stats    ]    Subphase: Concurrent Roots ClassLoaderDataGraph         0.000 / 0.000         0.000 / 0.000         0.833 / 3.889         0.833 / 3.889       ms
[14700.316s][info][gc,stats    ]    Subphase: Concurrent Roots CodeCache                    0.000 / 0.000         0.000 / 0.000         0.000 / 0.000         0.000 / 0.000       ms
[14700.316s][info][gc,stats    ]    Subphase: Concurrent Roots JavaThreads                  0.000 / 0.000         0.000 / 0.000         4.665 / 969.487       4.665 / 969.487     ms
[14700.316s][info][gc,stats    ]    Subphase: Concurrent Roots OopStorageSet                0.000 / 0.000         0.000 / 0.000         0.083 / 2.218         0.083 / 2.218       ms
[14700.316s][info][gc,stats    ]    Subphase: Concurrent Weak Roots OopStorageSet           0.000 / 0.000         0.000 / 0.000         1.501 / 13.633        1.501 / 13.633      ms
[14700.316s][info][gc,stats    ]    Subphase: Pause Mark Try Complete                       0.000 / 0.000         0.000 / 0.000         0.001 / 0.031         0.001 / 0.031       ms
[14700.316s][info][gc,stats    ]      System: Java Threads                                      0 / 0                 0 / 0              1929 / 4684           1929 / 4684        threads
[14700.316s][info][gc,stats    ] =========================================================================================================================================================
[14710.315s][info][gc,stats    ] === Garbage Collection Statistics =======================================================================================================================
[14710.315s][info][gc,stats    ]                                                              Last 10s              Last 10m              Last 10h                Total
[14710.315s][info][gc,stats    ]                                                              Avg / Max             Avg / Max             Avg / Max             Avg / Max
[14710.315s][info][gc,stats    ]   Collector: Garbage Collection Cycle                      0.000 / 0.000         0.000 / 0.000       665.978 / 19032.234   665.978 / 19032.234   ms
[14710.315s][info][gc,stats    ]  Contention: Mark Segment Reset Contention                     0 / 0                 0 / 0                 2 / 104               2 / 104         ops/s
[14710.315s][info][gc,stats    ]  Contention: Mark SeqNum Reset Contention                      0 / 0                 0 / 0                 0 / 7                 0 / 7           ops/s
[14710.315s][info][gc,stats    ]    Critical: Allocation Stall                                  0 / 0                 0 / 0                 0 / 827               0 / 827         ops/s
[14710.315s][info][gc,stats    ]    Critical: Allocation Stall                              0.000 / 0.000         0.000 / 0.000       146.230 / 487.490     146.230 / 487.490     ms
[14710.315s][info][gc,stats    ]    Critical: GC Locker Stall                                   0 / 0                 0 / 0                 0 / 2                 0 / 2           ops/s
[14710.315s][info][gc,stats    ]    Critical: GC Locker Stall                               0.000 / 0.000         0.000 / 0.000         0.167 / 4.787         0.167 / 4.787       ms
[14710.315s][info][gc,stats    ]    Critical: Relocation Stall                                  0 / 0                 0 / 0                 0 / 103               0 / 103         ops/s
[14710.315s][info][gc,stats    ]    Critical: Relocation Stall                              0.000 / 0.000         0.000 / 0.000        14.882 / 62.172       14.882 / 62.172      ms
[14710.315s][info][gc,stats    ]      Memory: Allocation Rate                                   0 / 0                 0 / 0               474 / 2790            474 / 2790        MB/s
[14710.315s][info][gc,stats    ]      Memory: Out Of Memory                                     0 / 0                 0 / 0                 0 / 0                 0 / 0           ops/s
[14710.315s][info][gc,stats    ]      Memory: Page Cache Flush                                  0 / 0                 0 / 0                 0 / 258               0 / 258         MB/s
[14710.315s][info][gc,stats    ]      Memory: Page Cache Hit L1                                 0 / 0                 0 / 0               231 / 1336            231 / 1336        ops/s
[14710.315s][info][gc,stats    ]      Memory: Page Cache Hit L2                                 0 / 0                 0 / 0                 0 / 0                 0 / 0           ops/s
[14710.315s][info][gc,stats    ]      Memory: Page Cache Hit L3                                 0 / 0                 0 / 0                 0 / 1028              0 / 1028        ops/s
[14710.315s][info][gc,stats    ]      Memory: Page Cache Miss                                   0 / 0                 0 / 0                 0 / 12                0 / 12          ops/s
[14710.315s][info][gc,stats    ]      Memory: Uncommit                                          0 / 0                 0 / 0                 0 / 0                 0 / 0           MB/s
[14710.315s][info][gc,stats    ]      Memory: Undo Object Allocation Failed                     0 / 0                 0 / 0                 0 / 5                 0 / 5           ops/s
[14710.315s][info][gc,stats    ]      Memory: Undo Object Allocation Succeeded                  0 / 0                 0 / 0                16 / 6595             16 / 6595        ops/s
[14710.315s][info][gc,stats    ]      Memory: Undo Page Allocation                              0 / 0                 0 / 0                 0 / 676               0 / 676         ops/s
[14710.315s][info][gc,stats    ]       Phase: Concurrent Mark                               0.000 / 0.000         0.000 / 0.000       571.218 / 3424.228    571.218 / 3424.228    ms
[14710.315s][info][gc,stats    ]       Phase: Concurrent Mark Continue                      0.000 / 0.000         0.000 / 0.000         0.000 / 0.000         0.000 / 0.000       ms
[14710.316s][info][gc,stats    ]       Phase: Concurrent Mark Free                          0.000 / 0.000         0.000 / 0.000         1.118 / 305.339       1.118 / 305.339     ms
[14710.316s][info][gc,stats    ]       Phase: Concurrent Process Non-Strong References      0.000 / 0.000         0.000 / 0.000        69.335 / 18388.762    69.335 / 18388.762   ms
[14710.316s][info][gc,stats    ]       Phase: Concurrent Relocate                           0.000 / 0.000         0.000 / 0.000        11.475 / 64.108       11.475 / 64.108      ms
[14710.316s][info][gc,stats    ]       Phase: Concurrent Reset Relocation Set               0.000 / 0.000         0.000 / 0.000         0.212 / 0.968         0.212 / 0.968       ms
[14710.316s][info][gc,stats    ]       Phase: Concurrent Select Relocation Set              0.000 / 0.000         0.000 / 0.000         6.722 / 623.697       6.722 / 623.697     ms
[14710.316s][info][gc,stats    ]       Phase: Pause Mark End                                0.000 / 0.000         0.000 / 0.000         0.094 / 0.434         0.094 / 0.434       ms
[14710.316s][info][gc,stats    ]       Phase: Pause Mark Start                              0.000 / 0.000         0.000 / 0.000         0.023 / 0.223         0.023 / 0.223       ms
[14710.316s][info][gc,stats    ]       Phase: Pause Relocate Start                          0.000 / 0.000         0.000 / 0.000         0.045 / 0.309         0.045 / 0.309       ms
[14710.316s][info][gc,stats    ]    Subphase: Concurrent Classes Purge                      0.000 / 0.000         0.000 / 0.000         0.518 / 3.157         0.518 / 3.157       ms
[14710.316s][info][gc,stats    ]    Subphase: Concurrent Classes Unlink                     0.000 / 0.000         0.000 / 0.000        64.039 / 18382.834    64.039 / 18382.834   ms
[14710.316s][info][gc,stats    ]    Subphase: Concurrent Mark                               0.000 / 0.000         0.000 / 0.000       450.151 / 3398.532    450.151 / 3398.532    ms
[14710.316s][info][gc,stats    ]    Subphase: Concurrent Mark Try Flush                     0.000 / 0.000         0.000 / 0.000         1.565 / 934.939       1.565 / 934.939     ms
[14710.316s][info][gc,stats    ]    Subphase: Concurrent Mark Try Terminate                 0.000 / 0.000         0.000 / 0.000         1.072 / 934.940       1.072 / 934.940     ms
[14710.316s][info][gc,stats    ]    Subphase: Concurrent References Enqueue                 0.000 / 0.000         0.000 / 0.000         0.009 / 0.091         0.009 / 0.091       ms
[14710.316s][info][gc,stats    ]    Subphase: Concurrent References Process                 0.000 / 0.000         0.000 / 0.000         0.881 / 3.992         0.881 / 3.992       ms
[14710.316s][info][gc,stats    ]    Subphase: Concurrent Roots ClassLoaderDataGraph         0.000 / 0.000         0.000 / 0.000         0.833 / 3.889         0.833 / 3.889       ms
[14710.316s][info][gc,stats    ]    Subphase: Concurrent Roots CodeCache                    0.000 / 0.000         0.000 / 0.000         0.000 / 0.000         0.000 / 0.000       ms
[14710.316s][info][gc,stats    ]    Subphase: Concurrent Roots JavaThreads                  0.000 / 0.000         0.000 / 0.000         4.665 / 969.487       4.665 / 969.487     ms
[14710.316s][info][gc,stats    ]    Subphase: Concurrent Roots OopStorageSet                0.000 / 0.000         0.000 / 0.000         0.083 / 2.218         0.083 / 2.218       ms
[14710.316s][info][gc,stats    ]    Subphase: Concurrent Weak Roots OopStorageSet           0.000 / 0.000         0.000 / 0.000         1.501 / 13.633        1.501 / 13.633      ms
[14710.316s][info][gc,stats    ]    Subphase: Pause Mark Try Complete                       0.000 / 0.000         0.000 / 0.000         0.001 / 0.031         0.001 / 0.031       ms
[14710.316s][info][gc,stats    ]      System: Java Threads                                      0 / 0                 0 / 0              1929 / 4684           1929 / 4684        threads
[14710.316s][info][gc,stats    ] =========================================================================================================================================================
[14720.316s][info][gc,stats    ] === Garbage Collection Statistics =======================================================================================================================
[14720.316s][info][gc,stats    ]                                                              Last 10s              Last 10m              Last 10h                Total
[14720.316s][info][gc,stats    ]                                                              Avg / Max             Avg / Max             Avg / Max             Avg / Max
[14720.316s][info][gc,stats    ]   Collector: Garbage Collection Cycle                      0.000 / 0.000         0.000 / 0.000       665.978 / 19032.234   665.978 / 19032.234   ms
[14720.316s][info][gc,stats    ]  Contention: Mark Segment Reset Contention                     0 / 0                 0 / 0                 2 / 104               2 / 104         ops/s
[14720.316s][info][gc,stats    ]  Contention: Mark SeqNum Reset Contention                      0 / 0                 0 / 0                 0 / 7                 0 / 7           ops/s
[14720.316s][info][gc,stats    ]    Critical: Allocation Stall                                  0 / 0                 0 / 0                 0 / 827               0 / 827         ops/s
[14720.316s][info][gc,stats    ]    Critical: Allocation Stall                              0.000 / 0.000         0.000 / 0.000       146.230 / 487.490     146.230 / 487.490     ms
[14720.316s][info][gc,stats    ]    Critical: GC Locker Stall                                   0 / 0                 0 / 0                 0 / 2                 0 / 2           ops/s
[14720.316s][info][gc,stats    ]    Critical: GC Locker Stall                               0.000 / 0.000         0.000 / 0.000         0.167 / 4.787         0.167 / 4.787       ms
[14720.316s][info][gc,stats    ]    Critical: Relocation Stall                                  0 / 0                 0 / 0                 0 / 103               0 / 103         ops/s
[14720.316s][info][gc,stats    ]    Critical: Relocation Stall                              0.000 / 0.000         0.000 / 0.000        14.882 / 62.172       14.882 / 62.172      ms
[14720.316s][info][gc,stats    ]      Memory: Allocation Rate                                   0 / 0                 0 / 0               474 / 2790            474 / 2790        MB/s
[14720.316s][info][gc,stats    ]      Memory: Out Of Memory                                     0 / 0                 0 / 0                 0 / 0                 0 / 0           ops/s
[14720.316s][info][gc,stats    ]      Memory: Page Cache Flush                                  0 / 0                 0 / 0                 0 / 258               0 / 258         MB/s
[14720.316s][info][gc,stats    ]      Memory: Page Cache Hit L1                                 0 / 0                 0 / 0               230 / 1336            230 / 1336        ops/s
[14720.316s][info][gc,stats    ]      Memory: Page Cache Hit L2                                 0 / 0                 0 / 0                 0 / 0                 0 / 0           ops/s
[14720.316s][info][gc,stats    ]      Memory: Page Cache Hit L3                                 0 / 0                 0 / 0                 0 / 1028              0 / 1028        ops/s
[14720.316s][info][gc,stats    ]      Memory: Page Cache Miss                                   0 / 0                 0 / 0                 0 / 12                0 / 12          ops/s
[14720.316s][info][gc,stats    ]      Memory: Uncommit                                          0 / 0                 0 / 0                 0 / 0                 0 / 0           MB/s
[14720.316s][info][gc,stats    ]      Memory: Undo Object Allocation Failed                     0 / 0                 0 / 0                 0 / 5                 0 / 5           ops/s
[14720.316s][info][gc,stats    ]      Memory: Undo Object Allocation Succeeded                  0 / 0                 0 / 0                16 / 6595             16 / 6595        ops/s
[14720.316s][info][gc,stats    ]      Memory: Undo Page Allocation                              0 / 0                 0 / 0                 0 / 676               0 / 676         ops/s
[14720.316s][info][gc,stats    ]       Phase: Concurrent Mark                               0.000 / 0.000         0.000 / 0.000       571.218 / 3424.228    571.218 / 3424.228    ms
[14720.316s][info][gc,stats    ]       Phase: Concurrent Mark Continue                      0.000 / 0.000         0.000 / 0.000         0.000 / 0.000         0.000 / 0.000       ms
[14720.316s][info][gc,stats    ]       Phase: Concurrent Mark Free                          0.000 / 0.000         0.000 / 0.000         1.118 / 305.339       1.118 / 305.339     ms
[14720.316s][info][gc,stats    ]       Phase: Concurrent Process Non-Strong References      0.000 / 0.000         0.000 / 0.000        69.335 / 18388.762    69.335 / 18388.762   ms
[14720.316s][info][gc,stats    ]       Phase: Concurrent Relocate                           0.000 / 0.000         0.000 / 0.000        11.475 / 64.108       11.475 / 64.108      ms
[14720.316s][info][gc,stats    ]       Phase: Concurrent Reset Relocation Set               0.000 / 0.000         0.000 / 0.000         0.212 / 0.968         0.212 / 0.968       ms
[14720.316s][info][gc,stats    ]       Phase: Concurrent Select Relocation Set              0.000 / 0.000         0.000 / 0.000         6.722 / 623.697       6.722 / 623.697     ms
[14720.316s][info][gc,stats    ]       Phase: Pause Mark End                                0.000 / 0.000         0.000 / 0.000         0.094 / 0.434         0.094 / 0.434       ms
[14720.316s][info][gc,stats    ]       Phase: Pause Mark Start                              0.000 / 0.000         0.000 / 0.000         0.023 / 0.223         0.023 / 0.223       ms
[14720.316s][info][gc,stats    ]       Phase: Pause Relocate Start                          0.000 / 0.000         0.000 / 0.000         0.045 / 0.309         0.045 / 0.309       ms
[14720.316s][info][gc,stats    ]    Subphase: Concurrent Classes Purge                      0.000 / 0.000         0.000 / 0.000         0.518 / 3.157         0.518 / 3.157       ms
[14720.316s][info][gc,stats    ]    Subphase: Concurrent Classes Unlink                     0.000 / 0.000         0.000 / 0.000        64.039 / 18382.834    64.039 / 18382.834   ms
[14720.316s][info][gc,stats    ]    Subphase: Concurrent Mark                               0.000 / 0.000         0.000 / 0.000       450.151 / 3398.532    450.151 / 3398.532    ms
[14720.316s][info][gc,stats    ]    Subphase: Concurrent Mark Try Flush                     0.000 / 0.000         0.000 / 0.000         1.565 / 934.939       1.565 / 934.939     ms
[14720.316s][info][gc,stats    ]    Subphase: Concurrent Mark Try Terminate                 0.000 / 0.000         0.000 / 0.000         1.072 / 934.940       1.072 / 934.940     ms
[14720.316s][info][gc,stats    ]    Subphase: Concurrent References Enqueue                 0.000 / 0.000         0.000 / 0.000         0.009 / 0.091         0.009 / 0.091       ms
[14720.316s][info][gc,stats    ]    Subphase: Concurrent References Process                 0.000 / 0.000         0.000 / 0.000         0.881 / 3.992         0.881 / 3.992       ms
[14720.316s][info][gc,stats    ]    Subphase: Concurrent Roots ClassLoaderDataGraph         0.000 / 0.000         0.000 / 0.000         0.833 / 3.889         0.833 / 3.889       ms
[14720.316s][info][gc,stats    ]    Subphase: Concurrent Roots CodeCache                    0.000 / 0.000         0.000 / 0.000         0.000 / 0.000         0.000 / 0.000       ms
[14720.316s][info][gc,stats    ]    Subphase: Concurrent Roots JavaThreads                  0.000 / 0.000         0.000 / 0.000         4.665 / 969.487       4.665 / 969.487     ms
[14720.316s][info][gc,stats    ]    Subphase: Concurrent Roots OopStorageSet                0.000 / 0.000         0.000 / 0.000         0.083 / 2.218         0.083 / 2.218       ms
[14720.316s][info][gc,stats    ]    Subphase: Concurrent Weak Roots OopStorageSet           0.000 / 0.000         0.000 / 0.000         1.501 / 13.633        1.501 / 13.633      ms
[14720.316s][info][gc,stats    ]    Subphase: Pause Mark Try Complete                       0.000 / 0.000         0.000 / 0.000         0.001 / 0.031         0.001 / 0.031       ms
[14720.316s][info][gc,stats    ]      System: Java Threads                                      0 / 0                 0 / 0              1929 / 4684           1929 / 4684        threads
[14720.316s][info][gc,stats    ] =========================================================================================================================================================
[14730.315s][info][gc,stats    ] === Garbage Collection Statistics =======================================================================================================================
[14730.315s][info][gc,stats    ]                                                              Last 10s              Last 10m              Last 10h                Total
[14730.315s][info][gc,stats    ]                                                              Avg / Max             Avg / Max             Avg / Max             Avg / Max
[14730.316s][info][gc,stats    ]   Collector: Garbage Collection Cycle                      0.000 / 0.000         0.000 / 0.000       665.978 / 19032.234   665.978 / 19032.234   ms
[14730.316s][info][gc,stats    ]  Contention: Mark Segment Reset Contention                     0 / 0                 0 / 0                 2 / 104               2 / 104         ops/s
[14730.316s][info][gc,stats    ]  Contention: Mark SeqNum Reset Contention                      0 / 0                 0 / 0                 0 / 7                 0 / 7           ops/s
[14730.316s][info][gc,stats    ]    Critical: Allocation Stall                                  0 / 0                 0 / 0                 0 / 827               0 / 827         ops/s
[14730.316s][info][gc,stats    ]    Critical: Allocation Stall                              0.000 / 0.000         0.000 / 0.000       146.230 / 487.490     146.230 / 487.490     ms
[14730.316s][info][gc,stats    ]    Critical: GC Locker Stall                                   0 / 0                 0 / 0                 0 / 2                 0 / 2           ops/s
[14730.316s][info][gc,stats    ]    Critical: GC Locker Stall                               0.000 / 0.000         0.000 / 0.000         0.167 / 4.787         0.167 / 4.787       ms
[14730.316s][info][gc,stats    ]    Critical: Relocation Stall                                  0 / 0                 0 / 0                 0 / 103               0 / 103         ops/s
[14730.316s][info][gc,stats    ]    Critical: Relocation Stall                              0.000 / 0.000         0.000 / 0.000        14.882 / 62.172       14.882 / 62.172      ms
[14730.316s][info][gc,stats    ]      Memory: Allocation Rate                                   0 / 0                 0 / 0               473 / 2790            473 / 2790        MB/s
[14730.316s][info][gc,stats    ]      Memory: Out Of Memory                                     0 / 0                 0 / 0                 0 / 0                 0 / 0           ops/s
[14730.316s][info][gc,stats    ]      Memory: Page Cache Flush                                  0 / 0                 0 / 0                 0 / 258               0 / 258         MB/s
[14730.316s][info][gc,stats    ]      Memory: Page Cache Hit L1                                 0 / 0                 0 / 0               230 / 1336            230 / 1336        ops/s
[14730.316s][info][gc,stats    ]      Memory: Page Cache Hit L2                                 0 / 0                 0 / 0                 0 / 0                 0 / 0           ops/s
[14730.316s][info][gc,stats    ]      Memory: Page Cache Hit L3                                 0 / 0                 0 / 0                 0 / 1028              0 / 1028        ops/s
[14730.316s][info][gc,stats    ]      Memory: Page Cache Miss                                   0 / 0                 0 / 0                 0 / 12                0 / 12          ops/s
[14730.316s][info][gc,stats    ]      Memory: Uncommit                                          0 / 0                 0 / 0                 0 / 0                 0 / 0           MB/s
[14730.316s][info][gc,stats    ]      Memory: Undo Object Allocation Failed                     0 / 0                 0 / 0                 0 / 5                 0 / 5           ops/s
[14730.316s][info][gc,stats    ]      Memory: Undo Object Allocation Succeeded                  0 / 0                 0 / 0                16 / 6595             16 / 6595        ops/s
[14730.316s][info][gc,stats    ]      Memory: Undo Page Allocation                              0 / 0                 0 / 0                 0 / 676               0 / 676         ops/s
[14730.316s][info][gc,stats    ]       Phase: Concurrent Mark                               0.000 / 0.000         0.000 / 0.000       571.218 / 3424.228    571.218 / 3424.228    ms
[14730.316s][info][gc,stats    ]       Phase: Concurrent Mark Continue                      0.000 / 0.000         0.000 / 0.000         0.000 / 0.000         0.000 / 0.000       ms
[14730.316s][info][gc,stats    ]       Phase: Concurrent Mark Free                          0.000 / 0.000         0.000 / 0.000         1.118 / 305.339       1.118 / 305.339     ms
[14730.316s][info][gc,stats    ]       Phase: Concurrent Process Non-Strong References      0.000 / 0.000         0.000 / 0.000        69.335 / 18388.762    69.335 / 18388.762   ms
[14730.316s][info][gc,stats    ]       Phase: Concurrent Relocate                           0.000 / 0.000         0.000 / 0.000        11.475 / 64.108       11.475 / 64.108      ms
[14730.316s][info][gc,stats    ]       Phase: Concurrent Reset Relocation Set               0.000 / 0.000         0.000 / 0.000         0.212 / 0.968         0.212 / 0.968       ms
[14730.316s][info][gc,stats    ]       Phase: Concurrent Select Relocation Set              0.000 / 0.000         0.000 / 0.000         6.722 / 623.697       6.722 / 623.697     ms
[14730.316s][info][gc,stats    ]       Phase: Pause Mark End                                0.000 / 0.000         0.000 / 0.000         0.094 / 0.434         0.094 / 0.434       ms
[14730.316s][info][gc,stats    ]       Phase: Pause Mark Start                              0.000 / 0.000         0.000 / 0.000         0.023 / 0.223         0.023 / 0.223       ms
[14730.316s][info][gc,stats    ]       Phase: Pause Relocate Start                          0.000 / 0.000         0.000 / 0.000         0.045 / 0.309         0.045 / 0.309       ms
[14730.316s][info][gc,stats    ]    Subphase: Concurrent Classes Purge                      0.000 / 0.000         0.000 / 0.000         0.518 / 3.157         0.518 / 3.157       ms
[14730.316s][info][gc,stats    ]    Subphase: Concurrent Classes Unlink                     0.000 / 0.000         0.000 / 0.000        64.039 / 18382.834    64.039 / 18382.834   ms
[14730.316s][info][gc,stats    ]    Subphase: Concurrent Mark                               0.000 / 0.000         0.000 / 0.000       450.151 / 3398.532    450.151 / 3398.532    ms
[14730.316s][info][gc,stats    ]    Subphase: Concurrent Mark Try Flush                     0.000 / 0.000         0.000 / 0.000         1.565 / 934.939       1.565 / 934.939     ms
[14730.316s][info][gc,stats    ]    Subphase: Concurrent Mark Try Terminate                 0.000 / 0.000         0.000 / 0.000         1.072 / 934.940       1.072 / 934.940     ms
[14730.316s][info][gc,stats    ]    Subphase: Concurrent References Enqueue                 0.000 / 0.000         0.000 / 0.000         0.009 / 0.091         0.009 / 0.091       ms
[14730.316s][info][gc,stats    ]    Subphase: Concurrent References Process                 0.000 / 0.000         0.000 / 0.000         0.881 / 3.992         0.881 / 3.992       ms
[14730.316s][info][gc,stats    ]    Subphase: Concurrent Roots ClassLoaderDataGraph         0.000 / 0.000         0.000 / 0.000         0.833 / 3.889         0.833 / 3.889       ms
[14730.316s][info][gc,stats    ]    Subphase: Concurrent Roots CodeCache                    0.000 / 0.000         0.000 / 0.000         0.000 / 0.000         0.000 / 0.000       ms
[14730.316s][info][gc,stats    ]    Subphase: Concurrent Roots JavaThreads                  0.000 / 0.000         0.000 / 0.000         4.665 / 969.487       4.665 / 969.487     ms
[14730.316s][info][gc,stats    ]    Subphase: Concurrent Roots OopStorageSet                0.000 / 0.000         0.000 / 0.000         0.083 / 2.218         0.083 / 2.218       ms
[14730.316s][info][gc,stats    ]    Subphase: Concurrent Weak Roots OopStorageSet           0.000 / 0.000         0.000 / 0.000         1.501 / 13.633        1.501 / 13.633      ms
[14730.316s][info][gc,stats    ]    Subphase: Pause Mark Try Complete                       0.000 / 0.000         0.000 / 0.000         0.001 / 0.031         0.001 / 0.031       ms
[14730.316s][info][gc,stats    ]      System: Java Threads                                      0 / 0                 0 / 0              1929 / 4684           1929 / 4684        threads
[14730.316s][info][gc,stats    ] =========================================================================================================================================================
[14740.315s][info][gc,stats    ] === Garbage Collection Statistics =======================================================================================================================
[14740.315s][info][gc,stats    ]                                                              Last 10s              Last 10m              Last 10h                Total
[14740.315s][info][gc,stats    ]                                                              Avg / Max             Avg / Max             Avg / Max             Avg / Max
[14740.315s][info][gc,stats    ]   Collector: Garbage Collection Cycle                      0.000 / 0.000         0.000 / 0.000       665.978 / 19032.234   665.978 / 19032.234   ms
[14740.315s][info][gc,stats    ]  Contention: Mark Segment Reset Contention                     0 / 0                 0 / 0                 2 / 104               2 / 104         ops/s
[14740.315s][info][gc,stats    ]  Contention: Mark SeqNum Reset Contention                      0 / 0                 0 / 0                 0 / 7                 0 / 7           ops/s
[14740.315s][info][gc,stats    ]    Critical: Allocation Stall                                  0 / 0                 0 / 0                 0 / 827               0 / 827         ops/s
[14740.315s][info][gc,stats    ]    Critical: Allocation Stall                              0.000 / 0.000         0.000 / 0.000       146.230 / 487.490     146.230 / 487.490     ms
[14740.315s][info][gc,stats    ]    Critical: GC Locker Stall                                   0 / 0                 0 / 0                 0 / 2                 0 / 2           ops/s
[14740.315s][info][gc,stats    ]    Critical: GC Locker Stall                               0.000 / 0.000         0.000 / 0.000         0.167 / 4.787         0.167 / 4.787       ms
[14740.315s][info][gc,stats    ]    Critical: Relocation Stall                                  0 / 0                 0 / 0                 0 / 103               0 / 103         ops/s
[14740.315s][info][gc,stats    ]    Critical: Relocation Stall                              0.000 / 0.000         0.000 / 0.000        14.882 / 62.172       14.882 / 62.172      ms
[14740.315s][info][gc,stats    ]      Memory: Allocation Rate                                   0 / 0                 0 / 0               473 / 2790            473 / 2790        MB/s
[14740.315s][info][gc,stats    ]      Memory: Out Of Memory                                     0 / 0                 0 / 0                 0 / 0                 0 / 0           ops/s
[14740.315s][info][gc,stats    ]      Memory: Page Cache Flush                                  0 / 0                 0 / 0                 0 / 258               0 / 258         MB/s
[14740.315s][info][gc,stats    ]      Memory: Page Cache Hit L1                                 0 / 0                 0 / 0               230 / 1336            230 / 1336        ops/s
[14740.315s][info][gc,stats    ]      Memory: Page Cache Hit L2                                 0 / 0                 0 / 0                 0 / 0                 0 / 0           ops/s
[14740.315s][info][gc,stats    ]      Memory: Page Cache Hit L3                                 0 / 0                 0 / 0                 0 / 1028              0 / 1028        ops/s
[14740.315s][info][gc,stats    ]      Memory: Page Cache Miss                                   0 / 0                 0 / 0                 0 / 12                0 / 12          ops/s
[14740.315s][info][gc,stats    ]      Memory: Uncommit                                          0 / 0                 0 / 0                 0 / 0                 0 / 0           MB/s
[14740.315s][info][gc,stats    ]      Memory: Undo Object Allocation Failed                     0 / 0                 0 / 0                 0 / 5                 0 / 5           ops/s
[14740.315s][info][gc,stats    ]      Memory: Undo Object Allocation Succeeded                  0 / 0                 0 / 0                16 / 6595             16 / 6595        ops/s
[14740.316s][info][gc,stats    ]      Memory: Undo Page Allocation                              0 / 0                 0 / 0                 0 / 676               0 / 676         ops/s
[14740.316s][info][gc,stats    ]       Phase: Concurrent Mark                               0.000 / 0.000         0.000 / 0.000       571.218 / 3424.228    571.218 / 3424.228    ms
[14740.316s][info][gc,stats    ]       Phase: Concurrent Mark Continue                      0.000 / 0.000         0.000 / 0.000         0.000 / 0.000         0.000 / 0.000       ms
[14740.316s][info][gc,stats    ]       Phase: Concurrent Mark Free                          0.000 / 0.000         0.000 / 0.000         1.118 / 305.339       1.118 / 305.339     ms
[14740.316s][info][gc,stats    ]       Phase: Concurrent Process Non-Strong References      0.000 / 0.000         0.000 / 0.000        69.335 / 18388.762    69.335 / 18388.762   ms
[14740.316s][info][gc,stats    ]       Phase: Concurrent Relocate                           0.000 / 0.000         0.000 / 0.000        11.475 / 64.108       11.475 / 64.108      ms
[14740.316s][info][gc,stats    ]       Phase: Concurrent Reset Relocation Set               0.000 / 0.000         0.000 / 0.000         0.212 / 0.968         0.212 / 0.968       ms
[14740.316s][info][gc,stats    ]       Phase: Concurrent Select Relocation Set              0.000 / 0.000         0.000 / 0.000         6.722 / 623.697       6.722 / 623.697     ms
[14740.316s][info][gc,stats    ]       Phase: Pause Mark End                                0.000 / 0.000         0.000 / 0.000         0.094 / 0.434         0.094 / 0.434       ms
[14740.316s][info][gc,stats    ]       Phase: Pause Mark Start                              0.000 / 0.000         0.000 / 0.000         0.023 / 0.223         0.023 / 0.223       ms
[14740.316s][info][gc,stats    ]       Phase: Pause Relocate Start                          0.000 / 0.000         0.000 / 0.000         0.045 / 0.309         0.045 / 0.309       ms
[14740.316s][info][gc,stats    ]    Subphase: Concurrent Classes Purge                      0.000 / 0.000         0.000 / 0.000         0.518 / 3.157         0.518 / 3.157       ms
[14740.316s][info][gc,stats    ]    Subphase: Concurrent Classes Unlink                     0.000 / 0.000         0.000 / 0.000        64.039 / 18382.834    64.039 / 18382.834   ms
[14740.316s][info][gc,stats    ]    Subphase: Concurrent Mark                               0.000 / 0.000         0.000 / 0.000       450.151 / 3398.532    450.151 / 3398.532    ms
[14740.316s][info][gc,stats    ]    Subphase: Concurrent Mark Try Flush                     0.000 / 0.000         0.000 / 0.000         1.565 / 934.939       1.565 / 934.939     ms
[14740.316s][info][gc,stats    ]    Subphase: Concurrent Mark Try Terminate                 0.000 / 0.000         0.000 / 0.000         1.072 / 934.940       1.072 / 934.940     ms
[14740.316s][info][gc,stats    ]    Subphase: Concurrent References Enqueue                 0.000 / 0.000         0.000 / 0.000         0.009 / 0.091         0.009 / 0.091       ms
[14740.316s][info][gc,stats    ]    Subphase: Concurrent References Process                 0.000 / 0.000         0.000 / 0.000         0.881 / 3.992         0.881 / 3.992       ms
[14740.316s][info][gc,stats    ]    Subphase: Concurrent Roots ClassLoaderDataGraph         0.000 / 0.000         0.000 / 0.000         0.833 / 3.889         0.833 / 3.889       ms
[14740.316s][info][gc,stats    ]    Subphase: Concurrent Roots CodeCache                    0.000 / 0.000         0.000 / 0.000         0.000 / 0.000         0.000 / 0.000       ms
[14740.316s][info][gc,stats    ]    Subphase: Concurrent Roots JavaThreads                  0.000 / 0.000         0.000 / 0.000         4.665 / 969.487       4.665 / 969.487     ms
[14740.316s][info][gc,stats    ]    Subphase: Concurrent Roots OopStorageSet                0.000 / 0.000         0.000 / 0.000         0.083 / 2.218         0.083 / 2.218       ms
[14740.316s][info][gc,stats    ]    Subphase: Concurrent Weak Roots OopStorageSet           0.000 / 0.000         0.000 / 0.000         1.501 / 13.633        1.501 / 13.633      ms
[14740.316s][info][gc,stats    ]    Subphase: Pause Mark Try Complete                       0.000 / 0.000         0.000 / 0.000         0.001 / 0.031         0.001 / 0.031       ms
[14740.316s][info][gc,stats    ]      System: Java Threads                                      0 / 0                 0 / 0              1929 / 4684           1929 / 4684        threads
[14740.316s][info][gc,stats    ] =========================================================================================================================================================
[14750.316s][info][gc,stats    ] === Garbage Collection Statistics =======================================================================================================================
[14750.316s][info][gc,stats    ]                                                              Last 10s              Last 10m              Last 10h                Total
[14750.316s][info][gc,stats    ]                                                              Avg / Max             Avg / Max             Avg / Max             Avg / Max
[14750.316s][info][gc,stats    ]   Collector: Garbage Collection Cycle                      0.000 / 0.000         0.000 / 0.000       665.978 / 19032.234   665.978 / 19032.234   ms
[14750.316s][info][gc,stats    ]  Contention: Mark Segment Reset Contention                     0 / 0                 0 / 0                 2 / 104               2 / 104         ops/s
[14750.316s][info][gc,stats    ]  Contention: Mark SeqNum Reset Contention                      0 / 0                 0 / 0                 0 / 7                 0 / 7           ops/s
[14750.316s][info][gc,stats    ]    Critical: Allocation Stall                                  0 / 0                 0 / 0                 0 / 827               0 / 827         ops/s
[14750.316s][info][gc,stats    ]    Critical: Allocation Stall                              0.000 / 0.000         0.000 / 0.000       146.230 / 487.490     146.230 / 487.490     ms
[14750.316s][info][gc,stats    ]    Critical: GC Locker Stall                                   0 / 0                 0 / 0                 0 / 2                 0 / 2           ops/s
[14750.316s][info][gc,stats    ]    Critical: GC Locker Stall                               0.000 / 0.000         0.000 / 0.000         0.167 / 4.787         0.167 / 4.787       ms
[14750.316s][info][gc,stats    ]    Critical: Relocation Stall                                  0 / 0                 0 / 0                 0 / 103               0 / 103         ops/s
[14750.316s][info][gc,stats    ]    Critical: Relocation Stall                              0.000 / 0.000         0.000 / 0.000        14.882 / 62.172       14.882 / 62.172      ms
[14750.316s][info][gc,stats    ]      Memory: Allocation Rate                                   0 / 0                 0 / 0               473 / 2790            473 / 2790        MB/s
[14750.316s][info][gc,stats    ]      Memory: Out Of Memory                                     0 / 0                 0 / 0                 0 / 0                 0 / 0           ops/s
[14750.316s][info][gc,stats    ]      Memory: Page Cache Flush                                  0 / 0                 0 / 0                 0 / 258               0 / 258         MB/s
[14750.316s][info][gc,stats    ]      Memory: Page Cache Hit L1                                 0 / 0                 0 / 0               230 / 1336            230 / 1336        ops/s
[14750.316s][info][gc,stats    ]      Memory: Page Cache Hit L2                                 0 / 0                 0 / 0                 0 / 0                 0 / 0           ops/s
[14750.316s][info][gc,stats    ]      Memory: Page Cache Hit L3                                 0 / 0                 0 / 0                 0 / 1028              0 / 1028        ops/s
[14750.316s][info][gc,stats    ]      Memory: Page Cache Miss                                   0 / 0                 0 / 0                 0 / 12                0 / 12          ops/s
[14750.316s][info][gc,stats    ]      Memory: Uncommit                                          0 / 0                 0 / 0                 0 / 0                 0 / 0           MB/s
[14750.316s][info][gc,stats    ]      Memory: Undo Object Allocation Failed                     0 / 0                 0 / 0                 0 / 5                 0 / 5           ops/s
[14750.316s][info][gc,stats    ]      Memory: Undo Object Allocation Succeeded                  0 / 0                 0 / 0                16 / 6595             16 / 6595        ops/s
[14750.316s][info][gc,stats    ]      Memory: Undo Page Allocation                              0 / 0                 0 / 0                 0 / 676               0 / 676         ops/s
[14750.316s][info][gc,stats    ]       Phase: Concurrent Mark                               0.000 / 0.000         0.000 / 0.000       571.218 / 3424.228    571.218 / 3424.228    ms
[14750.316s][info][gc,stats    ]       Phase: Concurrent Mark Continue                      0.000 / 0.000         0.000 / 0.000         0.000 / 0.000         0.000 / 0.000       ms
[14750.316s][info][gc,stats    ]       Phase: Concurrent Mark Free                          0.000 / 0.000         0.000 / 0.000         1.118 / 305.339       1.118 / 305.339     ms
[14750.316s][info][gc,stats    ]       Phase: Concurrent Process Non-Strong References      0.000 / 0.000         0.000 / 0.000        69.335 / 18388.762    69.335 / 18388.762   ms
[14750.316s][info][gc,stats    ]       Phase: Concurrent Relocate                           0.000 / 0.000         0.000 / 0.000        11.475 / 64.108       11.475 / 64.108      ms
[14750.316s][info][gc,stats    ]       Phase: Concurrent Reset Relocation Set               0.000 / 0.000         0.000 / 0.000         0.212 / 0.968         0.212 / 0.968       ms
[14750.316s][info][gc,stats    ]       Phase: Concurrent Select Relocation Set              0.000 / 0.000         0.000 / 0.000         6.722 / 623.697       6.722 / 623.697     ms
[14750.316s][info][gc,stats    ]       Phase: Pause Mark End                                0.000 / 0.000         0.000 / 0.000         0.094 / 0.434         0.094 / 0.434       ms
[14750.316s][info][gc,stats    ]       Phase: Pause Mark Start                              0.000 / 0.000         0.000 / 0.000         0.023 / 0.223         0.023 / 0.223       ms
[14750.316s][info][gc,stats    ]       Phase: Pause Relocate Start                          0.000 / 0.000         0.000 / 0.000         0.045 / 0.309         0.045 / 0.309       ms
[14750.316s][info][gc,stats    ]    Subphase: Concurrent Classes Purge                      0.000 / 0.000         0.000 / 0.000         0.518 / 3.157         0.518 / 3.157       ms
[14750.316s][info][gc,stats    ]    Subphase: Concurrent Classes Unlink                     0.000 / 0.000         0.000 / 0.000        64.039 / 18382.834    64.039 / 18382.834   ms
[14750.316s][info][gc,stats    ]    Subphase: Concurrent Mark                               0.000 / 0.000         0.000 / 0.000       450.151 / 3398.532    450.151 / 3398.532    ms
[14750.316s][info][gc,stats    ]    Subphase: Concurrent Mark Try Flush                     0.000 / 0.000         0.000 / 0.000         1.565 / 934.939       1.565 / 934.939     ms
[14750.316s][info][gc,stats    ]    Subphase: Concurrent Mark Try Terminate                 0.000 / 0.000         0.000 / 0.000         1.072 / 934.940       1.072 / 934.940     ms
[14750.316s][info][gc,stats    ]    Subphase: Concurrent References Enqueue                 0.000 / 0.000         0.000 / 0.000         0.009 / 0.091         0.009 / 0.091       ms
[14750.316s][info][gc,stats    ]    Subphase: Concurrent References Process                 0.000 / 0.000         0.000 / 0.000         0.881 / 3.992         0.881 / 3.992       ms
[14750.316s][info][gc,stats    ]    Subphase: Concurrent Roots ClassLoaderDataGraph         0.000 / 0.000         0.000 / 0.000         0.833 / 3.889         0.833 / 3.889       ms
[14750.316s][info][gc,stats    ]    Subphase: Concurrent Roots CodeCache                    0.000 / 0.000         0.000 / 0.000         0.000 / 0.000         0.000 / 0.000       ms
[14750.316s][info][gc,stats    ]    Subphase: Concurrent Roots JavaThreads                  0.000 / 0.000         0.000 / 0.000         4.665 / 969.487       4.665 / 969.487     ms
[14750.316s][info][gc,stats    ]    Subphase: Concurrent Roots OopStorageSet                0.000 / 0.000         0.000 / 0.000         0.083 / 2.218         0.083 / 2.218       ms
[14750.316s][info][gc,stats    ]    Subphase: Concurrent Weak Roots OopStorageSet           0.000 / 0.000         0.000 / 0.000         1.501 / 13.633        1.501 / 13.633      ms
[14750.316s][info][gc,stats    ]    Subphase: Pause Mark Try Complete                       0.000 / 0.000         0.000 / 0.000         0.001 / 0.031         0.001 / 0.031       ms
[14750.316s][info][gc,stats    ]      System: Java Threads                                      0 / 0                 0 / 0              1929 / 4684           1929 / 4684        threads
[14750.316s][info][gc,stats    ] =========================================================================================================================================================
[14760.316s][info][gc,stats    ] === Garbage Collection Statistics =======================================================================================================================
[14760.316s][info][gc,stats    ]                                                              Last 10s              Last 10m              Last 10h                Total
[14760.316s][info][gc,stats    ]                                                              Avg / Max             Avg / Max             Avg / Max             Avg / Max
[14760.316s][info][gc,stats    ]   Collector: Garbage Collection Cycle                      0.000 / 0.000         0.000 / 0.000       665.978 / 19032.234   665.978 / 19032.234   ms
[14760.316s][info][gc,stats    ]  Contention: Mark Segment Reset Contention                     0 / 0                 0 / 0                 2 / 104               2 / 104         ops/s
[14760.316s][info][gc,stats    ]  Contention: Mark SeqNum Reset Contention                      0 / 0                 0 / 0                 0 / 7                 0 / 7           ops/s
[14760.316s][info][gc,stats    ]    Critical: Allocation Stall                                  0 / 0                 0 / 0                 0 / 827               0 / 827         ops/s
[14760.316s][info][gc,stats    ]    Critical: Allocation Stall                              0.000 / 0.000         0.000 / 0.000       146.230 / 487.490     146.230 / 487.490     ms
[14760.316s][info][gc,stats    ]    Critical: GC Locker Stall                                   0 / 0                 0 / 0                 0 / 2                 0 / 2           ops/s
[14760.316s][info][gc,stats    ]    Critical: GC Locker Stall                               0.000 / 0.000         0.000 / 0.000         0.167 / 4.787         0.167 / 4.787       ms
[14760.316s][info][gc,stats    ]    Critical: Relocation Stall                                  0 / 0                 0 / 0                 0 / 103               0 / 103         ops/s
[14760.316s][info][gc,stats    ]    Critical: Relocation Stall                              0.000 / 0.000         0.000 / 0.000        14.882 / 62.172       14.882 / 62.172      ms
[14760.316s][info][gc,stats    ]      Memory: Allocation Rate                                   0 / 0                 0 / 0               472 / 2790            472 / 2790        MB/s
[14760.316s][info][gc,stats    ]      Memory: Out Of Memory                                     0 / 0                 0 / 0                 0 / 0                 0 / 0           ops/s
[14760.316s][info][gc,stats    ]      Memory: Page Cache Flush                                  0 / 0                 0 / 0                 0 / 258               0 / 258         MB/s
[14760.316s][info][gc,stats    ]      Memory: Page Cache Hit L1                                 0 / 0                 0 / 0               230 / 1336            230 / 1336        ops/s
[14760.316s][info][gc,stats    ]      Memory: Page Cache Hit L2                                 0 / 0                 0 / 0                 0 / 0                 0 / 0           ops/s
[14760.316s][info][gc,stats    ]      Memory: Page Cache Hit L3                                 0 / 0                 0 / 0                 0 / 1028              0 / 1028        ops/s
[14760.316s][info][gc,stats    ]      Memory: Page Cache Miss                                   0 / 0                 0 / 0                 0 / 12                0 / 12          ops/s
[14760.316s][info][gc,stats    ]      Memory: Uncommit                                          0 / 0                 0 / 0                 0 / 0                 0 / 0           MB/s
[14760.316s][info][gc,stats    ]      Memory: Undo Object Allocation Failed                     0 / 0                 0 / 0                 0 / 5                 0 / 5           ops/s
[14760.316s][info][gc,stats    ]      Memory: Undo Object Allocation Succeeded                  0 / 0                 0 / 0                16 / 6595             16 / 6595        ops/s
[14760.316s][info][gc,stats    ]      Memory: Undo Page Allocation                              0 / 0                 0 / 0                 0 / 676               0 / 676         ops/s
[14760.316s][info][gc,stats    ]       Phase: Concurrent Mark                               0.000 / 0.000         0.000 / 0.000       571.218 / 3424.228    571.218 / 3424.228    ms
[14760.316s][info][gc,stats    ]       Phase: Concurrent Mark Continue                      0.000 / 0.000         0.000 / 0.000         0.000 / 0.000         0.000 / 0.000       ms
[14760.316s][info][gc,stats    ]       Phase: Concurrent Mark Free                          0.000 / 0.000         0.000 / 0.000         1.118 / 305.339       1.118 / 305.339     ms
[14760.316s][info][gc,stats    ]       Phase: Concurrent Process Non-Strong References      0.000 / 0.000         0.000 / 0.000        69.335 / 18388.762    69.335 / 18388.762   ms
[14760.316s][info][gc,stats    ]       Phase: Concurrent Relocate                           0.000 / 0.000         0.000 / 0.000        11.475 / 64.108       11.475 / 64.108      ms
[14760.316s][info][gc,stats    ]       Phase: Concurrent Reset Relocation Set               0.000 / 0.000         0.000 / 0.000         0.212 / 0.968         0.212 / 0.968       ms
[14760.316s][info][gc,stats    ]       Phase: Concurrent Select Relocation Set              0.000 / 0.000         0.000 / 0.000         6.722 / 623.697       6.722 / 623.697     ms
[14760.316s][info][gc,stats    ]       Phase: Pause Mark End                                0.000 / 0.000         0.000 / 0.000         0.094 / 0.434         0.094 / 0.434       ms
[14760.316s][info][gc,stats    ]       Phase: Pause Mark Start                              0.000 / 0.000         0.000 / 0.000         0.023 / 0.223         0.023 / 0.223       ms
[14760.316s][info][gc,stats    ]       Phase: Pause Relocate Start                          0.000 / 0.000         0.000 / 0.000         0.045 / 0.309         0.045 / 0.309       ms
[14760.316s][info][gc,stats    ]    Subphase: Concurrent Classes Purge                      0.000 / 0.000         0.000 / 0.000         0.518 / 3.157         0.518 / 3.157       ms
[14760.316s][info][gc,stats    ]    Subphase: Concurrent Classes Unlink                     0.000 / 0.000         0.000 / 0.000        64.039 / 18382.834    64.039 / 18382.834   ms
[14760.316s][info][gc,stats    ]    Subphase: Concurrent Mark                               0.000 / 0.000         0.000 / 0.000       450.151 / 3398.532    450.151 / 3398.532    ms
[14760.316s][info][gc,stats    ]    Subphase: Concurrent Mark Try Flush                     0.000 / 0.000         0.000 / 0.000         1.565 / 934.939       1.565 / 934.939     ms
[14760.316s][info][gc,stats    ]    Subphase: Concurrent Mark Try Terminate                 0.000 / 0.000         0.000 / 0.000         1.072 / 934.940       1.072 / 934.940     ms
[14760.316s][info][gc,stats    ]    Subphase: Concurrent References Enqueue                 0.000 / 0.000         0.000 / 0.000         0.009 / 0.091         0.009 / 0.091       ms
[14760.316s][info][gc,stats    ]    Subphase: Concurrent References Process                 0.000 / 0.000         0.000 / 0.000         0.881 / 3.992         0.881 / 3.992       ms
[14760.316s][info][gc,stats    ]    Subphase: Concurrent Roots ClassLoaderDataGraph         0.000 / 0.000         0.000 / 0.000         0.833 / 3.889         0.833 / 3.889       ms
[14760.316s][info][gc,stats    ]    Subphase: Concurrent Roots CodeCache                    0.000 / 0.000         0.000 / 0.000         0.000 / 0.000         0.000 / 0.000       ms
[14760.316s][info][gc,stats    ]    Subphase: Concurrent Roots JavaThreads                  0.000 / 0.000         0.000 / 0.000         4.665 / 969.487       4.665 / 969.487     ms
[14760.316s][info][gc,stats    ]    Subphase: Concurrent Roots OopStorageSet                0.000 / 0.000         0.000 / 0.000         0.083 / 2.218         0.083 / 2.218       ms
[14760.316s][info][gc,stats    ]    Subphase: Concurrent Weak Roots OopStorageSet           0.000 / 0.000         0.000 / 0.000         1.501 / 13.633        1.501 / 13.633      ms
[14760.316s][info][gc,stats    ]    Subphase: Pause Mark Try Complete                       0.000 / 0.000         0.000 / 0.000         0.001 / 0.031         0.001 / 0.031       ms
[14760.316s][info][gc,stats    ]      System: Java Threads                                      0 / 0                 0 / 0              1929 / 4684           1929 / 4684        threads
[14760.316s][info][gc,stats    ] =========================================================================================================================================================
[14770.316s][info][gc,stats    ] === Garbage Collection Statistics =======================================================================================================================
[14770.316s][info][gc,stats    ]                                                              Last 10s              Last 10m              Last 10h                Total
[14770.316s][info][gc,stats    ]                                                              Avg / Max             Avg / Max             Avg / Max             Avg / Max
[14770.316s][info][gc,stats    ]   Collector: Garbage Collection Cycle                      0.000 / 0.000         0.000 / 0.000       665.978 / 19032.234   665.978 / 19032.234   ms
[14770.316s][info][gc,stats    ]  Contention: Mark Segment Reset Contention                     0 / 0                 0 / 0                 2 / 104               2 / 104         ops/s
[14770.316s][info][gc,stats    ]  Contention: Mark SeqNum Reset Contention                      0 / 0                 0 / 0                 0 / 7                 0 / 7           ops/s
[14770.316s][info][gc,stats    ]    Critical: Allocation Stall                                  0 / 0                 0 / 0                 0 / 827               0 / 827         ops/s
[14770.316s][info][gc,stats    ]    Critical: Allocation Stall                              0.000 / 0.000         0.000 / 0.000       146.230 / 487.490     146.230 / 487.490     ms
[14770.316s][info][gc,stats    ]    Critical: GC Locker Stall                                   0 / 0                 0 / 0                 0 / 2                 0 / 2           ops/s
[14770.316s][info][gc,stats    ]    Critical: GC Locker Stall                               0.000 / 0.000         0.000 / 0.000         0.167 / 4.787         0.167 / 4.787       ms
[14770.316s][info][gc,stats    ]    Critical: Relocation Stall                                  0 / 0                 0 / 0                 0 / 103               0 / 103         ops/s
[14770.316s][info][gc,stats    ]    Critical: Relocation Stall                              0.000 / 0.000         0.000 / 0.000        14.882 / 62.172       14.882 / 62.172      ms
[14770.316s][info][gc,stats    ]      Memory: Allocation Rate                                   0 / 0                 0 / 0               472 / 2790            472 / 2790        MB/s
[14770.316s][info][gc,stats    ]      Memory: Out Of Memory                                     0 / 0                 0 / 0                 0 / 0                 0 / 0           ops/s
[14770.316s][info][gc,stats    ]      Memory: Page Cache Flush                                  0 / 0                 0 / 0                 0 / 258               0 / 258         MB/s
[14770.316s][info][gc,stats    ]      Memory: Page Cache Hit L1                                 0 / 0                 0 / 0               230 / 1336            230 / 1336        ops/s
[14770.316s][info][gc,stats    ]      Memory: Page Cache Hit L2                                 0 / 0                 0 / 0                 0 / 0                 0 / 0           ops/s
[14770.316s][info][gc,stats    ]      Memory: Page Cache Hit L3                                 0 / 0                 0 / 0                 0 / 1028              0 / 1028        ops/s
[14770.316s][info][gc,stats    ]      Memory: Page Cache Miss                                   0 / 0                 0 / 0                 0 / 12                0 / 12          ops/s
[14770.316s][info][gc,stats    ]      Memory: Uncommit                                          0 / 0                 0 / 0                 0 / 0                 0 / 0           MB/s
[14770.316s][info][gc,stats    ]      Memory: Undo Object Allocation Failed                     0 / 0                 0 / 0                 0 / 5                 0 / 5           ops/s
[14770.316s][info][gc,stats    ]      Memory: Undo Object Allocation Succeeded                  0 / 0                 0 / 0                16 / 6595             16 / 6595        ops/s
[14770.316s][info][gc,stats    ]      Memory: Undo Page Allocation                              0 / 0                 0 / 0                 0 / 676               0 / 676         ops/s
[14770.316s][info][gc,stats    ]       Phase: Concurrent Mark                               0.000 / 0.000         0.000 / 0.000       571.218 / 3424.228    571.218 / 3424.228    ms
[14770.316s][info][gc,stats    ]       Phase: Concurrent Mark Continue                      0.000 / 0.000         0.000 / 0.000         0.000 / 0.000         0.000 / 0.000       ms
[14770.316s][info][gc,stats    ]       Phase: Concurrent Mark Free                          0.000 / 0.000         0.000 / 0.000         1.118 / 305.339       1.118 / 305.339     ms
[14770.316s][info][gc,stats    ]       Phase: Concurrent Process Non-Strong References      0.000 / 0.000         0.000 / 0.000        69.335 / 18388.762    69.335 / 18388.762   ms
[14770.316s][info][gc,stats    ]       Phase: Concurrent Relocate                           0.000 / 0.000         0.000 / 0.000        11.475 / 64.108       11.475 / 64.108      ms
[14770.316s][info][gc,stats    ]       Phase: Concurrent Reset Relocation Set               0.000 / 0.000         0.000 / 0.000         0.212 / 0.968         0.212 / 0.968       ms
[14770.316s][info][gc,stats    ]       Phase: Concurrent Select Relocation Set              0.000 / 0.000         0.000 / 0.000         6.722 / 623.697       6.722 / 623.697     ms
[14770.316s][info][gc,stats    ]       Phase: Pause Mark End                                0.000 / 0.000         0.000 / 0.000         0.094 / 0.434         0.094 / 0.434       ms
[14770.316s][info][gc,stats    ]       Phase: Pause Mark Start                              0.000 / 0.000         0.000 / 0.000         0.023 / 0.223         0.023 / 0.223       ms
[14770.316s][info][gc,stats    ]       Phase: Pause Relocate Start                          0.000 / 0.000         0.000 / 0.000         0.045 / 0.309         0.045 / 0.309       ms
[14770.316s][info][gc,stats    ]    Subphase: Concurrent Classes Purge                      0.000 / 0.000         0.000 / 0.000         0.518 / 3.157         0.518 / 3.157       ms
[14770.316s][info][gc,stats    ]    Subphase: Concurrent Classes Unlink                     0.000 / 0.000         0.000 / 0.000        64.039 / 18382.834    64.039 / 18382.834   ms
[14770.316s][info][gc,stats    ]    Subphase: Concurrent Mark                               0.000 / 0.000         0.000 / 0.000       450.151 / 3398.532    450.151 / 3398.532    ms
[14770.316s][info][gc,stats    ]    Subphase: Concurrent Mark Try Flush                     0.000 / 0.000         0.000 / 0.000         1.565 / 934.939       1.565 / 934.939     ms
[14770.316s][info][gc,stats    ]    Subphase: Concurrent Mark Try Terminate                 0.000 / 0.000         0.000 / 0.000         1.072 / 934.940       1.072 / 934.940     ms
[14770.316s][info][gc,stats    ]    Subphase: Concurrent References Enqueue                 0.000 / 0.000         0.000 / 0.000         0.009 / 0.091         0.009 / 0.091       ms
[14770.316s][info][gc,stats    ]    Subphase: Concurrent References Process                 0.000 / 0.000         0.000 / 0.000         0.881 / 3.992         0.881 / 3.992       ms
[14770.316s][info][gc,stats    ]    Subphase: Concurrent Roots ClassLoaderDataGraph         0.000 / 0.000         0.000 / 0.000         0.833 / 3.889         0.833 / 3.889       ms
[14770.316s][info][gc,stats    ]    Subphase: Concurrent Roots CodeCache                    0.000 / 0.000         0.000 / 0.000         0.000 / 0.000         0.000 / 0.000       ms
[14770.316s][info][gc,stats    ]    Subphase: Concurrent Roots JavaThreads                  0.000 / 0.000         0.000 / 0.000         4.665 / 969.487       4.665 / 969.487     ms
[14770.316s][info][gc,stats    ]    Subphase: Concurrent Roots OopStorageSet                0.000 / 0.000         0.000 / 0.000         0.083 / 2.218         0.083 / 2.218       ms
[14770.316s][info][gc,stats    ]    Subphase: Concurrent Weak Roots OopStorageSet           0.000 / 0.000         0.000 / 0.000         1.501 / 13.633        1.501 / 13.633      ms
[14770.316s][info][gc,stats    ]    Subphase: Pause Mark Try Complete                       0.000 / 0.000         0.000 / 0.000         0.001 / 0.031         0.001 / 0.031       ms
[14770.316s][info][gc,stats    ]      System: Java Threads                                      0 / 0                 0 / 0              1929 / 4684           1929 / 4684        threads
[14770.316s][info][gc,stats    ] =========================================================================================================================================================
[14780.316s][info][gc,stats    ] === Garbage Collection Statistics =======================================================================================================================
[14780.316s][info][gc,stats    ]                                                              Last 10s              Last 10m              Last 10h                Total
[14780.316s][info][gc,stats    ]                                                              Avg / Max             Avg / Max             Avg / Max             Avg / Max
[14780.316s][info][gc,stats    ]   Collector: Garbage Collection Cycle                      0.000 / 0.000         0.000 / 0.000       665.978 / 19032.234   665.978 / 19032.234   ms
[14780.316s][info][gc,stats    ]  Contention: Mark Segment Reset Contention                     0 / 0                 0 / 0                 2 / 104               2 / 104         ops/s
[14780.316s][info][gc,stats    ]  Contention: Mark SeqNum Reset Contention                      0 / 0                 0 / 0                 0 / 7                 0 / 7           ops/s
[14780.316s][info][gc,stats    ]    Critical: Allocation Stall                                  0 / 0                 0 / 0                 0 / 827               0 / 827         ops/s
[14780.316s][info][gc,stats    ]    Critical: Allocation Stall                              0.000 / 0.000         0.000 / 0.000       146.230 / 487.490     146.230 / 487.490     ms
[14780.316s][info][gc,stats    ]    Critical: GC Locker Stall                                   0 / 0                 0 / 0                 0 / 2                 0 / 2           ops/s
[14780.316s][info][gc,stats    ]    Critical: GC Locker Stall                               0.000 / 0.000         0.000 / 0.000         0.167 / 4.787         0.167 / 4.787       ms
[14780.316s][info][gc,stats    ]    Critical: Relocation Stall                                  0 / 0                 0 / 0                 0 / 103               0 / 103         ops/s
[14780.316s][info][gc,stats    ]    Critical: Relocation Stall                              0.000 / 0.000         0.000 / 0.000        14.882 / 62.172       14.882 / 62.172      ms
[14780.316s][info][gc,stats    ]      Memory: Allocation Rate                                   0 / 0                 0 / 0               472 / 2790            472 / 2790        MB/s
[14780.316s][info][gc,stats    ]      Memory: Out Of Memory                                     0 / 0                 0 / 0                 0 / 0                 0 / 0           ops/s
[14780.316s][info][gc,stats    ]      Memory: Page Cache Flush                                  0 / 0                 0 / 0                 0 / 258               0 / 258         MB/s
[14780.316s][info][gc,stats    ]      Memory: Page Cache Hit L1                                 0 / 0                 0 / 0               229 / 1336            229 / 1336        ops/s
[14780.316s][info][gc,stats    ]      Memory: Page Cache Hit L2                                 0 / 0                 0 / 0                 0 / 0                 0 / 0           ops/s
[14780.316s][info][gc,stats    ]      Memory: Page Cache Hit L3                                 0 / 0                 0 / 0                 0 / 1028              0 / 1028        ops/s
[14780.316s][info][gc,stats    ]      Memory: Page Cache Miss                                   0 / 0                 0 / 0                 0 / 12                0 / 12          ops/s
[14780.316s][info][gc,stats    ]      Memory: Uncommit                                          0 / 0                 0 / 0                 0 / 0                 0 / 0           MB/s
[14780.316s][info][gc,stats    ]      Memory: Undo Object Allocation Failed                     0 / 0                 0 / 0                 0 / 5                 0 / 5           ops/s
[14780.316s][info][gc,stats    ]      Memory: Undo Object Allocation Succeeded                  0 / 0                 0 / 0                16 / 6595             16 / 6595        ops/s
[14780.316s][info][gc,stats    ]      Memory: Undo Page Allocation                              0 / 0                 0 / 0                 0 / 676               0 / 676         ops/s
[14780.316s][info][gc,stats    ]       Phase: Concurrent Mark                               0.000 / 0.000         0.000 / 0.000       571.218 / 3424.228    571.218 / 3424.228    ms
[14780.316s][info][gc,stats    ]       Phase: Concurrent Mark Continue                      0.000 / 0.000         0.000 / 0.000         0.000 / 0.000         0.000 / 0.000       ms
[14780.316s][info][gc,stats    ]       Phase: Concurrent Mark Free                          0.000 / 0.000         0.000 / 0.000         1.118 / 305.339       1.118 / 305.339     ms
[14780.316s][info][gc,stats    ]       Phase: Concurrent Process Non-Strong References      0.000 / 0.000         0.000 / 0.000        69.335 / 18388.762    69.335 / 18388.762   ms
[14780.316s][info][gc,stats    ]       Phase: Concurrent Relocate                           0.000 / 0.000         0.000 / 0.000        11.475 / 64.108       11.475 / 64.108      ms
[14780.316s][info][gc,stats    ]       Phase: Concurrent Reset Relocation Set               0.000 / 0.000         0.000 / 0.000         0.212 / 0.968         0.212 / 0.968       ms
[14780.316s][info][gc,stats    ]       Phase: Concurrent Select Relocation Set              0.000 / 0.000         0.000 / 0.000         6.722 / 623.697       6.722 / 623.697     ms
[14780.316s][info][gc,stats    ]       Phase: Pause Mark End                                0.000 / 0.000         0.000 / 0.000         0.094 / 0.434         0.094 / 0.434       ms
[14780.316s][info][gc,stats    ]       Phase: Pause Mark Start                              0.000 / 0.000         0.000 / 0.000         0.023 / 0.223         0.023 / 0.223       ms
[14780.316s][info][gc,stats    ]       Phase: Pause Relocate Start                          0.000 / 0.000         0.000 / 0.000         0.045 / 0.309         0.045 / 0.309       ms
[14780.316s][info][gc,stats    ]    Subphase: Concurrent Classes Purge                      0.000 / 0.000         0.000 / 0.000         0.518 / 3.157         0.518 / 3.157       ms
[14780.316s][info][gc,stats    ]    Subphase: Concurrent Classes Unlink                     0.000 / 0.000         0.000 / 0.000        64.039 / 18382.834    64.039 / 18382.834   ms
[14780.316s][info][gc,stats    ]    Subphase: Concurrent Mark                               0.000 / 0.000         0.000 / 0.000       450.151 / 3398.532    450.151 / 3398.532    ms
[14780.316s][info][gc,stats    ]    Subphase: Concurrent Mark Try Flush                     0.000 / 0.000         0.000 / 0.000         1.565 / 934.939       1.565 / 934.939     ms
[14780.316s][info][gc,stats    ]    Subphase: Concurrent Mark Try Terminate                 0.000 / 0.000         0.000 / 0.000         1.072 / 934.940       1.072 / 934.940     ms
[14780.316s][info][gc,stats    ]    Subphase: Concurrent References Enqueue                 0.000 / 0.000         0.000 / 0.000         0.009 / 0.091         0.009 / 0.091       ms
[14780.316s][info][gc,stats    ]    Subphase: Concurrent References Process                 0.000 / 0.000         0.000 / 0.000         0.881 / 3.992         0.881 / 3.992       ms
[14780.316s][info][gc,stats    ]    Subphase: Concurrent Roots ClassLoaderDataGraph         0.000 / 0.000         0.000 / 0.000         0.833 / 3.889         0.833 / 3.889       ms
[14780.316s][info][gc,stats    ]    Subphase: Concurrent Roots CodeCache                    0.000 / 0.000         0.000 / 0.000         0.000 / 0.000         0.000 / 0.000       ms
[14780.316s][info][gc,stats    ]    Subphase: Concurrent Roots JavaThreads                  0.000 / 0.000         0.000 / 0.000         4.665 / 969.487       4.665 / 969.487     ms
[14780.316s][info][gc,stats    ]    Subphase: Concurrent Roots OopStorageSet                0.000 / 0.000         0.000 / 0.000         0.083 / 2.218         0.083 / 2.218       ms
[14780.316s][info][gc,stats    ]    Subphase: Concurrent Weak Roots OopStorageSet           0.000 / 0.000         0.000 / 0.000         1.501 / 13.633        1.501 / 13.633      ms
[14780.316s][info][gc,stats    ]    Subphase: Pause Mark Try Complete                       0.000 / 0.000         0.000 / 0.000         0.001 / 0.031         0.001 / 0.031       ms
[14780.316s][info][gc,stats    ]      System: Java Threads                                      0 / 0                 0 / 0              1929 / 4684           1929 / 4684        threads
[14780.316s][info][gc,stats    ] =========================================================================================================================================================
[14790.315s][info][gc,stats    ] === Garbage Collection Statistics =======================================================================================================================
[14790.315s][info][gc,stats    ]                                                              Last 10s              Last 10m              Last 10h                Total
[14790.315s][info][gc,stats    ]                                                              Avg / Max             Avg / Max             Avg / Max             Avg / Max
[14790.315s][info][gc,stats    ]   Collector: Garbage Collection Cycle                      0.000 / 0.000         0.000 / 0.000       665.978 / 19032.234   665.978 / 19032.234   ms
[14790.315s][info][gc,stats    ]  Contention: Mark Segment Reset Contention                     0 / 0                 0 / 0                 2 / 104               2 / 104         ops/s
[14790.315s][info][gc,stats    ]  Contention: Mark SeqNum Reset Contention                      0 / 0                 0 / 0                 0 / 7                 0 / 7           ops/s
[14790.315s][info][gc,stats    ]    Critical: Allocation Stall                                  0 / 0                 0 / 0                 0 / 827               0 / 827         ops/s
[14790.315s][info][gc,stats    ]    Critical: Allocation Stall                              0.000 / 0.000         0.000 / 0.000       146.230 / 487.490     146.230 / 487.490     ms
[14790.315s][info][gc,stats    ]    Critical: GC Locker Stall                                   0 / 0                 0 / 0                 0 / 2                 0 / 2           ops/s
[14790.315s][info][gc,stats    ]    Critical: GC Locker Stall                               0.000 / 0.000         0.000 / 0.000         0.167 / 4.787         0.167 / 4.787       ms
[14790.315s][info][gc,stats    ]    Critical: Relocation Stall                                  0 / 0                 0 / 0                 0 / 103               0 / 103         ops/s
[14790.315s][info][gc,stats    ]    Critical: Relocation Stall                              0.000 / 0.000         0.000 / 0.000        14.882 / 62.172       14.882 / 62.172      ms
[14790.315s][info][gc,stats    ]      Memory: Allocation Rate                                   0 / 0                 0 / 0               471 / 2790            471 / 2790        MB/s
[14790.315s][info][gc,stats    ]      Memory: Out Of Memory                                     0 / 0                 0 / 0                 0 / 0                 0 / 0           ops/s
[14790.315s][info][gc,stats    ]      Memory: Page Cache Flush                                  0 / 0                 0 / 0                 0 / 258               0 / 258         MB/s
[14790.315s][info][gc,stats    ]      Memory: Page Cache Hit L1                                 0 / 0                 0 / 0               229 / 1336            229 / 1336        ops/s
[14790.315s][info][gc,stats    ]      Memory: Page Cache Hit L2                                 0 / 0                 0 / 0                 0 / 0                 0 / 0           ops/s
[14790.316s][info][gc,stats    ]      Memory: Page Cache Hit L3                                 0 / 0                 0 / 0                 0 / 1028              0 / 1028        ops/s
[14790.316s][info][gc,stats    ]      Memory: Page Cache Miss                                   0 / 0                 0 / 0                 0 / 12                0 / 12          ops/s
[14790.316s][info][gc,stats    ]      Memory: Uncommit                                          0 / 0                 0 / 0                 0 / 0                 0 / 0           MB/s
[14790.316s][info][gc,stats    ]      Memory: Undo Object Allocation Failed                     0 / 0                 0 / 0                 0 / 5                 0 / 5           ops/s
[14790.316s][info][gc,stats    ]      Memory: Undo Object Allocation Succeeded                  0 / 0                 0 / 0                16 / 6595             16 / 6595        ops/s
[14790.316s][info][gc,stats    ]      Memory: Undo Page Allocation                              0 / 0                 0 / 0                 0 / 676               0 / 676         ops/s
[14790.316s][info][gc,stats    ]       Phase: Concurrent Mark                               0.000 / 0.000         0.000 / 0.000       571.218 / 3424.228    571.218 / 3424.228    ms
[14790.316s][info][gc,stats    ]       Phase: Concurrent Mark Continue                      0.000 / 0.000         0.000 / 0.000         0.000 / 0.000         0.000 / 0.000       ms
[14790.316s][info][gc,stats    ]       Phase: Concurrent Mark Free                          0.000 / 0.000         0.000 / 0.000         1.118 / 305.339       1.118 / 305.339     ms
[14790.316s][info][gc,stats    ]       Phase: Concurrent Process Non-Strong References      0.000 / 0.000         0.000 / 0.000        69.335 / 18388.762    69.335 / 18388.762   ms
[14790.316s][info][gc,stats    ]       Phase: Concurrent Relocate                           0.000 / 0.000         0.000 / 0.000        11.475 / 64.108       11.475 / 64.108      ms
[14790.316s][info][gc,stats    ]       Phase: Concurrent Reset Relocation Set               0.000 / 0.000         0.000 / 0.000         0.212 / 0.968         0.212 / 0.968       ms
[14790.316s][info][gc,stats    ]       Phase: Concurrent Select Relocation Set              0.000 / 0.000         0.000 / 0.000         6.722 / 623.697       6.722 / 623.697     ms
[14790.316s][info][gc,stats    ]       Phase: Pause Mark End                                0.000 / 0.000         0.000 / 0.000         0.094 / 0.434         0.094 / 0.434       ms
[14790.316s][info][gc,stats    ]       Phase: Pause Mark Start                              0.000 / 0.000         0.000 / 0.000         0.023 / 0.223         0.023 / 0.223       ms
[14790.316s][info][gc,stats    ]       Phase: Pause Relocate Start                          0.000 / 0.000         0.000 / 0.000         0.045 / 0.309         0.045 / 0.309       ms
[14790.316s][info][gc,stats    ]    Subphase: Concurrent Classes Purge                      0.000 / 0.000         0.000 / 0.000         0.518 / 3.157         0.518 / 3.157       ms
[14790.316s][info][gc,stats    ]    Subphase: Concurrent Classes Unlink                     0.000 / 0.000         0.000 / 0.000        64.039 / 18382.834    64.039 / 18382.834   ms
[14790.316s][info][gc,stats    ]    Subphase: Concurrent Mark                               0.000 / 0.000         0.000 / 0.000       450.151 / 3398.532    450.151 / 3398.532    ms
[14790.316s][info][gc,stats    ]    Subphase: Concurrent Mark Try Flush                     0.000 / 0.000         0.000 / 0.000         1.565 / 934.939       1.565 / 934.939     ms
[14790.316s][info][gc,stats    ]    Subphase: Concurrent Mark Try Terminate                 0.000 / 0.000         0.000 / 0.000         1.072 / 934.940       1.072 / 934.940     ms
[14790.316s][info][gc,stats    ]    Subphase: Concurrent References Enqueue                 0.000 / 0.000         0.000 / 0.000         0.009 / 0.091         0.009 / 0.091       ms
[14790.316s][info][gc,stats    ]    Subphase: Concurrent References Process                 0.000 / 0.000         0.000 / 0.000         0.881 / 3.992         0.881 / 3.992       ms
[14790.316s][info][gc,stats    ]    Subphase: Concurrent Roots ClassLoaderDataGraph         0.000 / 0.000         0.000 / 0.000         0.833 / 3.889         0.833 / 3.889       ms
[14790.316s][info][gc,stats    ]    Subphase: Concurrent Roots CodeCache                    0.000 / 0.000         0.000 / 0.000         0.000 / 0.000         0.000 / 0.000       ms
[14790.316s][info][gc,stats    ]    Subphase: Concurrent Roots JavaThreads                  0.000 / 0.000         0.000 / 0.000         4.665 / 969.487       4.665 / 969.487     ms
[14790.316s][info][gc,stats    ]    Subphase: Concurrent Roots OopStorageSet                0.000 / 0.000         0.000 / 0.000         0.083 / 2.218         0.083 / 2.218       ms
[14790.316s][info][gc,stats    ]    Subphase: Concurrent Weak Roots OopStorageSet           0.000 / 0.000         0.000 / 0.000         1.501 / 13.633        1.501 / 13.633      ms
[14790.316s][info][gc,stats    ]    Subphase: Pause Mark Try Complete                       0.000 / 0.000         0.000 / 0.000         0.001 / 0.031         0.001 / 0.031       ms
[14790.316s][info][gc,stats    ]      System: Java Threads                                      0 / 0                 0 / 0              1929 / 4684           1929 / 4684        threads
[14790.316s][info][gc,stats    ] =========================================================================================================================================================
[14800.316s][info][gc,stats    ] === Garbage Collection Statistics =======================================================================================================================
[14800.316s][info][gc,stats    ]                                                              Last 10s              Last 10m              Last 10h                Total
[14800.316s][info][gc,stats    ]                                                              Avg / Max             Avg / Max             Avg / Max             Avg / Max
[14800.316s][info][gc,stats    ]   Collector: Garbage Collection Cycle                      0.000 / 0.000         0.000 / 0.000       665.978 / 19032.234   665.978 / 19032.234   ms
[14800.316s][info][gc,stats    ]  Contention: Mark Segment Reset Contention                     0 / 0                 0 / 0                 2 / 104               2 / 104         ops/s
[14800.316s][info][gc,stats    ]  Contention: Mark SeqNum Reset Contention                      0 / 0                 0 / 0                 0 / 7                 0 / 7           ops/s
[14800.316s][info][gc,stats    ]    Critical: Allocation Stall                                  0 / 0                 0 / 0                 0 / 827               0 / 827         ops/s
[14800.316s][info][gc,stats    ]    Critical: Allocation Stall                              0.000 / 0.000         0.000 / 0.000       146.230 / 487.490     146.230 / 487.490     ms
[14800.316s][info][gc,stats    ]    Critical: GC Locker Stall                                   0 / 0                 0 / 0                 0 / 2                 0 / 2           ops/s
[14800.316s][info][gc,stats    ]    Critical: GC Locker Stall                               0.000 / 0.000         0.000 / 0.000         0.167 / 4.787         0.167 / 4.787       ms
[14800.316s][info][gc,stats    ]    Critical: Relocation Stall                                  0 / 0                 0 / 0                 0 / 103               0 / 103         ops/s
[14800.316s][info][gc,stats    ]    Critical: Relocation Stall                              0.000 / 0.000         0.000 / 0.000        14.882 / 62.172       14.882 / 62.172      ms
[14800.316s][info][gc,stats    ]      Memory: Allocation Rate                                   0 / 0                 0 / 0               471 / 2790            471 / 2790        MB/s
[14800.316s][info][gc,stats    ]      Memory: Out Of Memory                                     0 / 0                 0 / 0                 0 / 0                 0 / 0           ops/s
[14800.316s][info][gc,stats    ]      Memory: Page Cache Flush                                  0 / 0                 0 / 0                 0 / 258               0 / 258         MB/s
[14800.316s][info][gc,stats    ]      Memory: Page Cache Hit L1                                 0 / 0                 0 / 0               229 / 1336            229 / 1336        ops/s
[14800.316s][info][gc,stats    ]      Memory: Page Cache Hit L2                                 0 / 0                 0 / 0                 0 / 0                 0 / 0           ops/s
[14800.316s][info][gc,stats    ]      Memory: Page Cache Hit L3                                 0 / 0                 0 / 0                 0 / 1028              0 / 1028        ops/s
[14800.316s][info][gc,stats    ]      Memory: Page Cache Miss                                   0 / 0                 0 / 0                 0 / 12                0 / 12          ops/s
[14800.316s][info][gc,stats    ]      Memory: Uncommit                                          0 / 0                 0 / 0                 0 / 0                 0 / 0           MB/s
[14800.316s][info][gc,stats    ]      Memory: Undo Object Allocation Failed                     0 / 0                 0 / 0                 0 / 5                 0 / 5           ops/s
[14800.316s][info][gc,stats    ]      Memory: Undo Object Allocation Succeeded                  0 / 0                 0 / 0                16 / 6595             16 / 6595        ops/s
[14800.316s][info][gc,stats    ]      Memory: Undo Page Allocation                              0 / 0                 0 / 0                 0 / 676               0 / 676         ops/s
[14800.316s][info][gc,stats    ]       Phase: Concurrent Mark                               0.000 / 0.000         0.000 / 0.000       571.218 / 3424.228    571.218 / 3424.228    ms
[14800.316s][info][gc,stats    ]       Phase: Concurrent Mark Continue                      0.000 / 0.000         0.000 / 0.000         0.000 / 0.000         0.000 / 0.000       ms
[14800.316s][info][gc,stats    ]       Phase: Concurrent Mark Free                          0.000 / 0.000         0.000 / 0.000         1.118 / 305.339       1.118 / 305.339     ms
[14800.316s][info][gc,stats    ]       Phase: Concurrent Process Non-Strong References      0.000 / 0.000         0.000 / 0.000        69.335 / 18388.762    69.335 / 18388.762   ms
[14800.316s][info][gc,stats    ]       Phase: Concurrent Relocate                           0.000 / 0.000         0.000 / 0.000        11.475 / 64.108       11.475 / 64.108      ms
[14800.316s][info][gc,stats    ]       Phase: Concurrent Reset Relocation Set               0.000 / 0.000         0.000 / 0.000         0.212 / 0.968         0.212 / 0.968       ms
[14800.316s][info][gc,stats    ]       Phase: Concurrent Select Relocation Set              0.000 / 0.000         0.000 / 0.000         6.722 / 623.697       6.722 / 623.697     ms
[14800.316s][info][gc,stats    ]       Phase: Pause Mark End                                0.000 / 0.000         0.000 / 0.000         0.094 / 0.434         0.094 / 0.434       ms
[14800.316s][info][gc,stats    ]       Phase: Pause Mark Start                              0.000 / 0.000         0.000 / 0.000         0.023 / 0.223         0.023 / 0.223       ms
[14800.316s][info][gc,stats    ]       Phase: Pause Relocate Start                          0.000 / 0.000         0.000 / 0.000         0.045 / 0.309         0.045 / 0.309       ms
[14800.316s][info][gc,stats    ]    Subphase: Concurrent Classes Purge                      0.000 / 0.000         0.000 / 0.000         0.518 / 3.157         0.518 / 3.157       ms
[14800.316s][info][gc,stats    ]    Subphase: Concurrent Classes Unlink                     0.000 / 0.000         0.000 / 0.000        64.039 / 18382.834    64.039 / 18382.834   ms
[14800.316s][info][gc,stats    ]    Subphase: Concurrent Mark                               0.000 / 0.000         0.000 / 0.000       450.151 / 3398.532    450.151 / 3398.532    ms
[14800.316s][info][gc,stats    ]    Subphase: Concurrent Mark Try Flush                     0.000 / 0.000         0.000 / 0.000         1.565 / 934.939       1.565 / 934.939     ms
[14800.316s][info][gc,stats    ]    Subphase: Concurrent Mark Try Terminate                 0.000 / 0.000         0.000 / 0.000         1.072 / 934.940       1.072 / 934.940     ms
[14800.316s][info][gc,stats    ]    Subphase: Concurrent References Enqueue                 0.000 / 0.000         0.000 / 0.000         0.009 / 0.091         0.009 / 0.091       ms
[14800.316s][info][gc,stats    ]    Subphase: Concurrent References Process                 0.000 / 0.000         0.000 / 0.000         0.881 / 3.992         0.881 / 3.992       ms
[14800.316s][info][gc,stats    ]    Subphase: Concurrent Roots ClassLoaderDataGraph         0.000 / 0.000         0.000 / 0.000         0.833 / 3.889         0.833 / 3.889       ms
[14800.316s][info][gc,stats    ]    Subphase: Concurrent Roots CodeCache                    0.000 / 0.000         0.000 / 0.000         0.000 / 0.000         0.000 / 0.000       ms
[14800.316s][info][gc,stats    ]    Subphase: Concurrent Roots JavaThreads                  0.000 / 0.000         0.000 / 0.000         4.665 / 969.487       4.665 / 969.487     ms
[14800.316s][info][gc,stats    ]    Subphase: Concurrent Roots OopStorageSet                0.000 / 0.000         0.000 / 0.000         0.083 / 2.218         0.083 / 2.218       ms
[14800.316s][info][gc,stats    ]    Subphase: Concurrent Weak Roots OopStorageSet           0.000 / 0.000         0.000 / 0.000         1.501 / 13.633        1.501 / 13.633      ms
[14800.316s][info][gc,stats    ]    Subphase: Pause Mark Try Complete                       0.000 / 0.000         0.000 / 0.000         0.001 / 0.031         0.001 / 0.031       ms
[14800.316s][info][gc,stats    ]      System: Java Threads                                      0 / 0                 0 / 0              1929 / 4684           1929 / 4684        threads
[14800.316s][info][gc,stats    ] =========================================================================================================================================================
[14810.316s][info][gc,stats    ] === Garbage Collection Statistics =======================================================================================================================
[14810.316s][info][gc,stats    ]                                                              Last 10s              Last 10m              Last 10h                Total
[14810.316s][info][gc,stats    ]                                                              Avg / Max             Avg / Max             Avg / Max             Avg / Max
[14810.316s][info][gc,stats    ]   Collector: Garbage Collection Cycle                      0.000 / 0.000         0.000 / 0.000       665.978 / 19032.234   665.978 / 19032.234   ms
[14810.316s][info][gc,stats    ]  Contention: Mark Segment Reset Contention                     0 / 0                 0 / 0                 2 / 104               2 / 104         ops/s
[14810.316s][info][gc,stats    ]  Contention: Mark SeqNum Reset Contention                      0 / 0                 0 / 0                 0 / 7                 0 / 7           ops/s
[14810.316s][info][gc,stats    ]    Critical: Allocation Stall                                  0 / 0                 0 / 0                 0 / 827               0 / 827         ops/s
[14810.316s][info][gc,stats    ]    Critical: Allocation Stall                              0.000 / 0.000         0.000 / 0.000       146.230 / 487.490     146.230 / 487.490     ms
[14810.316s][info][gc,stats    ]    Critical: GC Locker Stall                                   0 / 0                 0 / 0                 0 / 2                 0 / 2           ops/s
[14810.316s][info][gc,stats    ]    Critical: GC Locker Stall                               0.000 / 0.000         0.000 / 0.000         0.167 / 4.787         0.167 / 4.787       ms
[14810.316s][info][gc,stats    ]    Critical: Relocation Stall                                  0 / 0                 0 / 0                 0 / 103               0 / 103         ops/s
[14810.316s][info][gc,stats    ]    Critical: Relocation Stall                              0.000 / 0.000         0.000 / 0.000        14.882 / 62.172       14.882 / 62.172      ms
[14810.316s][info][gc,stats    ]      Memory: Allocation Rate                                   0 / 0                 0 / 0               471 / 2790            471 / 2790        MB/s
[14810.316s][info][gc,stats    ]      Memory: Out Of Memory                                     0 / 0                 0 / 0                 0 / 0                 0 / 0           ops/s
[14810.316s][info][gc,stats    ]      Memory: Page Cache Flush                                  0 / 0                 0 / 0                 0 / 258               0 / 258         MB/s
[14810.316s][info][gc,stats    ]      Memory: Page Cache Hit L1                                 0 / 0                 0 / 0               229 / 1336            229 / 1336        ops/s
[14810.316s][info][gc,stats    ]      Memory: Page Cache Hit L2                                 0 / 0                 0 / 0                 0 / 0                 0 / 0           ops/s
[14810.316s][info][gc,stats    ]      Memory: Page Cache Hit L3                                 0 / 0                 0 / 0                 0 / 1028              0 / 1028        ops/s
[14810.316s][info][gc,stats    ]      Memory: Page Cache Miss                                   0 / 0                 0 / 0                 0 / 12                0 / 12          ops/s
[14810.316s][info][gc,stats    ]      Memory: Uncommit                                          0 / 0                 0 / 0                 0 / 0                 0 / 0           MB/s
[14810.316s][info][gc,stats    ]      Memory: Undo Object Allocation Failed                     0 / 0                 0 / 0                 0 / 5                 0 / 5           ops/s
[14810.316s][info][gc,stats    ]      Memory: Undo Object Allocation Succeeded                  0 / 0                 0 / 0                16 / 6595             16 / 6595        ops/s
[14810.316s][info][gc,stats    ]      Memory: Undo Page Allocation                              0 / 0                 0 / 0                 0 / 676               0 / 676         ops/s
[14810.316s][info][gc,stats    ]       Phase: Concurrent Mark                               0.000 / 0.000         0.000 / 0.000       571.218 / 3424.228    571.218 / 3424.228    ms
[14810.316s][info][gc,stats    ]       Phase: Concurrent Mark Continue                      0.000 / 0.000         0.000 / 0.000         0.000 / 0.000         0.000 / 0.000       ms
[14810.316s][info][gc,stats    ]       Phase: Concurrent Mark Free                          0.000 / 0.000         0.000 / 0.000         1.118 / 305.339       1.118 / 305.339     ms
[14810.316s][info][gc,stats    ]       Phase: Concurrent Process Non-Strong References      0.000 / 0.000         0.000 / 0.000        69.335 / 18388.762    69.335 / 18388.762   ms
[14810.316s][info][gc,stats    ]       Phase: Concurrent Relocate                           0.000 / 0.000         0.000 / 0.000        11.475 / 64.108       11.475 / 64.108      ms
[14810.316s][info][gc,stats    ]       Phase: Concurrent Reset Relocation Set               0.000 / 0.000         0.000 / 0.000         0.212 / 0.968         0.212 / 0.968       ms
[14810.316s][info][gc,stats    ]       Phase: Concurrent Select Relocation Set              0.000 / 0.000         0.000 / 0.000         6.722 / 623.697       6.722 / 623.697     ms
[14810.316s][info][gc,stats    ]       Phase: Pause Mark End                                0.000 / 0.000         0.000 / 0.000         0.094 / 0.434         0.094 / 0.434       ms
[14810.316s][info][gc,stats    ]       Phase: Pause Mark Start                              0.000 / 0.000         0.000 / 0.000         0.023 / 0.223         0.023 / 0.223       ms
[14810.316s][info][gc,stats    ]       Phase: Pause Relocate Start                          0.000 / 0.000         0.000 / 0.000         0.045 / 0.309         0.045 / 0.309       ms
[14810.316s][info][gc,stats    ]    Subphase: Concurrent Classes Purge                      0.000 / 0.000         0.000 / 0.000         0.518 / 3.157         0.518 / 3.157       ms
[14810.316s][info][gc,stats    ]    Subphase: Concurrent Classes Unlink                     0.000 / 0.000         0.000 / 0.000        64.039 / 18382.834    64.039 / 18382.834   ms
[14810.316s][info][gc,stats    ]    Subphase: Concurrent Mark                               0.000 / 0.000         0.000 / 0.000       450.151 / 3398.532    450.151 / 3398.532    ms
[14810.316s][info][gc,stats    ]    Subphase: Concurrent Mark Try Flush                     0.000 / 0.000         0.000 / 0.000         1.565 / 934.939       1.565 / 934.939     ms
[14810.316s][info][gc,stats    ]    Subphase: Concurrent Mark Try Terminate                 0.000 / 0.000         0.000 / 0.000         1.072 / 934.940       1.072 / 934.940     ms
[14810.316s][info][gc,stats    ]    Subphase: Concurrent References Enqueue                 0.000 / 0.000         0.000 / 0.000         0.009 / 0.091         0.009 / 0.091       ms
[14810.316s][info][gc,stats    ]    Subphase: Concurrent References Process                 0.000 / 0.000         0.000 / 0.000         0.881 / 3.992         0.881 / 3.992       ms
[14810.316s][info][gc,stats    ]    Subphase: Concurrent Roots ClassLoaderDataGraph         0.000 / 0.000         0.000 / 0.000         0.833 / 3.889         0.833 / 3.889       ms
[14810.316s][info][gc,stats    ]    Subphase: Concurrent Roots CodeCache                    0.000 / 0.000         0.000 / 0.000         0.000 / 0.000         0.000 / 0.000       ms
[14810.316s][info][gc,stats    ]    Subphase: Concurrent Roots JavaThreads                  0.000 / 0.000         0.000 / 0.000         4.665 / 969.487       4.665 / 969.487     ms
[14810.316s][info][gc,stats    ]    Subphase: Concurrent Roots OopStorageSet                0.000 / 0.000         0.000 / 0.000         0.083 / 2.218         0.083 / 2.218       ms
[14810.316s][info][gc,stats    ]    Subphase: Concurrent Weak Roots OopStorageSet           0.000 / 0.000         0.000 / 0.000         1.501 / 13.633        1.501 / 13.633      ms
[14810.316s][info][gc,stats    ]    Subphase: Pause Mark Try Complete                       0.000 / 0.000         0.000 / 0.000         0.001 / 0.031         0.001 / 0.031       ms
[14810.316s][info][gc,stats    ]      System: Java Threads                                      0 / 0                 0 / 0              1929 / 4684           1929 / 4684        threads
[14810.316s][info][gc,stats    ] =========================================================================================================================================================
[14820.316s][info][gc,stats    ] === Garbage Collection Statistics =======================================================================================================================
[14820.316s][info][gc,stats    ]                                                              Last 10s              Last 10m              Last 10h                Total
[14820.316s][info][gc,stats    ]                                                              Avg / Max             Avg / Max             Avg / Max             Avg / Max
[14820.316s][info][gc,stats    ]   Collector: Garbage Collection Cycle                      0.000 / 0.000         0.000 / 0.000       665.978 / 19032.234   665.978 / 19032.234   ms
[14820.316s][info][gc,stats    ]  Contention: Mark Segment Reset Contention                     0 / 0                 0 / 0                 2 / 104               2 / 104         ops/s
[14820.316s][info][gc,stats    ]  Contention: Mark SeqNum Reset Contention                      0 / 0                 0 / 0                 0 / 7                 0 / 7           ops/s
[14820.316s][info][gc,stats    ]    Critical: Allocation Stall                                  0 / 0                 0 / 0                 0 / 827               0 / 827         ops/s
[14820.316s][info][gc,stats    ]    Critical: Allocation Stall                              0.000 / 0.000         0.000 / 0.000       146.230 / 487.490     146.230 / 487.490     ms
[14820.316s][info][gc,stats    ]    Critical: GC Locker Stall                                   0 / 0                 0 / 0                 0 / 2                 0 / 2           ops/s
[14820.316s][info][gc,stats    ]    Critical: GC Locker Stall                               0.000 / 0.000         0.000 / 0.000         0.167 / 4.787         0.167 / 4.787       ms
[14820.316s][info][gc,stats    ]    Critical: Relocation Stall                                  0 / 0                 0 / 0                 0 / 103               0 / 103         ops/s
[14820.316s][info][gc,stats    ]    Critical: Relocation Stall                              0.000 / 0.000         0.000 / 0.000        14.882 / 62.172       14.882 / 62.172      ms
[14820.316s][info][gc,stats    ]      Memory: Allocation Rate                                   0 / 0                 0 / 0               470 / 2790            470 / 2790        MB/s
[14820.316s][info][gc,stats    ]      Memory: Out Of Memory                                     0 / 0                 0 / 0                 0 / 0                 0 / 0           ops/s
[14820.316s][info][gc,stats    ]      Memory: Page Cache Flush                                  0 / 0                 0 / 0                 0 / 258               0 / 258         MB/s
[14820.316s][info][gc,stats    ]      Memory: Page Cache Hit L1                                 0 / 0                 0 / 0               229 / 1336            229 / 1336        ops/s
[14820.316s][info][gc,stats    ]      Memory: Page Cache Hit L2                                 0 / 0                 0 / 0                 0 / 0                 0 / 0           ops/s
[14820.316s][info][gc,stats    ]      Memory: Page Cache Hit L3                                 0 / 0                 0 / 0                 0 / 1028              0 / 1028        ops/s
[14820.316s][info][gc,stats    ]      Memory: Page Cache Miss                                   0 / 0                 0 / 0                 0 / 12                0 / 12          ops/s
[14820.316s][info][gc,stats    ]      Memory: Uncommit                                          0 / 0                 0 / 0                 0 / 0                 0 / 0           MB/s
[14820.316s][info][gc,stats    ]      Memory: Undo Object Allocation Failed                     0 / 0                 0 / 0                 0 / 5                 0 / 5           ops/s
[14820.316s][info][gc,stats    ]      Memory: Undo Object Allocation Succeeded                  0 / 0                 0 / 0                16 / 6595             16 / 6595        ops/s
[14820.316s][info][gc,stats    ]      Memory: Undo Page Allocation                              0 / 0                 0 / 0                 0 / 676               0 / 676         ops/s
[14820.316s][info][gc,stats    ]       Phase: Concurrent Mark                               0.000 / 0.000         0.000 / 0.000       571.218 / 3424.228    571.218 / 3424.228    ms
[14820.316s][info][gc,stats    ]       Phase: Concurrent Mark Continue                      0.000 / 0.000         0.000 / 0.000         0.000 / 0.000         0.000 / 0.000       ms
[14820.316s][info][gc,stats    ]       Phase: Concurrent Mark Free                          0.000 / 0.000         0.000 / 0.000         1.118 / 305.339       1.118 / 305.339     ms
[14820.316s][info][gc,stats    ]       Phase: Concurrent Process Non-Strong References      0.000 / 0.000         0.000 / 0.000        69.335 / 18388.762    69.335 / 18388.762   ms
[14820.316s][info][gc,stats    ]       Phase: Concurrent Relocate                           0.000 / 0.000         0.000 / 0.000        11.475 / 64.108       11.475 / 64.108      ms
[14820.316s][info][gc,stats    ]       Phase: Concurrent Reset Relocation Set               0.000 / 0.000         0.000 / 0.000         0.212 / 0.968         0.212 / 0.968       ms
[14820.316s][info][gc,stats    ]       Phase: Concurrent Select Relocation Set              0.000 / 0.000         0.000 / 0.000         6.722 / 623.697       6.722 / 623.697     ms
[14820.316s][info][gc,stats    ]       Phase: Pause Mark End                                0.000 / 0.000         0.000 / 0.000         0.094 / 0.434         0.094 / 0.434       ms
[14820.316s][info][gc,stats    ]       Phase: Pause Mark Start                              0.000 / 0.000         0.000 / 0.000         0.023 / 0.223         0.023 / 0.223       ms
[14820.316s][info][gc,stats    ]       Phase: Pause Relocate Start                          0.000 / 0.000         0.000 / 0.000         0.045 / 0.309         0.045 / 0.309       ms
[14820.316s][info][gc,stats    ]    Subphase: Concurrent Classes Purge                      0.000 / 0.000         0.000 / 0.000         0.518 / 3.157         0.518 / 3.157       ms
[14820.316s][info][gc,stats    ]    Subphase: Concurrent Classes Unlink                     0.000 / 0.000         0.000 / 0.000        64.039 / 18382.834    64.039 / 18382.834   ms
[14820.316s][info][gc,stats    ]    Subphase: Concurrent Mark                               0.000 / 0.000         0.000 / 0.000       450.151 / 3398.532    450.151 / 3398.532    ms
[14820.316s][info][gc,stats    ]    Subphase: Concurrent Mark Try Flush                     0.000 / 0.000         0.000 / 0.000         1.565 / 934.939       1.565 / 934.939     ms
[14820.316s][info][gc,stats    ]    Subphase: Concurrent Mark Try Terminate                 0.000 / 0.000         0.000 / 0.000         1.072 / 934.940       1.072 / 934.940     ms
[14820.316s][info][gc,stats    ]    Subphase: Concurrent References Enqueue                 0.000 / 0.000         0.000 / 0.000         0.009 / 0.091         0.009 / 0.091       ms
[14820.316s][info][gc,stats    ]    Subphase: Concurrent References Process                 0.000 / 0.000         0.000 / 0.000         0.881 / 3.992         0.881 / 3.992       ms
[14820.316s][info][gc,stats    ]    Subphase: Concurrent Roots ClassLoaderDataGraph         0.000 / 0.000         0.000 / 0.000         0.833 / 3.889         0.833 / 3.889       ms
[14820.316s][info][gc,stats    ]    Subphase: Concurrent Roots CodeCache                    0.000 / 0.000         0.000 / 0.000         0.000 / 0.000         0.000 / 0.000       ms
[14820.316s][info][gc,stats    ]    Subphase: Concurrent Roots JavaThreads                  0.000 / 0.000         0.000 / 0.000         4.665 / 969.487       4.665 / 969.487     ms
[14820.316s][info][gc,stats    ]    Subphase: Concurrent Roots OopStorageSet                0.000 / 0.000         0.000 / 0.000         0.083 / 2.218         0.083 / 2.218       ms
[14820.316s][info][gc,stats    ]    Subphase: Concurrent Weak Roots OopStorageSet           0.000 / 0.000         0.000 / 0.000         1.501 / 13.633        1.501 / 13.633      ms
[14820.316s][info][gc,stats    ]    Subphase: Pause Mark Try Complete                       0.000 / 0.000         0.000 / 0.000         0.001 / 0.031         0.001 / 0.031       ms
[14820.316s][info][gc,stats    ]      System: Java Threads                                      0 / 0                 0 / 0              1929 / 4684           1929 / 4684        threads
[14820.316s][info][gc,stats    ] =========================================================================================================================================================
[14830.315s][info][gc,stats    ] === Garbage Collection Statistics =======================================================================================================================
[14830.316s][info][gc,stats    ]                                                              Last 10s              Last 10m              Last 10h                Total
[14830.316s][info][gc,stats    ]                                                              Avg / Max             Avg / Max             Avg / Max             Avg / Max
[14830.316s][info][gc,stats    ]   Collector: Garbage Collection Cycle                      0.000 / 0.000         0.000 / 0.000       665.978 / 19032.234   665.978 / 19032.234   ms
[14830.316s][info][gc,stats    ]  Contention: Mark Segment Reset Contention                     0 / 0                 0 / 0                 2 / 104               2 / 104         ops/s
[14830.316s][info][gc,stats    ]  Contention: Mark SeqNum Reset Contention                      0 / 0                 0 / 0                 0 / 7                 0 / 7           ops/s
[14830.316s][info][gc,stats    ]    Critical: Allocation Stall                                  0 / 0                 0 / 0                 0 / 827               0 / 827         ops/s
[14830.316s][info][gc,stats    ]    Critical: Allocation Stall                              0.000 / 0.000         0.000 / 0.000       146.230 / 487.490     146.230 / 487.490     ms
[14830.316s][info][gc,stats    ]    Critical: GC Locker Stall                                   0 / 0                 0 / 0                 0 / 2                 0 / 2           ops/s
[14830.316s][info][gc,stats    ]    Critical: GC Locker Stall                               0.000 / 0.000         0.000 / 0.000         0.167 / 4.787         0.167 / 4.787       ms
[14830.316s][info][gc,stats    ]    Critical: Relocation Stall                                  0 / 0                 0 / 0                 0 / 103               0 / 103         ops/s
[14830.316s][info][gc,stats    ]    Critical: Relocation Stall                              0.000 / 0.000         0.000 / 0.000        14.882 / 62.172       14.882 / 62.172      ms
[14830.316s][info][gc,stats    ]      Memory: Allocation Rate                                   0 / 0                 0 / 0               470 / 2790            470 / 2790        MB/s
[14830.316s][info][gc,stats    ]      Memory: Out Of Memory                                     0 / 0                 0 / 0                 0 / 0                 0 / 0           ops/s
[14830.316s][info][gc,stats    ]      Memory: Page Cache Flush                                  0 / 0                 0 / 0                 0 / 258               0 / 258         MB/s
[14830.316s][info][gc,stats    ]      Memory: Page Cache Hit L1                                 0 / 0                 0 / 0               229 / 1336            229 / 1336        ops/s
[14830.316s][info][gc,stats    ]      Memory: Page Cache Hit L2                                 0 / 0                 0 / 0                 0 / 0                 0 / 0           ops/s
[14830.316s][info][gc,stats    ]      Memory: Page Cache Hit L3                                 0 / 0                 0 / 0                 0 / 1028              0 / 1028        ops/s
[14830.316s][info][gc,stats    ]      Memory: Page Cache Miss                                   0 / 0                 0 / 0                 0 / 12                0 / 12          ops/s
[14830.316s][info][gc,stats    ]      Memory: Uncommit                                          0 / 0                 0 / 0                 0 / 0                 0 / 0           MB/s
[14830.316s][info][gc,stats    ]      Memory: Undo Object Allocation Failed                     0 / 0                 0 / 0                 0 / 5                 0 / 5           ops/s
[14830.316s][info][gc,stats    ]      Memory: Undo Object Allocation Succeeded                  0 / 0                 0 / 0                16 / 6595             16 / 6595        ops/s
[14830.316s][info][gc,stats    ]      Memory: Undo Page Allocation                              0 / 0                 0 / 0                 0 / 676               0 / 676         ops/s
[14830.316s][info][gc,stats    ]       Phase: Concurrent Mark                               0.000 / 0.000         0.000 / 0.000       571.218 / 3424.228    571.218 / 3424.228    ms
[14830.316s][info][gc,stats    ]       Phase: Concurrent Mark Continue                      0.000 / 0.000         0.000 / 0.000         0.000 / 0.000         0.000 / 0.000       ms
[14830.316s][info][gc,stats    ]       Phase: Concurrent Mark Free                          0.000 / 0.000         0.000 / 0.000         1.118 / 305.339       1.118 / 305.339     ms
[14830.316s][info][gc,stats    ]       Phase: Concurrent Process Non-Strong References      0.000 / 0.000         0.000 / 0.000        69.335 / 18388.762    69.335 / 18388.762   ms
[14830.316s][info][gc,stats    ]       Phase: Concurrent Relocate                           0.000 / 0.000         0.000 / 0.000        11.475 / 64.108       11.475 / 64.108      ms
[14830.316s][info][gc,stats    ]       Phase: Concurrent Reset Relocation Set               0.000 / 0.000         0.000 / 0.000         0.212 / 0.968         0.212 / 0.968       ms
[14830.316s][info][gc,stats    ]       Phase: Concurrent Select Relocation Set              0.000 / 0.000         0.000 / 0.000         6.722 / 623.697       6.722 / 623.697     ms
[14830.316s][info][gc,stats    ]       Phase: Pause Mark End                                0.000 / 0.000         0.000 / 0.000         0.094 / 0.434         0.094 / 0.434       ms
[14830.316s][info][gc,stats    ]       Phase: Pause Mark Start                              0.000 / 0.000         0.000 / 0.000         0.023 / 0.223         0.023 / 0.223       ms
[14830.316s][info][gc,stats    ]       Phase: Pause Relocate Start                          0.000 / 0.000         0.000 / 0.000         0.045 / 0.309         0.045 / 0.309       ms
[14830.316s][info][gc,stats    ]    Subphase: Concurrent Classes Purge                      0.000 / 0.000         0.000 / 0.000         0.518 / 3.157         0.518 / 3.157       ms
[14830.316s][info][gc,stats    ]    Subphase: Concurrent Classes Unlink                     0.000 / 0.000         0.000 / 0.000        64.039 / 18382.834    64.039 / 18382.834   ms
[14830.316s][info][gc,stats    ]    Subphase: Concurrent Mark                               0.000 / 0.000         0.000 / 0.000       450.151 / 3398.532    450.151 / 3398.532    ms
[14830.316s][info][gc,stats    ]    Subphase: Concurrent Mark Try Flush                     0.000 / 0.000         0.000 / 0.000         1.565 / 934.939       1.565 / 934.939     ms
[14830.316s][info][gc,stats    ]    Subphase: Concurrent Mark Try Terminate                 0.000 / 0.000         0.000 / 0.000         1.072 / 934.940       1.072 / 934.940     ms
[14830.316s][info][gc,stats    ]    Subphase: Concurrent References Enqueue                 0.000 / 0.000         0.000 / 0.000         0.009 / 0.091         0.009 / 0.091       ms
[14830.316s][info][gc,stats    ]    Subphase: Concurrent References Process                 0.000 / 0.000         0.000 / 0.000         0.881 / 3.992         0.881 / 3.992       ms
[14830.316s][info][gc,stats    ]    Subphase: Concurrent Roots ClassLoaderDataGraph         0.000 / 0.000         0.000 / 0.000         0.833 / 3.889         0.833 / 3.889       ms
[14830.316s][info][gc,stats    ]    Subphase: Concurrent Roots CodeCache                    0.000 / 0.000         0.000 / 0.000         0.000 / 0.000         0.000 / 0.000       ms
[14830.316s][info][gc,stats    ]    Subphase: Concurrent Roots JavaThreads                  0.000 / 0.000         0.000 / 0.000         4.665 / 969.487       4.665 / 969.487     ms
[14830.316s][info][gc,stats    ]    Subphase: Concurrent Roots OopStorageSet                0.000 / 0.000         0.000 / 0.000         0.083 / 2.218         0.083 / 2.218       ms
[14830.316s][info][gc,stats    ]    Subphase: Concurrent Weak Roots OopStorageSet           0.000 / 0.000         0.000 / 0.000         1.501 / 13.633        1.501 / 13.633      ms
[14830.316s][info][gc,stats    ]    Subphase: Pause Mark Try Complete                       0.000 / 0.000         0.000 / 0.000         0.001 / 0.031         0.001 / 0.031       ms
[14830.316s][info][gc,stats    ]      System: Java Threads                                      0 / 0                 0 / 0              1929 / 4684           1929 / 4684        threads
[14830.316s][info][gc,stats    ] =========================================================================================================================================================
[14840.315s][info][gc,stats    ] === Garbage Collection Statistics =======================================================================================================================
[14840.315s][info][gc,stats    ]                                                              Last 10s              Last 10m              Last 10h                Total
[14840.315s][info][gc,stats    ]                                                              Avg / Max             Avg / Max             Avg / Max             Avg / Max
[14840.315s][info][gc,stats    ]   Collector: Garbage Collection Cycle                      0.000 / 0.000         0.000 / 0.000       665.978 / 19032.234   665.978 / 19032.234   ms
[14840.315s][info][gc,stats    ]  Contention: Mark Segment Reset Contention                     0 / 0                 0 / 0                 2 / 104               2 / 104         ops/s
[14840.315s][info][gc,stats    ]  Contention: Mark SeqNum Reset Contention                      0 / 0                 0 / 0                 0 / 7                 0 / 7           ops/s
[14840.315s][info][gc,stats    ]    Critical: Allocation Stall                                  0 / 0                 0 / 0                 0 / 827               0 / 827         ops/s
[14840.315s][info][gc,stats    ]    Critical: Allocation Stall                              0.000 / 0.000         0.000 / 0.000       146.230 / 487.490     146.230 / 487.490     ms
[14840.315s][info][gc,stats    ]    Critical: GC Locker Stall                                   0 / 0                 0 / 0                 0 / 2                 0 / 2           ops/s
[14840.315s][info][gc,stats    ]    Critical: GC Locker Stall                               0.000 / 0.000         0.000 / 0.000         0.167 / 4.787         0.167 / 4.787       ms
[14840.316s][info][gc,stats    ]    Critical: Relocation Stall                                  0 / 0                 0 / 0                 0 / 103               0 / 103         ops/s
[14840.316s][info][gc,stats    ]    Critical: Relocation Stall                              0.000 / 0.000         0.000 / 0.000        14.882 / 62.172       14.882 / 62.172      ms
[14840.316s][info][gc,stats    ]      Memory: Allocation Rate                                   0 / 0                 0 / 0               470 / 2790            470 / 2790        MB/s
[14840.316s][info][gc,stats    ]      Memory: Out Of Memory                                     0 / 0                 0 / 0                 0 / 0                 0 / 0           ops/s
[14840.316s][info][gc,stats    ]      Memory: Page Cache Flush                                  0 / 0                 0 / 0                 0 / 258               0 / 258         MB/s
[14840.316s][info][gc,stats    ]      Memory: Page Cache Hit L1                                 0 / 0                 0 / 0               228 / 1336            228 / 1336        ops/s
[14840.316s][info][gc,stats    ]      Memory: Page Cache Hit L2                                 0 / 0                 0 / 0                 0 / 0                 0 / 0           ops/s
[14840.316s][info][gc,stats    ]      Memory: Page Cache Hit L3                                 0 / 0                 0 / 0                 0 / 1028              0 / 1028        ops/s
[14840.316s][info][gc,stats    ]      Memory: Page Cache Miss                                   0 / 0                 0 / 0                 0 / 12                0 / 12          ops/s
[14840.316s][info][gc,stats    ]      Memory: Uncommit                                          0 / 0                 0 / 0                 0 / 0                 0 / 0           MB/s
[14840.316s][info][gc,stats    ]      Memory: Undo Object Allocation Failed                     0 / 0                 0 / 0                 0 / 5                 0 / 5           ops/s
[14840.316s][info][gc,stats    ]      Memory: Undo Object Allocation Succeeded                  0 / 0                 0 / 0                16 / 6595             16 / 6595        ops/s
[14840.316s][info][gc,stats    ]      Memory: Undo Page Allocation                              0 / 0                 0 / 0                 0 / 676               0 / 676         ops/s
[14840.316s][info][gc,stats    ]       Phase: Concurrent Mark                               0.000 / 0.000         0.000 / 0.000       571.218 / 3424.228    571.218 / 3424.228    ms
[14840.316s][info][gc,stats    ]       Phase: Concurrent Mark Continue                      0.000 / 0.000         0.000 / 0.000         0.000 / 0.000         0.000 / 0.000       ms
[14840.316s][info][gc,stats    ]       Phase: Concurrent Mark Free                          0.000 / 0.000         0.000 / 0.000         1.118 / 305.339       1.118 / 305.339     ms
[14840.316s][info][gc,stats    ]       Phase: Concurrent Process Non-Strong References      0.000 / 0.000         0.000 / 0.000        69.335 / 18388.762    69.335 / 18388.762   ms
[14840.316s][info][gc,stats    ]       Phase: Concurrent Relocate                           0.000 / 0.000         0.000 / 0.000        11.475 / 64.108       11.475 / 64.108      ms
[14840.316s][info][gc,stats    ]       Phase: Concurrent Reset Relocation Set               0.000 / 0.000         0.000 / 0.000         0.212 / 0.968         0.212 / 0.968       ms
[14840.316s][info][gc,stats    ]       Phase: Concurrent Select Relocation Set              0.000 / 0.000         0.000 / 0.000         6.722 / 623.697       6.722 / 623.697     ms
[14840.316s][info][gc,stats    ]       Phase: Pause Mark End                                0.000 / 0.000         0.000 / 0.000         0.094 / 0.434         0.094 / 0.434       ms
[14840.316s][info][gc,stats    ]       Phase: Pause Mark Start                              0.000 / 0.000         0.000 / 0.000         0.023 / 0.223         0.023 / 0.223       ms
[14840.316s][info][gc,stats    ]       Phase: Pause Relocate Start                          0.000 / 0.000         0.000 / 0.000         0.045 / 0.309         0.045 / 0.309       ms
[14840.316s][info][gc,stats    ]    Subphase: Concurrent Classes Purge                      0.000 / 0.000         0.000 / 0.000         0.518 / 3.157         0.518 / 3.157       ms
[14840.316s][info][gc,stats    ]    Subphase: Concurrent Classes Unlink                     0.000 / 0.000         0.000 / 0.000        64.039 / 18382.834    64.039 / 18382.834   ms
[14840.316s][info][gc,stats    ]    Subphase: Concurrent Mark                               0.000 / 0.000         0.000 / 0.000       450.151 / 3398.532    450.151 / 3398.532    ms
[14840.316s][info][gc,stats    ]    Subphase: Concurrent Mark Try Flush                     0.000 / 0.000         0.000 / 0.000         1.565 / 934.939       1.565 / 934.939     ms
[14840.316s][info][gc,stats    ]    Subphase: Concurrent Mark Try Terminate                 0.000 / 0.000         0.000 / 0.000         1.072 / 934.940       1.072 / 934.940     ms
[14840.316s][info][gc,stats    ]    Subphase: Concurrent References Enqueue                 0.000 / 0.000         0.000 / 0.000         0.009 / 0.091         0.009 / 0.091       ms
[14840.316s][info][gc,stats    ]    Subphase: Concurrent References Process                 0.000 / 0.000         0.000 / 0.000         0.881 / 3.992         0.881 / 3.992       ms
[14840.316s][info][gc,stats    ]    Subphase: Concurrent Roots ClassLoaderDataGraph         0.000 / 0.000         0.000 / 0.000         0.833 / 3.889         0.833 / 3.889       ms
[14840.316s][info][gc,stats    ]    Subphase: Concurrent Roots CodeCache                    0.000 / 0.000         0.000 / 0.000         0.000 / 0.000         0.000 / 0.000       ms
[14840.316s][info][gc,stats    ]    Subphase: Concurrent Roots JavaThreads                  0.000 / 0.000         0.000 / 0.000         4.665 / 969.487       4.665 / 969.487     ms
[14840.316s][info][gc,stats    ]    Subphase: Concurrent Roots OopStorageSet                0.000 / 0.000         0.000 / 0.000         0.083 / 2.218         0.083 / 2.218       ms
[14840.316s][info][gc,stats    ]    Subphase: Concurrent Weak Roots OopStorageSet           0.000 / 0.000         0.000 / 0.000         1.501 / 13.633        1.501 / 13.633      ms
[14840.316s][info][gc,stats    ]    Subphase: Pause Mark Try Complete                       0.000 / 0.000         0.000 / 0.000         0.001 / 0.031         0.001 / 0.031       ms
[14840.316s][info][gc,stats    ]      System: Java Threads                                      0 / 0                 0 / 0              1929 / 4684           1929 / 4684        threads
[14840.316s][info][gc,stats    ] =========================================================================================================================================================
[14850.315s][info][gc,stats    ] === Garbage Collection Statistics =======================================================================================================================
[14850.315s][info][gc,stats    ]                                                              Last 10s              Last 10m              Last 10h                Total
[14850.315s][info][gc,stats    ]                                                              Avg / Max             Avg / Max             Avg / Max             Avg / Max
[14850.315s][info][gc,stats    ]   Collector: Garbage Collection Cycle                      0.000 / 0.000         0.000 / 0.000       665.978 / 19032.234   665.978 / 19032.234   ms
[14850.315s][info][gc,stats    ]  Contention: Mark Segment Reset Contention                     0 / 0                 0 / 0                 2 / 104               2 / 104         ops/s
[14850.315s][info][gc,stats    ]  Contention: Mark SeqNum Reset Contention                      0 / 0                 0 / 0                 0 / 7                 0 / 7           ops/s
[14850.315s][info][gc,stats    ]    Critical: Allocation Stall                                  0 / 0                 0 / 0                 0 / 827               0 / 827         ops/s
[14850.315s][info][gc,stats    ]    Critical: Allocation Stall                              0.000 / 0.000         0.000 / 0.000       146.230 / 487.490     146.230 / 487.490     ms
[14850.315s][info][gc,stats    ]    Critical: GC Locker Stall                                   0 / 0                 0 / 0                 0 / 2                 0 / 2           ops/s
[14850.315s][info][gc,stats    ]    Critical: GC Locker Stall                               0.000 / 0.000         0.000 / 0.000         0.167 / 4.787         0.167 / 4.787       ms
[14850.315s][info][gc,stats    ]    Critical: Relocation Stall                                  0 / 0                 0 / 0                 0 / 103               0 / 103         ops/s
[14850.315s][info][gc,stats    ]    Critical: Relocation Stall                              0.000 / 0.000         0.000 / 0.000        14.882 / 62.172       14.882 / 62.172      ms
[14850.315s][info][gc,stats    ]      Memory: Allocation Rate                                   0 / 0                 0 / 0               469 / 2790            469 / 2790        MB/s
[14850.315s][info][gc,stats    ]      Memory: Out Of Memory                                     0 / 0                 0 / 0                 0 / 0                 0 / 0           ops/s
[14850.315s][info][gc,stats    ]      Memory: Page Cache Flush                                  0 / 0                 0 / 0                 0 / 258               0 / 258         MB/s
[14850.315s][info][gc,stats    ]      Memory: Page Cache Hit L1                                 0 / 0                 0 / 0               228 / 1336            228 / 1336        ops/s
[14850.315s][info][gc,stats    ]      Memory: Page Cache Hit L2                                 0 / 0                 0 / 0                 0 / 0                 0 / 0           ops/s
[14850.315s][info][gc,stats    ]      Memory: Page Cache Hit L3                                 0 / 0                 0 / 0                 0 / 1028              0 / 1028        ops/s
[14850.315s][info][gc,stats    ]      Memory: Page Cache Miss                                   0 / 0                 0 / 0                 0 / 12                0 / 12          ops/s
[14850.315s][info][gc,stats    ]      Memory: Uncommit                                          0 / 0                 0 / 0                 0 / 0                 0 / 0           MB/s
[14850.315s][info][gc,stats    ]      Memory: Undo Object Allocation Failed                     0 / 0                 0 / 0                 0 / 5                 0 / 5           ops/s
[14850.315s][info][gc,stats    ]      Memory: Undo Object Allocation Succeeded                  0 / 0                 0 / 0                16 / 6595             16 / 6595        ops/s
[14850.315s][info][gc,stats    ]      Memory: Undo Page Allocation                              0 / 0                 0 / 0                 0 / 676               0 / 676         ops/s
[14850.316s][info][gc,stats    ]       Phase: Concurrent Mark                               0.000 / 0.000         0.000 / 0.000       571.218 / 3424.228    571.218 / 3424.228    ms
[14850.316s][info][gc,stats    ]       Phase: Concurrent Mark Continue                      0.000 / 0.000         0.000 / 0.000         0.000 / 0.000         0.000 / 0.000       ms
[14850.316s][info][gc,stats    ]       Phase: Concurrent Mark Free                          0.000 / 0.000         0.000 / 0.000         1.118 / 305.339       1.118 / 305.339     ms
[14850.316s][info][gc,stats    ]       Phase: Concurrent Process Non-Strong References      0.000 / 0.000         0.000 / 0.000        69.335 / 18388.762    69.335 / 18388.762   ms
[14850.316s][info][gc,stats    ]       Phase: Concurrent Relocate                           0.000 / 0.000         0.000 / 0.000        11.475 / 64.108       11.475 / 64.108      ms
[14850.316s][info][gc,stats    ]       Phase: Concurrent Reset Relocation Set               0.000 / 0.000         0.000 / 0.000         0.212 / 0.968         0.212 / 0.968       ms
[14850.316s][info][gc,stats    ]       Phase: Concurrent Select Relocation Set              0.000 / 0.000         0.000 / 0.000         6.722 / 623.697       6.722 / 623.697     ms
[14850.316s][info][gc,stats    ]       Phase: Pause Mark End                                0.000 / 0.000         0.000 / 0.000         0.094 / 0.434         0.094 / 0.434       ms
[14850.316s][info][gc,stats    ]       Phase: Pause Mark Start                              0.000 / 0.000         0.000 / 0.000         0.023 / 0.223         0.023 / 0.223       ms
[14850.316s][info][gc,stats    ]       Phase: Pause Relocate Start                          0.000 / 0.000         0.000 / 0.000         0.045 / 0.309         0.045 / 0.309       ms
[14850.316s][info][gc,stats    ]    Subphase: Concurrent Classes Purge                      0.000 / 0.000         0.000 / 0.000         0.518 / 3.157         0.518 / 3.157       ms
[14850.316s][info][gc,stats    ]    Subphase: Concurrent Classes Unlink                     0.000 / 0.000         0.000 / 0.000        64.039 / 18382.834    64.039 / 18382.834   ms
[14850.316s][info][gc,stats    ]    Subphase: Concurrent Mark                               0.000 / 0.000         0.000 / 0.000       450.151 / 3398.532    450.151 / 3398.532    ms
[14850.316s][info][gc,stats    ]    Subphase: Concurrent Mark Try Flush                     0.000 / 0.000         0.000 / 0.000         1.565 / 934.939       1.565 / 934.939     ms
[14850.316s][info][gc,stats    ]    Subphase: Concurrent Mark Try Terminate                 0.000 / 0.000         0.000 / 0.000         1.072 / 934.940       1.072 / 934.940     ms
[14850.316s][info][gc,stats    ]    Subphase: Concurrent References Enqueue                 0.000 / 0.000         0.000 / 0.000         0.009 / 0.091         0.009 / 0.091       ms
[14850.316s][info][gc,stats    ]    Subphase: Concurrent References Process                 0.000 / 0.000         0.000 / 0.000         0.881 / 3.992         0.881 / 3.992       ms
[14850.316s][info][gc,stats    ]    Subphase: Concurrent Roots ClassLoaderDataGraph         0.000 / 0.000         0.000 / 0.000         0.833 / 3.889         0.833 / 3.889       ms
[14850.316s][info][gc,stats    ]    Subphase: Concurrent Roots CodeCache                    0.000 / 0.000         0.000 / 0.000         0.000 / 0.000         0.000 / 0.000       ms
[14850.316s][info][gc,stats    ]    Subphase: Concurrent Roots JavaThreads                  0.000 / 0.000         0.000 / 0.000         4.665 / 969.487       4.665 / 969.487     ms
[14850.316s][info][gc,stats    ]    Subphase: Concurrent Roots OopStorageSet                0.000 / 0.000         0.000 / 0.000         0.083 / 2.218         0.083 / 2.218       ms
[14850.316s][info][gc,stats    ]    Subphase: Concurrent Weak Roots OopStorageSet           0.000 / 0.000         0.000 / 0.000         1.501 / 13.633        1.501 / 13.633      ms
[14850.316s][info][gc,stats    ]    Subphase: Pause Mark Try Complete                       0.000 / 0.000         0.000 / 0.000         0.001 / 0.031         0.001 / 0.031       ms
[14850.316s][info][gc,stats    ]      System: Java Threads                                      0 / 0                 0 / 0              1929 / 4684           1929 / 4684        threads
[14850.316s][info][gc,stats    ] =========================================================================================================================================================
[14860.316s][info][gc,stats    ] === Garbage Collection Statistics =======================================================================================================================
[14860.316s][info][gc,stats    ]                                                              Last 10s              Last 10m              Last 10h                Total
[14860.316s][info][gc,stats    ]                                                              Avg / Max             Avg / Max             Avg / Max             Avg / Max
[14860.316s][info][gc,stats    ]   Collector: Garbage Collection Cycle                      0.000 / 0.000         0.000 / 0.000       665.978 / 19032.234   665.978 / 19032.234   ms
[14860.316s][info][gc,stats    ]  Contention: Mark Segment Reset Contention                     0 / 0                 0 / 0                 2 / 104               2 / 104         ops/s
[14860.316s][info][gc,stats    ]  Contention: Mark SeqNum Reset Contention                      0 / 0                 0 / 0                 0 / 7                 0 / 7           ops/s
[14860.316s][info][gc,stats    ]    Critical: Allocation Stall                                  0 / 0                 0 / 0                 0 / 827               0 / 827         ops/s
[14860.316s][info][gc,stats    ]    Critical: Allocation Stall                              0.000 / 0.000         0.000 / 0.000       146.230 / 487.490     146.230 / 487.490     ms
[14860.316s][info][gc,stats    ]    Critical: GC Locker Stall                                   0 / 0                 0 / 0                 0 / 2                 0 / 2           ops/s
[14860.316s][info][gc,stats    ]    Critical: GC Locker Stall                               0.000 / 0.000         0.000 / 0.000         0.167 / 4.787         0.167 / 4.787       ms
[14860.316s][info][gc,stats    ]    Critical: Relocation Stall                                  0 / 0                 0 / 0                 0 / 103               0 / 103         ops/s
[14860.316s][info][gc,stats    ]    Critical: Relocation Stall                              0.000 / 0.000         0.000 / 0.000        14.882 / 62.172       14.882 / 62.172      ms
[14860.316s][info][gc,stats    ]      Memory: Allocation Rate                                   0 / 0                 0 / 0               469 / 2790            469 / 2790        MB/s
[14860.316s][info][gc,stats    ]      Memory: Out Of Memory                                     0 / 0                 0 / 0                 0 / 0                 0 / 0           ops/s
[14860.316s][info][gc,stats    ]      Memory: Page Cache Flush                                  0 / 0                 0 / 0                 0 / 258               0 / 258         MB/s
[14860.316s][info][gc,stats    ]      Memory: Page Cache Hit L1                                 0 / 0                 0 / 0               228 / 1336            228 / 1336        ops/s
[14860.316s][info][gc,stats    ]      Memory: Page Cache Hit L2                                 0 / 0                 0 / 0                 0 / 0                 0 / 0           ops/s
[14860.316s][info][gc,stats    ]      Memory: Page Cache Hit L3                                 0 / 0                 0 / 0                 0 / 1028              0 / 1028        ops/s
[14860.316s][info][gc,stats    ]      Memory: Page Cache Miss                                   0 / 0                 0 / 0                 0 / 12                0 / 12          ops/s
[14860.316s][info][gc,stats    ]      Memory: Uncommit                                          0 / 0                 0 / 0                 0 / 0                 0 / 0           MB/s
[14860.316s][info][gc,stats    ]      Memory: Undo Object Allocation Failed                     0 / 0                 0 / 0                 0 / 5                 0 / 5           ops/s
[14860.316s][info][gc,stats    ]      Memory: Undo Object Allocation Succeeded                  0 / 0                 0 / 0                16 / 6595             16 / 6595        ops/s
[14860.316s][info][gc,stats    ]      Memory: Undo Page Allocation                              0 / 0                 0 / 0                 0 / 676               0 / 676         ops/s
[14860.316s][info][gc,stats    ]       Phase: Concurrent Mark                               0.000 / 0.000         0.000 / 0.000       571.218 / 3424.228    571.218 / 3424.228    ms
[14860.316s][info][gc,stats    ]       Phase: Concurrent Mark Continue                      0.000 / 0.000         0.000 / 0.000         0.000 / 0.000         0.000 / 0.000       ms
[14860.316s][info][gc,stats    ]       Phase: Concurrent Mark Free                          0.000 / 0.000         0.000 / 0.000         1.118 / 305.339       1.118 / 305.339     ms
[14860.316s][info][gc,stats    ]       Phase: Concurrent Process Non-Strong References      0.000 / 0.000         0.000 / 0.000        69.335 / 18388.762    69.335 / 18388.762   ms
[14860.316s][info][gc,stats    ]       Phase: Concurrent Relocate                           0.000 / 0.000         0.000 / 0.000        11.475 / 64.108       11.475 / 64.108      ms
[14860.316s][info][gc,stats    ]       Phase: Concurrent Reset Relocation Set               0.000 / 0.000         0.000 / 0.000         0.212 / 0.968         0.212 / 0.968       ms
[14860.316s][info][gc,stats    ]       Phase: Concurrent Select Relocation Set              0.000 / 0.000         0.000 / 0.000         6.722 / 623.697       6.722 / 623.697     ms
[14860.316s][info][gc,stats    ]       Phase: Pause Mark End                                0.000 / 0.000         0.000 / 0.000         0.094 / 0.434         0.094 / 0.434       ms
[14860.316s][info][gc,stats    ]       Phase: Pause Mark Start                              0.000 / 0.000         0.000 / 0.000         0.023 / 0.223         0.023 / 0.223       ms
[14860.316s][info][gc,stats    ]       Phase: Pause Relocate Start                          0.000 / 0.000         0.000 / 0.000         0.045 / 0.309         0.045 / 0.309       ms
[14860.316s][info][gc,stats    ]    Subphase: Concurrent Classes Purge                      0.000 / 0.000         0.000 / 0.000         0.518 / 3.157         0.518 / 3.157       ms
[14860.316s][info][gc,stats    ]    Subphase: Concurrent Classes Unlink                     0.000 / 0.000         0.000 / 0.000        64.039 / 18382.834    64.039 / 18382.834   ms
[14860.316s][info][gc,stats    ]    Subphase: Concurrent Mark                               0.000 / 0.000         0.000 / 0.000       450.151 / 3398.532    450.151 / 3398.532    ms
[14860.316s][info][gc,stats    ]    Subphase: Concurrent Mark Try Flush                     0.000 / 0.000         0.000 / 0.000         1.565 / 934.939       1.565 / 934.939     ms
[14860.316s][info][gc,stats    ]    Subphase: Concurrent Mark Try Terminate                 0.000 / 0.000         0.000 / 0.000         1.072 / 934.940       1.072 / 934.940     ms
[14860.316s][info][gc,stats    ]    Subphase: Concurrent References Enqueue                 0.000 / 0.000         0.000 / 0.000         0.009 / 0.091         0.009 / 0.091       ms
[14860.316s][info][gc,stats    ]    Subphase: Concurrent References Process                 0.000 / 0.000         0.000 / 0.000         0.881 / 3.992         0.881 / 3.992       ms
[14860.316s][info][gc,stats    ]    Subphase: Concurrent Roots ClassLoaderDataGraph         0.000 / 0.000         0.000 / 0.000         0.833 / 3.889         0.833 / 3.889       ms
[14860.316s][info][gc,stats    ]    Subphase: Concurrent Roots CodeCache                    0.000 / 0.000         0.000 / 0.000         0.000 / 0.000         0.000 / 0.000       ms
[14860.317s][info][gc,stats    ]    Subphase: Concurrent Roots JavaThreads                  0.000 / 0.000         0.000 / 0.000         4.665 / 969.487       4.665 / 969.487     ms
[14860.317s][info][gc,stats    ]    Subphase: Concurrent Roots OopStorageSet                0.000 / 0.000         0.000 / 0.000         0.083 / 2.218         0.083 / 2.218       ms
[14860.317s][info][gc,stats    ]    Subphase: Concurrent Weak Roots OopStorageSet           0.000 / 0.000         0.000 / 0.000         1.501 / 13.633        1.501 / 13.633      ms
[14860.317s][info][gc,stats    ]    Subphase: Pause Mark Try Complete                       0.000 / 0.000         0.000 / 0.000         0.001 / 0.031         0.001 / 0.031       ms
[14860.317s][info][gc,stats    ]      System: Java Threads                                      0 / 0                 0 / 0              1929 / 4684           1929 / 4684        threads
[14860.317s][info][gc,stats    ] =========================================================================================================================================================
[14870.316s][info][gc,stats    ] === Garbage Collection Statistics =======================================================================================================================
[14870.316s][info][gc,stats    ]                                                              Last 10s              Last 10m              Last 10h                Total
[14870.316s][info][gc,stats    ]                                                              Avg / Max             Avg / Max             Avg / Max             Avg / Max
[14870.316s][info][gc,stats    ]   Collector: Garbage Collection Cycle                      0.000 / 0.000         0.000 / 0.000       665.978 / 19032.234   665.978 / 19032.234   ms
[14870.316s][info][gc,stats    ]  Contention: Mark Segment Reset Contention                     0 / 0                 0 / 0                 2 / 104               2 / 104         ops/s
[14870.316s][info][gc,stats    ]  Contention: Mark SeqNum Reset Contention                      0 / 0                 0 / 0                 0 / 7                 0 / 7           ops/s
[14870.316s][info][gc,stats    ]    Critical: Allocation Stall                                  0 / 0                 0 / 0                 0 / 827               0 / 827         ops/s
[14870.316s][info][gc,stats    ]    Critical: Allocation Stall                              0.000 / 0.000         0.000 / 0.000       146.230 / 487.490     146.230 / 487.490     ms
[14870.316s][info][gc,stats    ]    Critical: GC Locker Stall                                   0 / 0                 0 / 0                 0 / 2                 0 / 2           ops/s
[14870.316s][info][gc,stats    ]    Critical: GC Locker Stall                               0.000 / 0.000         0.000 / 0.000         0.167 / 4.787         0.167 / 4.787       ms
[14870.316s][info][gc,stats    ]    Critical: Relocation Stall                                  0 / 0                 0 / 0                 0 / 103               0 / 103         ops/s
[14870.316s][info][gc,stats    ]    Critical: Relocation Stall                              0.000 / 0.000         0.000 / 0.000        14.882 / 62.172       14.882 / 62.172      ms
[14870.316s][info][gc,stats    ]      Memory: Allocation Rate                                   0 / 0                 0 / 0               469 / 2790            469 / 2790        MB/s
[14870.316s][info][gc,stats    ]      Memory: Out Of Memory                                     0 / 0                 0 / 0                 0 / 0                 0 / 0           ops/s
[14870.316s][info][gc,stats    ]      Memory: Page Cache Flush                                  0 / 0                 0 / 0                 0 / 258               0 / 258         MB/s
[14870.316s][info][gc,stats    ]      Memory: Page Cache Hit L1                                 0 / 0                 0 / 0               228 / 1336            228 / 1336        ops/s
[14870.316s][info][gc,stats    ]      Memory: Page Cache Hit L2                                 0 / 0                 0 / 0                 0 / 0                 0 / 0           ops/s
[14870.316s][info][gc,stats    ]      Memory: Page Cache Hit L3                                 0 / 0                 0 / 0                 0 / 1028              0 / 1028        ops/s
[14870.316s][info][gc,stats    ]      Memory: Page Cache Miss                                   0 / 0                 0 / 0                 0 / 12                0 / 12          ops/s
[14870.316s][info][gc,stats    ]      Memory: Uncommit                                          0 / 0                 0 / 0                 0 / 0                 0 / 0           MB/s
[14870.316s][info][gc,stats    ]      Memory: Undo Object Allocation Failed                     0 / 0                 0 / 0                 0 / 5                 0 / 5           ops/s
[14870.316s][info][gc,stats    ]      Memory: Undo Object Allocation Succeeded                  0 / 0                 0 / 0                16 / 6595             16 / 6595        ops/s
[14870.316s][info][gc,stats    ]      Memory: Undo Page Allocation                              0 / 0                 0 / 0                 0 / 676               0 / 676         ops/s
[14870.316s][info][gc,stats    ]       Phase: Concurrent Mark                               0.000 / 0.000         0.000 / 0.000       571.218 / 3424.228    571.218 / 3424.228    ms
[14870.316s][info][gc,stats    ]       Phase: Concurrent Mark Continue                      0.000 / 0.000         0.000 / 0.000         0.000 / 0.000         0.000 / 0.000       ms
[14870.316s][info][gc,stats    ]       Phase: Concurrent Mark Free                          0.000 / 0.000         0.000 / 0.000         1.118 / 305.339       1.118 / 305.339     ms
[14870.316s][info][gc,stats    ]       Phase: Concurrent Process Non-Strong References      0.000 / 0.000         0.000 / 0.000        69.335 / 18388.762    69.335 / 18388.762   ms
[14870.316s][info][gc,stats    ]       Phase: Concurrent Relocate                           0.000 / 0.000         0.000 / 0.000        11.475 / 64.108       11.475 / 64.108      ms
[14870.316s][info][gc,stats    ]       Phase: Concurrent Reset Relocation Set               0.000 / 0.000         0.000 / 0.000         0.212 / 0.968         0.212 / 0.968       ms
[14870.316s][info][gc,stats    ]       Phase: Concurrent Select Relocation Set              0.000 / 0.000         0.000 / 0.000         6.722 / 623.697       6.722 / 623.697     ms
[14870.316s][info][gc,stats    ]       Phase: Pause Mark End                                0.000 / 0.000         0.000 / 0.000         0.094 / 0.434         0.094 / 0.434       ms
[14870.316s][info][gc,stats    ]       Phase: Pause Mark Start                              0.000 / 0.000         0.000 / 0.000         0.023 / 0.223         0.023 / 0.223       ms
[14870.316s][info][gc,stats    ]       Phase: Pause Relocate Start                          0.000 / 0.000         0.000 / 0.000         0.045 / 0.309         0.045 / 0.309       ms
[14870.316s][info][gc,stats    ]    Subphase: Concurrent Classes Purge                      0.000 / 0.000         0.000 / 0.000         0.518 / 3.157         0.518 / 3.157       ms
[14870.316s][info][gc,stats    ]    Subphase: Concurrent Classes Unlink                     0.000 / 0.000         0.000 / 0.000        64.039 / 18382.834    64.039 / 18382.834   ms
[14870.316s][info][gc,stats    ]    Subphase: Concurrent Mark                               0.000 / 0.000         0.000 / 0.000       450.151 / 3398.532    450.151 / 3398.532    ms
[14870.316s][info][gc,stats    ]    Subphase: Concurrent Mark Try Flush                     0.000 / 0.000         0.000 / 0.000         1.565 / 934.939       1.565 / 934.939     ms
[14870.316s][info][gc,stats    ]    Subphase: Concurrent Mark Try Terminate                 0.000 / 0.000         0.000 / 0.000         1.072 / 934.940       1.072 / 934.940     ms
[14870.316s][info][gc,stats    ]    Subphase: Concurrent References Enqueue                 0.000 / 0.000         0.000 / 0.000         0.009 / 0.091         0.009 / 0.091       ms
[14870.316s][info][gc,stats    ]    Subphase: Concurrent References Process                 0.000 / 0.000         0.000 / 0.000         0.881 / 3.992         0.881 / 3.992       ms
[14870.316s][info][gc,stats    ]    Subphase: Concurrent Roots ClassLoaderDataGraph         0.000 / 0.000         0.000 / 0.000         0.833 / 3.889         0.833 / 3.889       ms
[14870.316s][info][gc,stats    ]    Subphase: Concurrent Roots CodeCache                    0.000 / 0.000         0.000 / 0.000         0.000 / 0.000         0.000 / 0.000       ms
[14870.316s][info][gc,stats    ]    Subphase: Concurrent Roots JavaThreads                  0.000 / 0.000         0.000 / 0.000         4.665 / 969.487       4.665 / 969.487     ms
[14870.316s][info][gc,stats    ]    Subphase: Concurrent Roots OopStorageSet                0.000 / 0.000         0.000 / 0.000         0.083 / 2.218         0.083 / 2.218       ms
[14870.316s][info][gc,stats    ]    Subphase: Concurrent Weak Roots OopStorageSet           0.000 / 0.000         0.000 / 0.000         1.501 / 13.633        1.501 / 13.633      ms
[14870.316s][info][gc,stats    ]    Subphase: Pause Mark Try Complete                       0.000 / 0.000         0.000 / 0.000         0.001 / 0.031         0.001 / 0.031       ms
[14870.316s][info][gc,stats    ]      System: Java Threads                                      0 / 0                 0 / 0              1929 / 4684           1929 / 4684        threads
[14870.316s][info][gc,stats    ] =========================================================================================================================================================
[14880.316s][info][gc,stats    ] === Garbage Collection Statistics =======================================================================================================================
[14880.316s][info][gc,stats    ]                                                              Last 10s              Last 10m              Last 10h                Total
[14880.316s][info][gc,stats    ]                                                              Avg / Max             Avg / Max             Avg / Max             Avg / Max
[14880.316s][info][gc,stats    ]   Collector: Garbage Collection Cycle                      0.000 / 0.000         0.000 / 0.000       665.978 / 19032.234   665.978 / 19032.234   ms
[14880.316s][info][gc,stats    ]  Contention: Mark Segment Reset Contention                     0 / 0                 0 / 0                 2 / 104               2 / 104         ops/s
[14880.316s][info][gc,stats    ]  Contention: Mark SeqNum Reset Contention                      0 / 0                 0 / 0                 0 / 7                 0 / 7           ops/s
[14880.316s][info][gc,stats    ]    Critical: Allocation Stall                                  0 / 0                 0 / 0                 0 / 827               0 / 827         ops/s
[14880.316s][info][gc,stats    ]    Critical: Allocation Stall                              0.000 / 0.000         0.000 / 0.000       146.230 / 487.490     146.230 / 487.490     ms
[14880.316s][info][gc,stats    ]    Critical: GC Locker Stall                                   0 / 0                 0 / 0                 0 / 2                 0 / 2           ops/s
[14880.316s][info][gc,stats    ]    Critical: GC Locker Stall                               0.000 / 0.000         0.000 / 0.000         0.167 / 4.787         0.167 / 4.787       ms
[14880.316s][info][gc,stats    ]    Critical: Relocation Stall                                  0 / 0                 0 / 0                 0 / 103               0 / 103         ops/s
[14880.316s][info][gc,stats    ]    Critical: Relocation Stall                              0.000 / 0.000         0.000 / 0.000        14.882 / 62.172       14.882 / 62.172      ms
[14880.316s][info][gc,stats    ]      Memory: Allocation Rate                                   0 / 0                 0 / 0               468 / 2790            468 / 2790        MB/s
[14880.316s][info][gc,stats    ]      Memory: Out Of Memory                                     0 / 0                 0 / 0                 0 / 0                 0 / 0           ops/s
[14880.316s][info][gc,stats    ]      Memory: Page Cache Flush                                  0 / 0                 0 / 0                 0 / 258               0 / 258         MB/s
[14880.316s][info][gc,stats    ]      Memory: Page Cache Hit L1                                 0 / 0                 0 / 0               228 / 1336            228 / 1336        ops/s
[14880.316s][info][gc,stats    ]      Memory: Page Cache Hit L2                                 0 / 0                 0 / 0                 0 / 0                 0 / 0           ops/s
[14880.316s][info][gc,stats    ]      Memory: Page Cache Hit L3                                 0 / 0                 0 / 0                 0 / 1028              0 / 1028        ops/s
[14880.316s][info][gc,stats    ]      Memory: Page Cache Miss                                   0 / 0                 0 / 0                 0 / 12                0 / 12          ops/s
[14880.316s][info][gc,stats    ]      Memory: Uncommit                                          0 / 0                 0 / 0                 0 / 0                 0 / 0           MB/s
[14880.316s][info][gc,stats    ]      Memory: Undo Object Allocation Failed                     0 / 0                 0 / 0                 0 / 5                 0 / 5           ops/s
[14880.316s][info][gc,stats    ]      Memory: Undo Object Allocation Succeeded                  0 / 0                 0 / 0                16 / 6595             16 / 6595        ops/s
[14880.316s][info][gc,stats    ]      Memory: Undo Page Allocation                              0 / 0                 0 / 0                 0 / 676               0 / 676         ops/s
[14880.316s][info][gc,stats    ]       Phase: Concurrent Mark                               0.000 / 0.000         0.000 / 0.000       571.218 / 3424.228    571.218 / 3424.228    ms
[14880.316s][info][gc,stats    ]       Phase: Concurrent Mark Continue                      0.000 / 0.000         0.000 / 0.000         0.000 / 0.000         0.000 / 0.000       ms
[14880.316s][info][gc,stats    ]       Phase: Concurrent Mark Free                          0.000 / 0.000         0.000 / 0.000         1.118 / 305.339       1.118 / 305.339     ms
[14880.316s][info][gc,stats    ]       Phase: Concurrent Process Non-Strong References      0.000 / 0.000         0.000 / 0.000        69.335 / 18388.762    69.335 / 18388.762   ms
[14880.316s][info][gc,stats    ]       Phase: Concurrent Relocate                           0.000 / 0.000         0.000 / 0.000        11.475 / 64.108       11.475 / 64.108      ms
[14880.316s][info][gc,stats    ]       Phase: Concurrent Reset Relocation Set               0.000 / 0.000         0.000 / 0.000         0.212 / 0.968         0.212 / 0.968       ms
[14880.316s][info][gc,stats    ]       Phase: Concurrent Select Relocation Set              0.000 / 0.000         0.000 / 0.000         6.722 / 623.697       6.722 / 623.697     ms
[14880.316s][info][gc,stats    ]       Phase: Pause Mark End                                0.000 / 0.000         0.000 / 0.000         0.094 / 0.434         0.094 / 0.434       ms
[14880.316s][info][gc,stats    ]       Phase: Pause Mark Start                              0.000 / 0.000         0.000 / 0.000         0.023 / 0.223         0.023 / 0.223       ms
[14880.316s][info][gc,stats    ]       Phase: Pause Relocate Start                          0.000 / 0.000         0.000 / 0.000         0.045 / 0.309         0.045 / 0.309       ms
[14880.316s][info][gc,stats    ]    Subphase: Concurrent Classes Purge                      0.000 / 0.000         0.000 / 0.000         0.518 / 3.157         0.518 / 3.157       ms
[14880.316s][info][gc,stats    ]    Subphase: Concurrent Classes Unlink                     0.000 / 0.000         0.000 / 0.000        64.039 / 18382.834    64.039 / 18382.834   ms
[14880.316s][info][gc,stats    ]    Subphase: Concurrent Mark                               0.000 / 0.000         0.000 / 0.000       450.151 / 3398.532    450.151 / 3398.532    ms
[14880.316s][info][gc,stats    ]    Subphase: Concurrent Mark Try Flush                     0.000 / 0.000         0.000 / 0.000         1.565 / 934.939       1.565 / 934.939     ms
[14880.316s][info][gc,stats    ]    Subphase: Concurrent Mark Try Terminate                 0.000 / 0.000         0.000 / 0.000         1.072 / 934.940       1.072 / 934.940     ms
[14880.316s][info][gc,stats    ]    Subphase: Concurrent References Enqueue                 0.000 / 0.000         0.000 / 0.000         0.009 / 0.091         0.009 / 0.091       ms
[14880.316s][info][gc,stats    ]    Subphase: Concurrent References Process                 0.000 / 0.000         0.000 / 0.000         0.881 / 3.992         0.881 / 3.992       ms
[14880.316s][info][gc,stats    ]    Subphase: Concurrent Roots ClassLoaderDataGraph         0.000 / 0.000         0.000 / 0.000         0.833 / 3.889         0.833 / 3.889       ms
[14880.316s][info][gc,stats    ]    Subphase: Concurrent Roots CodeCache                    0.000 / 0.000         0.000 / 0.000         0.000 / 0.000         0.000 / 0.000       ms
[14880.316s][info][gc,stats    ]    Subphase: Concurrent Roots JavaThreads                  0.000 / 0.000         0.000 / 0.000         4.665 / 969.487       4.665 / 969.487     ms
[14880.316s][info][gc,stats    ]    Subphase: Concurrent Roots OopStorageSet                0.000 / 0.000         0.000 / 0.000         0.083 / 2.218         0.083 / 2.218       ms
[14880.316s][info][gc,stats    ]    Subphase: Concurrent Weak Roots OopStorageSet           0.000 / 0.000         0.000 / 0.000         1.501 / 13.633        1.501 / 13.633      ms
[14880.316s][info][gc,stats    ]    Subphase: Pause Mark Try Complete                       0.000 / 0.000         0.000 / 0.000         0.001 / 0.031         0.001 / 0.031       ms
[14880.316s][info][gc,stats    ]      System: Java Threads                                      0 / 0                 0 / 0              1929 / 4684           1929 / 4684        threads
[14880.316s][info][gc,stats    ] =========================================================================================================================================================
[14890.315s][info][gc,stats    ] === Garbage Collection Statistics =======================================================================================================================
[14890.316s][info][gc,stats    ]                                                              Last 10s              Last 10m              Last 10h                Total
[14890.316s][info][gc,stats    ]                                                              Avg / Max             Avg / Max             Avg / Max             Avg / Max
[14890.316s][info][gc,stats    ]   Collector: Garbage Collection Cycle                      0.000 / 0.000         0.000 / 0.000       665.978 / 19032.234   665.978 / 19032.234   ms
[14890.316s][info][gc,stats    ]  Contention: Mark Segment Reset Contention                     0 / 0                 0 / 0                 2 / 104               2 / 104         ops/s
[14890.316s][info][gc,stats    ]  Contention: Mark SeqNum Reset Contention                      0 / 0                 0 / 0                 0 / 7                 0 / 7           ops/s
[14890.316s][info][gc,stats    ]    Critical: Allocation Stall                                  0 / 0                 0 / 0                 0 / 827               0 / 827         ops/s
[14890.316s][info][gc,stats    ]    Critical: Allocation Stall                              0.000 / 0.000         0.000 / 0.000       146.230 / 487.490     146.230 / 487.490     ms
[14890.316s][info][gc,stats    ]    Critical: GC Locker Stall                                   0 / 0                 0 / 0                 0 / 2                 0 / 2           ops/s
[14890.316s][info][gc,stats    ]    Critical: GC Locker Stall                               0.000 / 0.000         0.000 / 0.000         0.167 / 4.787         0.167 / 4.787       ms
[14890.316s][info][gc,stats    ]    Critical: Relocation Stall                                  0 / 0                 0 / 0                 0 / 103               0 / 103         ops/s
[14890.316s][info][gc,stats    ]    Critical: Relocation Stall                              0.000 / 0.000         0.000 / 0.000        14.882 / 62.172       14.882 / 62.172      ms
[14890.316s][info][gc,stats    ]      Memory: Allocation Rate                                   0 / 0                 0 / 0               468 / 2790            468 / 2790        MB/s
[14890.316s][info][gc,stats    ]      Memory: Out Of Memory                                     0 / 0                 0 / 0                 0 / 0                 0 / 0           ops/s
[14890.316s][info][gc,stats    ]      Memory: Page Cache Flush                                  0 / 0                 0 / 0                 0 / 258               0 / 258         MB/s
[14890.316s][info][gc,stats    ]      Memory: Page Cache Hit L1                                 0 / 0                 0 / 0               228 / 1336            228 / 1336        ops/s
[14890.316s][info][gc,stats    ]      Memory: Page Cache Hit L2                                 0 / 0                 0 / 0                 0 / 0                 0 / 0           ops/s
[14890.316s][info][gc,stats    ]      Memory: Page Cache Hit L3                                 0 / 0                 0 / 0                 0 / 1028              0 / 1028        ops/s
[14890.316s][info][gc,stats    ]      Memory: Page Cache Miss                                   0 / 0                 0 / 0                 0 / 12                0 / 12          ops/s
[14890.316s][info][gc,stats    ]      Memory: Uncommit                                          0 / 0                 0 / 0                 0 / 0                 0 / 0           MB/s
[14890.316s][info][gc,stats    ]      Memory: Undo Object Allocation Failed                     0 / 0                 0 / 0                 0 / 5                 0 / 5           ops/s
[14890.316s][info][gc,stats    ]      Memory: Undo Object Allocation Succeeded                  0 / 0                 0 / 0                16 / 6595             16 / 6595        ops/s
[14890.316s][info][gc,stats    ]      Memory: Undo Page Allocation                              0 / 0                 0 / 0                 0 / 676               0 / 676         ops/s
[14890.316s][info][gc,stats    ]       Phase: Concurrent Mark                               0.000 / 0.000         0.000 / 0.000       571.218 / 3424.228    571.218 / 3424.228    ms
[14890.316s][info][gc,stats    ]       Phase: Concurrent Mark Continue                      0.000 / 0.000         0.000 / 0.000         0.000 / 0.000         0.000 / 0.000       ms
[14890.316s][info][gc,stats    ]       Phase: Concurrent Mark Free                          0.000 / 0.000         0.000 / 0.000         1.118 / 305.339       1.118 / 305.339     ms
[14890.316s][info][gc,stats    ]       Phase: Concurrent Process Non-Strong References      0.000 / 0.000         0.000 / 0.000        69.335 / 18388.762    69.335 / 18388.762   ms
[14890.316s][info][gc,stats    ]       Phase: Concurrent Relocate                           0.000 / 0.000         0.000 / 0.000        11.475 / 64.108       11.475 / 64.108      ms
[14890.316s][info][gc,stats    ]       Phase: Concurrent Reset Relocation Set               0.000 / 0.000         0.000 / 0.000         0.212 / 0.968         0.212 / 0.968       ms
[14890.316s][info][gc,stats    ]       Phase: Concurrent Select Relocation Set              0.000 / 0.000         0.000 / 0.000         6.722 / 623.697       6.722 / 623.697     ms
[14890.316s][info][gc,stats    ]       Phase: Pause Mark End                                0.000 / 0.000         0.000 / 0.000         0.094 / 0.434         0.094 / 0.434       ms
[14890.316s][info][gc,stats    ]       Phase: Pause Mark Start                              0.000 / 0.000         0.000 / 0.000         0.023 / 0.223         0.023 / 0.223       ms
[14890.316s][info][gc,stats    ]       Phase: Pause Relocate Start                          0.000 / 0.000         0.000 / 0.000         0.045 / 0.309         0.045 / 0.309       ms
[14890.316s][info][gc,stats    ]    Subphase: Concurrent Classes Purge                      0.000 / 0.000         0.000 / 0.000         0.518 / 3.157         0.518 / 3.157       ms
[14890.316s][info][gc,stats    ]    Subphase: Concurrent Classes Unlink                     0.000 / 0.000         0.000 / 0.000        64.039 / 18382.834    64.039 / 18382.834   ms
[14890.316s][info][gc,stats    ]    Subphase: Concurrent Mark                               0.000 / 0.000         0.000 / 0.000       450.151 / 3398.532    450.151 / 3398.532    ms
[14890.316s][info][gc,stats    ]    Subphase: Concurrent Mark Try Flush                     0.000 / 0.000         0.000 / 0.000         1.565 / 934.939       1.565 / 934.939     ms
[14890.316s][info][gc,stats    ]    Subphase: Concurrent Mark Try Terminate                 0.000 / 0.000         0.000 / 0.000         1.072 / 934.940       1.072 / 934.940     ms
[14890.316s][info][gc,stats    ]    Subphase: Concurrent References Enqueue                 0.000 / 0.000         0.000 / 0.000         0.009 / 0.091         0.009 / 0.091       ms
[14890.316s][info][gc,stats    ]    Subphase: Concurrent References Process                 0.000 / 0.000         0.000 / 0.000         0.881 / 3.992         0.881 / 3.992       ms
[14890.316s][info][gc,stats    ]    Subphase: Concurrent Roots ClassLoaderDataGraph         0.000 / 0.000         0.000 / 0.000         0.833 / 3.889         0.833 / 3.889       ms
[14890.316s][info][gc,stats    ]    Subphase: Concurrent Roots CodeCache                    0.000 / 0.000         0.000 / 0.000         0.000 / 0.000         0.000 / 0.000       ms
[14890.316s][info][gc,stats    ]    Subphase: Concurrent Roots JavaThreads                  0.000 / 0.000         0.000 / 0.000         4.665 / 969.487       4.665 / 969.487     ms
[14890.316s][info][gc,stats    ]    Subphase: Concurrent Roots OopStorageSet                0.000 / 0.000         0.000 / 0.000         0.083 / 2.218         0.083 / 2.218       ms
[14890.316s][info][gc,stats    ]    Subphase: Concurrent Weak Roots OopStorageSet           0.000 / 0.000         0.000 / 0.000         1.501 / 13.633        1.501 / 13.633      ms
[14890.316s][info][gc,stats    ]    Subphase: Pause Mark Try Complete                       0.000 / 0.000         0.000 / 0.000         0.001 / 0.031         0.001 / 0.031       ms
[14890.316s][info][gc,stats    ]      System: Java Threads                                      0 / 0                 0 / 0              1929 / 4684           1929 / 4684        threads
[14890.316s][info][gc,stats    ] =========================================================================================================================================================
[14900.315s][info][gc,stats    ] === Garbage Collection Statistics =======================================================================================================================
[14900.315s][info][gc,stats    ]                                                              Last 10s              Last 10m              Last 10h                Total
[14900.315s][info][gc,stats    ]                                                              Avg / Max             Avg / Max             Avg / Max             Avg / Max
[14900.315s][info][gc,stats    ]   Collector: Garbage Collection Cycle                      0.000 / 0.000         0.000 / 0.000       665.978 / 19032.234   665.978 / 19032.234   ms
[14900.315s][info][gc,stats    ]  Contention: Mark Segment Reset Contention                     0 / 0                 0 / 0                 2 / 104               2 / 104         ops/s
[14900.315s][info][gc,stats    ]  Contention: Mark SeqNum Reset Contention                      0 / 0                 0 / 0                 0 / 7                 0 / 7           ops/s
[14900.315s][info][gc,stats    ]    Critical: Allocation Stall                                  0 / 0                 0 / 0                 0 / 827               0 / 827         ops/s
[14900.316s][info][gc,stats    ]    Critical: Allocation Stall                              0.000 / 0.000         0.000 / 0.000       146.230 / 487.490     146.230 / 487.490     ms
[14900.316s][info][gc,stats    ]    Critical: GC Locker Stall                                   0 / 0                 0 / 0                 0 / 2                 0 / 2           ops/s
[14900.316s][info][gc,stats    ]    Critical: GC Locker Stall                               0.000 / 0.000         0.000 / 0.000         0.167 / 4.787         0.167 / 4.787       ms
[14900.316s][info][gc,stats    ]    Critical: Relocation Stall                                  0 / 0                 0 / 0                 0 / 103               0 / 103         ops/s
[14900.316s][info][gc,stats    ]    Critical: Relocation Stall                              0.000 / 0.000         0.000 / 0.000        14.882 / 62.172       14.882 / 62.172      ms
[14900.316s][info][gc,stats    ]      Memory: Allocation Rate                                   0 / 0                 0 / 0               468 / 2790            468 / 2790        MB/s
[14900.316s][info][gc,stats    ]      Memory: Out Of Memory                                     0 / 0                 0 / 0                 0 / 0                 0 / 0           ops/s
[14900.316s][info][gc,stats    ]      Memory: Page Cache Flush                                  0 / 0                 0 / 0                 0 / 258               0 / 258         MB/s
[14900.316s][info][gc,stats    ]      Memory: Page Cache Hit L1                                 0 / 0                 0 / 0               228 / 1336            228 / 1336        ops/s
[14900.316s][info][gc,stats    ]      Memory: Page Cache Hit L2                                 0 / 0                 0 / 0                 0 / 0                 0 / 0           ops/s
[14900.316s][info][gc,stats    ]      Memory: Page Cache Hit L3                                 0 / 0                 0 / 0                 0 / 1028              0 / 1028        ops/s
[14900.316s][info][gc,stats    ]      Memory: Page Cache Miss                                   0 / 0                 0 / 0                 0 / 12                0 / 12          ops/s
[14900.316s][info][gc,stats    ]      Memory: Uncommit                                          0 / 0                 0 / 0                 0 / 0                 0 / 0           MB/s
[14900.316s][info][gc,stats    ]      Memory: Undo Object Allocation Failed                     0 / 0                 0 / 0                 0 / 5                 0 / 5           ops/s
[14900.316s][info][gc,stats    ]      Memory: Undo Object Allocation Succeeded                  0 / 0                 0 / 0                16 / 6595             16 / 6595        ops/s
[14900.316s][info][gc,stats    ]      Memory: Undo Page Allocation                              0 / 0                 0 / 0                 0 / 676               0 / 676         ops/s
[14900.316s][info][gc,stats    ]       Phase: Concurrent Mark                               0.000 / 0.000         0.000 / 0.000       571.218 / 3424.228    571.218 / 3424.228    ms
[14900.316s][info][gc,stats    ]       Phase: Concurrent Mark Continue                      0.000 / 0.000         0.000 / 0.000         0.000 / 0.000         0.000 / 0.000       ms
[14900.316s][info][gc,stats    ]       Phase: Concurrent Mark Free                          0.000 / 0.000         0.000 / 0.000         1.118 / 305.339       1.118 / 305.339     ms
[14900.316s][info][gc,stats    ]       Phase: Concurrent Process Non-Strong References      0.000 / 0.000         0.000 / 0.000        69.335 / 18388.762    69.335 / 18388.762   ms
[14900.316s][info][gc,stats    ]       Phase: Concurrent Relocate                           0.000 / 0.000         0.000 / 0.000        11.475 / 64.108       11.475 / 64.108      ms
[14900.316s][info][gc,stats    ]       Phase: Concurrent Reset Relocation Set               0.000 / 0.000         0.000 / 0.000         0.212 / 0.968         0.212 / 0.968       ms
[14900.316s][info][gc,stats    ]       Phase: Concurrent Select Relocation Set              0.000 / 0.000         0.000 / 0.000         6.722 / 623.697       6.722 / 623.697     ms
[14900.316s][info][gc,stats    ]       Phase: Pause Mark End                                0.000 / 0.000         0.000 / 0.000         0.094 / 0.434         0.094 / 0.434       ms
[14900.316s][info][gc,stats    ]       Phase: Pause Mark Start                              0.000 / 0.000         0.000 / 0.000         0.023 / 0.223         0.023 / 0.223       ms
[14900.316s][info][gc,stats    ]       Phase: Pause Relocate Start                          0.000 / 0.000         0.000 / 0.000         0.045 / 0.309         0.045 / 0.309       ms
[14900.316s][info][gc,stats    ]    Subphase: Concurrent Classes Purge                      0.000 / 0.000         0.000 / 0.000         0.518 / 3.157         0.518 / 3.157       ms
[14900.316s][info][gc,stats    ]    Subphase: Concurrent Classes Unlink                     0.000 / 0.000         0.000 / 0.000        64.039 / 18382.834    64.039 / 18382.834   ms
[14900.316s][info][gc,stats    ]    Subphase: Concurrent Mark                               0.000 / 0.000         0.000 / 0.000       450.151 / 3398.532    450.151 / 3398.532    ms
[14900.316s][info][gc,stats    ]    Subphase: Concurrent Mark Try Flush                     0.000 / 0.000         0.000 / 0.000         1.565 / 934.939       1.565 / 934.939     ms
[14900.316s][info][gc,stats    ]    Subphase: Concurrent Mark Try Terminate                 0.000 / 0.000         0.000 / 0.000         1.072 / 934.940       1.072 / 934.940     ms
[14900.316s][info][gc,stats    ]    Subphase: Concurrent References Enqueue                 0.000 / 0.000         0.000 / 0.000         0.009 / 0.091         0.009 / 0.091       ms
[14900.316s][info][gc,stats    ]    Subphase: Concurrent References Process                 0.000 / 0.000         0.000 / 0.000         0.881 / 3.992         0.881 / 3.992       ms
[14900.316s][info][gc,stats    ]    Subphase: Concurrent Roots ClassLoaderDataGraph         0.000 / 0.000         0.000 / 0.000         0.833 / 3.889         0.833 / 3.889       ms
[14900.316s][info][gc,stats    ]    Subphase: Concurrent Roots CodeCache                    0.000 / 0.000         0.000 / 0.000         0.000 / 0.000         0.000 / 0.000       ms
[14900.316s][info][gc,stats    ]    Subphase: Concurrent Roots JavaThreads                  0.000 / 0.000         0.000 / 0.000         4.665 / 969.487       4.665 / 969.487     ms
[14900.316s][info][gc,stats    ]    Subphase: Concurrent Roots OopStorageSet                0.000 / 0.000         0.000 / 0.000         0.083 / 2.218         0.083 / 2.218       ms
[14900.316s][info][gc,stats    ]    Subphase: Concurrent Weak Roots OopStorageSet           0.000 / 0.000         0.000 / 0.000         1.501 / 13.633        1.501 / 13.633      ms
[14900.316s][info][gc,stats    ]    Subphase: Pause Mark Try Complete                       0.000 / 0.000         0.000 / 0.000         0.001 / 0.031         0.001 / 0.031       ms
[14900.316s][info][gc,stats    ]      System: Java Threads                                      0 / 0                 0 / 0              1929 / 4684           1929 / 4684        threads
[14900.316s][info][gc,stats    ] =========================================================================================================================================================
[14910.316s][info][gc,stats    ] === Garbage Collection Statistics =======================================================================================================================
[14910.316s][info][gc,stats    ]                                                              Last 10s              Last 10m              Last 10h                Total
[14910.316s][info][gc,stats    ]                                                              Avg / Max             Avg / Max             Avg / Max             Avg / Max
[14910.316s][info][gc,stats    ]   Collector: Garbage Collection Cycle                      0.000 / 0.000         0.000 / 0.000       665.978 / 19032.234   665.978 / 19032.234   ms
[14910.316s][info][gc,stats    ]  Contention: Mark Segment Reset Contention                     0 / 0                 0 / 0                 2 / 104               2 / 104         ops/s
[14910.316s][info][gc,stats    ]  Contention: Mark SeqNum Reset Contention                      0 / 0                 0 / 0                 0 / 7                 0 / 7           ops/s
[14910.316s][info][gc,stats    ]    Critical: Allocation Stall                                  0 / 0                 0 / 0                 0 / 827               0 / 827         ops/s
[14910.316s][info][gc,stats    ]    Critical: Allocation Stall                              0.000 / 0.000         0.000 / 0.000       146.230 / 487.490     146.230 / 487.490     ms
[14910.316s][info][gc,stats    ]    Critical: GC Locker Stall                                   0 / 0                 0 / 0                 0 / 2                 0 / 2           ops/s
[14910.316s][info][gc,stats    ]    Critical: GC Locker Stall                               0.000 / 0.000         0.000 / 0.000         0.167 / 4.787         0.167 / 4.787       ms
[14910.316s][info][gc,stats    ]    Critical: Relocation Stall                                  0 / 0                 0 / 0                 0 / 103               0 / 103         ops/s
[14910.316s][info][gc,stats    ]    Critical: Relocation Stall                              0.000 / 0.000         0.000 / 0.000        14.882 / 62.172       14.882 / 62.172      ms
[14910.316s][info][gc,stats    ]      Memory: Allocation Rate                                   0 / 0                 0 / 0               467 / 2790            467 / 2790        MB/s
[14910.316s][info][gc,stats    ]      Memory: Out Of Memory                                     0 / 0                 0 / 0                 0 / 0                 0 / 0           ops/s
[14910.316s][info][gc,stats    ]      Memory: Page Cache Flush                                  0 / 0                 0 / 0                 0 / 258               0 / 258         MB/s
[14910.316s][info][gc,stats    ]      Memory: Page Cache Hit L1                                 0 / 0                 0 / 0               227 / 1336            227 / 1336        ops/s
[14910.316s][info][gc,stats    ]      Memory: Page Cache Hit L2                                 0 / 0                 0 / 0                 0 / 0                 0 / 0           ops/s
[14910.316s][info][gc,stats    ]      Memory: Page Cache Hit L3                                 0 / 0                 0 / 0                 0 / 1028              0 / 1028        ops/s
[14910.316s][info][gc,stats    ]      Memory: Page Cache Miss                                   0 / 0                 0 / 0                 0 / 12                0 / 12          ops/s
[14910.316s][info][gc,stats    ]      Memory: Uncommit                                          0 / 0                 0 / 0                 0 / 0                 0 / 0           MB/s
[14910.316s][info][gc,stats    ]      Memory: Undo Object Allocation Failed                     0 / 0                 0 / 0                 0 / 5                 0 / 5           ops/s
[14910.316s][info][gc,stats    ]      Memory: Undo Object Allocation Succeeded                  0 / 0                 0 / 0                16 / 6595             16 / 6595        ops/s
[14910.316s][info][gc,stats    ]      Memory: Undo Page Allocation                              0 / 0                 0 / 0                 0 / 676               0 / 676         ops/s
[14910.316s][info][gc,stats    ]       Phase: Concurrent Mark                               0.000 / 0.000         0.000 / 0.000       571.218 / 3424.228    571.218 / 3424.228    ms
[14910.316s][info][gc,stats    ]       Phase: Concurrent Mark Continue                      0.000 / 0.000         0.000 / 0.000         0.000 / 0.000         0.000 / 0.000       ms
[14910.316s][info][gc,stats    ]       Phase: Concurrent Mark Free                          0.000 / 0.000         0.000 / 0.000         1.118 / 305.339       1.118 / 305.339     ms
[14910.316s][info][gc,stats    ]       Phase: Concurrent Process Non-Strong References      0.000 / 0.000         0.000 / 0.000        69.335 / 18388.762    69.335 / 18388.762   ms
[14910.316s][info][gc,stats    ]       Phase: Concurrent Relocate                           0.000 / 0.000         0.000 / 0.000        11.475 / 64.108       11.475 / 64.108      ms
[14910.316s][info][gc,stats    ]       Phase: Concurrent Reset Relocation Set               0.000 / 0.000         0.000 / 0.000         0.212 / 0.968         0.212 / 0.968       ms
[14910.316s][info][gc,stats    ]       Phase: Concurrent Select Relocation Set              0.000 / 0.000         0.000 / 0.000         6.722 / 623.697       6.722 / 623.697     ms
[14910.316s][info][gc,stats    ]       Phase: Pause Mark End                                0.000 / 0.000         0.000 / 0.000         0.094 / 0.434         0.094 / 0.434       ms
[14910.316s][info][gc,stats    ]       Phase: Pause Mark Start                              0.000 / 0.000         0.000 / 0.000         0.023 / 0.223         0.023 / 0.223       ms
[14910.316s][info][gc,stats    ]       Phase: Pause Relocate Start                          0.000 / 0.000         0.000 / 0.000         0.045 / 0.309         0.045 / 0.309       ms
[14910.316s][info][gc,stats    ]    Subphase: Concurrent Classes Purge                      0.000 / 0.000         0.000 / 0.000         0.518 / 3.157         0.518 / 3.157       ms
[14910.316s][info][gc,stats    ]    Subphase: Concurrent Classes Unlink                     0.000 / 0.000         0.000 / 0.000        64.039 / 18382.834    64.039 / 18382.834   ms
[14910.316s][info][gc,stats    ]    Subphase: Concurrent Mark                               0.000 / 0.000         0.000 / 0.000       450.151 / 3398.532    450.151 / 3398.532    ms
[14910.316s][info][gc,stats    ]    Subphase: Concurrent Mark Try Flush                     0.000 / 0.000         0.000 / 0.000         1.565 / 934.939       1.565 / 934.939     ms
[14910.316s][info][gc,stats    ]    Subphase: Concurrent Mark Try Terminate                 0.000 / 0.000         0.000 / 0.000         1.072 / 934.940       1.072 / 934.940     ms
[14910.316s][info][gc,stats    ]    Subphase: Concurrent References Enqueue                 0.000 / 0.000         0.000 / 0.000         0.009 / 0.091         0.009 / 0.091       ms
[14910.316s][info][gc,stats    ]    Subphase: Concurrent References Process                 0.000 / 0.000         0.000 / 0.000         0.881 / 3.992         0.881 / 3.992       ms
[14910.317s][info][gc,stats    ]    Subphase: Concurrent Roots ClassLoaderDataGraph         0.000 / 0.000         0.000 / 0.000         0.833 / 3.889         0.833 / 3.889       ms
[14910.317s][info][gc,stats    ]    Subphase: Concurrent Roots CodeCache                    0.000 / 0.000         0.000 / 0.000         0.000 / 0.000         0.000 / 0.000       ms
[14910.317s][info][gc,stats    ]    Subphase: Concurrent Roots JavaThreads                  0.000 / 0.000         0.000 / 0.000         4.665 / 969.487       4.665 / 969.487     ms
[14910.317s][info][gc,stats    ]    Subphase: Concurrent Roots OopStorageSet                0.000 / 0.000         0.000 / 0.000         0.083 / 2.218         0.083 / 2.218       ms
[14910.317s][info][gc,stats    ]    Subphase: Concurrent Weak Roots OopStorageSet           0.000 / 0.000         0.000 / 0.000         1.501 / 13.633        1.501 / 13.633      ms
[14910.317s][info][gc,stats    ]    Subphase: Pause Mark Try Complete                       0.000 / 0.000         0.000 / 0.000         0.001 / 0.031         0.001 / 0.031       ms
[14910.317s][info][gc,stats    ]      System: Java Threads                                      0 / 0                 0 / 0              1929 / 4684           1929 / 4684        threads
[14910.317s][info][gc,stats    ] =========================================================================================================================================================
[14920.316s][info][gc,stats    ] === Garbage Collection Statistics =======================================================================================================================
[14920.316s][info][gc,stats    ]                                                              Last 10s              Last 10m              Last 10h                Total
[14920.316s][info][gc,stats    ]                                                              Avg / Max             Avg / Max             Avg / Max             Avg / Max
[14920.316s][info][gc,stats    ]   Collector: Garbage Collection Cycle                      0.000 / 0.000         0.000 / 0.000       665.978 / 19032.234   665.978 / 19032.234   ms
[14920.316s][info][gc,stats    ]  Contention: Mark Segment Reset Contention                     0 / 0                 0 / 0                 2 / 104               2 / 104         ops/s
[14920.316s][info][gc,stats    ]  Contention: Mark SeqNum Reset Contention                      0 / 0                 0 / 0                 0 / 7                 0 / 7           ops/s
[14920.316s][info][gc,stats    ]    Critical: Allocation Stall                                  0 / 0                 0 / 0                 0 / 827               0 / 827         ops/s
[14920.316s][info][gc,stats    ]    Critical: Allocation Stall                              0.000 / 0.000         0.000 / 0.000       146.230 / 487.490     146.230 / 487.490     ms
[14920.316s][info][gc,stats    ]    Critical: GC Locker Stall                                   0 / 0                 0 / 0                 0 / 2                 0 / 2           ops/s
[14920.316s][info][gc,stats    ]    Critical: GC Locker Stall                               0.000 / 0.000         0.000 / 0.000         0.167 / 4.787         0.167 / 4.787       ms
[14920.316s][info][gc,stats    ]    Critical: Relocation Stall                                  0 / 0                 0 / 0                 0 / 103               0 / 103         ops/s
[14920.316s][info][gc,stats    ]    Critical: Relocation Stall                              0.000 / 0.000         0.000 / 0.000        14.882 / 62.172       14.882 / 62.172      ms
[14920.316s][info][gc,stats    ]      Memory: Allocation Rate                                   0 / 0                 0 / 0               467 / 2790            467 / 2790        MB/s
[14920.316s][info][gc,stats    ]      Memory: Out Of Memory                                     0 / 0                 0 / 0                 0 / 0                 0 / 0           ops/s
[14920.316s][info][gc,stats    ]      Memory: Page Cache Flush                                  0 / 0                 0 / 0                 0 / 258               0 / 258         MB/s
[14920.316s][info][gc,stats    ]      Memory: Page Cache Hit L1                                 0 / 0                 0 / 0               227 / 1336            227 / 1336        ops/s
[14920.316s][info][gc,stats    ]      Memory: Page Cache Hit L2                                 0 / 0                 0 / 0                 0 / 0                 0 / 0           ops/s
[14920.316s][info][gc,stats    ]      Memory: Page Cache Hit L3                                 0 / 0                 0 / 0                 0 / 1028              0 / 1028        ops/s
[14920.316s][info][gc,stats    ]      Memory: Page Cache Miss                                   0 / 0                 0 / 0                 0 / 12                0 / 12          ops/s
[14920.316s][info][gc,stats    ]      Memory: Uncommit                                          0 / 0                 0 / 0                 0 / 0                 0 / 0           MB/s
[14920.316s][info][gc,stats    ]      Memory: Undo Object Allocation Failed                     0 / 0                 0 / 0                 0 / 5                 0 / 5           ops/s
[14920.316s][info][gc,stats    ]      Memory: Undo Object Allocation Succeeded                  0 / 0                 0 / 0                16 / 6595             16 / 6595        ops/s
[14920.316s][info][gc,stats    ]      Memory: Undo Page Allocation                              0 / 0                 0 / 0                 0 / 676               0 / 676         ops/s
[14920.316s][info][gc,stats    ]       Phase: Concurrent Mark                               0.000 / 0.000         0.000 / 0.000       571.218 / 3424.228    571.218 / 3424.228    ms
[14920.316s][info][gc,stats    ]       Phase: Concurrent Mark Continue                      0.000 / 0.000         0.000 / 0.000         0.000 / 0.000         0.000 / 0.000       ms
[14920.316s][info][gc,stats    ]       Phase: Concurrent Mark Free                          0.000 / 0.000         0.000 / 0.000         1.118 / 305.339       1.118 / 305.339     ms
[14920.316s][info][gc,stats    ]       Phase: Concurrent Process Non-Strong References      0.000 / 0.000         0.000 / 0.000        69.335 / 18388.762    69.335 / 18388.762   ms
[14920.316s][info][gc,stats    ]       Phase: Concurrent Relocate                           0.000 / 0.000         0.000 / 0.000        11.475 / 64.108       11.475 / 64.108      ms
[14920.316s][info][gc,stats    ]       Phase: Concurrent Reset Relocation Set               0.000 / 0.000         0.000 / 0.000         0.212 / 0.968         0.212 / 0.968       ms
[14920.316s][info][gc,stats    ]       Phase: Concurrent Select Relocation Set              0.000 / 0.000         0.000 / 0.000         6.722 / 623.697       6.722 / 623.697     ms
[14920.316s][info][gc,stats    ]       Phase: Pause Mark End                                0.000 / 0.000         0.000 / 0.000         0.094 / 0.434         0.094 / 0.434       ms
[14920.316s][info][gc,stats    ]       Phase: Pause Mark Start                              0.000 / 0.000         0.000 / 0.000         0.023 / 0.223         0.023 / 0.223       ms
[14920.316s][info][gc,stats    ]       Phase: Pause Relocate Start                          0.000 / 0.000         0.000 / 0.000         0.045 / 0.309         0.045 / 0.309       ms
[14920.316s][info][gc,stats    ]    Subphase: Concurrent Classes Purge                      0.000 / 0.000         0.000 / 0.000         0.518 / 3.157         0.518 / 3.157       ms
[14920.316s][info][gc,stats    ]    Subphase: Concurrent Classes Unlink                     0.000 / 0.000         0.000 / 0.000        64.039 / 18382.834    64.039 / 18382.834   ms
[14920.316s][info][gc,stats    ]    Subphase: Concurrent Mark                               0.000 / 0.000         0.000 / 0.000       450.151 / 3398.532    450.151 / 3398.532    ms
[14920.316s][info][gc,stats    ]    Subphase: Concurrent Mark Try Flush                     0.000 / 0.000         0.000 / 0.000         1.565 / 934.939       1.565 / 934.939     ms
[14920.316s][info][gc,stats    ]    Subphase: Concurrent Mark Try Terminate                 0.000 / 0.000         0.000 / 0.000         1.072 / 934.940       1.072 / 934.940     ms
[14920.316s][info][gc,stats    ]    Subphase: Concurrent References Enqueue                 0.000 / 0.000         0.000 / 0.000         0.009 / 0.091         0.009 / 0.091       ms
[14920.316s][info][gc,stats    ]    Subphase: Concurrent References Process                 0.000 / 0.000         0.000 / 0.000         0.881 / 3.992         0.881 / 3.992       ms
[14920.316s][info][gc,stats    ]    Subphase: Concurrent Roots ClassLoaderDataGraph         0.000 / 0.000         0.000 / 0.000         0.833 / 3.889         0.833 / 3.889       ms
[14920.316s][info][gc,stats    ]    Subphase: Concurrent Roots CodeCache                    0.000 / 0.000         0.000 / 0.000         0.000 / 0.000         0.000 / 0.000       ms
[14920.316s][info][gc,stats    ]    Subphase: Concurrent Roots JavaThreads                  0.000 / 0.000         0.000 / 0.000         4.665 / 969.487       4.665 / 969.487     ms
[14920.316s][info][gc,stats    ]    Subphase: Concurrent Roots OopStorageSet                0.000 / 0.000         0.000 / 0.000         0.083 / 2.218         0.083 / 2.218       ms
[14920.316s][info][gc,stats    ]    Subphase: Concurrent Weak Roots OopStorageSet           0.000 / 0.000         0.000 / 0.000         1.501 / 13.633        1.501 / 13.633      ms
[14920.316s][info][gc,stats    ]    Subphase: Pause Mark Try Complete                       0.000 / 0.000         0.000 / 0.000         0.001 / 0.031         0.001 / 0.031       ms
[14920.316s][info][gc,stats    ]      System: Java Threads                                      0 / 0                 0 / 0              1929 / 4684           1929 / 4684        threads
[14920.316s][info][gc,stats    ] =========================================================================================================================================================
[14930.315s][info][gc,stats    ] === Garbage Collection Statistics =======================================================================================================================
[14930.315s][info][gc,stats    ]                                                              Last 10s              Last 10m              Last 10h                Total
[14930.315s][info][gc,stats    ]                                                              Avg / Max             Avg / Max             Avg / Max             Avg / Max
[14930.315s][info][gc,stats    ]   Collector: Garbage Collection Cycle                      0.000 / 0.000         0.000 / 0.000       665.978 / 19032.234   665.978 / 19032.234   ms
[14930.315s][info][gc,stats    ]  Contention: Mark Segment Reset Contention                     0 / 0                 0 / 0                 2 / 104               2 / 104         ops/s
[14930.316s][info][gc,stats    ]  Contention: Mark SeqNum Reset Contention                      0 / 0                 0 / 0                 0 / 7                 0 / 7           ops/s
[14930.316s][info][gc,stats    ]    Critical: Allocation Stall                                  0 / 0                 0 / 0                 0 / 827               0 / 827         ops/s
[14930.316s][info][gc,stats    ]    Critical: Allocation Stall                              0.000 / 0.000         0.000 / 0.000       146.230 / 487.490     146.230 / 487.490     ms
[14930.316s][info][gc,stats    ]    Critical: GC Locker Stall                                   0 / 0                 0 / 0                 0 / 2                 0 / 2           ops/s
[14930.316s][info][gc,stats    ]    Critical: GC Locker Stall                               0.000 / 0.000         0.000 / 0.000         0.167 / 4.787         0.167 / 4.787       ms
[14930.316s][info][gc,stats    ]    Critical: Relocation Stall                                  0 / 0                 0 / 0                 0 / 103               0 / 103         ops/s
[14930.316s][info][gc,stats    ]    Critical: Relocation Stall                              0.000 / 0.000         0.000 / 0.000        14.882 / 62.172       14.882 / 62.172      ms
[14930.316s][info][gc,stats    ]      Memory: Allocation Rate                                   0 / 0                 0 / 0               467 / 2790            467 / 2790        MB/s
[14930.316s][info][gc,stats    ]      Memory: Out Of Memory                                     0 / 0                 0 / 0                 0 / 0                 0 / 0           ops/s
[14930.316s][info][gc,stats    ]      Memory: Page Cache Flush                                  0 / 0                 0 / 0                 0 / 258               0 / 258         MB/s
[14930.316s][info][gc,stats    ]      Memory: Page Cache Hit L1                                 0 / 0                 0 / 0               227 / 1336            227 / 1336        ops/s
[14930.316s][info][gc,stats    ]      Memory: Page Cache Hit L2                                 0 / 0                 0 / 0                 0 / 0                 0 / 0           ops/s
[14930.316s][info][gc,stats    ]      Memory: Page Cache Hit L3                                 0 / 0                 0 / 0                 0 / 1028              0 / 1028        ops/s
[14930.316s][info][gc,stats    ]      Memory: Page Cache Miss                                   0 / 0                 0 / 0                 0 / 12                0 / 12          ops/s
[14930.316s][info][gc,stats    ]      Memory: Uncommit                                          0 / 0                 0 / 0                 0 / 0                 0 / 0           MB/s
[14930.316s][info][gc,stats    ]      Memory: Undo Object Allocation Failed                     0 / 0                 0 / 0                 0 / 5                 0 / 5           ops/s
[14930.316s][info][gc,stats    ]      Memory: Undo Object Allocation Succeeded                  0 / 0                 0 / 0                16 / 6595             16 / 6595        ops/s
[14930.316s][info][gc,stats    ]      Memory: Undo Page Allocation                              0 / 0                 0 / 0                 0 / 676               0 / 676         ops/s
[14930.316s][info][gc,stats    ]       Phase: Concurrent Mark                               0.000 / 0.000         0.000 / 0.000       571.218 / 3424.228    571.218 / 3424.228    ms
[14930.316s][info][gc,stats    ]       Phase: Concurrent Mark Continue                      0.000 / 0.000         0.000 / 0.000         0.000 / 0.000         0.000 / 0.000       ms
[14930.316s][info][gc,stats    ]       Phase: Concurrent Mark Free                          0.000 / 0.000         0.000 / 0.000         1.118 / 305.339       1.118 / 305.339     ms
[14930.316s][info][gc,stats    ]       Phase: Concurrent Process Non-Strong References      0.000 / 0.000         0.000 / 0.000        69.335 / 18388.762    69.335 / 18388.762   ms
[14930.316s][info][gc,stats    ]       Phase: Concurrent Relocate                           0.000 / 0.000         0.000 / 0.000        11.475 / 64.108       11.475 / 64.108      ms
[14930.316s][info][gc,stats    ]       Phase: Concurrent Reset Relocation Set               0.000 / 0.000         0.000 / 0.000         0.212 / 0.968         0.212 / 0.968       ms
[14930.316s][info][gc,stats    ]       Phase: Concurrent Select Relocation Set              0.000 / 0.000         0.000 / 0.000         6.722 / 623.697       6.722 / 623.697     ms
[14930.316s][info][gc,stats    ]       Phase: Pause Mark End                                0.000 / 0.000         0.000 / 0.000         0.094 / 0.434         0.094 / 0.434       ms
[14930.316s][info][gc,stats    ]       Phase: Pause Mark Start                              0.000 / 0.000         0.000 / 0.000         0.023 / 0.223         0.023 / 0.223       ms
[14930.316s][info][gc,stats    ]       Phase: Pause Relocate Start                          0.000 / 0.000         0.000 / 0.000         0.045 / 0.309         0.045 / 0.309       ms
[14930.316s][info][gc,stats    ]    Subphase: Concurrent Classes Purge                      0.000 / 0.000         0.000 / 0.000         0.518 / 3.157         0.518 / 3.157       ms
[14930.316s][info][gc,stats    ]    Subphase: Concurrent Classes Unlink                     0.000 / 0.000         0.000 / 0.000        64.039 / 18382.834    64.039 / 18382.834   ms
[14930.316s][info][gc,stats    ]    Subphase: Concurrent Mark                               0.000 / 0.000         0.000 / 0.000       450.151 / 3398.532    450.151 / 3398.532    ms
[14930.316s][info][gc,stats    ]    Subphase: Concurrent Mark Try Flush                     0.000 / 0.000         0.000 / 0.000         1.565 / 934.939       1.565 / 934.939     ms
[14930.316s][info][gc,stats    ]    Subphase: Concurrent Mark Try Terminate                 0.000 / 0.000         0.000 / 0.000         1.072 / 934.940       1.072 / 934.940     ms
[14930.316s][info][gc,stats    ]    Subphase: Concurrent References Enqueue                 0.000 / 0.000         0.000 / 0.000         0.009 / 0.091         0.009 / 0.091       ms
[14930.316s][info][gc,stats    ]    Subphase: Concurrent References Process                 0.000 / 0.000         0.000 / 0.000         0.881 / 3.992         0.881 / 3.992       ms
[14930.316s][info][gc,stats    ]    Subphase: Concurrent Roots ClassLoaderDataGraph         0.000 / 0.000         0.000 / 0.000         0.833 / 3.889         0.833 / 3.889       ms
[14930.316s][info][gc,stats    ]    Subphase: Concurrent Roots CodeCache                    0.000 / 0.000         0.000 / 0.000         0.000 / 0.000         0.000 / 0.000       ms
[14930.316s][info][gc,stats    ]    Subphase: Concurrent Roots JavaThreads                  0.000 / 0.000         0.000 / 0.000         4.665 / 969.487       4.665 / 969.487     ms
[14930.316s][info][gc,stats    ]    Subphase: Concurrent Roots OopStorageSet                0.000 / 0.000         0.000 / 0.000         0.083 / 2.218         0.083 / 2.218       ms
[14930.316s][info][gc,stats    ]    Subphase: Concurrent Weak Roots OopStorageSet           0.000 / 0.000         0.000 / 0.000         1.501 / 13.633        1.501 / 13.633      ms
[14930.316s][info][gc,stats    ]    Subphase: Pause Mark Try Complete                       0.000 / 0.000         0.000 / 0.000         0.001 / 0.031         0.001 / 0.031       ms
[14930.316s][info][gc,stats    ]      System: Java Threads                                      0 / 0                 0 / 0              1929 / 4684           1929 / 4684        threads
[14930.316s][info][gc,stats    ] =========================================================================================================================================================
[14940.315s][info][gc,stats    ] === Garbage Collection Statistics =======================================================================================================================
[14940.315s][info][gc,stats    ]                                                              Last 10s              Last 10m              Last 10h                Total
[14940.315s][info][gc,stats    ]                                                              Avg / Max             Avg / Max             Avg / Max             Avg / Max
[14940.315s][info][gc,stats    ]   Collector: Garbage Collection Cycle                      0.000 / 0.000         0.000 / 0.000       665.978 / 19032.234   665.978 / 19032.234   ms
[14940.315s][info][gc,stats    ]  Contention: Mark Segment Reset Contention                     0 / 0                 0 / 0                 2 / 104               2 / 104         ops/s
[14940.315s][info][gc,stats    ]  Contention: Mark SeqNum Reset Contention                      0 / 0                 0 / 0                 0 / 7                 0 / 7           ops/s
[14940.315s][info][gc,stats    ]    Critical: Allocation Stall                                  0 / 0                 0 / 0                 0 / 827               0 / 827         ops/s
[14940.315s][info][gc,stats    ]    Critical: Allocation Stall                              0.000 / 0.000         0.000 / 0.000       146.230 / 487.490     146.230 / 487.490     ms
[14940.315s][info][gc,stats    ]    Critical: GC Locker Stall                                   0 / 0                 0 / 0                 0 / 2                 0 / 2           ops/s
[14940.315s][info][gc,stats    ]    Critical: GC Locker Stall                               0.000 / 0.000         0.000 / 0.000         0.167 / 4.787         0.167 / 4.787       ms
[14940.315s][info][gc,stats    ]    Critical: Relocation Stall                                  0 / 0                 0 / 0                 0 / 103               0 / 103         ops/s
[14940.315s][info][gc,stats    ]    Critical: Relocation Stall                              0.000 / 0.000         0.000 / 0.000        14.882 / 62.172       14.882 / 62.172      ms
[14940.315s][info][gc,stats    ]      Memory: Allocation Rate                                   0 / 0                 0 / 0               467 / 2790            467 / 2790        MB/s
[14940.315s][info][gc,stats    ]      Memory: Out Of Memory                                     0 / 0                 0 / 0                 0 / 0                 0 / 0           ops/s
[14940.315s][info][gc,stats    ]      Memory: Page Cache Flush                                  0 / 0                 0 / 0                 0 / 258               0 / 258         MB/s
[14940.315s][info][gc,stats    ]      Memory: Page Cache Hit L1                                 0 / 0                 0 / 0               227 / 1336            227 / 1336        ops/s
[14940.315s][info][gc,stats    ]      Memory: Page Cache Hit L2                                 0 / 0                 0 / 0                 0 / 0                 0 / 0           ops/s
[14940.315s][info][gc,stats    ]      Memory: Page Cache Hit L3                                 0 / 0                 0 / 0                 0 / 1028              0 / 1028        ops/s
[14940.315s][info][gc,stats    ]      Memory: Page Cache Miss                                   0 / 0                 0 / 0                 0 / 12                0 / 12          ops/s
[14940.315s][info][gc,stats    ]      Memory: Uncommit                                          0 / 0                 0 / 0                 0 / 0                 0 / 0           MB/s
[14940.315s][info][gc,stats    ]      Memory: Undo Object Allocation Failed                     0 / 0                 0 / 0                 0 / 5                 0 / 5           ops/s
[14940.315s][info][gc,stats    ]      Memory: Undo Object Allocation Succeeded                  0 / 0                 0 / 0                16 / 6595             16 / 6595        ops/s
[14940.315s][info][gc,stats    ]      Memory: Undo Page Allocation                              0 / 0                 0 / 0                 0 / 676               0 / 676         ops/s
[14940.315s][info][gc,stats    ]       Phase: Concurrent Mark                               0.000 / 0.000         0.000 / 0.000       571.218 / 3424.228    571.218 / 3424.228    ms
[14940.315s][info][gc,stats    ]       Phase: Concurrent Mark Continue                      0.000 / 0.000         0.000 / 0.000         0.000 / 0.000         0.000 / 0.000       ms
[14940.315s][info][gc,stats    ]       Phase: Concurrent Mark Free                          0.000 / 0.000         0.000 / 0.000         1.118 / 305.339       1.118 / 305.339     ms
[14940.315s][info][gc,stats    ]       Phase: Concurrent Process Non-Strong References      0.000 / 0.000         0.000 / 0.000        69.335 / 18388.762    69.335 / 18388.762   ms
[14940.315s][info][gc,stats    ]       Phase: Concurrent Relocate                           0.000 / 0.000         0.000 / 0.000        11.475 / 64.108       11.475 / 64.108      ms
[14940.315s][info][gc,stats    ]       Phase: Concurrent Reset Relocation Set               0.000 / 0.000         0.000 / 0.000         0.212 / 0.968         0.212 / 0.968       ms
[14940.315s][info][gc,stats    ]       Phase: Concurrent Select Relocation Set              0.000 / 0.000         0.000 / 0.000         6.722 / 623.697       6.722 / 623.697     ms
[14940.316s][info][gc,stats    ]       Phase: Pause Mark End                                0.000 / 0.000         0.000 / 0.000         0.094 / 0.434         0.094 / 0.434       ms
[14940.316s][info][gc,stats    ]       Phase: Pause Mark Start                              0.000 / 0.000         0.000 / 0.000         0.023 / 0.223         0.023 / 0.223       ms
[14940.316s][info][gc,stats    ]       Phase: Pause Relocate Start                          0.000 / 0.000         0.000 / 0.000         0.045 / 0.309         0.045 / 0.309       ms
[14940.316s][info][gc,stats    ]    Subphase: Concurrent Classes Purge                      0.000 / 0.000         0.000 / 0.000         0.518 / 3.157         0.518 / 3.157       ms
[14940.316s][info][gc,stats    ]    Subphase: Concurrent Classes Unlink                     0.000 / 0.000         0.000 / 0.000        64.039 / 18382.834    64.039 / 18382.834   ms
[14940.316s][info][gc,stats    ]    Subphase: Concurrent Mark                               0.000 / 0.000         0.000 / 0.000       450.151 / 3398.532    450.151 / 3398.532    ms
[14940.316s][info][gc,stats    ]    Subphase: Concurrent Mark Try Flush                     0.000 / 0.000         0.000 / 0.000         1.565 / 934.939       1.565 / 934.939     ms
[14940.316s][info][gc,stats    ]    Subphase: Concurrent Mark Try Terminate                 0.000 / 0.000         0.000 / 0.000         1.072 / 934.940       1.072 / 934.940     ms
[14940.316s][info][gc,stats    ]    Subphase: Concurrent References Enqueue                 0.000 / 0.000         0.000 / 0.000         0.009 / 0.091         0.009 / 0.091       ms
[14940.316s][info][gc,stats    ]    Subphase: Concurrent References Process                 0.000 / 0.000         0.000 / 0.000         0.881 / 3.992         0.881 / 3.992       ms
[14940.316s][info][gc,stats    ]    Subphase: Concurrent Roots ClassLoaderDataGraph         0.000 / 0.000         0.000 / 0.000         0.833 / 3.889         0.833 / 3.889       ms
[14940.316s][info][gc,stats    ]    Subphase: Concurrent Roots CodeCache                    0.000 / 0.000         0.000 / 0.000         0.000 / 0.000         0.000 / 0.000       ms
[14940.316s][info][gc,stats    ]    Subphase: Concurrent Roots JavaThreads                  0.000 / 0.000         0.000 / 0.000         4.665 / 969.487       4.665 / 969.487     ms
[14940.316s][info][gc,stats    ]    Subphase: Concurrent Roots OopStorageSet                0.000 / 0.000         0.000 / 0.000         0.083 / 2.218         0.083 / 2.218       ms
[14940.316s][info][gc,stats    ]    Subphase: Concurrent Weak Roots OopStorageSet           0.000 / 0.000         0.000 / 0.000         1.501 / 13.633        1.501 / 13.633      ms
[14940.316s][info][gc,stats    ]    Subphase: Pause Mark Try Complete                       0.000 / 0.000         0.000 / 0.000         0.001 / 0.031         0.001 / 0.031       ms
[14940.316s][info][gc,stats    ]      System: Java Threads                                      0 / 0                 0 / 0              1929 / 4684           1929 / 4684        threads
[14940.316s][info][gc,stats    ] =========================================================================================================================================================
[14950.316s][info][gc,stats    ] === Garbage Collection Statistics =======================================================================================================================
[14950.316s][info][gc,stats    ]                                                              Last 10s              Last 10m              Last 10h                Total
[14950.316s][info][gc,stats    ]                                                              Avg / Max             Avg / Max             Avg / Max             Avg / Max
[14950.316s][info][gc,stats    ]   Collector: Garbage Collection Cycle                      0.000 / 0.000         0.000 / 0.000       665.978 / 19032.234   665.978 / 19032.234   ms
[14950.316s][info][gc,stats    ]  Contention: Mark Segment Reset Contention                     0 / 0                 0 / 0                 2 / 104               2 / 104         ops/s
[14950.316s][info][gc,stats    ]  Contention: Mark SeqNum Reset Contention                      0 / 0                 0 / 0                 0 / 7                 0 / 7           ops/s
[14950.316s][info][gc,stats    ]    Critical: Allocation Stall                                  0 / 0                 0 / 0                 0 / 827               0 / 827         ops/s
[14950.316s][info][gc,stats    ]    Critical: Allocation Stall                              0.000 / 0.000         0.000 / 0.000       146.230 / 487.490     146.230 / 487.490     ms
[14950.316s][info][gc,stats    ]    Critical: GC Locker Stall                                   0 / 0                 0 / 0                 0 / 2                 0 / 2           ops/s
[14950.316s][info][gc,stats    ]    Critical: GC Locker Stall                               0.000 / 0.000         0.000 / 0.000         0.167 / 4.787         0.167 / 4.787       ms
[14950.316s][info][gc,stats    ]    Critical: Relocation Stall                                  0 / 0                 0 / 0                 0 / 103               0 / 103         ops/s
[14950.316s][info][gc,stats    ]    Critical: Relocation Stall                              0.000 / 0.000         0.000 / 0.000        14.882 / 62.172       14.882 / 62.172      ms
[14950.316s][info][gc,stats    ]      Memory: Allocation Rate                                   0 / 0                 0 / 0               466 / 2790            466 / 2790        MB/s
[14950.316s][info][gc,stats    ]      Memory: Out Of Memory                                     0 / 0                 0 / 0                 0 / 0                 0 / 0           ops/s
[14950.316s][info][gc,stats    ]      Memory: Page Cache Flush                                  0 / 0                 0 / 0                 0 / 258               0 / 258         MB/s
[14950.316s][info][gc,stats    ]      Memory: Page Cache Hit L1                                 0 / 0                 0 / 0               227 / 1336            227 / 1336        ops/s
[14950.316s][info][gc,stats    ]      Memory: Page Cache Hit L2                                 0 / 0                 0 / 0                 0 / 0                 0 / 0           ops/s
[14950.316s][info][gc,stats    ]      Memory: Page Cache Hit L3                                 0 / 0                 0 / 0                 0 / 1028              0 / 1028        ops/s
[14950.316s][info][gc,stats    ]      Memory: Page Cache Miss                                   0 / 0                 0 / 0                 0 / 12                0 / 12          ops/s
[14950.316s][info][gc,stats    ]      Memory: Uncommit                                          0 / 0                 0 / 0                 0 / 0                 0 / 0           MB/s
[14950.316s][info][gc,stats    ]      Memory: Undo Object Allocation Failed                     0 / 0                 0 / 0                 0 / 5                 0 / 5           ops/s
[14950.316s][info][gc,stats    ]      Memory: Undo Object Allocation Succeeded                  0 / 0                 0 / 0                16 / 6595             16 / 6595        ops/s
[14950.316s][info][gc,stats    ]      Memory: Undo Page Allocation                              0 / 0                 0 / 0                 0 / 676               0 / 676         ops/s
[14950.316s][info][gc,stats    ]       Phase: Concurrent Mark                               0.000 / 0.000         0.000 / 0.000       571.218 / 3424.228    571.218 / 3424.228    ms
[14950.316s][info][gc,stats    ]       Phase: Concurrent Mark Continue                      0.000 / 0.000         0.000 / 0.000         0.000 / 0.000         0.000 / 0.000       ms
[14950.316s][info][gc,stats    ]       Phase: Concurrent Mark Free                          0.000 / 0.000         0.000 / 0.000         1.118 / 305.339       1.118 / 305.339     ms
[14950.316s][info][gc,stats    ]       Phase: Concurrent Process Non-Strong References      0.000 / 0.000         0.000 / 0.000        69.335 / 18388.762    69.335 / 18388.762   ms
[14950.316s][info][gc,stats    ]       Phase: Concurrent Relocate                           0.000 / 0.000         0.000 / 0.000        11.475 / 64.108       11.475 / 64.108      ms
[14950.316s][info][gc,stats    ]       Phase: Concurrent Reset Relocation Set               0.000 / 0.000         0.000 / 0.000         0.212 / 0.968         0.212 / 0.968       ms
[14950.316s][info][gc,stats    ]       Phase: Concurrent Select Relocation Set              0.000 / 0.000         0.000 / 0.000         6.722 / 623.697       6.722 / 623.697     ms
[14950.316s][info][gc,stats    ]       Phase: Pause Mark End                                0.000 / 0.000         0.000 / 0.000         0.094 / 0.434         0.094 / 0.434       ms
[14950.316s][info][gc,stats    ]       Phase: Pause Mark Start                              0.000 / 0.000         0.000 / 0.000         0.023 / 0.223         0.023 / 0.223       ms
[14950.316s][info][gc,stats    ]       Phase: Pause Relocate Start                          0.000 / 0.000         0.000 / 0.000         0.045 / 0.309         0.045 / 0.309       ms
[14950.316s][info][gc,stats    ]    Subphase: Concurrent Classes Purge                      0.000 / 0.000         0.000 / 0.000         0.518 / 3.157         0.518 / 3.157       ms
[14950.316s][info][gc,stats    ]    Subphase: Concurrent Classes Unlink                     0.000 / 0.000         0.000 / 0.000        64.039 / 18382.834    64.039 / 18382.834   ms
[14950.316s][info][gc,stats    ]    Subphase: Concurrent Mark                               0.000 / 0.000         0.000 / 0.000       450.151 / 3398.532    450.151 / 3398.532    ms
[14950.316s][info][gc,stats    ]    Subphase: Concurrent Mark Try Flush                     0.000 / 0.000         0.000 / 0.000         1.565 / 934.939       1.565 / 934.939     ms
[14950.316s][info][gc,stats    ]    Subphase: Concurrent Mark Try Terminate                 0.000 / 0.000         0.000 / 0.000         1.072 / 934.940       1.072 / 934.940     ms
[14950.316s][info][gc,stats    ]    Subphase: Concurrent References Enqueue                 0.000 / 0.000         0.000 / 0.000         0.009 / 0.091         0.009 / 0.091       ms
[14950.316s][info][gc,stats    ]    Subphase: Concurrent References Process                 0.000 / 0.000         0.000 / 0.000         0.881 / 3.992         0.881 / 3.992       ms
[14950.316s][info][gc,stats    ]    Subphase: Concurrent Roots ClassLoaderDataGraph         0.000 / 0.000         0.000 / 0.000         0.833 / 3.889         0.833 / 3.889       ms
[14950.316s][info][gc,stats    ]    Subphase: Concurrent Roots CodeCache                    0.000 / 0.000         0.000 / 0.000         0.000 / 0.000         0.000 / 0.000       ms
[14950.316s][info][gc,stats    ]    Subphase: Concurrent Roots JavaThreads                  0.000 / 0.000         0.000 / 0.000         4.665 / 969.487       4.665 / 969.487     ms
[14950.316s][info][gc,stats    ]    Subphase: Concurrent Roots OopStorageSet                0.000 / 0.000         0.000 / 0.000         0.083 / 2.218         0.083 / 2.218       ms
[14950.316s][info][gc,stats    ]    Subphase: Concurrent Weak Roots OopStorageSet           0.000 / 0.000         0.000 / 0.000         1.501 / 13.633        1.501 / 13.633      ms
[14950.316s][info][gc,stats    ]    Subphase: Pause Mark Try Complete                       0.000 / 0.000         0.000 / 0.000         0.001 / 0.031         0.001 / 0.031       ms
[14950.316s][info][gc,stats    ]      System: Java Threads                                      0 / 0                 0 / 0              1929 / 4684           1929 / 4684        threads
[14950.316s][info][gc,stats    ] =========================================================================================================================================================
[14960.316s][info][gc,stats    ] === Garbage Collection Statistics =======================================================================================================================
[14960.316s][info][gc,stats    ]                                                              Last 10s              Last 10m              Last 10h                Total
[14960.316s][info][gc,stats    ]                                                              Avg / Max             Avg / Max             Avg / Max             Avg / Max
[14960.316s][info][gc,stats    ]   Collector: Garbage Collection Cycle                      0.000 / 0.000         0.000 / 0.000       665.978 / 19032.234   665.978 / 19032.234   ms
[14960.316s][info][gc,stats    ]  Contention: Mark Segment Reset Contention                     0 / 0                 0 / 0                 2 / 104               2 / 104         ops/s
[14960.316s][info][gc,stats    ]  Contention: Mark SeqNum Reset Contention                      0 / 0                 0 / 0                 0 / 7                 0 / 7           ops/s
[14960.316s][info][gc,stats    ]    Critical: Allocation Stall                                  0 / 0                 0 / 0                 0 / 827               0 / 827         ops/s
[14960.316s][info][gc,stats    ]    Critical: Allocation Stall                              0.000 / 0.000         0.000 / 0.000       146.230 / 487.490     146.230 / 487.490     ms
[14960.316s][info][gc,stats    ]    Critical: GC Locker Stall                                   0 / 0                 0 / 0                 0 / 2                 0 / 2           ops/s
[14960.316s][info][gc,stats    ]    Critical: GC Locker Stall                               0.000 / 0.000         0.000 / 0.000         0.167 / 4.787         0.167 / 4.787       ms
[14960.316s][info][gc,stats    ]    Critical: Relocation Stall                                  0 / 0                 0 / 0                 0 / 103               0 / 103         ops/s
[14960.316s][info][gc,stats    ]    Critical: Relocation Stall                              0.000 / 0.000         0.000 / 0.000        14.882 / 62.172       14.882 / 62.172      ms
[14960.316s][info][gc,stats    ]      Memory: Allocation Rate                                   0 / 0                 0 / 0               466 / 2790            466 / 2790        MB/s
[14960.316s][info][gc,stats    ]      Memory: Out Of Memory                                     0 / 0                 0 / 0                 0 / 0                 0 / 0           ops/s
[14960.316s][info][gc,stats    ]      Memory: Page Cache Flush                                  0 / 0                 0 / 0                 0 / 258               0 / 258         MB/s
[14960.316s][info][gc,stats    ]      Memory: Page Cache Hit L1                                 0 / 0                 0 / 0               227 / 1336            227 / 1336        ops/s
[14960.316s][info][gc,stats    ]      Memory: Page Cache Hit L2                                 0 / 0                 0 / 0                 0 / 0                 0 / 0           ops/s
[14960.316s][info][gc,stats    ]      Memory: Page Cache Hit L3                                 0 / 0                 0 / 0                 0 / 1028              0 / 1028        ops/s
[14960.316s][info][gc,stats    ]      Memory: Page Cache Miss                                   0 / 0                 0 / 0                 0 / 12                0 / 12          ops/s
[14960.316s][info][gc,stats    ]      Memory: Uncommit                                          0 / 0                 0 / 0                 0 / 0                 0 / 0           MB/s
[14960.316s][info][gc,stats    ]      Memory: Undo Object Allocation Failed                     0 / 0                 0 / 0                 0 / 5                 0 / 5           ops/s
[14960.316s][info][gc,stats    ]      Memory: Undo Object Allocation Succeeded                  0 / 0                 0 / 0                16 / 6595             16 / 6595        ops/s
[14960.316s][info][gc,stats    ]      Memory: Undo Page Allocation                              0 / 0                 0 / 0                 0 / 676               0 / 676         ops/s
[14960.316s][info][gc,stats    ]       Phase: Concurrent Mark                               0.000 / 0.000         0.000 / 0.000       571.218 / 3424.228    571.218 / 3424.228    ms
[14960.316s][info][gc,stats    ]       Phase: Concurrent Mark Continue                      0.000 / 0.000         0.000 / 0.000         0.000 / 0.000         0.000 / 0.000       ms
[14960.316s][info][gc,stats    ]       Phase: Concurrent Mark Free                          0.000 / 0.000         0.000 / 0.000         1.118 / 305.339       1.118 / 305.339     ms
[14960.316s][info][gc,stats    ]       Phase: Concurrent Process Non-Strong References      0.000 / 0.000         0.000 / 0.000        69.335 / 18388.762    69.335 / 18388.762   ms
[14960.316s][info][gc,stats    ]       Phase: Concurrent Relocate                           0.000 / 0.000         0.000 / 0.000        11.475 / 64.108       11.475 / 64.108      ms
[14960.316s][info][gc,stats    ]       Phase: Concurrent Reset Relocation Set               0.000 / 0.000         0.000 / 0.000         0.212 / 0.968         0.212 / 0.968       ms
[14960.316s][info][gc,stats    ]       Phase: Concurrent Select Relocation Set              0.000 / 0.000         0.000 / 0.000         6.722 / 623.697       6.722 / 623.697     ms
[14960.316s][info][gc,stats    ]       Phase: Pause Mark End                                0.000 / 0.000         0.000 / 0.000         0.094 / 0.434         0.094 / 0.434       ms
[14960.316s][info][gc,stats    ]       Phase: Pause Mark Start                              0.000 / 0.000         0.000 / 0.000         0.023 / 0.223         0.023 / 0.223       ms
[14960.316s][info][gc,stats    ]       Phase: Pause Relocate Start                          0.000 / 0.000         0.000 / 0.000         0.045 / 0.309         0.045 / 0.309       ms
[14960.316s][info][gc,stats    ]    Subphase: Concurrent Classes Purge                      0.000 / 0.000         0.000 / 0.000         0.518 / 3.157         0.518 / 3.157       ms
[14960.316s][info][gc,stats    ]    Subphase: Concurrent Classes Unlink                     0.000 / 0.000         0.000 / 0.000        64.039 / 18382.834    64.039 / 18382.834   ms
[14960.316s][info][gc,stats    ]    Subphase: Concurrent Mark                               0.000 / 0.000         0.000 / 0.000       450.151 / 3398.532    450.151 / 3398.532    ms
[14960.316s][info][gc,stats    ]    Subphase: Concurrent Mark Try Flush                     0.000 / 0.000         0.000 / 0.000         1.565 / 934.939       1.565 / 934.939     ms
[14960.316s][info][gc,stats    ]    Subphase: Concurrent Mark Try Terminate                 0.000 / 0.000         0.000 / 0.000         1.072 / 934.940       1.072 / 934.940     ms
[14960.316s][info][gc,stats    ]    Subphase: Concurrent References Enqueue                 0.000 / 0.000         0.000 / 0.000         0.009 / 0.091         0.009 / 0.091       ms
[14960.316s][info][gc,stats    ]    Subphase: Concurrent References Process                 0.000 / 0.000         0.000 / 0.000         0.881 / 3.992         0.881 / 3.992       ms
[14960.316s][info][gc,stats    ]    Subphase: Concurrent Roots ClassLoaderDataGraph         0.000 / 0.000         0.000 / 0.000         0.833 / 3.889         0.833 / 3.889       ms
[14960.316s][info][gc,stats    ]    Subphase: Concurrent Roots CodeCache                    0.000 / 0.000         0.000 / 0.000         0.000 / 0.000         0.000 / 0.000       ms
[14960.316s][info][gc,stats    ]    Subphase: Concurrent Roots JavaThreads                  0.000 / 0.000         0.000 / 0.000         4.665 / 969.487       4.665 / 969.487     ms
[14960.316s][info][gc,stats    ]    Subphase: Concurrent Roots OopStorageSet                0.000 / 0.000         0.000 / 0.000         0.083 / 2.218         0.083 / 2.218       ms
[14960.316s][info][gc,stats    ]    Subphase: Concurrent Weak Roots OopStorageSet           0.000 / 0.000         0.000 / 0.000         1.501 / 13.633        1.501 / 13.633      ms
[14960.316s][info][gc,stats    ]    Subphase: Pause Mark Try Complete                       0.000 / 0.000         0.000 / 0.000         0.001 / 0.031         0.001 / 0.031       ms
[14960.316s][info][gc,stats    ]      System: Java Threads                                      0 / 0                 0 / 0              1929 / 4684           1929 / 4684        threads
[14960.316s][info][gc,stats    ] =========================================================================================================================================================
[14970.316s][info][gc,stats    ] === Garbage Collection Statistics =======================================================================================================================
[14970.316s][info][gc,stats    ]                                                              Last 10s              Last 10m              Last 10h                Total
[14970.316s][info][gc,stats    ]                                                              Avg / Max             Avg / Max             Avg / Max             Avg / Max
[14970.316s][info][gc,stats    ]   Collector: Garbage Collection Cycle                      0.000 / 0.000         0.000 / 0.000       665.978 / 19032.234   665.978 / 19032.234   ms
[14970.316s][info][gc,stats    ]  Contention: Mark Segment Reset Contention                     0 / 0                 0 / 0                 2 / 104               2 / 104         ops/s
[14970.316s][info][gc,stats    ]  Contention: Mark SeqNum Reset Contention                      0 / 0                 0 / 0                 0 / 7                 0 / 7           ops/s
[14970.316s][info][gc,stats    ]    Critical: Allocation Stall                                  0 / 0                 0 / 0                 0 / 827               0 / 827         ops/s
[14970.316s][info][gc,stats    ]    Critical: Allocation Stall                              0.000 / 0.000         0.000 / 0.000       146.230 / 487.490     146.230 / 487.490     ms
[14970.316s][info][gc,stats    ]    Critical: GC Locker Stall                                   0 / 0                 0 / 0                 0 / 2                 0 / 2           ops/s
[14970.316s][info][gc,stats    ]    Critical: GC Locker Stall                               0.000 / 0.000         0.000 / 0.000         0.167 / 4.787         0.167 / 4.787       ms
[14970.316s][info][gc,stats    ]    Critical: Relocation Stall                                  0 / 0                 0 / 0                 0 / 103               0 / 103         ops/s
[14970.316s][info][gc,stats    ]    Critical: Relocation Stall                              0.000 / 0.000         0.000 / 0.000        14.882 / 62.172       14.882 / 62.172      ms
[14970.316s][info][gc,stats    ]      Memory: Allocation Rate                                   0 / 0                 0 / 0               466 / 2790            466 / 2790        MB/s
[14970.316s][info][gc,stats    ]      Memory: Out Of Memory                                     0 / 0                 0 / 0                 0 / 0                 0 / 0           ops/s
[14970.316s][info][gc,stats    ]      Memory: Page Cache Flush                                  0 / 0                 0 / 0                 0 / 258               0 / 258         MB/s
[14970.316s][info][gc,stats    ]      Memory: Page Cache Hit L1                                 0 / 0                 0 / 0               226 / 1336            226 / 1336        ops/s
[14970.316s][info][gc,stats    ]      Memory: Page Cache Hit L2                                 0 / 0                 0 / 0                 0 / 0                 0 / 0           ops/s
[14970.316s][info][gc,stats    ]      Memory: Page Cache Hit L3                                 0 / 0                 0 / 0                 0 / 1028              0 / 1028        ops/s
[14970.316s][info][gc,stats    ]      Memory: Page Cache Miss                                   0 / 0                 0 / 0                 0 / 12                0 / 12          ops/s
[14970.316s][info][gc,stats    ]      Memory: Uncommit                                          0 / 0                 0 / 0                 0 / 0                 0 / 0           MB/s
[14970.316s][info][gc,stats    ]      Memory: Undo Object Allocation Failed                     0 / 0                 0 / 0                 0 / 5                 0 / 5           ops/s
[14970.316s][info][gc,stats    ]      Memory: Undo Object Allocation Succeeded                  0 / 0                 0 / 0                16 / 6595             16 / 6595        ops/s
[14970.316s][info][gc,stats    ]      Memory: Undo Page Allocation                              0 / 0                 0 / 0                 0 / 676               0 / 676         ops/s
[14970.316s][info][gc,stats    ]       Phase: Concurrent Mark                               0.000 / 0.000         0.000 / 0.000       571.218 / 3424.228    571.218 / 3424.228    ms
[14970.316s][info][gc,stats    ]       Phase: Concurrent Mark Continue                      0.000 / 0.000         0.000 / 0.000         0.000 / 0.000         0.000 / 0.000       ms
[14970.316s][info][gc,stats    ]       Phase: Concurrent Mark Free                          0.000 / 0.000         0.000 / 0.000         1.118 / 305.339       1.118 / 305.339     ms
[14970.316s][info][gc,stats    ]       Phase: Concurrent Process Non-Strong References      0.000 / 0.000         0.000 / 0.000        69.335 / 18388.762    69.335 / 18388.762   ms
[14970.316s][info][gc,stats    ]       Phase: Concurrent Relocate                           0.000 / 0.000         0.000 / 0.000        11.475 / 64.108       11.475 / 64.108      ms
[14970.316s][info][gc,stats    ]       Phase: Concurrent Reset Relocation Set               0.000 / 0.000         0.000 / 0.000         0.212 / 0.968         0.212 / 0.968       ms
[14970.316s][info][gc,stats    ]       Phase: Concurrent Select Relocation Set              0.000 / 0.000         0.000 / 0.000         6.722 / 623.697       6.722 / 623.697     ms
[14970.316s][info][gc,stats    ]       Phase: Pause Mark End                                0.000 / 0.000         0.000 / 0.000         0.094 / 0.434         0.094 / 0.434       ms
[14970.316s][info][gc,stats    ]       Phase: Pause Mark Start                              0.000 / 0.000         0.000 / 0.000         0.023 / 0.223         0.023 / 0.223       ms
[14970.316s][info][gc,stats    ]       Phase: Pause Relocate Start                          0.000 / 0.000         0.000 / 0.000         0.045 / 0.309         0.045 / 0.309       ms
[14970.316s][info][gc,stats    ]    Subphase: Concurrent Classes Purge                      0.000 / 0.000         0.000 / 0.000         0.518 / 3.157         0.518 / 3.157       ms
[14970.316s][info][gc,stats    ]    Subphase: Concurrent Classes Unlink                     0.000 / 0.000         0.000 / 0.000        64.039 / 18382.834    64.039 / 18382.834   ms
[14970.316s][info][gc,stats    ]    Subphase: Concurrent Mark                               0.000 / 0.000         0.000 / 0.000       450.151 / 3398.532    450.151 / 3398.532    ms
[14970.316s][info][gc,stats    ]    Subphase: Concurrent Mark Try Flush                     0.000 / 0.000         0.000 / 0.000         1.565 / 934.939       1.565 / 934.939     ms
[14970.316s][info][gc,stats    ]    Subphase: Concurrent Mark Try Terminate                 0.000 / 0.000         0.000 / 0.000         1.072 / 934.940       1.072 / 934.940     ms
[14970.316s][info][gc,stats    ]    Subphase: Concurrent References Enqueue                 0.000 / 0.000         0.000 / 0.000         0.009 / 0.091         0.009 / 0.091       ms
[14970.316s][info][gc,stats    ]    Subphase: Concurrent References Process                 0.000 / 0.000         0.000 / 0.000         0.881 / 3.992         0.881 / 3.992       ms
[14970.316s][info][gc,stats    ]    Subphase: Concurrent Roots ClassLoaderDataGraph         0.000 / 0.000         0.000 / 0.000         0.833 / 3.889         0.833 / 3.889       ms
[14970.316s][info][gc,stats    ]    Subphase: Concurrent Roots CodeCache                    0.000 / 0.000         0.000 / 0.000         0.000 / 0.000         0.000 / 0.000       ms
[14970.316s][info][gc,stats    ]    Subphase: Concurrent Roots JavaThreads                  0.000 / 0.000         0.000 / 0.000         4.665 / 969.487       4.665 / 969.487     ms
[14970.316s][info][gc,stats    ]    Subphase: Concurrent Roots OopStorageSet                0.000 / 0.000         0.000 / 0.000         0.083 / 2.218         0.083 / 2.218       ms
[14970.316s][info][gc,stats    ]    Subphase: Concurrent Weak Roots OopStorageSet           0.000 / 0.000         0.000 / 0.000         1.501 / 13.633        1.501 / 13.633      ms
[14970.316s][info][gc,stats    ]    Subphase: Pause Mark Try Complete                       0.000 / 0.000         0.000 / 0.000         0.001 / 0.031         0.001 / 0.031       ms
[14970.316s][info][gc,stats    ]      System: Java Threads                                      0 / 0                 0 / 0              1929 / 4684           1929 / 4684        threads
[14970.316s][info][gc,stats    ] =========================================================================================================================================================
[14980.315s][info][gc,stats    ] === Garbage Collection Statistics =======================================================================================================================
[14980.315s][info][gc,stats    ]                                                              Last 10s              Last 10m              Last 10h                Total
[14980.315s][info][gc,stats    ]                                                              Avg / Max             Avg / Max             Avg / Max             Avg / Max
[14980.315s][info][gc,stats    ]   Collector: Garbage Collection Cycle                      0.000 / 0.000         0.000 / 0.000       665.978 / 19032.234   665.978 / 19032.234   ms
[14980.315s][info][gc,stats    ]  Contention: Mark Segment Reset Contention                     0 / 0                 0 / 0                 2 / 104               2 / 104         ops/s
[14980.315s][info][gc,stats    ]  Contention: Mark SeqNum Reset Contention                      0 / 0                 0 / 0                 0 / 7                 0 / 7           ops/s
[14980.315s][info][gc,stats    ]    Critical: Allocation Stall                                  0 / 0                 0 / 0                 0 / 827               0 / 827         ops/s
[14980.315s][info][gc,stats    ]    Critical: Allocation Stall                              0.000 / 0.000         0.000 / 0.000       146.230 / 487.490     146.230 / 487.490     ms
[14980.315s][info][gc,stats    ]    Critical: GC Locker Stall                                   0 / 0                 0 / 0                 0 / 2                 0 / 2           ops/s
[14980.315s][info][gc,stats    ]    Critical: GC Locker Stall                               0.000 / 0.000         0.000 / 0.000         0.167 / 4.787         0.167 / 4.787       ms
[14980.315s][info][gc,stats    ]    Critical: Relocation Stall                                  0 / 0                 0 / 0                 0 / 103               0 / 103         ops/s
[14980.316s][info][gc,stats    ]    Critical: Relocation Stall                              0.000 / 0.000         0.000 / 0.000        14.882 / 62.172       14.882 / 62.172      ms
[14980.316s][info][gc,stats    ]      Memory: Allocation Rate                                   0 / 0                 0 / 0               465 / 2790            465 / 2790        MB/s
[14980.316s][info][gc,stats    ]      Memory: Out Of Memory                                     0 / 0                 0 / 0                 0 / 0                 0 / 0           ops/s
[14980.316s][info][gc,stats    ]      Memory: Page Cache Flush                                  0 / 0                 0 / 0                 0 / 258               0 / 258         MB/s
[14980.316s][info][gc,stats    ]      Memory: Page Cache Hit L1                                 0 / 0                 0 / 0               226 / 1336            226 / 1336        ops/s
[14980.316s][info][gc,stats    ]      Memory: Page Cache Hit L2                                 0 / 0                 0 / 0                 0 / 0                 0 / 0           ops/s
[14980.316s][info][gc,stats    ]      Memory: Page Cache Hit L3                                 0 / 0                 0 / 0                 0 / 1028              0 / 1028        ops/s
[14980.316s][info][gc,stats    ]      Memory: Page Cache Miss                                   0 / 0                 0 / 0                 0 / 12                0 / 12          ops/s
[14980.316s][info][gc,stats    ]      Memory: Uncommit                                          0 / 0                 0 / 0                 0 / 0                 0 / 0           MB/s
[14980.316s][info][gc,stats    ]      Memory: Undo Object Allocation Failed                     0 / 0                 0 / 0                 0 / 5                 0 / 5           ops/s
[14980.316s][info][gc,stats    ]      Memory: Undo Object Allocation Succeeded                  0 / 0                 0 / 0                15 / 6595             15 / 6595        ops/s
[14980.316s][info][gc,stats    ]      Memory: Undo Page Allocation                              0 / 0                 0 / 0                 0 / 676               0 / 676         ops/s
[14980.316s][info][gc,stats    ]       Phase: Concurrent Mark                               0.000 / 0.000         0.000 / 0.000       571.218 / 3424.228    571.218 / 3424.228    ms
[14980.316s][info][gc,stats    ]       Phase: Concurrent Mark Continue                      0.000 / 0.000         0.000 / 0.000         0.000 / 0.000         0.000 / 0.000       ms
[14980.316s][info][gc,stats    ]       Phase: Concurrent Mark Free                          0.000 / 0.000         0.000 / 0.000         1.118 / 305.339       1.118 / 305.339     ms
[14980.316s][info][gc,stats    ]       Phase: Concurrent Process Non-Strong References      0.000 / 0.000         0.000 / 0.000        69.335 / 18388.762    69.335 / 18388.762   ms
[14980.316s][info][gc,stats    ]       Phase: Concurrent Relocate                           0.000 / 0.000         0.000 / 0.000        11.475 / 64.108       11.475 / 64.108      ms
[14980.316s][info][gc,stats    ]       Phase: Concurrent Reset Relocation Set               0.000 / 0.000         0.000 / 0.000         0.212 / 0.968         0.212 / 0.968       ms
[14980.316s][info][gc,stats    ]       Phase: Concurrent Select Relocation Set              0.000 / 0.000         0.000 / 0.000         6.722 / 623.697       6.722 / 623.697     ms
[14980.316s][info][gc,stats    ]       Phase: Pause Mark End                                0.000 / 0.000         0.000 / 0.000         0.094 / 0.434         0.094 / 0.434       ms
[14980.316s][info][gc,stats    ]       Phase: Pause Mark Start                              0.000 / 0.000         0.000 / 0.000         0.023 / 0.223         0.023 / 0.223       ms
[14980.316s][info][gc,stats    ]       Phase: Pause Relocate Start                          0.000 / 0.000         0.000 / 0.000         0.045 / 0.309         0.045 / 0.309       ms
[14980.316s][info][gc,stats    ]    Subphase: Concurrent Classes Purge                      0.000 / 0.000         0.000 / 0.000         0.518 / 3.157         0.518 / 3.157       ms
[14980.316s][info][gc,stats    ]    Subphase: Concurrent Classes Unlink                     0.000 / 0.000         0.000 / 0.000        64.039 / 18382.834    64.039 / 18382.834   ms
[14980.316s][info][gc,stats    ]    Subphase: Concurrent Mark                               0.000 / 0.000         0.000 / 0.000       450.151 / 3398.532    450.151 / 3398.532    ms
[14980.316s][info][gc,stats    ]    Subphase: Concurrent Mark Try Flush                     0.000 / 0.000         0.000 / 0.000         1.565 / 934.939       1.565 / 934.939     ms
[14980.316s][info][gc,stats    ]    Subphase: Concurrent Mark Try Terminate                 0.000 / 0.000         0.000 / 0.000         1.072 / 934.940       1.072 / 934.940     ms
[14980.316s][info][gc,stats    ]    Subphase: Concurrent References Enqueue                 0.000 / 0.000         0.000 / 0.000         0.009 / 0.091         0.009 / 0.091       ms
[14980.316s][info][gc,stats    ]    Subphase: Concurrent References Process                 0.000 / 0.000         0.000 / 0.000         0.881 / 3.992         0.881 / 3.992       ms
[14980.316s][info][gc,stats    ]    Subphase: Concurrent Roots ClassLoaderDataGraph         0.000 / 0.000         0.000 / 0.000         0.833 / 3.889         0.833 / 3.889       ms
[14980.316s][info][gc,stats    ]    Subphase: Concurrent Roots CodeCache                    0.000 / 0.000         0.000 / 0.000         0.000 / 0.000         0.000 / 0.000       ms
[14980.316s][info][gc,stats    ]    Subphase: Concurrent Roots JavaThreads                  0.000 / 0.000         0.000 / 0.000         4.665 / 969.487       4.665 / 969.487     ms
[14980.316s][info][gc,stats    ]    Subphase: Concurrent Roots OopStorageSet                0.000 / 0.000         0.000 / 0.000         0.083 / 2.218         0.083 / 2.218       ms
[14980.316s][info][gc,stats    ]    Subphase: Concurrent Weak Roots OopStorageSet           0.000 / 0.000         0.000 / 0.000         1.501 / 13.633        1.501 / 13.633      ms
[14980.316s][info][gc,stats    ]    Subphase: Pause Mark Try Complete                       0.000 / 0.000         0.000 / 0.000         0.001 / 0.031         0.001 / 0.031       ms
[14980.316s][info][gc,stats    ]      System: Java Threads                                      0 / 0                 0 / 0              1929 / 4684           1929 / 4684        threads
[14980.316s][info][gc,stats    ] =========================================================================================================================================================
[14990.315s][info][gc,stats    ] === Garbage Collection Statistics =======================================================================================================================
[14990.315s][info][gc,stats    ]                                                              Last 10s              Last 10m              Last 10h                Total
[14990.315s][info][gc,stats    ]                                                              Avg / Max             Avg / Max             Avg / Max             Avg / Max
[14990.315s][info][gc,stats    ]   Collector: Garbage Collection Cycle                      0.000 / 0.000         0.000 / 0.000       665.978 / 19032.234   665.978 / 19032.234   ms
[14990.315s][info][gc,stats    ]  Contention: Mark Segment Reset Contention                     0 / 0                 0 / 0                 2 / 104               2 / 104         ops/s
[14990.315s][info][gc,stats    ]  Contention: Mark SeqNum Reset Contention                      0 / 0                 0 / 0                 0 / 7                 0 / 7           ops/s
[14990.315s][info][gc,stats    ]    Critical: Allocation Stall                                  0 / 0                 0 / 0                 0 / 827               0 / 827         ops/s
[14990.315s][info][gc,stats    ]    Critical: Allocation Stall                              0.000 / 0.000         0.000 / 0.000       146.230 / 487.490     146.230 / 487.490     ms
[14990.315s][info][gc,stats    ]    Critical: GC Locker Stall                                   0 / 0                 0 / 0                 0 / 2                 0 / 2           ops/s
[14990.315s][info][gc,stats    ]    Critical: GC Locker Stall                               0.000 / 0.000         0.000 / 0.000         0.167 / 4.787         0.167 / 4.787       ms
[14990.315s][info][gc,stats    ]    Critical: Relocation Stall                                  0 / 0                 0 / 0                 0 / 103               0 / 103         ops/s
[14990.315s][info][gc,stats    ]    Critical: Relocation Stall                              0.000 / 0.000         0.000 / 0.000        14.882 / 62.172       14.882 / 62.172      ms
[14990.315s][info][gc,stats    ]      Memory: Allocation Rate                                   0 / 0                 0 / 0               465 / 2790            465 / 2790        MB/s
[14990.315s][info][gc,stats    ]      Memory: Out Of Memory                                     0 / 0                 0 / 0                 0 / 0                 0 / 0           ops/s
[14990.315s][info][gc,stats    ]      Memory: Page Cache Flush                                  0 / 0                 0 / 0                 0 / 258               0 / 258         MB/s
[14990.315s][info][gc,stats    ]      Memory: Page Cache Hit L1                                 0 / 0                 0 / 0               226 / 1336            226 / 1336        ops/s
[14990.315s][info][gc,stats    ]      Memory: Page Cache Hit L2                                 0 / 0                 0 / 0                 0 / 0                 0 / 0           ops/s
[14990.315s][info][gc,stats    ]      Memory: Page Cache Hit L3                                 0 / 0                 0 / 0                 0 / 1028              0 / 1028        ops/s
[14990.315s][info][gc,stats    ]      Memory: Page Cache Miss                                   0 / 0                 0 / 0                 0 / 12                0 / 12          ops/s
[14990.315s][info][gc,stats    ]      Memory: Uncommit                                          0 / 0                 0 / 0                 0 / 0                 0 / 0           MB/s
[14990.315s][info][gc,stats    ]      Memory: Undo Object Allocation Failed                     0 / 0                 0 / 0                 0 / 5                 0 / 5           ops/s
[14990.315s][info][gc,stats    ]      Memory: Undo Object Allocation Succeeded                  0 / 0                 0 / 0                15 / 6595             15 / 6595        ops/s
[14990.315s][info][gc,stats    ]      Memory: Undo Page Allocation                              0 / 0                 0 / 0                 0 / 676               0 / 676         ops/s
[14990.315s][info][gc,stats    ]       Phase: Concurrent Mark                               0.000 / 0.000         0.000 / 0.000       571.218 / 3424.228    571.218 / 3424.228    ms
[14990.315s][info][gc,stats    ]       Phase: Concurrent Mark Continue                      0.000 / 0.000         0.000 / 0.000         0.000 / 0.000         0.000 / 0.000       ms
[14990.315s][info][gc,stats    ]       Phase: Concurrent Mark Free                          0.000 / 0.000         0.000 / 0.000         1.118 / 305.339       1.118 / 305.339     ms
[14990.315s][info][gc,stats    ]       Phase: Concurrent Process Non-Strong References      0.000 / 0.000         0.000 / 0.000        69.335 / 18388.762    69.335 / 18388.762   ms
[14990.315s][info][gc,stats    ]       Phase: Concurrent Relocate                           0.000 / 0.000         0.000 / 0.000        11.475 / 64.108       11.475 / 64.108      ms
[14990.315s][info][gc,stats    ]       Phase: Concurrent Reset Relocation Set               0.000 / 0.000         0.000 / 0.000         0.212 / 0.968         0.212 / 0.968       ms
[14990.315s][info][gc,stats    ]       Phase: Concurrent Select Relocation Set              0.000 / 0.000         0.000 / 0.000         6.722 / 623.697       6.722 / 623.697     ms
[14990.315s][info][gc,stats    ]       Phase: Pause Mark End                                0.000 / 0.000         0.000 / 0.000         0.094 / 0.434         0.094 / 0.434       ms
[14990.315s][info][gc,stats    ]       Phase: Pause Mark Start                              0.000 / 0.000         0.000 / 0.000         0.023 / 0.223         0.023 / 0.223       ms
[14990.316s][info][gc,stats    ]       Phase: Pause Relocate Start                          0.000 / 0.000         0.000 / 0.000         0.045 / 0.309         0.045 / 0.309       ms
[14990.316s][info][gc,stats    ]    Subphase: Concurrent Classes Purge                      0.000 / 0.000         0.000 / 0.000         0.518 / 3.157         0.518 / 3.157       ms
[14990.316s][info][gc,stats    ]    Subphase: Concurrent Classes Unlink                     0.000 / 0.000         0.000 / 0.000        64.039 / 18382.834    64.039 / 18382.834   ms
[14990.316s][info][gc,stats    ]    Subphase: Concurrent Mark                               0.000 / 0.000         0.000 / 0.000       450.151 / 3398.532    450.151 / 3398.532    ms
[14990.316s][info][gc,stats    ]    Subphase: Concurrent Mark Try Flush                     0.000 / 0.000         0.000 / 0.000         1.565 / 934.939       1.565 / 934.939     ms
[14990.316s][info][gc,stats    ]    Subphase: Concurrent Mark Try Terminate                 0.000 / 0.000         0.000 / 0.000         1.072 / 934.940       1.072 / 934.940     ms
[14990.316s][info][gc,stats    ]    Subphase: Concurrent References Enqueue                 0.000 / 0.000         0.000 / 0.000         0.009 / 0.091         0.009 / 0.091       ms
[14990.316s][info][gc,stats    ]    Subphase: Concurrent References Process                 0.000 / 0.000         0.000 / 0.000         0.881 / 3.992         0.881 / 3.992       ms
[14990.316s][info][gc,stats    ]    Subphase: Concurrent Roots ClassLoaderDataGraph         0.000 / 0.000         0.000 / 0.000         0.833 / 3.889         0.833 / 3.889       ms
[14990.316s][info][gc,stats    ]    Subphase: Concurrent Roots CodeCache                    0.000 / 0.000         0.000 / 0.000         0.000 / 0.000         0.000 / 0.000       ms
[14990.316s][info][gc,stats    ]    Subphase: Concurrent Roots JavaThreads                  0.000 / 0.000         0.000 / 0.000         4.665 / 969.487       4.665 / 969.487     ms
[14990.316s][info][gc,stats    ]    Subphase: Concurrent Roots OopStorageSet                0.000 / 0.000         0.000 / 0.000         0.083 / 2.218         0.083 / 2.218       ms
[14990.316s][info][gc,stats    ]    Subphase: Concurrent Weak Roots OopStorageSet           0.000 / 0.000         0.000 / 0.000         1.501 / 13.633        1.501 / 13.633      ms
[14990.316s][info][gc,stats    ]    Subphase: Pause Mark Try Complete                       0.000 / 0.000         0.000 / 0.000         0.001 / 0.031         0.001 / 0.031       ms
[14990.316s][info][gc,stats    ]      System: Java Threads                                      0 / 0                 0 / 0              1929 / 4684           1929 / 4684        threads
[14990.316s][info][gc,stats    ] =========================================================================================================================================================
[15000.316s][info][gc,stats    ] === Garbage Collection Statistics =======================================================================================================================
[15000.316s][info][gc,stats    ]                                                              Last 10s              Last 10m              Last 10h                Total
[15000.316s][info][gc,stats    ]                                                              Avg / Max             Avg / Max             Avg / Max             Avg / Max
[15000.316s][info][gc,stats    ]   Collector: Garbage Collection Cycle                      0.000 / 0.000         0.000 / 0.000       665.978 / 19032.234   665.978 / 19032.234   ms
[15000.316s][info][gc,stats    ]  Contention: Mark Segment Reset Contention                     0 / 0                 0 / 0                 2 / 104               2 / 104         ops/s
[15000.316s][info][gc,stats    ]  Contention: Mark SeqNum Reset Contention                      0 / 0                 0 / 0                 0 / 7                 0 / 7           ops/s
[15000.316s][info][gc,stats    ]    Critical: Allocation Stall                                  0 / 0                 0 / 0                 0 / 827               0 / 827         ops/s
[15000.316s][info][gc,stats    ]    Critical: Allocation Stall                              0.000 / 0.000         0.000 / 0.000       146.230 / 487.490     146.230 / 487.490     ms
[15000.316s][info][gc,stats    ]    Critical: GC Locker Stall                                   0 / 0                 0 / 0                 0 / 2                 0 / 2           ops/s
[15000.316s][info][gc,stats    ]    Critical: GC Locker Stall                               0.000 / 0.000         0.000 / 0.000         0.167 / 4.787         0.167 / 4.787       ms
[15000.316s][info][gc,stats    ]    Critical: Relocation Stall                                  0 / 0                 0 / 0                 0 / 103               0 / 103         ops/s
[15000.316s][info][gc,stats    ]    Critical: Relocation Stall                              0.000 / 0.000         0.000 / 0.000        14.882 / 62.172       14.882 / 62.172      ms
[15000.316s][info][gc,stats    ]      Memory: Allocation Rate                                   0 / 0                 0 / 0               465 / 2790            465 / 2790        MB/s
[15000.316s][info][gc,stats    ]      Memory: Out Of Memory                                     0 / 0                 0 / 0                 0 / 0                 0 / 0           ops/s
[15000.316s][info][gc,stats    ]      Memory: Page Cache Flush                                  0 / 0                 0 / 0                 0 / 258               0 / 258         MB/s
[15000.316s][info][gc,stats    ]      Memory: Page Cache Hit L1                                 0 / 0                 0 / 0               226 / 1336            226 / 1336        ops/s
[15000.316s][info][gc,stats    ]      Memory: Page Cache Hit L2                                 0 / 0                 0 / 0                 0 / 0                 0 / 0           ops/s
[15000.316s][info][gc,stats    ]      Memory: Page Cache Hit L3                                 0 / 0                 0 / 0                 0 / 1028              0 / 1028        ops/s
[15000.316s][info][gc,stats    ]      Memory: Page Cache Miss                                   0 / 0                 0 / 0                 0 / 12                0 / 12          ops/s
[15000.316s][info][gc,stats    ]      Memory: Uncommit                                          0 / 0                 0 / 0                 0 / 0                 0 / 0           MB/s
[15000.316s][info][gc,stats    ]      Memory: Undo Object Allocation Failed                     0 / 0                 0 / 0                 0 / 5                 0 / 5           ops/s
[15000.316s][info][gc,stats    ]      Memory: Undo Object Allocation Succeeded                  0 / 0                 0 / 0                15 / 6595             15 / 6595        ops/s
[15000.316s][info][gc,stats    ]      Memory: Undo Page Allocation                              0 / 0                 0 / 0                 0 / 676               0 / 676         ops/s
[15000.316s][info][gc,stats    ]       Phase: Concurrent Mark                               0.000 / 0.000         0.000 / 0.000       571.218 / 3424.228    571.218 / 3424.228    ms
[15000.316s][info][gc,stats    ]       Phase: Concurrent Mark Continue                      0.000 / 0.000         0.000 / 0.000         0.000 / 0.000         0.000 / 0.000       ms
[15000.316s][info][gc,stats    ]       Phase: Concurrent Mark Free                          0.000 / 0.000         0.000 / 0.000         1.118 / 305.339       1.118 / 305.339     ms
[15000.316s][info][gc,stats    ]       Phase: Concurrent Process Non-Strong References      0.000 / 0.000         0.000 / 0.000        69.335 / 18388.762    69.335 / 18388.762   ms
[15000.316s][info][gc,stats    ]       Phase: Concurrent Relocate                           0.000 / 0.000         0.000 / 0.000        11.475 / 64.108       11.475 / 64.108      ms
[15000.316s][info][gc,stats    ]       Phase: Concurrent Reset Relocation Set               0.000 / 0.000         0.000 / 0.000         0.212 / 0.968         0.212 / 0.968       ms
[15000.316s][info][gc,stats    ]       Phase: Concurrent Select Relocation Set              0.000 / 0.000         0.000 / 0.000         6.722 / 623.697       6.722 / 623.697     ms
[15000.316s][info][gc,stats    ]       Phase: Pause Mark End                                0.000 / 0.000         0.000 / 0.000         0.094 / 0.434         0.094 / 0.434       ms
[15000.316s][info][gc,stats    ]       Phase: Pause Mark Start                              0.000 / 0.000         0.000 / 0.000         0.023 / 0.223         0.023 / 0.223       ms
[15000.316s][info][gc,stats    ]       Phase: Pause Relocate Start                          0.000 / 0.000         0.000 / 0.000         0.045 / 0.309         0.045 / 0.309       ms
[15000.316s][info][gc,stats    ]    Subphase: Concurrent Classes Purge                      0.000 / 0.000         0.000 / 0.000         0.518 / 3.157         0.518 / 3.157       ms
[15000.316s][info][gc,stats    ]    Subphase: Concurrent Classes Unlink                     0.000 / 0.000         0.000 / 0.000        64.039 / 18382.834    64.039 / 18382.834   ms
[15000.316s][info][gc,stats    ]    Subphase: Concurrent Mark                               0.000 / 0.000         0.000 / 0.000       450.151 / 3398.532    450.151 / 3398.532    ms
[15000.316s][info][gc,stats    ]    Subphase: Concurrent Mark Try Flush                     0.000 / 0.000         0.000 / 0.000         1.565 / 934.939       1.565 / 934.939     ms
[15000.316s][info][gc,stats    ]    Subphase: Concurrent Mark Try Terminate                 0.000 / 0.000         0.000 / 0.000         1.072 / 934.940       1.072 / 934.940     ms
[15000.316s][info][gc,stats    ]    Subphase: Concurrent References Enqueue                 0.000 / 0.000         0.000 / 0.000         0.009 / 0.091         0.009 / 0.091       ms
[15000.316s][info][gc,stats    ]    Subphase: Concurrent References Process                 0.000 / 0.000         0.000 / 0.000         0.881 / 3.992         0.881 / 3.992       ms
[15000.316s][info][gc,stats    ]    Subphase: Concurrent Roots ClassLoaderDataGraph         0.000 / 0.000         0.000 / 0.000         0.833 / 3.889         0.833 / 3.889       ms
[15000.316s][info][gc,stats    ]    Subphase: Concurrent Roots CodeCache                    0.000 / 0.000         0.000 / 0.000         0.000 / 0.000         0.000 / 0.000       ms
[15000.316s][info][gc,stats    ]    Subphase: Concurrent Roots JavaThreads                  0.000 / 0.000         0.000 / 0.000         4.665 / 969.487       4.665 / 969.487     ms
[15000.316s][info][gc,stats    ]    Subphase: Concurrent Roots OopStorageSet                0.000 / 0.000         0.000 / 0.000         0.083 / 2.218         0.083 / 2.218       ms
[15000.316s][info][gc,stats    ]    Subphase: Concurrent Weak Roots OopStorageSet           0.000 / 0.000         0.000 / 0.000         1.501 / 13.633        1.501 / 13.633      ms
[15000.316s][info][gc,stats    ]    Subphase: Pause Mark Try Complete                       0.000 / 0.000         0.000 / 0.000         0.001 / 0.031         0.001 / 0.031       ms
[15000.316s][info][gc,stats    ]      System: Java Threads                                      0 / 0                 0 / 0              1929 / 4684           1929 / 4684        threads
[15000.316s][info][gc,stats    ] =========================================================================================================================================================
[15010.316s][info][gc,stats    ] === Garbage Collection Statistics =======================================================================================================================
[15010.316s][info][gc,stats    ]                                                              Last 10s              Last 10m              Last 10h                Total
[15010.316s][info][gc,stats    ]                                                              Avg / Max             Avg / Max             Avg / Max             Avg / Max
[15010.316s][info][gc,stats    ]   Collector: Garbage Collection Cycle                      0.000 / 0.000         0.000 / 0.000       665.978 / 19032.234   665.978 / 19032.234   ms
[15010.316s][info][gc,stats    ]  Contention: Mark Segment Reset Contention                     0 / 0                 0 / 0                 2 / 104               2 / 104         ops/s
[15010.316s][info][gc,stats    ]  Contention: Mark SeqNum Reset Contention                      0 / 0                 0 / 0                 0 / 7                 0 / 7           ops/s
[15010.316s][info][gc,stats    ]    Critical: Allocation Stall                                  0 / 0                 0 / 0                 0 / 827               0 / 827         ops/s
[15010.316s][info][gc,stats    ]    Critical: Allocation Stall                              0.000 / 0.000         0.000 / 0.000       146.230 / 487.490     146.230 / 487.490     ms
[15010.316s][info][gc,stats    ]    Critical: GC Locker Stall                                   0 / 0                 0 / 0                 0 / 2                 0 / 2           ops/s
[15010.316s][info][gc,stats    ]    Critical: GC Locker Stall                               0.000 / 0.000         0.000 / 0.000         0.167 / 4.787         0.167 / 4.787       ms
[15010.316s][info][gc,stats    ]    Critical: Relocation Stall                                  0 / 0                 0 / 0                 0 / 103               0 / 103         ops/s
[15010.316s][info][gc,stats    ]    Critical: Relocation Stall                              0.000 / 0.000         0.000 / 0.000        14.882 / 62.172       14.882 / 62.172      ms
[15010.316s][info][gc,stats    ]      Memory: Allocation Rate                                   0 / 0                 0 / 0               464 / 2790            464 / 2790        MB/s
[15010.316s][info][gc,stats    ]      Memory: Out Of Memory                                     0 / 0                 0 / 0                 0 / 0                 0 / 0           ops/s
[15010.316s][info][gc,stats    ]      Memory: Page Cache Flush                                  0 / 0                 0 / 0                 0 / 258               0 / 258         MB/s
[15010.316s][info][gc,stats    ]      Memory: Page Cache Hit L1                                 0 / 0                 0 / 0               226 / 1336            226 / 1336        ops/s
[15010.316s][info][gc,stats    ]      Memory: Page Cache Hit L2                                 0 / 0                 0 / 0                 0 / 0                 0 / 0           ops/s
[15010.316s][info][gc,stats    ]      Memory: Page Cache Hit L3                                 0 / 0                 0 / 0                 0 / 1028              0 / 1028        ops/s
[15010.316s][info][gc,stats    ]      Memory: Page Cache Miss                                   0 / 0                 0 / 0                 0 / 12                0 / 12          ops/s
[15010.316s][info][gc,stats    ]      Memory: Uncommit                                          0 / 0                 0 / 0                 0 / 0                 0 / 0           MB/s
[15010.316s][info][gc,stats    ]      Memory: Undo Object Allocation Failed                     0 / 0                 0 / 0                 0 / 5                 0 / 5           ops/s
[15010.316s][info][gc,stats    ]      Memory: Undo Object Allocation Succeeded                  0 / 0                 0 / 0                15 / 6595             15 / 6595        ops/s
[15010.316s][info][gc,stats    ]      Memory: Undo Page Allocation                              0 / 0                 0 / 0                 0 / 676               0 / 676         ops/s
[15010.316s][info][gc,stats    ]       Phase: Concurrent Mark                               0.000 / 0.000         0.000 / 0.000       571.218 / 3424.228    571.218 / 3424.228    ms
[15010.316s][info][gc,stats    ]       Phase: Concurrent Mark Continue                      0.000 / 0.000         0.000 / 0.000         0.000 / 0.000         0.000 / 0.000       ms
[15010.316s][info][gc,stats    ]       Phase: Concurrent Mark Free                          0.000 / 0.000         0.000 / 0.000         1.118 / 305.339       1.118 / 305.339     ms
[15010.316s][info][gc,stats    ]       Phase: Concurrent Process Non-Strong References      0.000 / 0.000         0.000 / 0.000        69.335 / 18388.762    69.335 / 18388.762   ms
[15010.316s][info][gc,stats    ]       Phase: Concurrent Relocate                           0.000 / 0.000         0.000 / 0.000        11.475 / 64.108       11.475 / 64.108      ms
[15010.316s][info][gc,stats    ]       Phase: Concurrent Reset Relocation Set               0.000 / 0.000         0.000 / 0.000         0.212 / 0.968         0.212 / 0.968       ms
[15010.316s][info][gc,stats    ]       Phase: Concurrent Select Relocation Set              0.000 / 0.000         0.000 / 0.000         6.722 / 623.697       6.722 / 623.697     ms
[15010.316s][info][gc,stats    ]       Phase: Pause Mark End                                0.000 / 0.000         0.000 / 0.000         0.094 / 0.434         0.094 / 0.434       ms
[15010.316s][info][gc,stats    ]       Phase: Pause Mark Start                              0.000 / 0.000         0.000 / 0.000         0.023 / 0.223         0.023 / 0.223       ms
[15010.316s][info][gc,stats    ]       Phase: Pause Relocate Start                          0.000 / 0.000         0.000 / 0.000         0.045 / 0.309         0.045 / 0.309       ms
[15010.316s][info][gc,stats    ]    Subphase: Concurrent Classes Purge                      0.000 / 0.000         0.000 / 0.000         0.518 / 3.157         0.518 / 3.157       ms
[15010.316s][info][gc,stats    ]    Subphase: Concurrent Classes Unlink                     0.000 / 0.000         0.000 / 0.000        64.039 / 18382.834    64.039 / 18382.834   ms
[15010.316s][info][gc,stats    ]    Subphase: Concurrent Mark                               0.000 / 0.000         0.000 / 0.000       450.151 / 3398.532    450.151 / 3398.532    ms
[15010.316s][info][gc,stats    ]    Subphase: Concurrent Mark Try Flush                     0.000 / 0.000         0.000 / 0.000         1.565 / 934.939       1.565 / 934.939     ms
[15010.316s][info][gc,stats    ]    Subphase: Concurrent Mark Try Terminate                 0.000 / 0.000         0.000 / 0.000         1.072 / 934.940       1.072 / 934.940     ms
[15010.316s][info][gc,stats    ]    Subphase: Concurrent References Enqueue                 0.000 / 0.000         0.000 / 0.000         0.009 / 0.091         0.009 / 0.091       ms
[15010.316s][info][gc,stats    ]    Subphase: Concurrent References Process                 0.000 / 0.000         0.000 / 0.000         0.881 / 3.992         0.881 / 3.992       ms
[15010.316s][info][gc,stats    ]    Subphase: Concurrent Roots ClassLoaderDataGraph         0.000 / 0.000         0.000 / 0.000         0.833 / 3.889         0.833 / 3.889       ms
[15010.316s][info][gc,stats    ]    Subphase: Concurrent Roots CodeCache                    0.000 / 0.000         0.000 / 0.000         0.000 / 0.000         0.000 / 0.000       ms
[15010.316s][info][gc,stats    ]    Subphase: Concurrent Roots JavaThreads                  0.000 / 0.000         0.000 / 0.000         4.665 / 969.487       4.665 / 969.487     ms
[15010.316s][info][gc,stats    ]    Subphase: Concurrent Roots OopStorageSet                0.000 / 0.000         0.000 / 0.000         0.083 / 2.218         0.083 / 2.218       ms
[15010.316s][info][gc,stats    ]    Subphase: Concurrent Weak Roots OopStorageSet           0.000 / 0.000         0.000 / 0.000         1.501 / 13.633        1.501 / 13.633      ms
[15010.316s][info][gc,stats    ]    Subphase: Pause Mark Try Complete                       0.000 / 0.000         0.000 / 0.000         0.001 / 0.031         0.001 / 0.031       ms
[15010.316s][info][gc,stats    ]      System: Java Threads                                      0 / 0                 0 / 0              1929 / 4684           1929 / 4684        threads
[15010.316s][info][gc,stats    ] =========================================================================================================================================================
